2026-01-14 15:40:29.960 22448-27797 okhttp.OkHttpClient     com.baatcheet.app                    I  x-clerk-auth-status: signed-out
2026-01-14 15:40:29.960 22448-27797 okhttp.OkHttpClient     com.baatcheet.app                    I  ratelimit-policy: 100;w=900
2026-01-14 15:40:29.960 22448-27797 okhttp.OkHttpClient     com.baatcheet.app                    I  ratelimit-limit: 100
2026-01-14 15:40:29.960 22448-27797 okhttp.OkHttpClient     com.baatcheet.app                    I  ratelimit-remaining: 90
2026-01-14 15:40:29.960 22448-27797 okhttp.OkHttpClient     com.baatcheet.app                    I  ratelimit-reset: 797
2026-01-14 15:40:29.961 22448-27797 okhttp.OkHttpClient     com.baatcheet.app                    I  x-response-time: 156ms
2026-01-14 15:40:29.961 22448-27797 okhttp.OkHttpClient     com.baatcheet.app                    I  etag: W/"9b-V3rTv3KHHpDqB01YaDxrXdlL+EY"
2026-01-14 15:40:29.961 22448-27797 okhttp.OkHttpClient     com.baatcheet.app                    I  x-proxied-host: http://10.108.40.68
2026-01-14 15:40:29.961 22448-27797 okhttp.OkHttpClient     com.baatcheet.app                    I  x-proxied-replica: d1nagwh8-vxd4z
2026-01-14 15:40:29.961 22448-27797 okhttp.OkHttpClient     com.baatcheet.app                    I  x-proxied-path: /api/v1/tts/generate
2026-01-14 15:40:29.961 22448-27797 okhttp.OkHttpClient     com.baatcheet.app                    I  link: <https://huggingface.co/spaces/sharry121/BaatCheet>;rel="canonical"
2026-01-14 15:40:29.962 22448-27797 okhttp.OkHttpClient     com.baatcheet.app                    I  {"error":"Failed to generate speech","details":"No TTS service available. Please configure ELEVENLABS_API_KEY_1, GOOGLE_CLOUD_TTS_KEY, or OPENAI_API_KEY."}
2026-01-14 15:40:29.962 22448-27797 okhttp.OkHttpClient     com.baatcheet.app                    I  <-- END HTTP (155-byte body)
2026-01-14 15:40:32.800 22448-27797 okhttp.OkHttpClient     com.baatcheet.app                    I  --> POST https://sharry121-baatcheet.hf.space/api/v1/tts/generate
2026-01-14 15:40:32.800 22448-27797 okhttp.OkHttpClient     com.baatcheet.app                    I  Content-Length: 822
2026-01-14 15:40:32.800 22448-27797 okhttp.OkHttpClient     com.baatcheet.app                    I  Authorization: Bearer eyJhbGciOiJIUzI1NiIsInR5cCI6IkpXVCJ9.eyJ1c2VySWQiOiIyODIxYWY1Yy05MGFiLTQ1OGMtOWQ5NC04NWVlZDU1ZTkwYzMiLCJjbGVya0lkIjoidXNlcl8zODZDZTNHVHNUb1lrWnpHbTcxVkJ3NkxWUDAiLCJlbWFpbCI6Im9uc2Vhc29uMTBAZ21haWwuY29tIiwiaWF0IjoxNzY4MzIzOTM3LCJleHAiOjE3Njg5Mjg3Mzd9.XxFcz-xvKG556gxX1Oe31bK804zPkTzgXjfSLHfqMQw
2026-01-14 15:40:32.800 22448-27797 okhttp.OkHttpClient     com.baatcheet.app                    I  Content-Type: application/json
2026-01-14 15:40:32.800 22448-27797 okhttp.OkHttpClient     com.baatcheet.app                    I  {"speed":1.0,"text":"Absolutely! Here's a comparison of cats and dogs in a table format 🐾\n\n| Feature | Cat | Dog |\n| --------- | ----- | ----- |\n| Behavior      | Independent, often aloof          | Social, affectionate, pack-oriented |\n| Social Needs  | Can be solitary, enjoys quiet     | Thrives on interaction, needs companionship |\n| Grooming      | Self-grooming, low maintenance    | Requires regular bathing/brushing |\n| Agility       | Agile, flexible, loves climbing   | Energetic, loves running/playing  |\n| Training      | More independent, harder to train | Generally eager to please, trainable |\n| Vocalization  | Meows, purrs, hisses              | Barks, growls, howls              |\n| Play Style    | Stalking, pouncing, solo play     | Fetch, tug-of-war, interactive play |","voice":"alloy"}
2026-01-14 15:40:32.800 22448-27797 okhttp.OkHttpClient     com.baatcheet.app                    I  --> END POST (822-byte body)
2026-01-14 15:40:33.256 22448-27797 okhttp.OkHttpClient     com.baatcheet.app                    I  <-- 500 https://sharry121-baatcheet.hf.space/api/v1/tts/generate (455ms)
2026-01-14 15:40:33.257 22448-27797 okhttp.OkHttpClient     com.baatcheet.app                    I  date: Wed, 14 Jan 2026 10:40:34 GMT
2026-01-14 15:40:33.257 22448-27797 okhttp.OkHttpClient     com.baatcheet.app                    I  content-type: application/json; charset=utf-8
2026-01-14 15:40:33.257 22448-27797 okhttp.OkHttpClient     com.baatcheet.app                    I  content-length: 155
2026-01-14 15:40:33.257 22448-27797 okhttp.OkHttpClient     com.baatcheet.app                    I  x-request-id: 023iq-, 023iq-
2026-01-14 15:40:33.257 22448-27797 okhttp.OkHttpClient     com.baatcheet.app                    I  content-security-policy: default-src 'self';script-src 'self' 'unsafe-inline';style-src 'self' 'unsafe-inline';img-src 'self' data: https:;connect-src 'self' https://api.clerk.dev;base-uri 'self';font-src 'self' https: data:;form-action 'self';frame-ancestors 'self';object-src 'none';script-src-attr 'none';upgrade-insecure-requests
2026-01-14 15:40:33.257 22448-27797 okhttp.OkHttpClient     com.baatcheet.app                    I  cross-origin-opener-policy: same-origin
2026-01-14 15:40:33.257 22448-27797 okhttp.OkHttpClient     com.baatcheet.app                    I  cross-origin-resource-policy: cross-origin
2026-01-14 15:40:33.257 22448-27797 okhttp.OkHttpClient     com.baatcheet.app                    I  origin-agent-cluster: ?1
2026-01-14 15:40:33.257 22448-27797 okhttp.OkHttpClient     com.baatcheet.app                    I  referrer-policy: no-referrer
2026-01-14 15:40:33.257 22448-27797 okhttp.OkHttpClient     com.baatcheet.app                    I  strict-transport-security: max-age=31536000; includeSubDomains; preload
2026-01-14 15:40:33.258 22448-27797 okhttp.OkHttpClient     com.baatcheet.app                    I  x-content-type-options: nosniff
2026-01-14 15:40:33.258 22448-27797 okhttp.OkHttpClient     com.baatcheet.app                    I  x-dns-prefetch-control: off
2026-01-14 15:40:33.258 22448-27797 okhttp.OkHttpClient     com.baatcheet.app                    I  x-download-options: noopen
2026-01-14 15:40:33.258 22448-27797 okhttp.OkHttpClient     com.baatcheet.app                    I  x-frame-options: SAMEORIGIN
2026-01-14 15:40:33.258 22448-27797 okhttp.OkHttpClient     com.baatcheet.app                    I  x-permitted-cross-domain-policies: none
2026-01-14 15:40:33.258 22448-27797 okhttp.OkHttpClient     com.baatcheet.app                    I  x-xss-protection: 0
2026-01-14 15:40:33.258 22448-27797 okhttp.OkHttpClient     com.baatcheet.app                    I  vary: Origin
2026-01-14 15:40:33.258 22448-27797 okhttp.OkHttpClient     com.baatcheet.app                    I  vary: origin, access-control-request-method, access-control-request-headers
2026-01-14 15:40:33.258 22448-27797 okhttp.OkHttpClient     com.baatcheet.app                    I  access-control-allow-credentials: true
2026-01-14 15:40:33.259 22448-27797 okhttp.OkHttpClient     com.baatcheet.app                    I  access-control-expose-headers: X-Request-ID,X-Response-Time,X-RateLimit-Limit,X-RateLimit-Remaining,X-RateLimit-Reset
2026-01-14 15:40:33.259 22448-27797 okhttp.OkHttpClient     com.baatcheet.app                    I  x-clerk-auth-message: Unable to find a signing key in JWKS that matches the kid='undefined' of the provided session token. Please make sure that the __session cookie or the HTTP authorization header contain a Clerk-generated session JWT. The following kid is available: ins_384KLXR0s0ZW3aoWTGXIMeX8Ihm Go to your Dashboard and validate your secret and public keys are correct. Contact support@clerk.com if the issue persists. (reason=jwk-kid-mismatch, token-carrier=header)
2026-01-14 15:40:33.259 22448-27797 okhttp.OkHttpClient     com.baatcheet.app                    I  x-clerk-auth-reason: jwk-kid-mismatch
2026-01-14 15:40:33.259 22448-27797 okhttp.OkHttpClient     com.baatcheet.app                    I  x-clerk-auth-status: signed-out
2026-01-14 15:40:33.259 22448-27797 okhttp.OkHttpClient     com.baatcheet.app                    I  ratelimit-policy: 100;w=900
2026-01-14 15:40:33.259 22448-27797 okhttp.OkHttpClient     com.baatcheet.app                    I  ratelimit-limit: 100
2026-01-14 15:40:33.259 22448-27797 okhttp.OkHttpClient     com.baatcheet.app                    I  ratelimit-remaining: 87
2026-01-14 15:40:33.259 22448-27797 okhttp.OkHttpClient     com.baatcheet.app                    I  ratelimit-reset: 634
2026-01-14 15:40:33.259 22448-27797 okhttp.OkHttpClient     com.baatcheet.app                    I  x-response-time: 139ms
2026-01-14 15:40:33.259 22448-27797 okhttp.OkHttpClient     com.baatcheet.app                    I  etag: W/"9b-V3rTv3KHHpDqB01YaDxrXdlL+EY"
2026-01-14 15:40:33.260 22448-27797 okhttp.OkHttpClient     com.baatcheet.app                    I  x-proxied-host: http://10.108.40.68
2026-01-14 15:40:33.260 22448-27797 okhttp.OkHttpClient     com.baatcheet.app                    I  x-proxied-replica: d1nagwh8-vxd4z
2026-01-14 15:40:33.260 22448-27797 okhttp.OkHttpClient     com.baatcheet.app                    I  x-proxied-path: /api/v1/tts/generate
2026-01-14 15:40:33.260 22448-27797 okhttp.OkHttpClient     com.baatcheet.app                    I  link: <https://huggingface.co/spaces/sharry121/BaatCheet>;rel="canonical"
2026-01-14 15:40:33.261 22448-27797 okhttp.OkHttpClient     com.baatcheet.app                    I  {"error":"Failed to generate speech","details":"No TTS service available. Please configure ELEVENLABS_API_KEY_1, GOOGLE_CLOUD_TTS_KEY, or OPENAI_API_KEY."}
2026-01-14 15:40:33.261 22448-27797 okhttp.OkHttpClient     com.baatcheet.app                    I  <-- END HTTP (155-byte body)
2026-01-14 15:40:34.662 22448-27797 okhttp.OkHttpClient     com.baatcheet.app                    I  --> POST https://sharry121-baatcheet.hf.space/api/v1/tts/generate
2026-01-14 15:40:34.662 22448-27797 okhttp.OkHttpClient     com.baatcheet.app                    I  Content-Length: 822
2026-01-14 15:40:34.663 22448-27797 okhttp.OkHttpClient     com.baatcheet.app                    I  Authorization: Bearer eyJhbGciOiJIUzI1NiIsInR5cCI6IkpXVCJ9.eyJ1c2VySWQiOiIyODIxYWY1Yy05MGFiLTQ1OGMtOWQ5NC04NWVlZDU1ZTkwYzMiLCJjbGVya0lkIjoidXNlcl8zODZDZTNHVHNUb1lrWnpHbTcxVkJ3NkxWUDAiLCJlbWFpbCI6Im9uc2Vhc29uMTBAZ21haWwuY29tIiwiaWF0IjoxNzY4MzIzOTM3LCJleHAiOjE3Njg5Mjg3Mzd9.XxFcz-xvKG556gxX1Oe31bK804zPkTzgXjfSLHfqMQw
2026-01-14 15:40:34.663 22448-27797 okhttp.OkHttpClient     com.baatcheet.app                    I  Content-Type: application/json
2026-01-14 15:40:34.663 22448-27797 okhttp.OkHttpClient     com.baatcheet.app                    I  {"speed":1.0,"text":"Absolutely! Here's a comparison of cats and dogs in a table format 🐾\n\n| Feature | Cat | Dog |\n| --------- | ----- | ----- |\n| Behavior      | Independent, often aloof          | Social, affectionate, pack-oriented |\n| Social Needs  | Can be solitary, enjoys quiet     | Thrives on interaction, needs companionship |\n| Grooming      | Self-grooming, low maintenance    | Requires regular bathing/brushing |\n| Agility       | Agile, flexible, loves climbing   | Energetic, loves running/playing  |\n| Training      | More independent, harder to train | Generally eager to please, trainable |\n| Vocalization  | Meows, purrs, hisses              | Barks, growls, howls              |\n| Play Style    | Stalking, pouncing, solo play     | Fetch, tug-of-war, interactive play |","voice":"alloy"}
2026-01-14 15:40:34.663 22448-27797 okhttp.OkHttpClient     com.baatcheet.app                    I  --> END POST (822-byte body)
2026-01-14 15:40:35.185 22448-27797 okhttp.OkHttpClient     com.baatcheet.app                    I  <-- 500 https://sharry121-baatcheet.hf.space/api/v1/tts/generate (521ms)
2026-01-14 15:40:35.185 22448-27797 okhttp.OkHttpClient     com.baatcheet.app                    I  date: Wed, 14 Jan 2026 10:40:36 GMT
2026-01-14 15:40:35.185 22448-27797 okhttp.OkHttpClient     com.baatcheet.app                    I  content-type: application/json; charset=utf-8
2026-01-14 15:40:35.185 22448-27797 okhttp.OkHttpClient     com.baatcheet.app                    I  content-length: 155
2026-01-14 15:40:35.185 22448-27797 okhttp.OkHttpClient     com.baatcheet.app                    I  x-request-id: QngjLZ, QngjLZ
2026-01-14 15:40:35.185 22448-27797 okhttp.OkHttpClient     com.baatcheet.app                    I  content-security-policy: default-src 'self';script-src 'self' 'unsafe-inline';style-src 'self' 'unsafe-inline';img-src 'self' data: https:;connect-src 'self' https://api.clerk.dev;base-uri 'self';font-src 'self' https: data:;form-action 'self';frame-ancestors 'self';object-src 'none';script-src-attr 'none';upgrade-insecure-requests
2026-01-14 15:40:35.185 22448-27797 okhttp.OkHttpClient     com.baatcheet.app                    I  cross-origin-opener-policy: same-origin
2026-01-14 15:40:35.185 22448-27797 okhttp.OkHttpClient     com.baatcheet.app                    I  cross-origin-resource-policy: cross-origin
2026-01-14 15:40:35.185 22448-27797 okhttp.OkHttpClient     com.baatcheet.app                    I  origin-agent-cluster: ?1
2026-01-14 15:40:35.185 22448-27797 okhttp.OkHttpClient     com.baatcheet.app                    I  referrer-policy: no-referrer
2026-01-14 15:40:35.186 22448-27797 okhttp.OkHttpClient     com.baatcheet.app                    I  strict-transport-security: max-age=31536000; includeSubDomains; preload
2026-01-14 15:40:35.186 22448-27797 okhttp.OkHttpClient     com.baatcheet.app                    I  x-content-type-options: nosniff
2026-01-14 15:40:35.186 22448-27797 okhttp.OkHttpClient     com.baatcheet.app                    I  x-dns-prefetch-control: off
2026-01-14 15:40:35.186 22448-27797 okhttp.OkHttpClient     com.baatcheet.app                    I  x-download-options: noopen
2026-01-14 15:40:35.186 22448-27797 okhttp.OkHttpClient     com.baatcheet.app                    I  x-frame-options: SAMEORIGIN
2026-01-14 15:40:35.186 22448-27797 okhttp.OkHttpClient     com.baatcheet.app                    I  x-permitted-cross-domain-policies: none
2026-01-14 15:40:35.186 22448-27797 okhttp.OkHttpClient     com.baatcheet.app                    I  x-xss-protection: 0
2026-01-14 15:40:35.187 22448-27797 okhttp.OkHttpClient     com.baatcheet.app                    I  vary: Origin
2026-01-14 15:40:35.187 22448-27797 okhttp.OkHttpClient     com.baatcheet.app                    I  vary: origin, access-control-request-method, access-control-request-headers
2026-01-14 15:40:35.187 22448-27797 okhttp.OkHttpClient     com.baatcheet.app                    I  access-control-allow-credentials: true
2026-01-14 15:40:35.187 22448-27797 okhttp.OkHttpClient     com.baatcheet.app                    I  access-control-expose-headers: X-Request-ID,X-Response-Time,X-RateLimit-Limit,X-RateLimit-Remaining,X-RateLimit-Reset
2026-01-14 15:40:35.187 22448-27797 okhttp.OkHttpClient     com.baatcheet.app                    I  x-clerk-auth-message: Unable to find a signing key in JWKS that matches the kid='undefined' of the provided session token. Please make sure that the __session cookie or the HTTP authorization header contain a Clerk-generated session JWT. The following kid is available: ins_384KLXR0s0ZW3aoWTGXIMeX8Ihm Go to your Dashboard and validate your secret and public keys are correct. Contact support@clerk.com if the issue persists. (reason=jwk-kid-mismatch, token-carrier=header)
2026-01-14 15:40:35.187 22448-27797 okhttp.OkHttpClient     com.baatcheet.app                    I  x-clerk-auth-reason: jwk-kid-mismatch
2026-01-14 15:40:35.187 22448-27797 okhttp.OkHttpClient     com.baatcheet.app                    I  x-clerk-auth-status: signed-out
2026-01-14 15:40:35.187 22448-27797 okhttp.OkHttpClient     com.baatcheet.app                    I  ratelimit-policy: 100;w=900
2026-01-14 15:40:35.188 22448-27797 okhttp.OkHttpClient     com.baatcheet.app                    I  ratelimit-limit: 100
2026-01-14 15:40:35.188 22448-27797 okhttp.OkHttpClient     com.baatcheet.app                    I  ratelimit-remaining: 86
2026-01-14 15:40:35.188 22448-27797 okhttp.OkHttpClient     com.baatcheet.app                    I  ratelimit-reset: 632
2026-01-14 15:40:35.188 22448-27797 okhttp.OkHttpClient     com.baatcheet.app                    I  x-response-time: 208ms
2026-01-14 15:40:35.188 22448-27797 okhttp.OkHttpClient     com.baatcheet.app                    I  etag: W/"9b-V3rTv3KHHpDqB01YaDxrXdlL+EY"
2026-01-14 15:40:35.188 22448-27797 okhttp.OkHttpClient     com.baatcheet.app                    I  x-proxied-host: http://10.108.40.68
2026-01-14 15:40:35.188 22448-27797 okhttp.OkHttpClient     com.baatcheet.app                    I  x-proxied-replica: d1nagwh8-vxd4z
2026-01-14 15:40:35.188 22448-27797 okhttp.OkHttpClient     com.baatcheet.app                    I  x-proxied-path: /api/v1/tts/generate
2026-01-14 15:40:35.188 22448-27797 okhttp.OkHttpClient     com.baatcheet.app                    I  link: <https://huggingface.co/spaces/sharry121/BaatCheet>;rel="canonical"
2026-01-14 15:40:35.189 22448-27797 okhttp.OkHttpClient     com.baatcheet.app                    I  {"error":"Failed to generate speech","details":"No TTS service available. Please configure ELEVENLABS_API_KEY_1, GOOGLE_CLOUD_TTS_KEY, or OPENAI_API_KEY."}
2026-01-14 15:40:35.189 22448-27797 okhttp.OkHttpClient     com.baatcheet.app                    I  <-- END HTTP (155-byte body)
2026-01-14 15:40:38.007 22448-27797 okhttp.OkHttpClient     com.baatcheet.app                    I  --> POST https://sharry121-baatcheet.hf.space/api/v1/chat/feedback
2026-01-14 15:40:38.007 22448-27797 okhttp.OkHttpClient     com.baatcheet.app                    I  Content-Length: 125
2026-01-14 15:40:38.007 22448-27797 okhttp.OkHttpClient     com.baatcheet.app                    I  Authorization: Bearer eyJhbGciOiJIUzI1NiIsInR5cCI6IkpXVCJ9.eyJ1c2VySWQiOiIyODIxYWY1Yy05MGFiLTQ1OGMtOWQ5NC04NWVlZDU1ZTkwYzMiLCJjbGVya0lkIjoidXNlcl8zODZDZTNHVHNUb1lrWnpHbTcxVkJ3NkxWUDAiLCJlbWFpbCI6Im9uc2Vhc29uMTBAZ21haWwuY29tIiwiaWF0IjoxNzY4MzIzOTM3LCJleHAiOjE3Njg5Mjg3Mzd9.XxFcz-xvKG556gxX1Oe31bK804zPkTzgXjfSLHfqMQw
2026-01-14 15:40:38.007 22448-27797 okhttp.OkHttpClient     com.baatcheet.app                    I  Content-Type: application/json
2026-01-14 15:40:38.008 22448-27797 okhttp.OkHttpClient     com.baatcheet.app                    I  {"conversationId":"c6dd4611-59f8-449e-81a0-91d26b326cff","feedbackType":"like","isPositive":true,"messageId":"1768387221450"}
2026-01-14 15:40:38.008 22448-27797 okhttp.OkHttpClient     com.baatcheet.app                    I  --> END POST (125-byte body)
2026-01-14 15:40:38.436 22448-27797 okhttp.OkHttpClient     com.baatcheet.app                    I  <-- 200 https://sharry121-baatcheet.hf.space/api/v1/chat/feedback (427ms)
2026-01-14 15:40:38.436 22448-27797 okhttp.OkHttpClient     com.baatcheet.app                    I  date: Wed, 14 Jan 2026 10:40:39 GMT
2026-01-14 15:40:38.436 22448-27797 okhttp.OkHttpClient     com.baatcheet.app                    I  content-type: application/json; charset=utf-8
2026-01-14 15:40:38.436 22448-27797 okhttp.OkHttpClient     com.baatcheet.app                    I  content-length: 105
2026-01-14 15:40:38.436 22448-27797 okhttp.OkHttpClient     com.baatcheet.app                    I  x-request-id: D5JNTx, D5JNTx
2026-01-14 15:40:38.436 22448-27797 okhttp.OkHttpClient     com.baatcheet.app                    I  content-security-policy: default-src 'self';script-src 'self' 'unsafe-inline';style-src 'self' 'unsafe-inline';img-src 'self' data: https:;connect-src 'self' https://api.clerk.dev;base-uri 'self';font-src 'self' https: data:;form-action 'self';frame-ancestors 'self';object-src 'none';script-src-attr 'none';upgrade-insecure-requests
2026-01-14 15:40:38.437 22448-27797 okhttp.OkHttpClient     com.baatcheet.app                    I  cross-origin-opener-policy: same-origin
2026-01-14 15:40:38.437 22448-27797 okhttp.OkHttpClient     com.baatcheet.app                    I  cross-origin-resource-policy: cross-origin
2026-01-14 15:40:38.437 22448-27797 okhttp.OkHttpClient     com.baatcheet.app                    I  origin-agent-cluster: ?1
2026-01-14 15:40:38.437 22448-27797 okhttp.OkHttpClient     com.baatcheet.app                    I  referrer-policy: no-referrer
2026-01-14 15:40:38.437 22448-27797 okhttp.OkHttpClient     com.baatcheet.app                    I  strict-transport-security: max-age=31536000; includeSubDomains; preload
2026-01-14 15:40:38.437 22448-27797 okhttp.OkHttpClient     com.baatcheet.app                    I  x-content-type-options: nosniff
2026-01-14 15:40:38.437 22448-27797 okhttp.OkHttpClient     com.baatcheet.app                    I  x-dns-prefetch-control: off
2026-01-14 15:40:38.437 22448-27797 okhttp.OkHttpClient     com.baatcheet.app                    I  x-download-options: noopen
2026-01-14 15:40:38.437 22448-27797 okhttp.OkHttpClient     com.baatcheet.app                    I  x-frame-options: SAMEORIGIN
2026-01-14 15:40:38.438 22448-27797 okhttp.OkHttpClient     com.baatcheet.app                    I  x-permitted-cross-domain-policies: none
2026-01-14 15:40:38.438 22448-27797 okhttp.OkHttpClient     com.baatcheet.app                    I  x-xss-protection: 0
2026-01-14 15:40:38.438 22448-27797 okhttp.OkHttpClient     com.baatcheet.app                    I  vary: Origin
2026-01-14 15:40:38.438 22448-27797 okhttp.OkHttpClient     com.baatcheet.app                    I  vary: origin, access-control-request-method, access-control-request-headers
2026-01-14 15:40:38.438 22448-27797 okhttp.OkHttpClient     com.baatcheet.app                    I  access-control-allow-credentials: true
2026-01-14 15:40:38.438 22448-27797 okhttp.OkHttpClient     com.baatcheet.app                    I  access-control-expose-headers: X-Request-ID,X-Response-Time,X-RateLimit-Limit,X-RateLimit-Remaining,X-RateLimit-Reset
2026-01-14 15:40:38.438 22448-27797 okhttp.OkHttpClient     com.baatcheet.app                    I  x-clerk-auth-message: Unable to find a signing key in JWKS that matches the kid='undefined' of the provided session token. Please make sure that the __session cookie or the HTTP authorization header contain a Clerk-generated session JWT. The following kid is available: ins_384KLXR0s0ZW3aoWTGXIMeX8Ihm Go to your Dashboard and validate your secret and public keys are correct. Contact support@clerk.com if the issue persists. (reason=jwk-kid-mismatch, token-carrier=header)
2026-01-14 15:40:38.438 22448-27797 okhttp.OkHttpClient     com.baatcheet.app                    I  x-clerk-auth-reason: jwk-kid-mismatch
2026-01-14 15:40:38.438 22448-27797 okhttp.OkHttpClient     com.baatcheet.app                    I  x-clerk-auth-status: signed-out
2026-01-14 15:40:38.439 22448-27797 okhttp.OkHttpClient     com.baatcheet.app                    I  ratelimit-policy: 100;w=900
2026-01-14 15:40:38.439 22448-27797 okhttp.OkHttpClient     com.baatcheet.app                    I  ratelimit-limit: 100
2026-01-14 15:40:38.439 22448-27797 okhttp.OkHttpClient     com.baatcheet.app                    I  ratelimit-remaining: 89
2026-01-14 15:40:38.439 22448-27797 okhttp.OkHttpClient     com.baatcheet.app                    I  ratelimit-reset: 788
2026-01-14 15:40:38.439 22448-27797 okhttp.OkHttpClient     com.baatcheet.app                    I  x-response-time: 116ms
2026-01-14 15:40:38.439 22448-27797 okhttp.OkHttpClient     com.baatcheet.app                    I  etag: W/"69-19gxOX1fF2ayRW+/3gH6XrWimwU"
2026-01-14 15:40:38.439 22448-27797 okhttp.OkHttpClient     com.baatcheet.app                    I  x-proxied-host: http://10.108.40.68
2026-01-14 15:40:38.439 22448-27797 okhttp.OkHttpClient     com.baatcheet.app                    I  x-proxied-replica: d1nagwh8-vxd4z
2026-01-14 15:40:38.439 22448-27797 okhttp.OkHttpClient     com.baatcheet.app                    I  x-proxied-path: /api/v1/chat/feedback
2026-01-14 15:40:38.439 22448-27797 okhttp.OkHttpClient     com.baatcheet.app                    I  link: <https://huggingface.co/spaces/sharry121/BaatCheet>;rel="canonical"
2026-01-14 15:40:38.441 22448-27797 okhttp.OkHttpClient     com.baatcheet.app                    I  {"success":true,"data":{"message":"Feedback received. Thank you for helping us improve!","learned":true}}
2026-01-14 15:40:38.441 22448-27797 okhttp.OkHttpClient     com.baatcheet.app                    I  <-- END HTTP (105-byte body)
2026-01-14 15:40:38.967 22448-22448 ScrollIdentify          com.baatcheet.app                    I  on fling
2026-01-14 15:40:39.828 22448-27797 okhttp.OkHttpClient     com.baatcheet.app                    I  --> POST https://sharry121-baatcheet.hf.space/api/v1/chat/feedback
2026-01-14 15:40:39.828 22448-27797 okhttp.OkHttpClient     com.baatcheet.app                    I  Content-Length: 125
2026-01-14 15:40:39.828 22448-27797 okhttp.OkHttpClient     com.baatcheet.app                    I  Authorization: Bearer eyJhbGciOiJIUzI1NiIsInR5cCI6IkpXVCJ9.eyJ1c2VySWQiOiIyODIxYWY1Yy05MGFiLTQ1OGMtOWQ5NC04NWVlZDU1ZTkwYzMiLCJjbGVya0lkIjoidXNlcl8zODZDZTNHVHNUb1lrWnpHbTcxVkJ3NkxWUDAiLCJlbWFpbCI6Im9uc2Vhc29uMTBAZ21haWwuY29tIiwiaWF0IjoxNzY4MzIzOTM3LCJleHAiOjE3Njg5Mjg3Mzd9.XxFcz-xvKG556gxX1Oe31bK804zPkTzgXjfSLHfqMQw
2026-01-14 15:40:39.829 22448-27797 okhttp.OkHttpClient     com.baatcheet.app                    I  Content-Type: application/json
2026-01-14 15:40:39.829 22448-27797 okhttp.OkHttpClient     com.baatcheet.app                    I  {"conversationId":"c6dd4611-59f8-449e-81a0-91d26b326cff","feedbackType":"like","isPositive":true,"messageId":"1768387205938"}
2026-01-14 15:40:39.829 22448-27797 okhttp.OkHttpClient     com.baatcheet.app                    I  --> END POST (125-byte body)
2026-01-14 15:40:40.219 22448-22448 ScrollIdentify          com.baatcheet.app                    I  on fling
2026-01-14 15:40:41.308 22448-27797 okhttp.OkHttpClient     com.baatcheet.app                    I  <-- 200 https://sharry121-baatcheet.hf.space/api/v1/chat/feedback (1478ms)
2026-01-14 15:40:41.308 22448-27797 okhttp.OkHttpClient     com.baatcheet.app                    I  date: Wed, 14 Jan 2026 10:40:42 GMT
2026-01-14 15:40:41.308 22448-27797 okhttp.OkHttpClient     com.baatcheet.app                    I  content-type: application/json; charset=utf-8
2026-01-14 15:40:41.308 22448-27797 okhttp.OkHttpClient     com.baatcheet.app                    I  content-length: 105
2026-01-14 15:40:41.308 22448-27797 okhttp.OkHttpClient     com.baatcheet.app                    I  x-request-id: 3X4Q8l, 3X4Q8l
2026-01-14 15:40:41.308 22448-27797 okhttp.OkHttpClient     com.baatcheet.app                    I  content-security-policy: default-src 'self';script-src 'self' 'unsafe-inline';style-src 'self' 'unsafe-inline';img-src 'self' data: https:;connect-src 'self' https://api.clerk.dev;base-uri 'self';font-src 'self' https: data:;form-action 'self';frame-ancestors 'self';object-src 'none';script-src-attr 'none';upgrade-insecure-requests
2026-01-14 15:40:41.308 22448-27797 okhttp.OkHttpClient     com.baatcheet.app                    I  cross-origin-opener-policy: same-origin
2026-01-14 15:40:41.308 22448-27797 okhttp.OkHttpClient     com.baatcheet.app                    I  cross-origin-resource-policy: cross-origin
2026-01-14 15:40:41.308 22448-27797 okhttp.OkHttpClient     com.baatcheet.app                    I  origin-agent-cluster: ?1
2026-01-14 15:40:41.308 22448-27797 okhttp.OkHttpClient     com.baatcheet.app                    I  referrer-policy: no-referrer
2026-01-14 15:40:41.308 22448-27797 okhttp.OkHttpClient     com.baatcheet.app                    I  strict-transport-security: max-age=31536000; includeSubDomains; preload
2026-01-14 15:40:41.309 22448-27797 okhttp.OkHttpClient     com.baatcheet.app                    I  x-content-type-options: nosniff
2026-01-14 15:40:41.309 22448-27797 okhttp.OkHttpClient     com.baatcheet.app                    I  x-dns-prefetch-control: off
2026-01-14 15:40:41.309 22448-27797 okhttp.OkHttpClient     com.baatcheet.app                    I  x-download-options: noopen
2026-01-14 15:40:41.309 22448-27797 okhttp.OkHttpClient     com.baatcheet.app                    I  x-frame-options: SAMEORIGIN
2026-01-14 15:40:41.309 22448-27797 okhttp.OkHttpClient     com.baatcheet.app                    I  x-permitted-cross-domain-policies: none
2026-01-14 15:40:41.309 22448-27797 okhttp.OkHttpClient     com.baatcheet.app                    I  x-xss-protection: 0
2026-01-14 15:40:41.309 22448-27797 okhttp.OkHttpClient     com.baatcheet.app                    I  vary: Origin
2026-01-14 15:40:41.309 22448-27797 okhttp.OkHttpClient     com.baatcheet.app                    I  vary: origin, access-control-request-method, access-control-request-headers
2026-01-14 15:40:41.309 22448-27797 okhttp.OkHttpClient     com.baatcheet.app                    I  access-control-allow-credentials: true
2026-01-14 15:40:41.309 22448-27797 okhttp.OkHttpClient     com.baatcheet.app                    I  access-control-expose-headers: X-Request-ID,X-Response-Time,X-RateLimit-Limit,X-RateLimit-Remaining,X-RateLimit-Reset
2026-01-14 15:40:41.309 22448-27797 okhttp.OkHttpClient     com.baatcheet.app                    I  x-clerk-auth-message: Unable to find a signing key in JWKS that matches the kid='undefined' of the provided session token. Please make sure that the __session cookie or the HTTP authorization header contain a Clerk-generated session JWT. The following kid is available: ins_384KLXR0s0ZW3aoWTGXIMeX8Ihm Go to your Dashboard and validate your secret and public keys are correct. Contact support@clerk.com if the issue persists. (reason=jwk-kid-mismatch, token-carrier=header)
2026-01-14 15:40:41.309 22448-27797 okhttp.OkHttpClient     com.baatcheet.app                    I  x-clerk-auth-reason: jwk-kid-mismatch
2026-01-14 15:40:41.310 22448-27797 okhttp.OkHttpClient     com.baatcheet.app                    I  x-clerk-auth-status: signed-out
2026-01-14 15:40:41.310 22448-27797 okhttp.OkHttpClient     com.baatcheet.app                    I  ratelimit-policy: 100;w=900
2026-01-14 15:40:41.310 22448-27797 okhttp.OkHttpClient     com.baatcheet.app                    I  ratelimit-limit: 100
2026-01-14 15:40:41.310 22448-27797 okhttp.OkHttpClient     com.baatcheet.app                    I  ratelimit-remaining: 88
2026-01-14 15:40:41.310 22448-27797 okhttp.OkHttpClient     com.baatcheet.app                    I  ratelimit-reset: 786
2026-01-14 15:40:41.310 22448-27797 okhttp.OkHttpClient     com.baatcheet.app                    I  x-response-time: 81ms
2026-01-14 15:40:41.310 22448-27797 okhttp.OkHttpClient     com.baatcheet.app                    I  etag: W/"69-19gxOX1fF2ayRW+/3gH6XrWimwU"
2026-01-14 15:40:41.310 22448-27797 okhttp.OkHttpClient     com.baatcheet.app                    I  x-proxied-host: http://10.108.40.68
2026-01-14 15:40:41.310 22448-27797 okhttp.OkHttpClient     com.baatcheet.app                    I  x-proxied-replica: d1nagwh8-vxd4z
2026-01-14 15:40:41.310 22448-27797 okhttp.OkHttpClient     com.baatcheet.app                    I  x-proxied-path: /api/v1/chat/feedback
2026-01-14 15:40:41.310 22448-27797 okhttp.OkHttpClient     com.baatcheet.app                    I  link: <https://huggingface.co/spaces/sharry121/BaatCheet>;rel="canonical"
2026-01-14 15:40:41.311 22448-27797 okhttp.OkHttpClient     com.baatcheet.app                    I  {"success":true,"data":{"message":"Feedback received. Thank you for helping us improve!","learned":true}}
2026-01-14 15:40:41.311 22448-27797 okhttp.OkHttpClient     com.baatcheet.app                    I  <-- END HTTP (105-byte body)
2026-01-14 15:40:42.033 22448-22448 InputMethodManager      com.baatcheet.app                    D  invalidateInput sessionid: 0
2026-01-14 15:40:43.452 22448-22448 ImeTracker              com.baatcheet.app                    I  com.baatcheet.app:7af9b87d: onRequestShow at ORIGIN_CLIENT_SHOW_SOFT_INPUT reason SHOW_SOFT_INPUT_BY_INSETS_API
2026-01-14 15:40:43.452 22448-22448 InsetsController        com.baatcheet.app                    D  show(ime(), fromIme=false)
2026-01-14 15:40:43.453 22448-22448 InputMethodManager      com.baatcheet.app                    D  showSoftInput() view=androidx.compose.ui.platform.AndroidComposeView{fe43bb3 VFED..... .F....ID 0,0-1080,2436 aid=1073741825} flags=0 reason=SHOW_SOFT_INPUT_BY_INSETS_API
2026-01-14 15:40:43.483 22448-22448 VRI[Pop-Up Window]      com.baatcheet.app                    D  hardware acceleration = true, forceHwAccelerated = false
2026-01-14 15:40:43.484 22448-22448 ViewRootImpl            com.baatcheet.app                    D  setView appearance:0 Pop-Up Window
2026-01-14 15:40:43.493 22448-22448 InputTransport          com.baatcheet.app                    D  Create ARC handle: 0xb400007025dd4630
2026-01-14 15:40:43.493 22448-22448 InputEventReceiver      com.baatcheet.app                    D  Input log is disabled in InputEventReceiver.
2026-01-14 15:40:43.493 22448-22448 InputTransport          com.baatcheet.app                    D  Input log is disabled in InputChannel.
2026-01-14 15:40:43.522 22448-22448 BufferQueueConsumer     com.baatcheet.app                    D  [](id:57b000000005,api:0,p:-1,c:22448) connect: controlledByApp=false
2026-01-14 15:40:43.524 22448-27221 OpenGLRenderer          com.baatcheet.app                    E  Unable to match the desired swap behavior.
2026-01-14 15:40:43.533 22448-27221 BLASTBufferQueue        com.baatcheet.app                    D  [VRI[Pop-Up Window]#5](f:0,a:1) acquireNextBufferLocked size=131x141 mFrameNumber=1 applyTransaction=true mTimestamp=501369010311729(auto) mPendingTransactions.size=0 graphicBufferId=96413425860646 transform=0
2026-01-14 15:40:43.574 22448-27207 System                  com.baatcheet.app                    W  A resource failed to call release. 
2026-01-14 15:40:43.606 22448-22448 InsetsController        com.baatcheet.app                    D  show(ime(), fromIme=true)
2026-01-14 15:40:43.916 22448-22448 ImeTracker              com.baatcheet.app                    I  com.baatcheet.app:7af9b87d: onShown
2026-01-14 15:40:44.679 22448-22448 ScrollIdentify          com.baatcheet.app                    I  on fling
2026-01-14 15:40:45.060 22448-22448 ScrollIdentify          com.baatcheet.app                    I  on fling
2026-01-14 15:40:45.646 22448-22448 VRI[Pop-Up Window]      com.baatcheet.app                    D  hardware acceleration = true, forceHwAccelerated = false
2026-01-14 15:40:45.646 22448-22448 ViewRootImpl            com.baatcheet.app                    D  setView appearance:0 Pop-Up Window
2026-01-14 15:40:45.671 22448-22448 InputTransport          com.baatcheet.app                    D  Create ARC handle: 0xb400007025da0640
2026-01-14 15:40:45.671 22448-22448 InputEventReceiver      com.baatcheet.app                    D  Input log is disabled in InputEventReceiver.
2026-01-14 15:40:45.671 22448-22448 InputTransport          com.baatcheet.app                    D  Input log is disabled in InputChannel.
2026-01-14 15:40:45.685 22448-22448 WindowOnBackDispatcher  com.baatcheet.app                    W  OnBackInvokedCallback is not enabled for the application.
                                                                                                    Set 'android:enableOnBackInvokedCallback="true"' in the application manifest.
2026-01-14 15:40:45.776 22448-22448 BufferQueueConsumer     com.baatcheet.app                    D  [](id:57b000000006,api:0,p:-1,c:22448) connect: controlledByApp=false
2026-01-14 15:40:45.778 22448-27221 OpenGLRenderer          com.baatcheet.app                    E  Unable to match the desired swap behavior.
2026-01-14 15:40:45.807 22448-27221 BLASTBufferQueue        com.baatcheet.app                    D  [VRI[Pop-Up Window]#6](f:0,a:1) acquireNextBufferLocked size=1080x2436 mFrameNumber=1 applyTransaction=true mTimestamp=501371285110191(auto) mPendingTransactions.size=0 graphicBufferId=96413425860656 transform=0
2026-01-14 15:40:45.843 22448-22448 WindowOnBackDispatcher  com.baatcheet.app                    W  sendCancelIfRunning: isInProgress=falsecallback=ImeCallback=ImeOnBackInvokedCallback@37524990 Callback=android.window.IOnBackInvokedCallback$Stub$Proxy@87a7b3e
2026-01-14 15:40:45.862 22448-22448 RemoteInpu...ectionImpl com.baatcheet.app                    W  requestCursorAnchorInfo on inactive InputConnection
2026-01-14 15:40:45.884 22448-22448 WindowOnBackDispatcher  com.baatcheet.app                    W  sendCancelIfRunning: isInProgress=falsecallback=ImeCallback=ImeOnBackInvokedCallback@37524990 Callback=android.window.IOnBackInvokedCallback$Stub$Proxy@87a7b3e
2026-01-14 15:40:45.924 22448-22448 ImeTracker              com.baatcheet.app                    I  com.baatcheet.app:211931b4: onCancelled at PHASE_CLIENT_ANIMATION_CANCEL
2026-01-14 15:40:45.926 22448-22448 ImeTracker              com.baatcheet.app                    I  com.baatcheet.app:f3c648f3: onRequestHide at ORIGIN_CLIENT_HIDE_SOFT_INPUT reason HIDE_SOFT_INPUT_BY_INSETS_API
2026-01-14 15:40:45.926 22448-22448 ImeTracker              com.baatcheet.app                    I  com.baatcheet.app:f3c648f3: onFailed at PHASE_CLIENT_VIEW_SERVED
2026-01-14 15:40:46.659 22448-22448 ScrollIdentify          com.baatcheet.app                    I  on fling
2026-01-14 15:40:47.152 22448-22448 ScrollIdentify          com.baatcheet.app                    I  on fling
2026-01-14 15:40:47.583 22448-22448 ScrollIdentify          com.baatcheet.app                    I  on fling
2026-01-14 15:40:47.979 22448-22448 WindowOnBackDispatcher  com.baatcheet.app                    W  sendCancelIfRunning: isInProgress=falsecallback=android.view.ViewRootImpl$$ExternalSyntheticLambda20@91781f5
2026-01-14 15:40:47.985 22448-27221 OpenGLRenderer          com.baatcheet.app                    D  endAllActiveAnimators on 0xb400006fa5ecf6d0 (UnprojectedRipple) with handle 0xb400007025dd2560
2026-01-14 15:40:47.985 22448-22448 View                    com.baatcheet.app                    D  [Warning] assignParent to null: this = androidx.compose.material3.ModalBottomSheetWindow{4cda777 V.E...... ......ID 0,0-1080,2436 #1020002 android:id/content aid=1073741830}
2026-01-14 15:40:48.000 22448-22448 InputTransport          com.baatcheet.app                    D  Destroy ARC handle: 0xb400007025da0640
2026-01-14 15:40:48.004 22448-27210 BLASTBufferQueue        com.baatcheet.app                    D  [VRI[Pop-Up Window]#6](f:0,a:4) destructor()
2026-01-14 15:40:48.004 22448-27210 BufferQueueConsumer     com.baatcheet.app                    D  [VRI[Pop-Up Window]#6(BLAST Consumer)6](id:57b000000006,api:0,p:-1,c:22448) disconnect
2026-01-14 15:40:48.039 22448-22448 InputMethodManager      com.baatcheet.app                    D  invalidateInput sessionid: 0
2026-01-14 15:40:48.107 22448-22448 InsetsController        com.baatcheet.app                    D  show(ime(), fromIme=true)
2026-01-14 15:40:48.411 22448-22448 ImeTracker              com.baatcheet.app                    I  com.baatcheet.app:d063eebf: onShown
2026-01-14 15:40:49.440 22448-22448 ImeTracker              com.baatcheet.app                    I  com.baatcheet.app:3ef1b928: onRequestShow at ORIGIN_CLIENT_SHOW_SOFT_INPUT reason SHOW_SOFT_INPUT_BY_INSETS_API
2026-01-14 15:40:49.440 22448-22448 InsetsController        com.baatcheet.app                    D  show(ime(), fromIme=false)
2026-01-14 15:40:49.440 22448-22448 ImeTracker              com.baatcheet.app                    I  com.baatcheet.app:3ef1b928: onCancelled at PHASE_CLIENT_APPLY_ANIMATION
2026-01-14 15:40:51.679 22448-22448 BufferQueueConsumer     com.baatcheet.app                    D  [](id:57b000000007,api:0,p:-1,c:22448) connect: controlledByApp=false
2026-01-14 15:40:51.681 22448-27221 OpenGLRenderer          com.baatcheet.app                    E  Unable to match the desired swap behavior.
2026-01-14 15:40:51.683 22448-27221 m.baatcheet.app         com.baatcheet.app                    E  == MALI DEBUG ===eglp_winsys_populate_image_templates ==12288
2026-01-14 15:40:51.698 22448-22448 WindowOnBackDispatcher  com.baatcheet.app                    W  sendCancelIfRunning: isInProgress=falsecallback=android.view.ViewRootImpl$$ExternalSyntheticLambda20@47a4b55
2026-01-14 15:40:51.701 22448-22448 View                    com.baatcheet.app                    D  [Warning] assignParent to null: this = androidx.compose.ui.window.PopupLayout{7e147d1 V.E...... ......ID 0,0-51,61 #1020002 android:id/content}
2026-01-14 15:40:51.702 22448-22448 BLASTBufferQueue        com.baatcheet.app                    D  [VRI[Pop-Up Window]#5](f:0,a:2) destructor()
2026-01-14 15:40:51.703 22448-22448 BufferQueueConsumer     com.baatcheet.app                    D  [VRI[Pop-Up Window]#5(BLAST Consumer)5](id:57b000000005,api:0,p:-1,c:22448) disconnect
2026-01-14 15:40:51.707 22448-22448 InputTransport          com.baatcheet.app                    D  Destroy ARC handle: 0xb400007025dd4630
2026-01-14 15:40:51.710 22448-22448 VRI[Pop-Up Window]      com.baatcheet.app                    D  hardware acceleration = true, forceHwAccelerated = false
2026-01-14 15:40:51.711 22448-22448 ViewRootImpl            com.baatcheet.app                    D  setView appearance:0 Pop-Up Window
2026-01-14 15:40:51.717 22448-22448 InputTransport          com.baatcheet.app                    D  Create ARC handle: 0xb400007025dd62b0
2026-01-14 15:40:51.717 22448-22448 InputEventReceiver      com.baatcheet.app                    D  Input log is disabled in InputEventReceiver.
2026-01-14 15:40:51.717 22448-22448 InputTransport          com.baatcheet.app                    D  Input log is disabled in InputChannel.
2026-01-14 15:40:51.720 22448-22448 VRI[Pop-Up Window]      com.baatcheet.app                    D  hardware acceleration = true, forceHwAccelerated = false
2026-01-14 15:40:51.720 22448-22448 ViewRootImpl            com.baatcheet.app                    D  setView appearance:0 Pop-Up Window
2026-01-14 15:40:51.729 22448-22448 InputTransport          com.baatcheet.app                    D  Create ARC handle: 0xb400007025dd61f0
2026-01-14 15:40:51.729 22448-22448 InputEventReceiver      com.baatcheet.app                    D  Input log is disabled in InputEventReceiver.
2026-01-14 15:40:51.729 22448-22448 InputTransport          com.baatcheet.app                    D  Input log is disabled in InputChannel.
2026-01-14 15:40:51.758 22448-22448 BufferQueueConsumer     com.baatcheet.app                    D  [](id:57b000000008,api:0,p:-1,c:22448) connect: controlledByApp=false
2026-01-14 15:40:51.759 22448-27221 OpenGLRenderer          com.baatcheet.app                    E  Unable to match the desired swap behavior.
2026-01-14 15:40:51.767 22448-27221 BLASTBufferQueue        com.baatcheet.app                    D  [VRI[Pop-Up Window]#8](f:0,a:1) acquireNextBufferLocked size=141x141 mFrameNumber=1 applyTransaction=true mTimestamp=501377244088729(auto) mPendingTransactions.size=0 graphicBufferId=96413425860660 transform=0
2026-01-14 15:40:51.787 22448-22448 BufferQueueConsumer     com.baatcheet.app                    D  [](id:57b000000009,api:0,p:-1,c:22448) connect: controlledByApp=false
2026-01-14 15:40:51.788 22448-27221 OpenGLRenderer          com.baatcheet.app                    E  Unable to match the desired swap behavior.
2026-01-14 15:40:51.800 22448-27221 BLASTBufferQueue        com.baatcheet.app                    D  [VRI[Pop-Up Window]#9](f:0,a:1) acquireNextBufferLocked size=141x141 mFrameNumber=1 applyTransaction=true mTimestamp=501377277050576(auto) mPendingTransactions.size=0 graphicBufferId=96413425860670 transform=0
2026-01-14 15:40:51.837 22448-27221 BLASTBufferQueue        com.baatcheet.app                    D  [magnifier surface#7](f:0,a:1) acquireNextBufferLocked size=265x138 mFrameNumber=1 applyTransaction=true mTimestamp=501377314677268(auto) mPendingTransactions.size=0 graphicBufferId=96413425860671 transform=0
2026-01-14 15:40:51.841 22448-27221 m.baatcheet.app         com.baatcheet.app                    E  == MALI DEBUG ===eglp_winsys_populate_image_templates ==12288
2026-01-14 15:40:51.874 22448-27221 m.baatcheet.app         com.baatcheet.app                    E  == MALI DEBUG ===eglp_winsys_populate_image_templates ==12288
2026-01-14 15:40:51.910 22448-22448 WindowOnBackDispatcher  com.baatcheet.app                    W  sendCancelIfRunning: isInProgress=falsecallback=android.view.ViewRootImpl$$ExternalSyntheticLambda20@dc84688
2026-01-14 15:40:51.912 22448-22448 View                    com.baatcheet.app                    D  [Warning] assignParent to null: this = androidx.compose.ui.window.PopupLayout{2df4334 V.E...... ......ID 0,0-61,61 #1020002 android:id/content}
2026-01-14 15:40:51.913 22448-22448 BLASTBufferQueue        com.baatcheet.app                    D  [VRI[Pop-Up Window]#9](f:0,a:4) destructor()
2026-01-14 15:40:51.913 22448-22448 BufferQueueConsumer     com.baatcheet.app                    D  [VRI[Pop-Up Window]#9(BLAST Consumer)9](id:57b000000009,api:0,p:-1,c:22448) disconnect
2026-01-14 15:40:51.918 22448-22448 InputTransport          com.baatcheet.app                    D  Destroy ARC handle: 0xb400007025dd61f0
2026-01-14 15:40:51.919 22448-22448 WindowOnBackDispatcher  com.baatcheet.app                    W  sendCancelIfRunning: isInProgress=falsecallback=android.view.ViewRootImpl$$ExternalSyntheticLambda20@139b03c
2026-01-14 15:40:51.921 22448-22448 View                    com.baatcheet.app                    D  [Warning] assignParent to null: this = androidx.compose.ui.window.PopupLayout{30f9428 V.E...... ......ID 0,0-61,61 #1020002 android:id/content}
2026-01-14 15:40:51.923 22448-22448 BLASTBufferQueue        com.baatcheet.app                    D  [VRI[Pop-Up Window]#8](f:0,a:4) destructor()
2026-01-14 15:40:51.923 22448-22448 BufferQueueConsumer     com.baatcheet.app                    D  [VRI[Pop-Up Window]#8(BLAST Consumer)8](id:57b000000008,api:0,p:-1,c:22448) disconnect
2026-01-14 15:40:51.927 22448-22448 InputTransport          com.baatcheet.app                    D  Destroy ARC handle: 0xb400007025dd62b0
2026-01-14 15:40:51.944 22448-22448 os.SingleLice           com.baatcheet.app                    D  instance successfully. com.transsion.widget.v2.FloatingToolbarLice@7446b94 from com.transsion.widget.FloatingToolbarLiceFactory
2026-01-14 15:40:51.944 22448-22448 os.SingleLiceFactory    com.baatcheet.app                    D  instance successfully. com.transsion.widget.v2.FloatingToolbarLice@7446b94 from com.android.internal.IInternalViewLice
2026-01-14 15:40:52.001 22448-22448 Compatibil...geReporter com.baatcheet.app                    D  Compat change id reported: 210923482; UID 10639; state: ENABLED
2026-01-14 15:40:52.020 22448-22448 VRI[PopupW...w:e2757cf] com.baatcheet.app                    D  hardware acceleration = true, forceHwAccelerated = false
2026-01-14 15:40:52.020 22448-22448 ViewRootImpl            com.baatcheet.app                    D  setView appearance:0 PopupWindow:e2757cf
2026-01-14 15:40:52.027 22448-22448 InputTransport          com.baatcheet.app                    D  Create ARC handle: 0xb400007025dd7150
2026-01-14 15:40:52.027 22448-22448 InputEventReceiver      com.baatcheet.app                    D  Input log is disabled in InputEventReceiver.
2026-01-14 15:40:52.027 22448-22448 InputTransport          com.baatcheet.app                    D  Input log is disabled in InputChannel.
2026-01-14 15:40:52.031 22448-22448 BLASTBufferQueue        com.baatcheet.app                    D  [magnifier surface#7](f:0,a:3) destructor()
2026-01-14 15:40:52.031 22448-22448 BufferQueueConsumer     com.baatcheet.app                    D  [magnifier surface#7(BLAST Consumer)7](id:57b000000007,api:0,p:-1,c:22448) disconnect
2026-01-14 15:40:52.049 22448-22448 BufferQueueConsumer     com.baatcheet.app                    D  [](id:57b00000000a,api:0,p:-1,c:22448) connect: controlledByApp=false
2026-01-14 15:40:52.050 22448-27221 OpenGLRenderer          com.baatcheet.app                    E  Unable to match the desired swap behavior.
2026-01-14 15:40:52.057 22448-27221 BLASTBufferQueue        com.baatcheet.app                    D  [VRI[PopupWindow:e2757cf]#10](f:0,a:1) acquireNextBufferLocked size=293x143 mFrameNumber=1 applyTransaction=true mTimestamp=501377534352114(auto) mPendingTransactions.size=0 graphicBufferId=96413425860675 transform=0
2026-01-14 15:40:52.788 22448-22448 VRI[PopupWindow:6a5fa7] com.baatcheet.app                    D  hardware acceleration = true, forceHwAccelerated = false
2026-01-14 15:40:52.788 22448-22448 ViewRootImpl            com.baatcheet.app                    D  setView appearance:0 PopupWindow:6a5fa7
2026-01-14 15:40:52.796 22448-22448 InputTransport          com.baatcheet.app                    D  Create ARC handle: 0xb400007025dd68b0
2026-01-14 15:40:52.796 22448-22448 InputEventReceiver      com.baatcheet.app                    D  Input log is disabled in InputEventReceiver.
2026-01-14 15:40:52.796 22448-22448 InputTransport          com.baatcheet.app                    D  Input log is disabled in InputChannel.
2026-01-14 15:40:52.805 22448-22448 VRI[Pop-Up Window]      com.baatcheet.app                    D  hardware acceleration = true, forceHwAccelerated = false
2026-01-14 15:40:52.805 22448-22448 ViewRootImpl            com.baatcheet.app                    D  setView appearance:0 Pop-Up Window
2026-01-14 15:40:52.813 22448-22448 InputTransport          com.baatcheet.app                    D  Create ARC handle: 0xb400007025dd4f00
2026-01-14 15:40:52.813 22448-22448 InputEventReceiver      com.baatcheet.app                    D  Input log is disabled in InputEventReceiver.
2026-01-14 15:40:52.813 22448-22448 InputTransport          com.baatcheet.app                    D  Input log is disabled in InputChannel.
2026-01-14 15:40:52.817 22448-22448 VRI[Pop-Up Window]      com.baatcheet.app                    D  hardware acceleration = true, forceHwAccelerated = false
