2026-01-14 13:20:03.839 23645-23645 VRI[Pop-Up Window]      com.baatcheet.app                    D  hardware acceleration = true, forceHwAccelerated = false
2026-01-14 13:20:03.839 23645-23645 ViewRootImpl            com.baatcheet.app                    D  setView appearance:0 Pop-Up Window
2026-01-14 13:20:03.848 23645-23645 InputTransport          com.baatcheet.app                    D  Create ARC handle: 0xb400007025dc0f80
2026-01-14 13:20:03.848 23645-23645 InputEventReceiver      com.baatcheet.app                    D  Input log is disabled in InputEventReceiver.
2026-01-14 13:20:03.848 23645-23645 InputTransport          com.baatcheet.app                    D  Input log is disabled in InputChannel.
2026-01-14 13:20:03.854 23645-23645 WindowOnBackDispatcher  com.baatcheet.app                    W  OnBackInvokedCallback is not enabled for the application.
                                                                                                    Set 'android:enableOnBackInvokedCallback="true"' in the application manifest.
2026-01-14 13:20:03.922 23645-23645 BufferQueueConsumer     com.baatcheet.app                    D  [](id:5c5d00000004,api:0,p:-1,c:23645) connect: controlledByApp=false
2026-01-14 13:20:03.924 23645-31879 OpenGLRenderer          com.baatcheet.app                    E  Unable to match the desired swap behavior.
2026-01-14 13:20:03.948 23645-31879 BLASTBufferQueue        com.baatcheet.app                    D  [VRI[Pop-Up Window]#4](f:0,a:1) acquireNextBufferLocked size=1080x2436 mFrameNumber=1 applyTransaction=true mTimestamp=494518770012705(auto) mPendingTransactions.size=0 graphicBufferId=101554501713954 transform=0
2026-01-14 13:20:05.045 23645-32045 okhttp.OkHttpClient     com.baatcheet.app                    I  --> POST https://sharry121-baatcheet.hf.space/api/v1/chat/share
2026-01-14 13:20:05.045 23645-32045 okhttp.OkHttpClient     com.baatcheet.app                    I  Content-Length: 57
2026-01-14 13:20:05.046 23645-32045 okhttp.OkHttpClient     com.baatcheet.app                    I  Authorization: Bearer eyJhbGciOiJIUzI1NiIsInR5cCI6IkpXVCJ9.eyJ1c2VySWQiOiIyODIxYWY1Yy05MGFiLTQ1OGMtOWQ5NC04NWVlZDU1ZTkwYzMiLCJjbGVya0lkIjoidXNlcl8zODZDZTNHVHNUb1lrWnpHbTcxVkJ3NkxWUDAiLCJlbWFpbCI6Im9uc2Vhc29uMTBAZ21haWwuY29tIiwiaWF0IjoxNzY4MzIzOTM3LCJleHAiOjE3Njg5Mjg3Mzd9.XxFcz-xvKG556gxX1Oe31bK804zPkTzgXjfSLHfqMQw
2026-01-14 13:20:05.046 23645-32045 okhttp.OkHttpClient     com.baatcheet.app                    I  Content-Type: application/json
2026-01-14 13:20:05.046 23645-32045 okhttp.OkHttpClient     com.baatcheet.app                    I  {"conversationId":"3a9b32c4-7d1d-45b7-8dba-5490608c8c58"}
2026-01-14 13:20:05.046 23645-32045 okhttp.OkHttpClient     com.baatcheet.app                    I  --> END POST (57-byte body)
2026-01-14 13:20:05.119 23645-23645 WindowOnBackDispatcher  com.baatcheet.app                    W  sendCancelIfRunning: isInProgress=falsecallback=android.view.ViewRootImpl$$ExternalSyntheticLambda20@dfe2df9
2026-01-14 13:20:05.121 23645-31879 OpenGLRenderer          com.baatcheet.app                    D  endAllActiveAnimators on 0xb400006fa5ea8660 (UnprojectedRipple) with handle 0xb400007025dc0da0
2026-01-14 13:20:05.121 23645-23645 View                    com.baatcheet.app                    D  [Warning] assignParent to null: this = androidx.compose.material3.ModalBottomSheetWindow{1f94ad5 V.E...... ......ID 0,0-1080,2436 #1020002 android:id/content aid=1073741827}
2026-01-14 13:20:05.133 23645-23645 InputTransport          com.baatcheet.app                    D  Destroy ARC handle: 0xb400007025dc0f80
2026-01-14 13:20:05.141 23645-31867 BLASTBufferQueue        com.baatcheet.app                    D  [VRI[Pop-Up Window]#4](f:0,a:4) destructor()
2026-01-14 13:20:05.141 23645-31867 BufferQueueConsumer     com.baatcheet.app                    D  [VRI[Pop-Up Window]#4(BLAST Consumer)4](id:5c5d00000004,api:0,p:-1,c:23645) disconnect
2026-01-14 13:20:05.476 23645-32045 okhttp.OkHttpClient     com.baatcheet.app                    I  <-- 200 https://sharry121-baatcheet.hf.space/api/v1/chat/share (429ms)
2026-01-14 13:20:05.476 23645-32045 okhttp.OkHttpClient     com.baatcheet.app                    I  date: Wed, 14 Jan 2026 08:20:06 GMT
2026-01-14 13:20:05.476 23645-32045 okhttp.OkHttpClient     com.baatcheet.app                    I  content-type: application/json; charset=utf-8
2026-01-14 13:20:05.476 23645-32045 okhttp.OkHttpClient     com.baatcheet.app                    I  content-length: 180
2026-01-14 13:20:05.476 23645-32045 okhttp.OkHttpClient     com.baatcheet.app                    I  x-request-id: hkOpSU, hkOpSU
2026-01-14 13:20:05.476 23645-32045 okhttp.OkHttpClient     com.baatcheet.app                    I  content-security-policy: default-src 'self';script-src 'self' 'unsafe-inline';style-src 'self' 'unsafe-inline';img-src 'self' data: https:;connect-src 'self' https://api.clerk.dev;base-uri 'self';font-src 'self' https: data:;form-action 'self';frame-ancestors 'self';object-src 'none';script-src-attr 'none';upgrade-insecure-requests
2026-01-14 13:20:05.476 23645-32045 okhttp.OkHttpClient     com.baatcheet.app                    I  cross-origin-opener-policy: same-origin
2026-01-14 13:20:05.476 23645-32045 okhttp.OkHttpClient     com.baatcheet.app                    I  cross-origin-resource-policy: cross-origin
2026-01-14 13:20:05.477 23645-32045 okhttp.OkHttpClient     com.baatcheet.app                    I  origin-agent-cluster: ?1
2026-01-14 13:20:05.477 23645-32045 okhttp.OkHttpClient     com.baatcheet.app                    I  referrer-policy: no-referrer
2026-01-14 13:20:05.477 23645-32045 okhttp.OkHttpClient     com.baatcheet.app                    I  strict-transport-security: max-age=31536000; includeSubDomains; preload
2026-01-14 13:20:05.477 23645-32045 okhttp.OkHttpClient     com.baatcheet.app                    I  x-content-type-options: nosniff
2026-01-14 13:20:05.477 23645-32045 okhttp.OkHttpClient     com.baatcheet.app                    I  x-dns-prefetch-control: off
2026-01-14 13:20:05.477 23645-32045 okhttp.OkHttpClient     com.baatcheet.app                    I  x-download-options: noopen
2026-01-14 13:20:05.477 23645-32045 okhttp.OkHttpClient     com.baatcheet.app                    I  x-frame-options: SAMEORIGIN
2026-01-14 13:20:05.477 23645-32045 okhttp.OkHttpClient     com.baatcheet.app                    I  x-permitted-cross-domain-policies: none
2026-01-14 13:20:05.477 23645-32045 okhttp.OkHttpClient     com.baatcheet.app                    I  x-xss-protection: 0
2026-01-14 13:20:05.477 23645-32045 okhttp.OkHttpClient     com.baatcheet.app                    I  vary: Origin
2026-01-14 13:20:05.477 23645-32045 okhttp.OkHttpClient     com.baatcheet.app                    I  vary: origin, access-control-request-method, access-control-request-headers
2026-01-14 13:20:05.477 23645-32045 okhttp.OkHttpClient     com.baatcheet.app                    I  access-control-allow-credentials: true
2026-01-14 13:20:05.477 23645-32045 okhttp.OkHttpClient     com.baatcheet.app                    I  access-control-expose-headers: X-Request-ID,X-Response-Time,X-RateLimit-Limit,X-RateLimit-Remaining,X-RateLimit-Reset
2026-01-14 13:20:05.477 23645-32045 okhttp.OkHttpClient     com.baatcheet.app                    I  x-clerk-auth-message: Unable to find a signing key in JWKS that matches the kid='undefined' of the provided session token. Please make sure that the __session cookie or the HTTP authorization header contain a Clerk-generated session JWT. The following kid is available: ins_384KLXR0s0ZW3aoWTGXIMeX8Ihm Go to your Dashboard and validate your secret and public keys are correct. Contact support@clerk.com if the issue persists. (reason=jwk-kid-mismatch, token-carrier=header)
2026-01-14 13:20:05.477 23645-32045 okhttp.OkHttpClient     com.baatcheet.app                    I  x-clerk-auth-reason: jwk-kid-mismatch
2026-01-14 13:20:05.477 23645-32045 okhttp.OkHttpClient     com.baatcheet.app                    I  x-clerk-auth-status: signed-out
2026-01-14 13:20:05.478 23645-32045 okhttp.OkHttpClient     com.baatcheet.app                    I  ratelimit-policy: 100;w=900
2026-01-14 13:20:05.478 23645-32045 okhttp.OkHttpClient     com.baatcheet.app                    I  ratelimit-limit: 100
2026-01-14 13:20:05.478 23645-32045 okhttp.OkHttpClient     com.baatcheet.app                    I  ratelimit-remaining: 95
2026-01-14 13:20:05.478 23645-32045 okhttp.OkHttpClient     com.baatcheet.app                    I  ratelimit-reset: 571
2026-01-14 13:20:05.478 23645-32045 okhttp.OkHttpClient     com.baatcheet.app                    I  x-response-time: 91ms
2026-01-14 13:20:05.478 23645-32045 okhttp.OkHttpClient     com.baatcheet.app                    I  etag: W/"b4-3FVoVBCo5pJfG7y9u5r45OAFoRo"
2026-01-14 13:20:05.478 23645-32045 okhttp.OkHttpClient     com.baatcheet.app                    I  x-proxied-host: http://10.108.129.119
2026-01-14 13:20:05.478 23645-32045 okhttp.OkHttpClient     com.baatcheet.app                    I  x-proxied-replica: 6rf9yre1-p5sln
2026-01-14 13:20:05.478 23645-32045 okhttp.OkHttpClient     com.baatcheet.app                    I  x-proxied-path: /api/v1/chat/share
2026-01-14 13:20:05.479 23645-32045 okhttp.OkHttpClient     com.baatcheet.app                    I  link: <https://huggingface.co/spaces/sharry121/BaatCheet>;rel="canonical"
2026-01-14 13:20:05.480 23645-32045 okhttp.OkHttpClient     com.baatcheet.app                    I  {"success":true,"data":{"shareLink":"https://baatcheet.app/share/46LiBOyYazP2fLtWgXS-Iw","shareId":"46LiBOyYazP2fLtWgXS-Iw","expiresAt":"2026-01-21T08:19:56.274Z","accessCount":0}}
2026-01-14 13:20:05.480 23645-32045 okhttp.OkHttpClient     com.baatcheet.app                    I  <-- END HTTP (180-byte body)
2026-01-14 13:20:07.754 23645-23645 Compose Focus           com.baatcheet.app                    D  Owner FocusChanged(true)
2026-01-14 13:20:07.786 23645-23645 InputMethodManager      com.baatcheet.app                    D  invalidateInput sessionid: 0
2026-01-14 13:20:07.788 23645-23645 InputMethodManager      com.baatcheet.app                    D  invalidateInput sessionid: 0
2026-01-14 13:20:07.792 23645-23645 ImeTracker              com.baatcheet.app                    I  com.baatcheet.app:ae11383b: onRequestShow at ORIGIN_CLIENT_SHOW_SOFT_INPUT reason SHOW_SOFT_INPUT_BY_INSETS_API
2026-01-14 13:20:07.792 23645-23645 InsetsController        com.baatcheet.app                    D  show(ime(), fromIme=false)
2026-01-14 13:20:07.793 23645-23645 InputMethodManager      com.baatcheet.app                    D  showSoftInput() view=androidx.compose.ui.platform.AndroidComposeView{fe43bb3 VFED..... .F....ID 0,0-1080,2436 aid=1073741828} flags=0 reason=SHOW_SOFT_INPUT_BY_INSETS_API
2026-01-14 13:20:08.096 23645-23645 InsetsController        com.baatcheet.app                    D  show(ime(), fromIme=true)
2026-01-14 13:20:08.417 23645-23645 ImeTracker              com.baatcheet.app                    I  com.baatcheet.app:ae11383b: onShown
2026-01-14 13:20:09.362 23645-23645 VRI[Pop-Up Window]      com.baatcheet.app                    D  hardware acceleration = true, forceHwAccelerated = false
2026-01-14 13:20:09.362 23645-23645 ViewRootImpl            com.baatcheet.app                    D  setView appearance:0 Pop-Up Window
2026-01-14 13:20:09.369 23645-23645 InputTransport          com.baatcheet.app                    D  Create ARC handle: 0xb400007025dc4ca0
2026-01-14 13:20:09.369 23645-23645 InputEventReceiver      com.baatcheet.app                    D  Input log is disabled in InputEventReceiver.
2026-01-14 13:20:09.369 23645-23645 InputTransport          com.baatcheet.app                    D  Input log is disabled in InputChannel.
2026-01-14 13:20:09.375 23645-23645 WindowOnBackDispatcher  com.baatcheet.app                    W  OnBackInvokedCallback is not enabled for the application.
                                                                                                    Set 'android:enableOnBackInvokedCallback="true"' in the application manifest.
2026-01-14 13:20:09.443 23645-23645 BufferQueueConsumer     com.baatcheet.app                    D  [](id:5c5d00000005,api:0,p:-1,c:23645) connect: controlledByApp=false
2026-01-14 13:20:09.444 23645-31879 OpenGLRenderer          com.baatcheet.app                    E  Unable to match the desired swap behavior.
2026-01-14 13:20:09.472 23645-31879 BLASTBufferQueue        com.baatcheet.app                    D  [VRI[Pop-Up Window]#5](f:0,a:1) acquireNextBufferLocked size=1080x2436 mFrameNumber=1 applyTransaction=true mTimestamp=494524293653552(auto) mPendingTransactions.size=0 graphicBufferId=101554501713961 transform=0
2026-01-14 13:20:09.513 23645-23645 WindowOnBackDispatcher  com.baatcheet.app                    W  sendCancelIfRunning: isInProgress=falsecallback=ImeCallback=ImeOnBackInvokedCallback@37524990 Callback=android.window.IOnBackInvokedCallback$Stub$Proxy@8393016
2026-01-14 13:20:09.548 23645-23645 RemoteInpu...ectionImpl com.baatcheet.app                    W  requestCursorAnchorInfo on inactive InputConnection
2026-01-14 13:20:09.564 23645-23645 WindowOnBackDispatcher  com.baatcheet.app                    W  sendCancelIfRunning: isInProgress=falsecallback=ImeCallback=ImeOnBackInvokedCallback@37524990 Callback=android.window.IOnBackInvokedCallback$Stub$Proxy@8393016
2026-01-14 13:20:09.586 23645-23645 ImeTracker              com.baatcheet.app                    I  com.baatcheet.app:f8b9021f: onCancelled at PHASE_CLIENT_ANIMATION_CANCEL
2026-01-14 13:20:09.588 23645-23645 ImeTracker              com.baatcheet.app                    I  com.baatcheet.app:acbb049e: onRequestHide at ORIGIN_CLIENT_HIDE_SOFT_INPUT reason HIDE_SOFT_INPUT_BY_INSETS_API
2026-01-14 13:20:09.588 23645-23645 ImeTracker              com.baatcheet.app                    I  com.baatcheet.app:acbb049e: onFailed at PHASE_CLIENT_VIEW_SERVED
2026-01-14 13:20:10.382 23645-23645 Compatibil...geReporter com.baatcheet.app                    D  Compat change id reported: 147798919; UID 10639; state: ENABLED
2026-01-14 13:20:10.412 23645-23645 WindowOnBackDispatcher  com.baatcheet.app                    W  sendCancelIfRunning: isInProgress=falsecallback=android.view.ViewRootImpl$$ExternalSyntheticLambda20@2b1fc80
2026-01-14 13:20:10.416 23645-31879 OpenGLRenderer          com.baatcheet.app                    D  endAllActiveAnimators on 0xb400006fa5ec2f40 (UnprojectedRipple) with handle 0xb400007025dc0ef0
2026-01-14 13:20:10.416 23645-23645 View                    com.baatcheet.app                    D  [Warning] assignParent to null: this = androidx.compose.material3.ModalBottomSheetWindow{1a1eddd V.E...... ......ID 0,0-1080,2436 #1020002 android:id/content aid=1073741829}
2026-01-14 13:20:10.428 23645-23645 InputTransport          com.baatcheet.app                    D  Destroy ARC handle: 0xb400007025dc4ca0
2026-01-14 13:20:10.460 23645-31867 BLASTBufferQueue        com.baatcheet.app                    D  [VRI[Pop-Up Window]#5](f:0,a:4) destructor()
2026-01-14 13:20:10.460 23645-31867 BufferQueueConsumer     com.baatcheet.app                    D  [VRI[Pop-Up Window]#5(BLAST Consumer)5](id:5c5d00000005,api:0,p:-1,c:23645) disconnect
2026-01-14 13:20:10.475 23645-23645 InputMethodManager      com.baatcheet.app                    D  invalidateInput sessionid: 0
2026-01-14 13:20:10.569 23645-23645 InsetsController        com.baatcheet.app                    D  show(ime(), fromIme=true)
2026-01-14 13:20:10.885 23645-23645 ImeTracker              com.baatcheet.app                    I  com.baatcheet.app:a0d272ad: onShown
2026-01-14 13:20:16.119 23645-23645 VRI[Pop-Up Window]      com.baatcheet.app                    D  hardware acceleration = true, forceHwAccelerated = false
2026-01-14 13:20:16.119 23645-23645 ViewRootImpl            com.baatcheet.app                    D  setView appearance:0 Pop-Up Window
2026-01-14 13:20:16.126 23645-23645 InputTransport          com.baatcheet.app                    D  Create ARC handle: 0xb400007025dc7b80
2026-01-14 13:20:16.126 23645-23645 InputEventReceiver      com.baatcheet.app                    D  Input log is disabled in InputEventReceiver.
2026-01-14 13:20:16.126 23645-23645 InputTransport          com.baatcheet.app                    D  Input log is disabled in InputChannel.
2026-01-14 13:20:16.132 23645-23645 WindowOnBackDispatcher  com.baatcheet.app                    W  OnBackInvokedCallback is not enabled for the application.
                                                                                                    Set 'android:enableOnBackInvokedCallback="true"' in the application manifest.
2026-01-14 13:20:16.199 23645-23645 BufferQueueConsumer     com.baatcheet.app                    D  [](id:5c5d00000006,api:0,p:-1,c:23645) connect: controlledByApp=false
2026-01-14 13:20:16.200 23645-31879 OpenGLRenderer          com.baatcheet.app                    E  Unable to match the desired swap behavior.
2026-01-14 13:20:16.225 23645-31879 BLASTBufferQueue        com.baatcheet.app                    D  [VRI[Pop-Up Window]#6](f:0,a:1) acquireNextBufferLocked size=1080x2436 mFrameNumber=1 applyTransaction=true mTimestamp=494531045957014(auto) mPendingTransactions.size=0 graphicBufferId=101554501713964 transform=0
2026-01-14 13:20:16.266 23645-23645 WindowOnBackDispatcher  com.baatcheet.app                    W  sendCancelIfRunning: isInProgress=falsecallback=ImeCallback=ImeOnBackInvokedCallback@37524990 Callback=android.window.IOnBackInvokedCallback$Stub$Proxy@b388738
2026-01-14 13:20:16.296 23645-23645 RemoteInpu...ectionImpl com.baatcheet.app                    W  requestCursorAnchorInfo on inactive InputConnection
2026-01-14 13:20:16.298 23645-23645 WindowOnBackDispatcher  com.baatcheet.app                    W  sendCancelIfRunning: isInProgress=falsecallback=ImeCallback=ImeOnBackInvokedCallback@37524990 Callback=android.window.IOnBackInvokedCallback$Stub$Proxy@b388738
2026-01-14 13:20:16.317 23645-23645 ImeTracker              com.baatcheet.app                    I  com.baatcheet.app:a1ee8a57: onCancelled at PHASE_CLIENT_ANIMATION_CANCEL
2026-01-14 13:20:16.318 23645-23645 ImeTracker              com.baatcheet.app                    I  com.baatcheet.app:39496b81: onRequestHide at ORIGIN_CLIENT_HIDE_SOFT_INPUT reason HIDE_SOFT_INPUT_BY_INSETS_API
2026-01-14 13:20:16.319 23645-23645 ImeTracker              com.baatcheet.app                    I  com.baatcheet.app:39496b81: onFailed at PHASE_CLIENT_VIEW_SERVED
2026-01-14 13:20:18.613 23645-32045 okhttp.OkHttpClient     com.baatcheet.app                    I  --> POST https://sharry121-baatcheet.hf.space/api/v1/chat/share
2026-01-14 13:20:18.613 23645-32045 okhttp.OkHttpClient     com.baatcheet.app                    I  Content-Length: 57
2026-01-14 13:20:18.613 23645-32045 okhttp.OkHttpClient     com.baatcheet.app                    I  Authorization: Bearer eyJhbGciOiJIUzI1NiIsInR5cCI6IkpXVCJ9.eyJ1c2VySWQiOiIyODIxYWY1Yy05MGFiLTQ1OGMtOWQ5NC04NWVlZDU1ZTkwYzMiLCJjbGVya0lkIjoidXNlcl8zODZDZTNHVHNUb1lrWnpHbTcxVkJ3NkxWUDAiLCJlbWFpbCI6Im9uc2Vhc29uMTBAZ21haWwuY29tIiwiaWF0IjoxNzY4MzIzOTM3LCJleHAiOjE3Njg5Mjg3Mzd9.XxFcz-xvKG556gxX1Oe31bK804zPkTzgXjfSLHfqMQw
2026-01-14 13:20:18.613 23645-32045 okhttp.OkHttpClient     com.baatcheet.app                    I  Content-Type: application/json
2026-01-14 13:20:18.613 23645-32045 okhttp.OkHttpClient     com.baatcheet.app                    I  {"conversationId":"3a9b32c4-7d1d-45b7-8dba-5490608c8c58"}
2026-01-14 13:20:18.613 23645-32045 okhttp.OkHttpClient     com.baatcheet.app                    I  --> END POST (57-byte body)
2026-01-14 13:20:18.670 23645-23645 WindowOnBackDispatcher  com.baatcheet.app                    W  sendCancelIfRunning: isInProgress=falsecallback=android.view.ViewRootImpl$$ExternalSyntheticLambda20@8c61c12
2026-01-14 13:20:18.672 23645-31879 OpenGLRenderer          com.baatcheet.app                    D  endAllActiveAnimators on 0xb400006fa5eca320 (UnprojectedRipple) with handle 0xb400007025dca340
2026-01-14 13:20:18.673 23645-23645 View                    com.baatcheet.app                    D  [Warning] assignParent to null: this = androidx.compose.material3.ModalBottomSheetWindow{4b52df1 V.E...... ......ID 0,0-1080,2436 #1020002 android:id/content aid=1073741830}
2026-01-14 13:20:18.693 23645-23645 InputTransport          com.baatcheet.app                    D  Destroy ARC handle: 0xb400007025dc7b80
2026-01-14 13:20:18.701 23645-31867 BLASTBufferQueue        com.baatcheet.app                    D  [VRI[Pop-Up Window]#6](f:0,a:4) destructor()
2026-01-14 13:20:18.701 23645-31867 BufferQueueConsumer     com.baatcheet.app                    D  [VRI[Pop-Up Window]#6(BLAST Consumer)6](id:5c5d00000006,api:0,p:-1,c:23645) disconnect
2026-01-14 13:20:18.743 23645-23645 InputMethodManager      com.baatcheet.app                    D  invalidateInput sessionid: 0
2026-01-14 13:20:18.813 23645-23645 InsetsController        com.baatcheet.app                    D  show(ime(), fromIme=true)
2026-01-14 13:20:19.025 23645-32045 okhttp.OkHttpClient     com.baatcheet.app                    I  <-- 200 https://sharry121-baatcheet.hf.space/api/v1/chat/share (411ms)
2026-01-14 13:20:19.025 23645-32045 okhttp.OkHttpClient     com.baatcheet.app                    I  date: Wed, 14 Jan 2026 08:20:19 GMT
2026-01-14 13:20:19.025 23645-32045 okhttp.OkHttpClient     com.baatcheet.app                    I  content-type: application/json; charset=utf-8
2026-01-14 13:20:19.025 23645-32045 okhttp.OkHttpClient     com.baatcheet.app                    I  content-length: 180
2026-01-14 13:20:19.025 23645-32045 okhttp.OkHttpClient     com.baatcheet.app                    I  x-request-id: IN2oge, IN2oge
2026-01-14 13:20:19.025 23645-32045 okhttp.OkHttpClient     com.baatcheet.app                    I  content-security-policy: default-src 'self';script-src 'self' 'unsafe-inline';style-src 'self' 'unsafe-inline';img-src 'self' data: https:;connect-src 'self' https://api.clerk.dev;base-uri 'self';font-src 'self' https: data:;form-action 'self';frame-ancestors 'self';object-src 'none';script-src-attr 'none';upgrade-insecure-requests
2026-01-14 13:20:19.025 23645-32045 okhttp.OkHttpClient     com.baatcheet.app                    I  cross-origin-opener-policy: same-origin
2026-01-14 13:20:19.025 23645-32045 okhttp.OkHttpClient     com.baatcheet.app                    I  cross-origin-resource-policy: cross-origin
2026-01-14 13:20:19.025 23645-32045 okhttp.OkHttpClient     com.baatcheet.app                    I  origin-agent-cluster: ?1
2026-01-14 13:20:19.025 23645-32045 okhttp.OkHttpClient     com.baatcheet.app                    I  referrer-policy: no-referrer
2026-01-14 13:20:19.025 23645-32045 okhttp.OkHttpClient     com.baatcheet.app                    I  strict-transport-security: max-age=31536000; includeSubDomains; preload
2026-01-14 13:20:19.025 23645-32045 okhttp.OkHttpClient     com.baatcheet.app                    I  x-content-type-options: nosniff
2026-01-14 13:20:19.025 23645-32045 okhttp.OkHttpClient     com.baatcheet.app                    I  x-dns-prefetch-control: off
2026-01-14 13:20:19.025 23645-32045 okhttp.OkHttpClient     com.baatcheet.app                    I  x-download-options: noopen
2026-01-14 13:20:19.025 23645-32045 okhttp.OkHttpClient     com.baatcheet.app                    I  x-frame-options: SAMEORIGIN
2026-01-14 13:20:19.025 23645-32045 okhttp.OkHttpClient     com.baatcheet.app                    I  x-permitted-cross-domain-policies: none
2026-01-14 13:20:19.025 23645-32045 okhttp.OkHttpClient     com.baatcheet.app                    I  x-xss-protection: 0
2026-01-14 13:20:19.025 23645-32045 okhttp.OkHttpClient     com.baatcheet.app                    I  vary: Origin
2026-01-14 13:20:19.025 23645-32045 okhttp.OkHttpClient     com.baatcheet.app                    I  vary: origin, access-control-request-method, access-control-request-headers
2026-01-14 13:20:19.025 23645-32045 okhttp.OkHttpClient     com.baatcheet.app                    I  access-control-allow-credentials: true
2026-01-14 13:20:19.025 23645-32045 okhttp.OkHttpClient     com.baatcheet.app                    I  access-control-expose-headers: X-Request-ID,X-Response-Time,X-RateLimit-Limit,X-RateLimit-Remaining,X-RateLimit-Reset
2026-01-14 13:20:19.025 23645-32045 okhttp.OkHttpClient     com.baatcheet.app                    I  x-clerk-auth-message: Unable to find a signing key in JWKS that matches the kid='undefined' of the provided session token. Please make sure that the __session cookie or the HTTP authorization header contain a Clerk-generated session JWT. The following kid is available: ins_384KLXR0s0ZW3aoWTGXIMeX8Ihm Go to your Dashboard and validate your secret and public keys are correct. Contact support@clerk.com if the issue persists. (reason=jwk-kid-mismatch, token-carrier=header)
2026-01-14 13:20:19.025 23645-32045 okhttp.OkHttpClient     com.baatcheet.app                    I  x-clerk-auth-reason: jwk-kid-mismatch
2026-01-14 13:20:19.025 23645-32045 okhttp.OkHttpClient     com.baatcheet.app                    I  x-clerk-auth-status: signed-out
2026-01-14 13:20:19.025 23645-32045 okhttp.OkHttpClient     com.baatcheet.app                    I  ratelimit-policy: 100;w=900
2026-01-14 13:20:19.025 23645-32045 okhttp.OkHttpClient     com.baatcheet.app                    I  ratelimit-limit: 100
2026-01-14 13:20:19.026 23645-32045 okhttp.OkHttpClient     com.baatcheet.app                    I  ratelimit-remaining: 91
2026-01-14 13:20:19.026 23645-32045 okhttp.OkHttpClient     com.baatcheet.app                    I  ratelimit-reset: 556
2026-01-14 13:20:19.026 23645-32045 okhttp.OkHttpClient     com.baatcheet.app                    I  x-response-time: 93ms
2026-01-14 13:20:19.026 23645-32045 okhttp.OkHttpClient     com.baatcheet.app                    I  etag: W/"b4-3FVoVBCo5pJfG7y9u5r45OAFoRo"
2026-01-14 13:20:19.026 23645-32045 okhttp.OkHttpClient     com.baatcheet.app                    I  x-proxied-host: http://10.108.129.119
2026-01-14 13:20:19.026 23645-32045 okhttp.OkHttpClient     com.baatcheet.app                    I  x-proxied-replica: 6rf9yre1-p5sln
2026-01-14 13:20:19.026 23645-32045 okhttp.OkHttpClient     com.baatcheet.app                    I  x-proxied-path: /api/v1/chat/share
2026-01-14 13:20:19.026 23645-32045 okhttp.OkHttpClient     com.baatcheet.app                    I  link: <https://huggingface.co/spaces/sharry121/BaatCheet>;rel="canonical"
2026-01-14 13:20:19.028 23645-32045 okhttp.OkHttpClient     com.baatcheet.app                    I  {"success":true,"data":{"shareLink":"https://baatcheet.app/share/46LiBOyYazP2fLtWgXS-Iw","shareId":"46LiBOyYazP2fLtWgXS-Iw","expiresAt":"2026-01-21T08:19:56.274Z","accessCount":0}}
2026-01-14 13:20:19.028 23645-32045 okhttp.OkHttpClient     com.baatcheet.app                    I  <-- END HTTP (180-byte body)
2026-01-14 13:20:19.154 23645-23645 ImeTracker              com.baatcheet.app                    I  com.baatcheet.app:6cadf5c: onShown
