2026-01-14 15:40:52.817 22448-22448 ViewRootImpl            com.baatcheet.app                    D  setView appearance:0 Pop-Up Window
2026-01-14 15:40:52.828 22448-22448 InputTransport          com.baatcheet.app                    D  Create ARC handle: 0xb400007025dd59b0
2026-01-14 15:40:52.828 22448-22448 InputEventReceiver      com.baatcheet.app                    D  Input log is disabled in InputEventReceiver.
2026-01-14 15:40:52.828 22448-22448 InputTransport          com.baatcheet.app                    D  Input log is disabled in InputChannel.
2026-01-14 15:40:52.868 22448-22448 BufferQueueConsumer     com.baatcheet.app                    D  [](id:57b00000000b,api:0,p:-1,c:22448) connect: controlledByApp=false
2026-01-14 15:40:52.870 22448-27221 OpenGLRenderer          com.baatcheet.app                    E  Unable to match the desired swap behavior.
2026-01-14 15:40:52.878 22448-27221 BLASTBufferQueue        com.baatcheet.app                    D  [VRI[PopupWindow:6a5fa7]#11](f:0,a:1) acquireNextBufferLocked size=364x143 mFrameNumber=1 applyTransaction=true mTimestamp=501378355760730(auto) mPendingTransactions.size=0 graphicBufferId=96413425860682 transform=0
2026-01-14 15:40:52.913 22448-22448 BufferQueueConsumer     com.baatcheet.app                    D  [](id:57b00000000c,api:0,p:-1,c:22448) connect: controlledByApp=false
2026-01-14 15:40:52.915 22448-27221 OpenGLRenderer          com.baatcheet.app                    E  Unable to match the desired swap behavior.
2026-01-14 15:40:52.923 22448-27221 BLASTBufferQueue        com.baatcheet.app                    D  [VRI[Pop-Up Window]#12](f:0,a:1) acquireNextBufferLocked size=141x141 mFrameNumber=1 applyTransaction=true mTimestamp=501378400674191(auto) mPendingTransactions.size=0 graphicBufferId=96413425860693 transform=0
2026-01-14 15:40:52.956 22448-22448 BufferQueueConsumer     com.baatcheet.app                    D  [](id:57b00000000d,api:0,p:-1,c:22448) connect: controlledByApp=false
2026-01-14 15:40:52.974 22448-27221 OpenGLRenderer          com.baatcheet.app                    E  Unable to match the desired swap behavior.
2026-01-14 15:40:52.982 22448-27221 BLASTBufferQueue        com.baatcheet.app                    D  [VRI[Pop-Up Window]#13](f:0,a:1) acquireNextBufferLocked size=141x141 mFrameNumber=1 applyTransaction=true mTimestamp=501378459726268(auto) mPendingTransactions.size=0 graphicBufferId=96413425860698 transform=0
2026-01-14 15:40:53.004 22448-22448 WindowOnBackDispatcher  com.baatcheet.app                    W  sendCancelIfRunning: isInProgress=falsecallback=android.view.ViewRootImpl$$ExternalSyntheticLambda20@38441f1
2026-01-14 15:40:53.007 22448-22448 View                    com.baatcheet.app                    D  [Warning] assignParent to null: this = androidx.compose.ui.window.PopupLayout{88a0c2d V.E...... ......ID 0,0-61,61 #1020002 android:id/content}
2026-01-14 15:40:53.009 22448-22448 BLASTBufferQueue        com.baatcheet.app                    D  [VRI[Pop-Up Window]#13](f:0,a:1) destructor()
2026-01-14 15:40:53.009 22448-22448 BufferQueueConsumer     com.baatcheet.app                    D  [VRI[Pop-Up Window]#13(BLAST Consumer)13](id:57b00000000d,api:0,p:-1,c:22448) disconnect
2026-01-14 15:40:53.018 22448-22448 InputTransport          com.baatcheet.app                    D  Destroy ARC handle: 0xb400007025dd59b0
2026-01-14 15:40:53.057 22448-22448 WindowOnBackDispatcher  com.baatcheet.app                    W  sendCancelIfRunning: isInProgress=falsecallback=android.view.ViewRootImpl$$ExternalSyntheticLambda20@46071c7
2026-01-14 15:40:53.060 22448-22448 View                    com.baatcheet.app                    D  [Warning] assignParent to null: this = android.widget.PopupWindow$PopupDecorView{1b35a9d V.E...... R......D 0,0-293,143}
2026-01-14 15:40:53.065 22448-22448 InputTransport          com.baatcheet.app                    D  Destroy ARC handle: 0xb400007025dd7150
2026-01-14 15:40:53.066 22448-27210 BLASTBufferQueue        com.baatcheet.app                    D  [VRI[PopupWindow:e2757cf]#10](f:0,a:4) destructor()
2026-01-14 15:40:53.067 22448-27210 BufferQueueConsumer     com.baatcheet.app                    D  [VRI[PopupWindow:e2757cf]#10(BLAST Consumer)10](id:57b00000000a,api:0,p:-1,c:22448) disconnect
2026-01-14 15:40:53.145 22448-22448 WindowOnBackDispatcher  com.baatcheet.app                    W  sendCancelIfRunning: isInProgress=falsecallback=android.view.ViewRootImpl$$ExternalSyntheticLambda20@1d113aa
2026-01-14 15:40:53.146 22448-22448 View                    com.baatcheet.app                    D  [Warning] assignParent to null: this = androidx.compose.ui.window.PopupLayout{4c076 V.E...... ......ID 0,0-61,61 #1020002 android:id/content}
2026-01-14 15:40:53.147 22448-22448 BLASTBufferQueue        com.baatcheet.app                    D  [VRI[Pop-Up Window]#12](f:0,a:3) destructor()
2026-01-14 15:40:53.147 22448-22448 BufferQueueConsumer     com.baatcheet.app                    D  [VRI[Pop-Up Window]#12(BLAST Consumer)12](id:57b00000000c,api:0,p:-1,c:22448) disconnect
2026-01-14 15:40:53.151 22448-22448 InputTransport          com.baatcheet.app                    D  Destroy ARC handle: 0xb400007025dd4f00
2026-01-14 15:40:53.428 22448-22448 WindowOnBackDispatcher  com.baatcheet.app                    W  sendCancelIfRunning: isInProgress=falsecallback=android.view.ViewRootImpl$$ExternalSyntheticLambda20@7f7ff16
2026-01-14 15:40:53.433 22448-22448 View                    com.baatcheet.app                    D  [Warning] assignParent to null: this = android.widget.PopupWindow$PopupDecorView{9edac70 V.E...... R......D 0,0-364,143}
2026-01-14 15:40:53.439 22448-22448 InputTransport          com.baatcheet.app                    D  Destroy ARC handle: 0xb400007025dd68b0
2026-01-14 15:40:53.458 22448-27813 BLASTBufferQueue        com.baatcheet.app                    D  [VRI[PopupWindow:6a5fa7]#11](f:0,a:4) destructor()
2026-01-14 15:40:53.458 22448-27813 BufferQueueConsumer     com.baatcheet.app                    D  [VRI[PopupWindow:6a5fa7]#11(BLAST Consumer)11](id:57b00000000b,api:0,p:-1,c:22448) disconnect
2026-01-14 15:40:53.596 22448-22448 WindowOnBackDispatcher  com.baatcheet.app                    W  sendCancelIfRunning: isInProgress=falsecallback=ImeCallback=ImeOnBackInvokedCallback@37524990 Callback=android.window.IOnBackInvokedCallback$Stub$Proxy@961530f
2026-01-14 15:40:53.896 22448-22448 ImeTracker              com.baatcheet.app                    I  com.baatcheet.app:117034ec: onRequestHide at ORIGIN_CLIENT_HIDE_SOFT_INPUT reason HIDE_SOFT_INPUT_BY_INSETS_API
2026-01-14 15:40:53.898 22448-22448 ImeTracker              com.baatcheet.app                    I  com.baatcheet.app:2377cb7e: onHidden
2026-01-14 15:40:54.254 22448-27797 okhttp.OkHttpClient     com.baatcheet.app                    I  --> GET https://sharry121-baatcheet.hf.space/api/v1/tts/voices
2026-01-14 15:40:54.255 22448-27797 okhttp.OkHttpClient     com.baatcheet.app                    I  Authorization: Bearer eyJhbGciOiJIUzI1NiIsInR5cCI6IkpXVCJ9.eyJ1c2VySWQiOiIyODIxYWY1Yy05MGFiLTQ1OGMtOWQ5NC04NWVlZDU1ZTkwYzMiLCJjbGVya0lkIjoidXNlcl8zODZDZTNHVHNUb1lrWnpHbTcxVkJ3NkxWUDAiLCJlbWFpbCI6Im9uc2Vhc29uMTBAZ21haWwuY29tIiwiaWF0IjoxNzY4MzIzOTM3LCJleHAiOjE3Njg5Mjg3Mzd9.XxFcz-xvKG556gxX1Oe31bK804zPkTzgXjfSLHfqMQw
2026-01-14 15:40:54.255 22448-27797 okhttp.OkHttpClient     com.baatcheet.app                    I  Content-Type: application/json
2026-01-14 15:40:54.255 22448-27797 okhttp.OkHttpClient     com.baatcheet.app                    I  --> END GET
2026-01-14 15:40:54.276 22448-22448 TextToSpeech            com.baatcheet.app                    I  Sucessfully bound to com.google.android.tts
2026-01-14 15:40:54.282 22448-27210 TextToSpeech            com.baatcheet.app                    I  Connected to TTS engine
2026-01-14 15:40:54.299 22448-22448 WindowOnBackDispatcher  com.baatcheet.app                    W  OnBackInvokedCallback is not enabled for the application.
                                                                                                    Set 'android:enableOnBackInvokedCallback="true"' in the application manifest.
2026-01-14 15:40:54.301 22448-22448 VRI[MainActivity]       com.baatcheet.app                    D  hardware acceleration = true, forceHwAccelerated = false
2026-01-14 15:40:54.301 22448-22448 config_debug            com.baatcheet.app                    I  updateDecorCaptionStatus: {1.0 410mcc3mnc [en_US,nl_NL] ldltr sw441dp w441dp h910dp 392dpi nrml long widecg port finger -keyb/v/h -nav/h winConfig={ mBounds=Rect(0, 0 - 1080, 2436) mAppBounds=Rect(0, 108 - 1080, 2338) mMaxBounds=Rect(0, 0 - 1080, 2436) mDisplayRotation=ROTATION_0 mWindowingMode=fullscreen mDisplayWindowingMode=fullscreen mMultiWindowMode=normal mMultiWindowId=0 mWindowResiable=6 mInLargeScreen=-1 mActivityType=standard mAlwaysOnTop=undefined mRotation=ROTATION_0 mUiOptSpec=-1 mCurDisplayId=-1} as.2 s.1 fontWeightAdjustment=0} fromMultiWindow: false
2026-01-14 15:40:54.301 22448-22448 ViewRootImpl            com.baatcheet.app                    D  setView appearance:8 com.baatcheet.app/com.baatcheet.app.MainActivity
2026-01-14 15:40:54.303   969-1046  BufferQueueDebug        surfaceflinger                       E  [6cda533 com.baatcheet.app/com.baatcheet.app.MainActivity#246596](this:0xb400007947943580,id:-1,api:0,p:-1,c:-1) id info cannot be read from '6cda533 com.baatcheet.app/com.baatcheet.app.MainActivity#246596'
2026-01-14 15:40:54.311 22448-22448 InputTransport          com.baatcheet.app                    D  Create ARC handle: 0xb400007025dd8440
2026-01-14 15:40:54.311 22448-22448 InputEventReceiver      com.baatcheet.app                    D  Input log is disabled in InputEventReceiver.
2026-01-14 15:40:54.311 22448-22448 InputTransport          com.baatcheet.app                    D  Input log is disabled in InputChannel.
2026-01-14 15:40:54.336   969-969   BufferQueueDebug        surfaceflinger                       E  [6cda533 com.baatcheet.app/com.baatcheet.app.MainActivity#246596 (Mirror)#246599](this:0xb4000079479903b0,id:-1,api:0,p:-1,c:-1) id info cannot be read from '6cda533 com.baatcheet.app/com.baatcheet.app.MainActivity#246596 (Mirror)#246599'
2026-01-14 15:40:54.357   969-1046  BufferQueueDebug        surfaceflinger                       E  [com.baatcheet.app/com.baatcheet.app.MainActivity#246602](this:0xb400007947a8ad30,id:-1,api:0,p:-1,c:-1) id info cannot be read from 'com.baatcheet.app/com.baatcheet.app.MainActivity#246602'
2026-01-14 15:40:54.369   969-969   BufferQueueDebug        surfaceflinger                       E  [com.baatcheet.app/com.baatcheet.app.MainActivity#246602 (Mirror)#246603](this:0xb4000079478f0c30,id:-1,api:0,p:-1,c:-1) id info cannot be read from 'com.baatcheet.app/com.baatcheet.app.MainActivity#246602 (Mirror)#246603'
2026-01-14 15:40:54.373 22448-22448 BufferQueueConsumer     com.baatcheet.app                    D  [](id:57b00000000e,api:0,p:-1,c:22448) connect: controlledByApp=false
2026-01-14 15:40:54.374 22448-22448 config_debug            com.baatcheet.app                    I  updateDecorCaptionStatus: {1.0 410mcc3mnc [en_US,nl_NL] ldltr sw441dp w441dp h910dp 392dpi nrml long widecg port finger -keyb/v/h -nav/h winConfig={ mBounds=Rect(0, 0 - 1080, 2436) mAppBounds=Rect(0, 108 - 1080, 2338) mMaxBounds=Rect(0, 0 - 1080, 2436) mDisplayRotation=ROTATION_0 mWindowingMode=fullscreen mDisplayWindowingMode=fullscreen mMultiWindowMode=normal mMultiWindowId=0 mWindowResiable=6 mInLargeScreen=-1 mActivityType=standard mAlwaysOnTop=undefined mRotation=ROTATION_0 mUiOptSpec=-1 mCurDisplayId=-1} as.2 s.1 fontWeightAdjustment=0} fromMultiWindow: true
2026-01-14 15:40:54.375 22448-27221 OpenGLRenderer          com.baatcheet.app                    E  Unable to match the desired swap behavior.
2026-01-14 15:40:54.403 22448-27221 BLASTBufferQueue        com.baatcheet.app                    D  [VRI[MainActivity]#14](f:0,a:1) acquireNextBufferLocked size=1238x2388 mFrameNumber=1 applyTransaction=true mTimestamp=501379880671114(auto) mPendingTransactions.size=0 graphicBufferId=96413425860706 transform=0
2026-01-14 15:40:54.409 22448-28030 TextToSpeech            com.baatcheet.app                    I  Setting up the connection to TTS engine...
2026-01-14 15:40:54.410   969-1936  BufferQueueDebug        surfaceflinger                       E  [Surface(name=6cda533 com.baatcheet.app/com.baatcheet.app.MainActivity)/@0x6562d11 - animation-leash of window_animation#246604](this:0xb400007947823bb0,id:-1,api:0,p:-1,c:-1) id info cannot be read from 'Surface(name=6cda533 com.baatcheet.app/com.baatcheet.app.MainActivity)/@0x6562d11 - animation-leash of window_animation#246604'
2026-01-14 15:40:54.420   969-969   BufferQueueDebug        surfaceflinger                       E  [Surface(name=6cda533 com.baatcheet.app/com.baatcheet.app.MainActivity)/@0x6562d11 - animation-leash of window_animation#246604 (Mirror)#246607](this:0xb40000794795fd20,id:-1,api:0,p:-1,c:-1) id info cannot be read from 'Surface(name=6cda533 com.baatcheet.app/com.baatcheet.app.MainActivity)/@0x6562d11 - animation-leash of window_animation#246604 (Mirror)#246607'
2026-01-14 15:40:54.686 22448-27797 okhttp.OkHttpClient     com.baatcheet.app                    I  <-- 200 https://sharry121-baatcheet.hf.space/api/v1/tts/voices (431ms)
2026-01-14 15:40:54.687 22448-27797 okhttp.OkHttpClient     com.baatcheet.app                    I  date: Wed, 14 Jan 2026 10:40:55 GMT
2026-01-14 15:40:54.687 22448-27797 okhttp.OkHttpClient     com.baatcheet.app                    I  content-type: application/json; charset=utf-8
2026-01-14 15:40:54.687 22448-27797 okhttp.OkHttpClient     com.baatcheet.app                    I  content-length: 889
2026-01-14 15:40:54.687 22448-27797 okhttp.OkHttpClient     com.baatcheet.app                    I  x-request-id: uo95OU, uo95OU
2026-01-14 15:40:54.687 22448-27797 okhttp.OkHttpClient     com.baatcheet.app                    I  content-security-policy: default-src 'self';script-src 'self' 'unsafe-inline';style-src 'self' 'unsafe-inline';img-src 'self' data: https:;connect-src 'self' https://api.clerk.dev;base-uri 'self';font-src 'self' https: data:;form-action 'self';frame-ancestors 'self';object-src 'none';script-src-attr 'none';upgrade-insecure-requests
2026-01-14 15:40:54.687 22448-27797 okhttp.OkHttpClient     com.baatcheet.app                    I  cross-origin-opener-policy: same-origin
2026-01-14 15:40:54.687 22448-27797 okhttp.OkHttpClient     com.baatcheet.app                    I  cross-origin-resource-policy: cross-origin
2026-01-14 15:40:54.687 22448-27797 okhttp.OkHttpClient     com.baatcheet.app                    I  origin-agent-cluster: ?1
2026-01-14 15:40:54.687 22448-27797 okhttp.OkHttpClient     com.baatcheet.app                    I  referrer-policy: no-referrer
2026-01-14 15:40:54.687 22448-27797 okhttp.OkHttpClient     com.baatcheet.app                    I  strict-transport-security: max-age=31536000; includeSubDomains; preload
2026-01-14 15:40:54.687 22448-27797 okhttp.OkHttpClient     com.baatcheet.app                    I  x-content-type-options: nosniff
2026-01-14 15:40:54.687 22448-27797 okhttp.OkHttpClient     com.baatcheet.app                    I  x-dns-prefetch-control: off
2026-01-14 15:40:54.687 22448-27797 okhttp.OkHttpClient     com.baatcheet.app                    I  x-download-options: noopen
2026-01-14 15:40:54.687 22448-27797 okhttp.OkHttpClient     com.baatcheet.app                    I  x-frame-options: SAMEORIGIN
2026-01-14 15:40:54.688 22448-27797 okhttp.OkHttpClient     com.baatcheet.app                    I  x-permitted-cross-domain-policies: none
2026-01-14 15:40:54.688 22448-27797 okhttp.OkHttpClient     com.baatcheet.app                    I  x-xss-protection: 0
2026-01-14 15:40:54.688 22448-27797 okhttp.OkHttpClient     com.baatcheet.app                    I  vary: Origin
2026-01-14 15:40:54.688 22448-27797 okhttp.OkHttpClient     com.baatcheet.app                    I  vary: origin, access-control-request-method, access-control-request-headers
2026-01-14 15:40:54.688 22448-27797 okhttp.OkHttpClient     com.baatcheet.app                    I  access-control-allow-credentials: true
2026-01-14 15:40:54.688 22448-27797 okhttp.OkHttpClient     com.baatcheet.app                    I  access-control-expose-headers: X-Request-ID,X-Response-Time,X-RateLimit-Limit,X-RateLimit-Remaining,X-RateLimit-Reset
2026-01-14 15:40:54.689 22448-27797 okhttp.OkHttpClient     com.baatcheet.app                    I  x-clerk-auth-message: Unable to find a signing key in JWKS that matches the kid='undefined' of the provided session token. Please make sure that the __session cookie or the HTTP authorization header contain a Clerk-generated session JWT. The following kid is available: ins_384KLXR0s0ZW3aoWTGXIMeX8Ihm Go to your Dashboard and validate your secret and public keys are correct. Contact support@clerk.com if the issue persists. (reason=jwk-kid-mismatch, token-carrier=header)
2026-01-14 15:40:54.689 22448-27797 okhttp.OkHttpClient     com.baatcheet.app                    I  x-clerk-auth-reason: jwk-kid-mismatch
2026-01-14 15:40:54.689 22448-27797 okhttp.OkHttpClient     com.baatcheet.app                    I  x-clerk-auth-status: signed-out
2026-01-14 15:40:54.689 22448-27797 okhttp.OkHttpClient     com.baatcheet.app                    I  ratelimit-policy: 100;w=900
2026-01-14 15:40:54.689 22448-27797 okhttp.OkHttpClient     com.baatcheet.app                    I  ratelimit-limit: 100
2026-01-14 15:40:54.689 22448-27797 okhttp.OkHttpClient     com.baatcheet.app                    I  ratelimit-remaining: 85
2026-01-14 15:40:54.689 22448-27797 okhttp.OkHttpClient     com.baatcheet.app                    I  ratelimit-reset: 612
2026-01-14 15:40:54.689 22448-27797 okhttp.OkHttpClient     com.baatcheet.app                    I  x-response-time: 184ms
2026-01-14 15:40:54.689 22448-27797 okhttp.OkHttpClient     com.baatcheet.app                    I  etag: W/"379-9zQFQfDJOq+XCYMp+ECjsskxQ/A"
2026-01-14 15:40:54.689 22448-27797 okhttp.OkHttpClient     com.baatcheet.app                    I  x-proxied-host: http://10.108.40.68
2026-01-14 15:40:54.690 22448-27797 okhttp.OkHttpClient     com.baatcheet.app                    I  x-proxied-replica: d1nagwh8-vxd4z
2026-01-14 15:40:54.690 22448-27797 okhttp.OkHttpClient     com.baatcheet.app                    I  x-proxied-path: /api/v1/tts/voices
2026-01-14 15:40:54.690 22448-27797 okhttp.OkHttpClient     com.baatcheet.app                    I  link: <https://huggingface.co/spaces/sharry121/BaatCheet>;rel="canonical"
2026-01-14 15:40:54.690 22448-27797 okhttp.OkHttpClient     com.baatcheet.app                    I  {"success":true,"data":{"provider":"elevenlabs","available":true,"voices":[{"id":"EXAVITQu4vr4xnSDxMaL","name":"Sarah","language":"en","gender":"female","provider":"elevenlabs"},{"id":"21m00Tcm4TlvDq8ikWAM","name":"Rachel","language":"en","gender":"female","provider":"elevenlabs"},{"id":"AZnzlk1XvdvUeBnXmlld","name":"Domi","language":"en","gender":"female","provider":"elevenlabs"},{"id":"MF3mGyEYCl7XYWbV9V6O","name":"Elli","language":"en","gender":"female","provider":"elevenlabs"},{"id":"TxGEqnHWrfWFTfGW9XjX","name":"Josh","language":"en","gender":"male","provider":"elevenlabs"},{"id":"VR6AewLTigWG4xSOukaG","name":"Arnold","language":"en","gender":"male","provider":"elevenlabs"},{"id":"pNInz6obpgDQGcFmaJgB","name":"Adam","language":"en","gender":"male","provider":"elevenlabs"},{"id":"yoZ06aMxZJJ28mfd3POQ","name":"Sam","language":"en","gender":"male","provider":"elevenlabs"}]}}
2026-01-14 15:40:54.691 22448-27797 okhttp.OkHttpClient     com.baatcheet.app                    I  <-- END HTTP (889-byte body)
2026-01-14 15:40:57.060 22448-27207 m.baatcheet.app         com.baatcheet.app                    W  ApkAssets: Deleting an ApkAssets object '<empty> and /system_ext/app/MasterOfLanguage/MasterOfLanguage.apk' with 1 weak references
2026-01-14 15:40:57.062 22448-27207 m.baatcheet.app         com.baatcheet.app                    W  ApkAssets: Deleting an ApkAssets object '<empty> and /system_ext/app/SmartPanel/SmartPanel.apk' with 1 weak references
2026-01-14 15:40:57.064 22448-27207 m.baatcheet.app         com.baatcheet.app                    W  ApkAssets: Deleting an ApkAssets object '<empty> and /data/app/~~FYWvF2KT74ANIt-aNMtjyw==/com.google.android.tts-3BxQqINF6a7v8sbKiyJBwA==/base.apk' with 1 weak references
2026-01-14 15:40:57.065 22448-27207 m.baatcheet.app         com.baatcheet.app                    W  ApkAssets: Deleting an ApkAssets object '<empty> and /data/app/~~FYWvF2KT74ANIt-aNMtjyw==/com.google.android.tts-3BxQqINF6a7v8sbKiyJBwA==/split_config.arm64_v8a.apk' with 1 weak references
2026-01-14 15:40:57.065 22448-27207 m.baatcheet.app         com.baatcheet.app                    W  ApkAssets: Deleting an ApkAssets object '<empty> and /data/app/~~FYWvF2KT74ANIt-aNMtjyw==/com.google.android.tts-3BxQqINF6a7v8sbKiyJBwA==/split_config.en.apk' with 1 weak references
2026-01-14 15:40:57.065 22448-27207 m.baatcheet.app         com.baatcheet.app                    W  ApkAssets: Deleting an ApkAssets object '<empty> and /data/app/~~FYWvF2KT74ANIt-aNMtjyw==/com.google.android.tts-3BxQqINF6a7v8sbKiyJBwA==/split_config.nl.apk' with 1 weak references
2026-01-14 15:40:57.066 22448-27207 m.baatcheet.app         com.baatcheet.app                    W  ApkAssets: Deleting an ApkAssets object '<empty> and /data/app/~~FYWvF2KT74ANIt-aNMtjyw==/com.google.android.tts-3BxQqINF6a7v8sbKiyJBwA==/split_config.xxhdpi.apk' with 1 weak references
2026-01-14 15:41:02.914 22448-22448 WindowOnBackDispatcher  com.baatcheet.app                    W  sendCancelIfRunning: isInProgress=falsecallback=android.view.ViewRootImpl$$ExternalSyntheticLambda20@723a7f2
2026-01-14 15:41:02.923 22448-27221 OpenGLRenderer          com.baatcheet.app                    D  endAllActiveAnimators on 0xb400006fa5f0e310 (UnprojectedRipple) with handle 0xb400007025de16b0
2026-01-14 15:41:02.924 22448-22448 View                    com.baatcheet.app                    D  [Warning] assignParent to null: this = DecorView@c2fa2f3[MainActivity]
2026-01-14 15:41:02.926   969-1046  BufferQueueDebug        surfaceflinger                       E  [Surface(name=6cda533 com.baatcheet.app/com.baatcheet.app.MainActivity)/@0x6562d11 - animation-leash of window_animation#246618](this:0xb40000794798a890,id:-1,api:0,p:-1,c:-1) id info cannot be read from 'Surface(name=6cda533 com.baatcheet.app/com.baatcheet.app.MainActivity)/@0x6562d11 - animation-leash of window_animation#246618'
2026-01-14 15:41:02.933 22448-27632 BLASTBufferQueue        com.baatcheet.app                    D  [VRI[MainActivity]#14](f:0,a:4) destructor()
2026-01-14 15:41:02.933 22448-27632 BufferQueueConsumer     com.baatcheet.app                    D  [VRI[MainActivity]#14(BLAST Consumer)14](id:57b00000000e,api:0,p:-1,c:22448) disconnect
2026-01-14 15:41:02.943   969-969   BufferQueueDebug        surfaceflinger                       E  [Surface(name=6cda533 com.baatcheet.app/com.baatcheet.app.MainActivity)/@0x6562d11 - animation-leash of window_animation#246618 (Mirror)#246622](this:0xb40000794789b550,id:-1,api:0,p:-1,c:-1) id info cannot be read from 'Surface(name=6cda533 com.baatcheet.app/com.baatcheet.app.MainActivity)/@0x6562d11 - animation-leash of window_animation#246618 (Mirror)#246622'
2026-01-14 15:41:02.945 22448-22448 InputTransport          com.baatcheet.app                    D  Destroy ARC handle: 0xb400007025dd8440
2026-01-14 15:41:02.983 22448-22448 InputMethodManager      com.baatcheet.app                    D  invalidateInput sessionid: 0
2026-01-14 15:41:04.256 22448-22448 BLASTBufferQueue        com.baatcheet.app                    D  [VRI[MainActivity]#0](f:0,a:4) destructor()
2026-01-14 15:41:04.256 22448-22448 BufferQueueConsumer     com.baatcheet.app                    D  [VRI[MainActivity]#0(BLAST Consumer)0](id:57b000000000,api:0,p:-1,c:22448) disconnect
2026-01-14 15:41:04.270 22448-22448 ActivityThread          com.baatcheet.app                    D  mToDestroying.remove:ActivityRecord{f255bf8 token=android.os.BinderProxy@cdb8405 {com.baatcheet.app/com.baatcheet.app.MainActivity}}
2026-01-14 15:41:04.525 22448-22448 WindowOnBackDispatcher  com.baatcheet.app                    W  sendCancelIfRunning: isInProgress=falsecallback=android.view.ViewRootImpl$$ExternalSyntheticLambda20@c36ccfe
2026-01-14 15:41:04.536 22448-27210 TextToSpeech            com.baatcheet.app                    I  Disconnected from TTS engine
2026-01-14 15:41:04.537 22448-22448 View                    com.baatcheet.app                    D  [Warning] assignParent to null: this = DecorView@8503fa4[MainActivity]
2026-01-14 15:41:04.548 22448-22448 InputTransport          com.baatcheet.app                    D  Destroy ARC handle: 0xb400007025d837b0
2026-01-14 15:41:04.620 22448-22448 ImeTracker              com.baatcheet.app                    I  com.baatcheet.app:208ec3b1: onRequestHide at ORIGIN_CLIENT_HIDE_SOFT_INPUT reason HIDE_SOFT_INPUT
2026-01-14 15:41:04.621 22448-22448 ImeTracker              com.baatcheet.app                    I  com.baatcheet.app:208ec3b1: onFailed at PHASE_CLIENT_VIEW_SERVED
