2026-01-16 11:14:47.831 13469-19586 okhttp.OkHttpClient     com.baatcheet.app                    I  --> POST https://sharry121-baatcheet.hf.space/api/v1/chat/completions
2026-01-16 11:14:47.831 13469-19586 okhttp.OkHttpClient     com.baatcheet.app                    I  Content-Length: 52
2026-01-16 11:14:47.831 13469-19586 okhttp.OkHttpClient     com.baatcheet.app                    I  Authorization: Bearer eyJhbGciOiJIUzI1NiIsInR5cCI6IkpXVCJ9.eyJ1c2VySWQiOiIyODIxYWY1Yy05MGFiLTQ1OGMtOWQ5NC04NWVlZDU1ZTkwYzMiLCJjbGVya0lkIjoidXNlcl8zODZDZTNHVHNUb1lrWnpHbTcxVkJ3NkxWUDAiLCJlbWFpbCI6Im9uc2Vhc29uMTBAZ21haWwuY29tIiwiaWF0IjoxNzY4NTA4NzcxLCJleHAiOjE3NjkxMTM1NzF9.CS-aG7kWBc2mjBo6mc9wGY-qnWqDrZtDvB5y46pbgUU
2026-01-16 11:14:47.831 13469-19586 okhttp.OkHttpClient     com.baatcheet.app                    I  Content-Type: application/json
2026-01-16 11:14:47.832 13469-19586 okhttp.OkHttpClient     com.baatcheet.app                    I  {"message":"create an image of cat ","stream":false}
2026-01-16 11:14:47.832 13469-19586 okhttp.OkHttpClient     com.baatcheet.app                    I  --> END POST (52-byte body)
2026-01-16 11:14:47.842 13469-13469 InputMethodManager      com.baatcheet.app                    D  invalidateInput sessionid: 0
2026-01-16 11:14:47.932 13469-13469 ImeTracker              com.baatcheet.app                    I  com.baatcheet.app:c861c747: onRequestHide at ORIGIN_CLIENT_HIDE_SOFT_INPUT reason HIDE_SOFT_INPUT_BY_INSETS_API
2026-01-16 11:14:47.932 13469-13469 ImeTracker              com.baatcheet.app                    I  com.baatcheet.app:2ad8ecf7: onRequestHide at ORIGIN_CLIENT_HIDE_SOFT_INPUT reason HIDE_SOFT_INPUT_BY_INSETS_API
2026-01-16 11:14:47.941 13469-13469 RemoteInpu...ectionImpl com.baatcheet.app                    W  getSurroundingText on inactive InputConnection
2026-01-16 11:14:47.972 13469-13469 RemoteInpu...ectionImpl com.baatcheet.app                    W  requestCursorAnchorInfo on inactive InputConnection
2026-01-16 11:14:47.991 13469-13469 RemoteInpu...ectionImpl com.baatcheet.app                    W  requestCursorAnchorInfo on inactive InputConnection
2026-01-16 11:14:47.991 13469-13469 InsetsController        com.baatcheet.app                    D  show(ime(), fromIme=true)
2026-01-16 11:14:47.991 13469-13469 ImeTracker              com.baatcheet.app                    I  com.baatcheet.app:c861c747: onCancelled at PHASE_CLIENT_ANIMATION_CANCEL
2026-01-16 11:14:47.993 13469-13469 ImeTracker              com.baatcheet.app                    I  com.baatcheet.app:8cc5f7bb: onCancelled at PHASE_CLIENT_ANIMATION_CANCEL
2026-01-16 11:14:48.006 13469-13469 WindowOnBackDispatcher  com.baatcheet.app                    W  sendCancelIfRunning: isInProgress=falsecallback=ImeCallback=ImeOnBackInvokedCallback@24995840 Callback=android.window.IOnBackInvokedCallback$Stub$Proxy@f8ff0c
2026-01-16 11:14:48.007 13469-13469 RemoteInpu...ectionImpl com.baatcheet.app                    W  requestCursorAnchorInfo on inactive InputConnection
2026-01-16 11:14:48.303 13469-13469 ImeTracker              com.baatcheet.app                    I  com.baatcheet.app:4b75f5de: onRequestHide at ORIGIN_CLIENT_HIDE_SOFT_INPUT reason HIDE_SOFT_INPUT_BY_INSETS_API
2026-01-16 11:14:48.305 13469-13469 ImeTracker              com.baatcheet.app                    I  com.baatcheet.app:2ad8ecf7: onHidden
2026-01-16 11:14:56.488 13469-19547 System                  com.baatcheet.app                    W  A resource failed to call release. 



2026-01-16 11:14:47.831 13469-19586 okhttp.OkHttpClient     com.baatcheet.app                    I  --> POST https://sharry121-baatcheet.hf.space/api/v1/chat/completions
2026-01-16 11:14:47.831 13469-19586 okhttp.OkHttpClient     com.baatcheet.app                    I  Content-Length: 52
2026-01-16 11:14:47.831 13469-19586 okhttp.OkHttpClient     com.baatcheet.app                    I  Authorization: Bearer eyJhbGciOiJIUzI1NiIsInR5cCI6IkpXVCJ9.eyJ1c2VySWQiOiIyODIxYWY1Yy05MGFiLTQ1OGMtOWQ5NC04NWVlZDU1ZTkwYzMiLCJjbGVya0lkIjoidXNlcl8zODZDZTNHVHNUb1lrWnpHbTcxVkJ3NkxWUDAiLCJlbWFpbCI6Im9uc2Vhc29uMTBAZ21haWwuY29tIiwiaWF0IjoxNzY4NTA4NzcxLCJleHAiOjE3NjkxMTM1NzF9.CS-aG7kWBc2mjBo6mc9wGY-qnWqDrZtDvB5y46pbgUU
2026-01-16 11:14:47.831 13469-19586 okhttp.OkHttpClient     com.baatcheet.app                    I  Content-Type: application/json
2026-01-16 11:14:47.832 13469-19586 okhttp.OkHttpClient     com.baatcheet.app                    I  {"message":"create an image of cat ","stream":false}
2026-01-16 11:14:47.832 13469-19586 okhttp.OkHttpClient     com.baatcheet.app                    I  --> END POST (52-byte body)
2026-01-16 11:14:47.842 13469-13469 InputMethodManager      com.baatcheet.app                    D  invalidateInput sessionid: 0
2026-01-16 11:14:47.932 13469-13469 ImeTracker              com.baatcheet.app                    I  com.baatcheet.app:c861c747: onRequestHide at ORIGIN_CLIENT_HIDE_SOFT_INPUT reason HIDE_SOFT_INPUT_BY_INSETS_API
2026-01-16 11:14:47.932 13469-13469 ImeTracker              com.baatcheet.app                    I  com.baatcheet.app:2ad8ecf7: onRequestHide at ORIGIN_CLIENT_HIDE_SOFT_INPUT reason HIDE_SOFT_INPUT_BY_INSETS_API
2026-01-16 11:14:47.941 13469-13469 RemoteInpu...ectionImpl com.baatcheet.app                    W  getSurroundingText on inactive InputConnection
2026-01-16 11:14:47.972 13469-13469 RemoteInpu...ectionImpl com.baatcheet.app                    W  requestCursorAnchorInfo on inactive InputConnection
2026-01-16 11:14:47.991 13469-13469 RemoteInpu...ectionImpl com.baatcheet.app                    W  requestCursorAnchorInfo on inactive InputConnection
2026-01-16 11:14:47.991 13469-13469 InsetsController        com.baatcheet.app                    D  show(ime(), fromIme=true)
2026-01-16 11:14:47.991 13469-13469 ImeTracker              com.baatcheet.app                    I  com.baatcheet.app:c861c747: onCancelled at PHASE_CLIENT_ANIMATION_CANCEL
2026-01-16 11:14:47.993 13469-13469 ImeTracker              com.baatcheet.app                    I  com.baatcheet.app:8cc5f7bb: onCancelled at PHASE_CLIENT_ANIMATION_CANCEL
2026-01-16 11:14:48.006 13469-13469 WindowOnBackDispatcher  com.baatcheet.app                    W  sendCancelIfRunning: isInProgress=falsecallback=ImeCallback=ImeOnBackInvokedCallback@24995840 Callback=android.window.IOnBackInvokedCallback$Stub$Proxy@f8ff0c
2026-01-16 11:14:48.007 13469-13469 RemoteInpu...ectionImpl com.baatcheet.app                    W  requestCursorAnchorInfo on inactive InputConnection
2026-01-16 11:14:48.303 13469-13469 ImeTracker              com.baatcheet.app                    I  com.baatcheet.app:4b75f5de: onRequestHide at ORIGIN_CLIENT_HIDE_SOFT_INPUT reason HIDE_SOFT_INPUT_BY_INSETS_API
2026-01-16 11:14:48.305 13469-13469 ImeTracker              com.baatcheet.app                    I  com.baatcheet.app:2ad8ecf7: onHidden
2026-01-16 11:14:56.488 13469-19547 System                  com.baatcheet.app                    W  A resource failed to call release. 
2026-01-16 11:15:55.562 13469-22693 okhttp.OkHttpClient     com.baatcheet.app                    I  --> GET https://sharry121-baatcheet.hf.space/api/v1/tts/voices
2026-01-16 11:15:55.562 13469-22693 okhttp.OkHttpClient     com.baatcheet.app                    I  Authorization: Bearer eyJhbGciOiJIUzI1NiIsInR5cCI6IkpXVCJ9.eyJ1c2VySWQiOiIyODIxYWY1Yy05MGFiLTQ1OGMtOWQ5NC04NWVlZDU1ZTkwYzMiLCJjbGVya0lkIjoidXNlcl8zODZDZTNHVHNUb1lrWnpHbTcxVkJ3NkxWUDAiLCJlbWFpbCI6Im9uc2Vhc29uMTBAZ21haWwuY29tIiwiaWF0IjoxNzY4NTA4NzcxLCJleHAiOjE3NjkxMTM1NzF9.CS-aG7kWBc2mjBo6mc9wGY-qnWqDrZtDvB5y46pbgUU
2026-01-16 11:15:55.562 13469-22693 okhttp.OkHttpClient     com.baatcheet.app                    I  Content-Type: application/json
2026-01-16 11:15:55.562 13469-22693 okhttp.OkHttpClient     com.baatcheet.app                    I  --> END GET
2026-01-16 11:15:55.575 13469-13469 TextToSpeech            com.baatcheet.app                    I  Sucessfully bound to com.google.android.tts
2026-01-16 11:15:55.580 13469-19549 TextToSpeech            com.baatcheet.app                    I  Connected to TTS engine
2026-01-16 11:15:55.583 13469-19663 TextToSpeech            com.baatcheet.app                    I  Setting up the connection to TTS engine...
2026-01-16 11:15:55.589 13469-13469 TranClassInfo           com.baatcheet.app                    D  instance successfully. com.transsion.hubcore.app.TranAppImpl@718004b from com.transsion.hubcore.app.ITranApp
2026-01-16 11:15:55.620 13469-13469 WindowOnBackDispatcher  com.baatcheet.app                    W  OnBackInvokedCallback is not enabled for the application.
                                                                                                    Set 'android:enableOnBackInvokedCallback="true"' in the application manifest.
2026-01-16 11:15:55.622 13469-13469 VRI[MainActivity]       com.baatcheet.app                    D  hardware acceleration = true, forceHwAccelerated = false
2026-01-16 11:15:55.622 13469-13469 config_debug            com.baatcheet.app                    I  updateDecorCaptionStatus: {1.0 410mcc3mnc [en_US,nl_NL] ldltr sw441dp w441dp h910dp 392dpi nrml long widecg port finger -keyb/v/h -nav/h winConfig={ mBounds=Rect(0, 0 - 1080, 2436) mAppBounds=Rect(0, 108 - 1080, 2338) mMaxBounds=Rect(0, 0 - 1080, 2436) mDisplayRotation=ROTATION_0 mWindowingMode=fullscreen mDisplayWindowingMode=fullscreen mMultiWindowMode=normal mMultiWindowId=0 mWindowResiable=6 mInLargeScreen=-1 mActivityType=standard mAlwaysOnTop=undefined mRotation=ROTATION_0 mUiOptSpec=-1 mCurDisplayId=-1} as.2 s.1 fontWeightAdjustment=0} fromMultiWindow: false
2026-01-16 11:15:55.622 13469-13469 ViewRootImpl            com.baatcheet.app                    D  setView appearance:8 com.baatcheet.app/com.baatcheet.app.MainActivity
2026-01-16 11:15:55.624   976-2963  BufferQueueDebug        surfaceflinger                       E  [e38c795 com.baatcheet.app/com.baatcheet.app.MainActivity#18708](this:0xb400007cba87e3f0,id:-1,api:0,p:-1,c:-1) id info cannot be read from 'e38c795 com.baatcheet.app/com.baatcheet.app.MainActivity#18708'
2026-01-16 11:15:55.630 13469-13469 InputTransport          com.baatcheet.app                    D  Create ARC handle: 0xb4000078f0218de0
2026-01-16 11:15:55.630 13469-13469 InputEventReceiver      com.baatcheet.app                    D  Input log is disabled in InputEventReceiver.
2026-01-16 11:15:55.630 13469-13469 InputTransport          com.baatcheet.app                    D  Input log is disabled in InputChannel.
2026-01-16 11:15:55.630 13469-13469 WindowOnBackDispatcher  com.baatcheet.app                    W  OnBackInvokedCallback is not enabled for the application.
                                                                                                    Set 'android:enableOnBackInvokedCallback="true"' in the application manifest.
2026-01-16 11:15:55.690   976-2963  BufferQueueDebug        surfaceflinger                       E  [com.baatcheet.app/com.baatcheet.app.MainActivity#18711](this:0xb400007cba825f80,id:-1,api:0,p:-1,c:-1) id info cannot be read from 'com.baatcheet.app/com.baatcheet.app.MainActivity#18711'
2026-01-16 11:15:55.698 13469-13469 BufferQueueConsumer     com.baatcheet.app                    D  [](id:349d00000003,api:0,p:-1,c:13469) connect: controlledByApp=false
2026-01-16 11:15:55.699 13469-13469 config_debug            com.baatcheet.app                    I  updateDecorCaptionStatus: {1.0 410mcc3mnc [en_US,nl_NL] ldltr sw441dp w441dp h910dp 392dpi nrml long widecg port finger -keyb/v/h -nav/h winConfig={ mBounds=Rect(0, 0 - 1080, 2436) mAppBounds=Rect(0, 108 - 1080, 2338) mMaxBounds=Rect(0, 0 - 1080, 2436) mDisplayRotation=ROTATION_0 mWindowingMode=fullscreen mDisplayWindowingMode=fullscreen mMultiWindowMode=normal mMultiWindowId=0 mWindowResiable=6 mInLargeScreen=-1 mActivityType=standard mAlwaysOnTop=undefined mRotation=ROTATION_0 mUiOptSpec=-1 mCurDisplayId=-1} as.2 s.1 fontWeightAdjustment=0} fromMultiWindow: true
2026-01-16 11:15:55.699 13469-19576 OpenGLRenderer          com.baatcheet.app                    E  Unable to match the desired swap behavior.
2026-01-16 11:15:55.719 13469-19576 BLASTBufferQueue        com.baatcheet.app                    D  [VRI[MainActivity]#3](f:0,a:1) acquireNextBufferLocked size=1238x2388 mFrameNumber=1 applyTransaction=true mTimestamp=27716510021805(auto) mPendingTransactions.size=0 graphicBufferId=57848914509851 transform=0
2026-01-16 11:15:55.729   976-2963  BufferQueueDebug        surfaceflinger                       E  [Surface(name=e38c795 com.baatcheet.app/com.baatcheet.app.MainActivity)/@0xee0554e - animation-leash of window_animation#18712](this:0xb400007cba87b660,id:-1,api:0,p:-1,c:-1) id info cannot be read from 'Surface(name=e38c795 com.baatcheet.app/com.baatcheet.app.MainActivity)/@0xee0554e - animation-leash of window_animation#18712'
2026-01-16 11:15:55.970 13469-22693 okhttp.OkHttpClient     com.baatcheet.app                    I  <-- 200 https://sharry121-baatcheet.hf.space/api/v1/tts/voices (407ms)
2026-01-16 11:15:55.970 13469-22693 okhttp.OkHttpClient     com.baatcheet.app                    I  date: Fri, 16 Jan 2026 06:15:56 GMT
2026-01-16 11:15:55.970 13469-22693 okhttp.OkHttpClient     com.baatcheet.app                    I  content-type: application/json; charset=utf-8
2026-01-16 11:15:55.970 13469-22693 okhttp.OkHttpClient     com.baatcheet.app                    I  content-length: 2125
2026-01-16 11:15:55.970 13469-22693 okhttp.OkHttpClient     com.baatcheet.app                    I  x-request-id: -raokc, -raokc
2026-01-16 11:15:55.970 13469-22693 okhttp.OkHttpClient     com.baatcheet.app                    I  content-security-policy: default-src 'self';script-src 'self' 'unsafe-inline';style-src 'self' 'unsafe-inline';img-src 'self' data: https:;connect-src 'self' https://api.clerk.dev;base-uri 'self';font-src 'self' https: data:;form-action 'self';frame-ancestors 'self';object-src 'none';script-src-attr 'none';upgrade-insecure-requests
2026-01-16 11:15:55.970 13469-22693 okhttp.OkHttpClient     com.baatcheet.app                    I  cross-origin-opener-policy: same-origin
2026-01-16 11:15:55.970 13469-22693 okhttp.OkHttpClient     com.baatcheet.app                    I  cross-origin-resource-policy: cross-origin
2026-01-16 11:15:55.970 13469-22693 okhttp.OkHttpClient     com.baatcheet.app                    I  origin-agent-cluster: ?1
2026-01-16 11:15:55.971 13469-22693 okhttp.OkHttpClient     com.baatcheet.app                    I  referrer-policy: no-referrer
2026-01-16 11:15:55.971 13469-22693 okhttp.OkHttpClient     com.baatcheet.app                    I  strict-transport-security: max-age=31536000; includeSubDomains; preload
2026-01-16 11:15:55.971 13469-22693 okhttp.OkHttpClient     com.baatcheet.app                    I  x-content-type-options: nosniff
2026-01-16 11:15:55.971 13469-22693 okhttp.OkHttpClient     com.baatcheet.app                    I  x-dns-prefetch-control: off
2026-01-16 11:15:55.971 13469-22693 okhttp.OkHttpClient     com.baatcheet.app                    I  x-download-options: noopen
2026-01-16 11:15:55.971 13469-22693 okhttp.OkHttpClient     com.baatcheet.app                    I  x-frame-options: SAMEORIGIN
2026-01-16 11:15:55.971 13469-22693 okhttp.OkHttpClient     com.baatcheet.app                    I  x-permitted-cross-domain-policies: none
2026-01-16 11:15:55.971 13469-22693 okhttp.OkHttpClient     com.baatcheet.app                    I  x-xss-protection: 0
2026-01-16 11:15:55.971 13469-22693 okhttp.OkHttpClient     com.baatcheet.app                    I  vary: Origin
2026-01-16 11:15:55.971 13469-22693 okhttp.OkHttpClient     com.baatcheet.app                    I  vary: origin, access-control-request-method, access-control-request-headers
2026-01-16 11:15:55.971 13469-22693 okhttp.OkHttpClient     com.baatcheet.app                    I  access-control-allow-credentials: true
2026-01-16 11:15:55.971 13469-22693 okhttp.OkHttpClient     com.baatcheet.app                    I  access-control-expose-headers: X-Request-ID,X-Response-Time,X-RateLimit-Limit,X-RateLimit-Remaining,X-RateLimit-Reset
2026-01-16 11:15:55.971 13469-22693 okhttp.OkHttpClient     com.baatcheet.app                    I  x-clerk-auth-message: Unable to find a signing key in JWKS that matches the kid='undefined' of the provided session token. Please make sure that the __session cookie or the HTTP authorization header contain a Clerk-generated session JWT. The following kid is available: ins_384KLXR0s0ZW3aoWTGXIMeX8Ihm Go to your Dashboard and validate your secret and public keys are correct. Contact support@clerk.com if the issue persists. (reason=jwk-kid-mismatch, token-carrier=header)
2026-01-16 11:15:55.971 13469-22693 okhttp.OkHttpClient     com.baatcheet.app                    I  x-clerk-auth-reason: jwk-kid-mismatch
2026-01-16 11:15:55.971 13469-22693 okhttp.OkHttpClient     com.baatcheet.app                    I  x-clerk-auth-status: signed-out
2026-01-16 11:15:55.971 13469-22693 okhttp.OkHttpClient     com.baatcheet.app                    I  ratelimit-policy: 100;w=900
2026-01-16 11:15:55.971 13469-22693 okhttp.OkHttpClient     com.baatcheet.app                    I  ratelimit-limit: 100
2026-01-16 11:15:55.971 13469-22693 okhttp.OkHttpClient     com.baatcheet.app                    I  ratelimit-remaining: 98
2026-01-16 11:15:55.971 13469-22693 okhttp.OkHttpClient     com.baatcheet.app                    I  ratelimit-reset: 834
2026-01-16 11:15:55.972 13469-22693 okhttp.OkHttpClient     com.baatcheet.app                    I  x-response-time: 136ms
2026-01-16 11:15:55.972 13469-22693 okhttp.OkHttpClient     com.baatcheet.app                    I  etag: W/"84d-SLEIlL0xuQSARXO4AMF0MUZrAiQ"
2026-01-16 11:15:55.972 13469-22693 okhttp.OkHttpClient     com.baatcheet.app                    I  x-proxied-host: http://10.108.83.241
2026-01-16 11:15:55.972 13469-22693 okhttp.OkHttpClient     com.baatcheet.app                    I  x-proxied-replica: ufqpunnp-tdmj7
2026-01-16 11:15:55.972 13469-22693 okhttp.OkHttpClient     com.baatcheet.app                    I  x-proxied-path: /api/v1/tts/voices
2026-01-16 11:15:55.972 13469-22693 okhttp.OkHttpClient     com.baatcheet.app                    I  link: <https://huggingface.co/spaces/sharry121/BaatCheet>;rel="canonical"
2026-01-16 11:15:55.973 13469-22693 okhttp.OkHttpClient     com.baatcheet.app                    I  {"success":true,"data":{"provider":"elevenlabs","available":false,"voices":[{"id":"EXAVITQu4vr4xnSDxMaL","name":"Sarah","language":"en","gender":"female","provider":"elevenlabs"},{"id":"21m00Tcm4TlvDq8ikWAM","name":"Rachel","language":"en","gender":"female","provider":"elevenlabs"},{"id":"AZnzlk1XvdvUeBnXmlld","name":"Domi","language":"en","gender":"female","provider":"elevenlabs"},{"id":"MF3mGyEYCl7XYWbV9V6O","name":"Elli","language":"en","gender":"female","provider":"elevenlabs"},{"id":"TxGEqnHWrfWFTfGW9XjX","name":"Josh","language":"en","gender":"male","provider":"elevenlabs"},{"id":"VR6AewLTigWG4xSOukaG","name":"Arnold","language":"en","gender":"male","provider":"elevenlabs"},{"id":"pNInz6obpgDQGcFmaJgB","name":"Adam","language":"en","gender":"male","provider":"elevenlabs"},{"id":"yoZ06aMxZJJ28mfd3POQ","name":"Sam","language":"en","gender":"male","provider":"elevenlabs"},{"id":"XB0fDUnXU5powFXDhCwa","name":"Charlotte","language":"multilingual","gender":"female","provider":"elevenlabs"},{"id":"9BWtsMINqrJLrRacOk9x","name":"Aria","language":"multilingual","gender":"female","provider":"elevenlabs"},{"id":"CwhRBWXzGAHq8TQ4Fs17","name":"Roger","language":"multilingual","gender":"male","provider":"elevenlabs"},{"id":"EXAVITQu4vr4xnSDxMaL","name":"Sarah (Soft)","language":"multilingual","gender":"female","provider":"elevenlabs"},{"id":"JBFqnCBsd6RMkjVDRZzb","name":"George","language":"multilingual","gender":"male","provider":"elevenlabs"},{"id":"pFZP5JQG7iQjIQuC4Bku","name":"Lily","language":"multilingual","gender":"female","provider":"elevenlabs"},{"id":"pqHfZKP75CvOlQylNhV4","name":"Bill","language":"ur","gender":"male","provider":"elevenlabs"},{"id":"N2lVS1w4EtoT3dr4eOWO","name":"Callum","language":"multilingual","gender":"male","provider":"elevenlabs"},{"id":"IKne3meq5aSn9XLyUdCD","name":"Charlie","language":"multilingual","gender":"male","provider":"elevenlabs"},{"id":"onwK4e9ZLuTAKqWW03F9","name":"Daniel","language":"multilingual","gender":"male","provider":"elevenlabs"},{"id":"piTKgcLEGmPE4e6mEKli","name":"Nicole","language":"multilingual","gender":"female","provider":"elevenlabs"}]}}
2026-01-16 11:15:55.973 13469-22693 okhttp.OkHttpClient     com.baatcheet.app                    I  <-- END HTTP (2125-byte body)
2026-01-16 11:15:59.973 13469-13469 ScrollIdentify          com.baatcheet.app                    I  on fling
2026-01-16 11:16:00.506 13469-13469 ScrollIdentify          com.baatcheet.app                    I  on fling
2026-01-16 11:16:02.006 13469-13469 ScrollIdentify          com.baatcheet.app                    I  on fling
2026-01-16 11:16:03.056 13469-22693 okhttp.OkHttpClient     com.baatcheet.app                    I  --> POST https://sharry121-baatcheet.hf.space/api/v1/tts/generate
2026-01-16 11:16:03.056 13469-22693 okhttp.OkHttpClient     com.baatcheet.app                    I  Content-Length: 68
2026-01-16 11:16:03.056 13469-22693 okhttp.OkHttpClient     com.baatcheet.app                    I  Authorization: Bearer eyJhbGciOiJIUzI1NiIsInR5cCI6IkpXVCJ9.eyJ1c2VySWQiOiIyODIxYWY1Yy05MGFiLTQ1OGMtOWQ5NC04NWVlZDU1ZTkwYzMiLCJjbGVya0lkIjoidXNlcl8zODZDZTNHVHNUb1lrWnpHbTcxVkJ3NkxWUDAiLCJlbWFpbCI6Im9uc2Vhc29uMTBAZ21haWwuY29tIiwiaWF0IjoxNzY4NTA4NzcxLCJleHAiOjE3NjkxMTM1NzF9.CS-aG7kWBc2mjBo6mc9wGY-qnWqDrZtDvB5y46pbgUU
2026-01-16 11:16:03.056 13469-22693 okhttp.OkHttpClient     com.baatcheet.app                    I  Content-Type: application/json
2026-01-16 11:16:03.056 13469-22693 okhttp.OkHttpClient     com.baatcheet.app                    I  {"speed":1.0,"text":"Hi, I'm Arooj!","voice":"XB0fDUnXU5powFXDhCwa"}
2026-01-16 11:16:03.056 13469-22693 okhttp.OkHttpClient     com.baatcheet.app                    I  --> END POST (68-byte body)
2026-01-16 11:16:03.388 13469-22693 okhttp.OkHttpClient     com.baatcheet.app                    I  <-- 500 https://sharry121-baatcheet.hf.space/api/v1/tts/generate (331ms)
2026-01-16 11:16:03.389 13469-22693 okhttp.OkHttpClient     com.baatcheet.app                    I  date: Fri, 16 Jan 2026 06:16:03 GMT
2026-01-16 11:16:03.389 13469-22693 okhttp.OkHttpClient     com.baatcheet.app                    I  content-type: application/json; charset=utf-8
2026-01-16 11:16:03.389 13469-22693 okhttp.OkHttpClient     com.baatcheet.app                    I  content-length: 155
2026-01-16 11:16:03.389 13469-22693 okhttp.OkHttpClient     com.baatcheet.app                    I  x-request-id: El0NBZ, El0NBZ
2026-01-16 11:16:03.389 13469-22693 okhttp.OkHttpClient     com.baatcheet.app                    I  content-security-policy: default-src 'self';script-src 'self' 'unsafe-inline';style-src 'self' 'unsafe-inline';img-src 'self' data: https:;connect-src 'self' https://api.clerk.dev;base-uri 'self';font-src 'self' https: data:;form-action 'self';frame-ancestors 'self';object-src 'none';script-src-attr 'none';upgrade-insecure-requests
2026-01-16 11:16:03.389 13469-22693 okhttp.OkHttpClient     com.baatcheet.app                    I  cross-origin-opener-policy: same-origin
2026-01-16 11:16:03.389 13469-22693 okhttp.OkHttpClient     com.baatcheet.app                    I  cross-origin-resource-policy: cross-origin
2026-01-16 11:16:03.389 13469-22693 okhttp.OkHttpClient     com.baatcheet.app                    I  origin-agent-cluster: ?1
2026-01-16 11:16:03.389 13469-22693 okhttp.OkHttpClient     com.baatcheet.app                    I  referrer-policy: no-referrer
2026-01-16 11:16:03.389 13469-22693 okhttp.OkHttpClient     com.baatcheet.app                    I  strict-transport-security: max-age=31536000; includeSubDomains; preload
2026-01-16 11:16:03.389 13469-22693 okhttp.OkHttpClient     com.baatcheet.app                    I  x-content-type-options: nosniff
2026-01-16 11:16:03.390 13469-22693 okhttp.OkHttpClient     com.baatcheet.app                    I  x-dns-prefetch-control: off
2026-01-16 11:16:03.390 13469-22693 okhttp.OkHttpClient     com.baatcheet.app                    I  x-download-options: noopen
2026-01-16 11:16:03.390 13469-22693 okhttp.OkHttpClient     com.baatcheet.app                    I  x-frame-options: SAMEORIGIN
2026-01-16 11:16:03.390 13469-22693 okhttp.OkHttpClient     com.baatcheet.app                    I  x-permitted-cross-domain-policies: none
2026-01-16 11:16:03.390 13469-22693 okhttp.OkHttpClient     com.baatcheet.app                    I  x-xss-protection: 0
2026-01-16 11:16:03.390 13469-22693 okhttp.OkHttpClient     com.baatcheet.app                    I  vary: Origin
2026-01-16 11:16:03.390 13469-22693 okhttp.OkHttpClient     com.baatcheet.app                    I  vary: origin, access-control-request-method, access-control-request-headers
2026-01-16 11:16:03.390 13469-22693 okhttp.OkHttpClient     com.baatcheet.app                    I  access-control-allow-credentials: true
2026-01-16 11:16:03.390 13469-22693 okhttp.OkHttpClient     com.baatcheet.app                    I  access-control-expose-headers: X-Request-ID,X-Response-Time,X-RateLimit-Limit,X-RateLimit-Remaining,X-RateLimit-Reset
2026-01-16 11:16:03.391 13469-22693 okhttp.OkHttpClient     com.baatcheet.app                    I  x-clerk-auth-message: Unable to find a signing key in JWKS that matches the kid='undefined' of the provided session token. Please make sure that the __session cookie or the HTTP authorization header contain a Clerk-generated session JWT. The following kid is available: ins_384KLXR0s0ZW3aoWTGXIMeX8Ihm Go to your Dashboard and validate your secret and public keys are correct. Contact support@clerk.com if the issue persists. (reason=jwk-kid-mismatch, token-carrier=header)
2026-01-16 11:16:03.391 13469-22693 okhttp.OkHttpClient     com.baatcheet.app                    I  x-clerk-auth-reason: jwk-kid-mismatch
2026-01-16 11:16:03.391 13469-22693 okhttp.OkHttpClient     com.baatcheet.app                    I  x-clerk-auth-status: signed-out
2026-01-16 11:16:03.391 13469-22693 okhttp.OkHttpClient     com.baatcheet.app                    I  ratelimit-policy: 100;w=900
2026-01-16 11:16:03.391 13469-22693 okhttp.OkHttpClient     com.baatcheet.app                    I  ratelimit-limit: 100
2026-01-16 11:16:03.391 13469-22693 okhttp.OkHttpClient     com.baatcheet.app                    I  ratelimit-remaining: 97
2026-01-16 11:16:03.391 13469-22693 okhttp.OkHttpClient     com.baatcheet.app                    I  ratelimit-reset: 826
2026-01-16 11:16:03.391 13469-22693 okhttp.OkHttpClient     com.baatcheet.app                    I  x-response-time: 78ms
2026-01-16 11:16:03.391 13469-22693 okhttp.OkHttpClient     com.baatcheet.app                    I  etag: W/"9b-V3rTv3KHHpDqB01YaDxrXdlL+EY"
2026-01-16 11:16:03.392 13469-22693 okhttp.OkHttpClient     com.baatcheet.app                    I  x-proxied-host: http://10.108.83.241
2026-01-16 11:16:03.392 13469-22693 okhttp.OkHttpClient     com.baatcheet.app                    I  x-proxied-replica: ufqpunnp-tdmj7
2026-01-16 11:16:03.392 13469-22693 okhttp.OkHttpClient     com.baatcheet.app                    I  x-proxied-path: /api/v1/tts/generate
2026-01-16 11:16:03.392 13469-22693 okhttp.OkHttpClient     com.baatcheet.app                    I  link: <https://huggingface.co/spaces/sharry121/BaatCheet>;rel="canonical"
2026-01-16 11:16:03.393 13469-22693 okhttp.OkHttpClient     com.baatcheet.app                    I  {"error":"Failed to generate speech","details":"No TTS service available. Please configure ELEVENLABS_API_KEY_1, GOOGLE_CLOUD_TTS_KEY, or OPENAI_API_KEY."}
2026-01-16 11:16:03.393 13469-22693 okhttp.OkHttpClient     com.baatcheet.app                    I  <-- END HTTP (155-byte body)
2026-01-16 11:16:08.088 13469-13469 ScrollIdentify          com.baatcheet.app                    I  on fling
2026-01-16 11:16:08.636 13469-13469 ScrollIdentify          com.baatcheet.app                    I  on fling
2026-01-16 11:16:09.122 13469-22693 okhttp.OkHttpClient     com.baatcheet.app                    I  --> POST https://sharry121-baatcheet.hf.space/api/v1/tts/generate
2026-01-16 11:16:09.122 13469-22693 okhttp.OkHttpClient     com.baatcheet.app                    I  Content-Length: 79
2026-01-16 11:16:09.122 13469-22693 okhttp.OkHttpClient     com.baatcheet.app                    I  Authorization: Bearer eyJhbGciOiJIUzI1NiIsInR5cCI6IkpXVCJ9.eyJ1c2VySWQiOiIyODIxYWY1Yy05MGFiLTQ1OGMtOWQ5NC04NWVlZDU1ZTkwYzMiLCJjbGVya0lkIjoidXNlcl8zODZDZTNHVHNUb1lrWnpHbTcxVkJ3NkxWUDAiLCJlbWFpbCI6Im9uc2Vhc29uMTBAZ21haWwuY29tIiwiaWF0IjoxNzY4NTA4NzcxLCJleHAiOjE3NjkxMTM1NzF9.CS-aG7kWBc2mjBo6mc9wGY-qnWqDrZtDvB5y46pbgUU
2026-01-16 11:16:09.122 13469-22693 okhttp.OkHttpClient     com.baatcheet.app                    I  Content-Type: application/json
2026-01-16 11:16:09.122 13469-22693 okhttp.OkHttpClient     com.baatcheet.app                    I  {"speed":1.0,"text":"Hi, I'm Bilal (اردو)!","voice":"pqHfZKP75CvOlQylNhV4"}
2026-01-16 11:16:09.122 13469-22693 okhttp.OkHttpClient     com.baatcheet.app                    I  --> END POST (79-byte body)
2026-01-16 11:16:09.449 13469-22693 okhttp.OkHttpClient     com.baatcheet.app                    I  <-- 500 https://sharry121-baatcheet.hf.space/api/v1/tts/generate (326ms)
2026-01-16 11:16:09.449 13469-22693 okhttp.OkHttpClient     com.baatcheet.app                    I  date: Fri, 16 Jan 2026 06:16:09 GMT
2026-01-16 11:16:09.449 13469-22693 okhttp.OkHttpClient     com.baatcheet.app                    I  content-type: application/json; charset=utf-8
2026-01-16 11:16:09.449 13469-22693 okhttp.OkHttpClient     com.baatcheet.app                    I  content-length: 155
2026-01-16 11:16:09.450 13469-22693 okhttp.OkHttpClient     com.baatcheet.app                    I  x-request-id: wut81O, wut81O
2026-01-16 11:16:09.450 13469-22693 okhttp.OkHttpClient     com.baatcheet.app                    I  content-security-policy: default-src 'self';script-src 'self' 'unsafe-inline';style-src 'self' 'unsafe-inline';img-src 'self' data: https:;connect-src 'self' https://api.clerk.dev;base-uri 'self';font-src 'self' https: data:;form-action 'self';frame-ancestors 'self';object-src 'none';script-src-attr 'none';upgrade-insecure-requests
2026-01-16 11:16:09.450 13469-22693 okhttp.OkHttpClient     com.baatcheet.app                    I  cross-origin-opener-policy: same-origin
2026-01-16 11:16:09.450 13469-22693 okhttp.OkHttpClient     com.baatcheet.app                    I  cross-origin-resource-policy: cross-origin
2026-01-16 11:16:09.450 13469-22693 okhttp.OkHttpClient     com.baatcheet.app                    I  origin-agent-cluster: ?1
2026-01-16 11:16:09.450 13469-22693 okhttp.OkHttpClient     com.baatcheet.app                    I  referrer-policy: no-referrer
2026-01-16 11:16:09.450 13469-22693 okhttp.OkHttpClient     com.baatcheet.app                    I  strict-transport-security: max-age=31536000; includeSubDomains; preload
2026-01-16 11:16:09.450 13469-22693 okhttp.OkHttpClient     com.baatcheet.app                    I  x-content-type-options: nosniff
2026-01-16 11:16:09.450 13469-22693 okhttp.OkHttpClient     com.baatcheet.app                    I  x-dns-prefetch-control: off
2026-01-16 11:16:09.450 13469-22693 okhttp.OkHttpClient     com.baatcheet.app                    I  x-download-options: noopen
2026-01-16 11:16:09.451 13469-22693 okhttp.OkHttpClient     com.baatcheet.app                    I  x-frame-options: SAMEORIGIN
2026-01-16 11:16:09.451 13469-22693 okhttp.OkHttpClient     com.baatcheet.app                    I  x-permitted-cross-domain-policies: none
2026-01-16 11:16:09.451 13469-22693 okhttp.OkHttpClient     com.baatcheet.app                    I  x-xss-protection: 0
2026-01-16 11:16:09.451 13469-22693 okhttp.OkHttpClient     com.baatcheet.app                    I  vary: Origin
2026-01-16 11:16:09.451 13469-22693 okhttp.OkHttpClient     com.baatcheet.app                    I  vary: origin, access-control-request-method, access-control-request-headers
2026-01-16 11:16:09.451 13469-22693 okhttp.OkHttpClient     com.baatcheet.app                    I  access-control-allow-credentials: true
2026-01-16 11:16:09.451 13469-22693 okhttp.OkHttpClient     com.baatcheet.app                    I  access-control-expose-headers: X-Request-ID,X-Response-Time,X-RateLimit-Limit,X-RateLimit-Remaining,X-RateLimit-Reset
2026-01-16 11:16:09.451 13469-22693 okhttp.OkHttpClient     com.baatcheet.app                    I  x-clerk-auth-message: Unable to find a signing key in JWKS that matches the kid='undefined' of the provided session token. Please make sure that the __session cookie or the HTTP authorization header contain a Clerk-generated session JWT. The following kid is available: ins_384KLXR0s0ZW3aoWTGXIMeX8Ihm Go to your Dashboard and validate your secret and public keys are correct. Contact support@clerk.com if the issue persists. (reason=jwk-kid-mismatch, token-carrier=header)
2026-01-16 11:16:09.451 13469-22693 okhttp.OkHttpClient     com.baatcheet.app                    I  x-clerk-auth-reason: jwk-kid-mismatch
2026-01-16 11:16:09.452 13469-22693 okhttp.OkHttpClient     com.baatcheet.app                    I  x-clerk-auth-status: signed-out
2026-01-16 11:16:09.452 13469-22693 okhttp.OkHttpClient     com.baatcheet.app                    I  ratelimit-policy: 100;w=900
2026-01-16 11:16:09.452 13469-22693 okhttp.OkHttpClient     com.baatcheet.app                    I  ratelimit-limit: 100
2026-01-16 11:16:09.452 13469-22693 okhttp.OkHttpClient     com.baatcheet.app                    I  ratelimit-remaining: 96
2026-01-16 11:16:09.452 13469-22693 okhttp.OkHttpClient     com.baatcheet.app                    I  ratelimit-reset: 820
2026-01-16 11:16:09.452 13469-22693 okhttp.OkHttpClient     com.baatcheet.app                    I  x-response-time: 78ms
2026-01-16 11:16:09.452 13469-22693 okhttp.OkHttpClient     com.baatcheet.app                    I  etag: W/"9b-V3rTv3KHHpDqB01YaDxrXdlL+EY"
2026-01-16 11:16:09.452 13469-22693 okhttp.OkHttpClient     com.baatcheet.app                    I  x-proxied-host: http://10.108.83.241
2026-01-16 11:16:09.452 13469-22693 okhttp.OkHttpClient     com.baatcheet.app                    I  x-proxied-replica: ufqpunnp-tdmj7
2026-01-16 11:16:09.452 13469-22693 okhttp.OkHttpClient     com.baatcheet.app                    I  x-proxied-path: /api/v1/tts/generate
2026-01-16 11:16:09.453 13469-22693 okhttp.OkHttpClient     com.baatcheet.app                    I  link: <https://huggingface.co/spaces/sharry121/BaatCheet>;rel="canonical"
2026-01-16 11:16:09.454 13469-22693 okhttp.OkHttpClient     com.baatcheet.app                    I  {"error":"Failed to generate speech","details":"No TTS service available. Please configure ELEVENLABS_API_KEY_1, GOOGLE_CLOUD_TTS_KEY, or OPENAI_API_KEY."}
2026-01-16 11:16:09.454 13469-22693 okhttp.OkHttpClient     com.baatcheet.app                    I  <-- END HTTP (155-byte body)
2026-01-16 11:16:13.694 13469-13469 ScrollIdentify          com.baatcheet.app                    I  on fling
2026-01-16 11:16:13.694 13469-22693 okhttp.OkHttpClient     com.baatcheet.app                    I  --> POST https://sharry121-baatcheet.hf.space/api/v1/tts/generate
2026-01-16 11:16:13.694 13469-22693 okhttp.OkHttpClient     com.baatcheet.app                    I  Content-Length: 79
2026-01-16 11:16:13.694 13469-22693 okhttp.OkHttpClient     com.baatcheet.app                    I  Authorization: Bearer eyJhbGciOiJIUzI1NiIsInR5cCI6IkpXVCJ9.eyJ1c2VySWQiOiIyODIxYWY1Yy05MGFiLTQ1OGMtOWQ5NC04NWVlZDU1ZTkwYzMiLCJjbGVya0lkIjoidXNlcl8zODZDZTNHVHNUb1lrWnpHbTcxVkJ3NkxWUDAiLCJlbWFpbCI6Im9uc2Vhc29uMTBAZ21haWwuY29tIiwiaWF0IjoxNzY4NTA4NzcxLCJleHAiOjE3NjkxMTM1NzF9.CS-aG7kWBc2mjBo6mc9wGY-qnWqDrZtDvB5y46pbgUU
2026-01-16 11:16:13.694 13469-22693 okhttp.OkHttpClient     com.baatcheet.app                    I  Content-Type: application/json
2026-01-16 11:16:13.694 13469-22693 okhttp.OkHttpClient     com.baatcheet.app                    I  {"speed":1.0,"text":"Hi, I'm Bilal (اردو)!","voice":"pqHfZKP75CvOlQylNhV4"}
2026-01-16 11:16:13.695 13469-22693 okhttp.OkHttpClient     com.baatcheet.app                    I  --> END POST (79-byte body)
2026-01-16 11:16:14.042 13469-22693 okhttp.OkHttpClient     com.baatcheet.app                    I  <-- 500 https://sharry121-baatcheet.hf.space/api/v1/tts/generate (347ms)
2026-01-16 11:16:14.042 13469-22693 okhttp.OkHttpClient     com.baatcheet.app                    I  date: Fri, 16 Jan 2026 06:16:14 GMT
2026-01-16 11:16:14.042 13469-22693 okhttp.OkHttpClient     com.baatcheet.app                    I  content-type: application/json; charset=utf-8
2026-01-16 11:16:14.042 13469-22693 okhttp.OkHttpClient     com.baatcheet.app                    I  content-length: 155
2026-01-16 11:16:14.042 13469-22693 okhttp.OkHttpClient     com.baatcheet.app                    I  x-request-id: PjZAz-, PjZAz-
2026-01-16 11:16:14.042 13469-22693 okhttp.OkHttpClient     com.baatcheet.app                    I  content-security-policy: default-src 'self';script-src 'self' 'unsafe-inline';style-src 'self' 'unsafe-inline';img-src 'self' data: https:;connect-src 'self' https://api.clerk.dev;base-uri 'self';font-src 'self' https: data:;form-action 'self';frame-ancestors 'self';object-src 'none';script-src-attr 'none';upgrade-insecure-requests
2026-01-16 11:16:14.042 13469-22693 okhttp.OkHttpClient     com.baatcheet.app                    I  cross-origin-opener-policy: same-origin
2026-01-16 11:16:14.042 13469-22693 okhttp.OkHttpClient     com.baatcheet.app                    I  cross-origin-resource-policy: cross-origin
2026-01-16 11:16:14.042 13469-22693 okhttp.OkHttpClient     com.baatcheet.app                    I  origin-agent-cluster: ?1
2026-01-16 11:16:14.043 13469-22693 okhttp.OkHttpClient     com.baatcheet.app                    I  referrer-policy: no-referrer
2026-01-16 11:16:14.043 13469-22693 okhttp.OkHttpClient     com.baatcheet.app                    I  strict-transport-security: max-age=31536000; includeSubDomains; preload
2026-01-16 11:16:14.043 13469-22693 okhttp.OkHttpClient     com.baatcheet.app                    I  x-content-type-options: nosniff
2026-01-16 11:16:14.043 13469-22693 okhttp.OkHttpClient     com.baatcheet.app                    I  x-dns-prefetch-control: off
2026-01-16 11:16:14.043 13469-22693 okhttp.OkHttpClient     com.baatcheet.app                    I  x-download-options: noopen
2026-01-16 11:16:14.043 13469-22693 okhttp.OkHttpClient     com.baatcheet.app                    I  x-frame-options: SAMEORIGIN
2026-01-16 11:16:14.043 13469-22693 okhttp.OkHttpClient     com.baatcheet.app                    I  x-permitted-cross-domain-policies: none
2026-01-16 11:16:14.043 13469-22693 okhttp.OkHttpClient     com.baatcheet.app                    I  x-xss-protection: 0
2026-01-16 11:16:14.044 13469-22693 okhttp.OkHttpClient     com.baatcheet.app                    I  vary: Origin
2026-01-16 11:16:14.044 13469-22693 okhttp.OkHttpClient     com.baatcheet.app                    I  vary: origin, access-control-request-method, access-control-request-headers
2026-01-16 11:16:14.044 13469-22693 okhttp.OkHttpClient     com.baatcheet.app                    I  access-control-allow-credentials: true
2026-01-16 11:16:14.045 13469-22693 okhttp.OkHttpClient     com.baatcheet.app                    I  access-control-expose-headers: X-Request-ID,X-Response-Time,X-RateLimit-Limit,X-RateLimit-Remaining,X-RateLimit-Reset
2026-01-16 11:16:14.045 13469-22693 okhttp.OkHttpClient     com.baatcheet.app                    I  x-clerk-auth-message: Unable to find a signing key in JWKS that matches the kid='undefined' of the provided session token. Please make sure that the __session cookie or the HTTP authorization header contain a Clerk-generated session JWT. The following kid is available: ins_384KLXR0s0ZW3aoWTGXIMeX8Ihm Go to your Dashboard and validate your secret and public keys are correct. Contact support@clerk.com if the issue persists. (reason=jwk-kid-mismatch, token-carrier=header)
2026-01-16 11:16:14.045 13469-22693 okhttp.OkHttpClient     com.baatcheet.app                    I  x-clerk-auth-reason: jwk-kid-mismatch
2026-01-16 11:16:14.045 13469-22693 okhttp.OkHttpClient     com.baatcheet.app                    I  x-clerk-auth-status: signed-out
2026-01-16 11:16:14.045 13469-22693 okhttp.OkHttpClient     com.baatcheet.app                    I  ratelimit-policy: 100;w=900
2026-01-16 11:16:14.045 13469-22693 okhttp.OkHttpClient     com.baatcheet.app                    I  ratelimit-limit: 100
2026-01-16 11:16:14.046 13469-22693 okhttp.OkHttpClient     com.baatcheet.app                    I  ratelimit-remaining: 97
2026-01-16 11:16:14.046 13469-22693 okhttp.OkHttpClient     com.baatcheet.app                    I  ratelimit-reset: 802
2026-01-16 11:16:14.046 13469-22693 okhttp.OkHttpClient     com.baatcheet.app                    I  x-response-time: 83ms
2026-01-16 11:16:14.046 13469-22693 okhttp.OkHttpClient     com.baatcheet.app                    I  etag: W/"9b-V3rTv3KHHpDqB01YaDxrXdlL+EY"
2026-01-16 11:16:14.046 13469-22693 okhttp.OkHttpClient     com.baatcheet.app                    I  x-proxied-host: http://10.108.83.241
2026-01-16 11:16:14.046 13469-22693 okhttp.OkHttpClient     com.baatcheet.app                    I  x-proxied-replica: ufqpunnp-tdmj7
2026-01-16 11:16:14.046 13469-22693 okhttp.OkHttpClient     com.baatcheet.app                    I  x-proxied-path: /api/v1/tts/generate
2026-01-16 11:16:14.046 13469-22693 okhttp.OkHttpClient     com.baatcheet.app                    I  link: <https://huggingface.co/spaces/sharry121/BaatCheet>;rel="canonical"
2026-01-16 11:16:14.047 13469-22693 okhttp.OkHttpClient     com.baatcheet.app                    I  {"error":"Failed to generate speech","details":"No TTS service available. Please configure ELEVENLABS_API_KEY_1, GOOGLE_CLOUD_TTS_KEY, or OPENAI_API_KEY."}
2026-01-16 11:16:14.047 13469-22693 okhttp.OkHttpClient     com.baatcheet.app                    I  <-- END HTTP (155-byte body)
2026-01-16 11:16:22.069 13469-22693 okhttp.OkHttpClient     com.baatcheet.app                    I  --> POST https://sharry121-baatcheet.hf.space/api/v1/chat/completions
2026-01-16 11:16:22.069 13469-22693 okhttp.OkHttpClient     com.baatcheet.app                    I  Content-Length: 296
2026-01-16 11:16:22.069 13469-22693 okhttp.OkHttpClient     com.baatcheet.app                    I  Authorization: Bearer eyJhbGciOiJIUzI1NiIsInR5cCI6IkpXVCJ9.eyJ1c2VySWQiOiIyODIxYWY1Yy05MGFiLTQ1OGMtOWQ5NC04NWVlZDU1ZTkwYzMiLCJjbGVya0lkIjoidXNlcl8zODZDZTNHVHNUb1lrWnpHbTcxVkJ3NkxWUDAiLCJlbWFpbCI6Im9uc2Vhc29uMTBAZ21haWwuY29tIiwiaWF0IjoxNzY4NTA4NzcxLCJleHAiOjE3NjkxMTM1NzF9.CS-aG7kWBc2mjBo6mc9wGY-qnWqDrZtDvB5y46pbgUU
2026-01-16 11:16:22.069 13469-22693 okhttp.OkHttpClient     com.baatcheet.app                    I  Content-Type: application/json
2026-01-16 11:16:22.070 13469-22693 okhttp.OkHttpClient     com.baatcheet.app                    I  {"maxTokens":150,"message":"Mau Bilal kya हाल-चाल hai theek ho","stream":false,"systemPrompt":"You are in a voice conversation. Keep responses SHORT, NATURAL, and CONVERSATIONAL. Limit to 1-2 sentences when possible. Avoid lists, code, and long explanations - this is a spoken chat."}
2026-01-16 11:16:22.070 13469-22693 okhttp.OkHttpClient     com.baatcheet.app                    I  --> END POST (296-byte body)
2026-01-16 11:16:23.225 13469-22693 okhttp.OkHttpClient     com.baatcheet.app                    I  <-- 200 https://sharry121-baatcheet.hf.space/api/v1/chat/completions (1155ms)
2026-01-16 11:16:23.225 13469-22693 okhttp.OkHttpClient     com.baatcheet.app                    I  date: Fri, 16 Jan 2026 06:16:23 GMT
2026-01-16 11:16:23.225 13469-22693 okhttp.OkHttpClient     com.baatcheet.app                    I  content-type: application/json; charset=utf-8
2026-01-16 11:16:23.226 13469-22693 okhttp.OkHttpClient     com.baatcheet.app                    I  content-length: 384
2026-01-16 11:16:23.226 13469-22693 okhttp.OkHttpClient     com.baatcheet.app                    I  x-request-id: HAwQiR, HAwQiR
2026-01-16 11:16:23.226 13469-22693 okhttp.OkHttpClient     com.baatcheet.app                    I  content-security-policy: default-src 'self';script-src 'self' 'unsafe-inline';style-src 'self' 'unsafe-inline';img-src 'self' data: https:;connect-src 'self' https://api.clerk.dev;base-uri 'self';font-src 'self' https: data:;form-action 'self';frame-ancestors 'self';object-src 'none';script-src-attr 'none';upgrade-insecure-requests
2026-01-16 11:16:23.226 13469-22693 okhttp.OkHttpClient     com.baatcheet.app                    I  cross-origin-opener-policy: same-origin
2026-01-16 11:16:23.226 13469-22693 okhttp.OkHttpClient     com.baatcheet.app                    I  cross-origin-resource-policy: cross-origin
2026-01-16 11:16:23.226 13469-22693 okhttp.OkHttpClient     com.baatcheet.app                    I  origin-agent-cluster: ?1
2026-01-16 11:16:23.226 13469-22693 okhttp.OkHttpClient     com.baatcheet.app                    I  referrer-policy: no-referrer
2026-01-16 11:16:23.226 13469-22693 okhttp.OkHttpClient     com.baatcheet.app                    I  strict-transport-security: max-age=31536000; includeSubDomains; preload
2026-01-16 11:16:23.226 13469-22693 okhttp.OkHttpClient     com.baatcheet.app                    I  x-content-type-options: nosniff
2026-01-16 11:16:23.226 13469-22693 okhttp.OkHttpClient     com.baatcheet.app                    I  x-dns-prefetch-control: off
2026-01-16 11:16:23.226 13469-22693 okhttp.OkHttpClient     com.baatcheet.app                    I  x-download-options: noopen
2026-01-16 11:16:23.226 13469-22693 okhttp.OkHttpClient     com.baatcheet.app                    I  x-frame-options: SAMEORIGIN
2026-01-16 11:16:23.226 13469-22693 okhttp.OkHttpClient     com.baatcheet.app                    I  x-permitted-cross-domain-policies: none
2026-01-16 11:16:23.226 13469-22693 okhttp.OkHttpClient     com.baatcheet.app                    I  x-xss-protection: 0
2026-01-16 11:16:23.226 13469-22693 okhttp.OkHttpClient     com.baatcheet.app                    I  vary: Origin
2026-01-16 11:16:23.226 13469-22693 okhttp.OkHttpClient     com.baatcheet.app                    I  vary: origin, access-control-request-method, access-control-request-headers
2026-01-16 11:16:23.227 13469-22693 okhttp.OkHttpClient     com.baatcheet.app                    I  access-control-allow-credentials: true
2026-01-16 11:16:23.227 13469-22693 okhttp.OkHttpClient     com.baatcheet.app                    I  access-control-expose-headers: X-Request-ID,X-Response-Time,X-RateLimit-Limit,X-RateLimit-Remaining,X-RateLimit-Reset
2026-01-16 11:16:23.227 13469-22693 okhttp.OkHttpClient     com.baatcheet.app                    I  x-clerk-auth-message: Unable to find a signing key in JWKS that matches the kid='undefined' of the provided session token. Please make sure that the __session cookie or the HTTP authorization header contain a Clerk-generated session JWT. The following kid is available: ins_384KLXR0s0ZW3aoWTGXIMeX8Ihm Go to your Dashboard and validate your secret and public keys are correct. Contact support@clerk.com if the issue persists. (reason=jwk-kid-mismatch, token-carrier=header)
2026-01-16 11:16:23.227 13469-22693 okhttp.OkHttpClient     com.baatcheet.app                    I  x-clerk-auth-reason: jwk-kid-mismatch
2026-01-16 11:16:23.227 13469-22693 okhttp.OkHttpClient     com.baatcheet.app                    I  x-clerk-auth-status: signed-out
2026-01-16 11:16:23.227 13469-22693 okhttp.OkHttpClient     com.baatcheet.app                    I  ratelimit-policy: 30;w=60
2026-01-16 11:16:23.227 13469-22693 okhttp.OkHttpClient     com.baatcheet.app                    I  ratelimit-limit: 30
2026-01-16 11:16:23.227 13469-22693 okhttp.OkHttpClient     com.baatcheet.app                    I  ratelimit-remaining: 29
2026-01-16 11:16:23.227 13469-22693 okhttp.OkHttpClient     com.baatcheet.app                    I  ratelimit-reset: 60
2026-01-16 11:16:23.227 13469-22693 okhttp.OkHttpClient     com.baatcheet.app                    I  x-response-time: 898ms
2026-01-16 11:16:23.228 13469-22693 okhttp.OkHttpClient     com.baatcheet.app                    I  etag: W/"180-iflgFTjQ4f9/p9xsRQpZm7yvg3Y"
2026-01-16 11:16:23.228 13469-22693 okhttp.OkHttpClient     com.baatcheet.app                    I  x-proxied-host: http://10.108.83.241
2026-01-16 11:16:23.228 13469-22693 okhttp.OkHttpClient     com.baatcheet.app                    I  x-proxied-replica: ufqpunnp-tdmj7
2026-01-16 11:16:23.228 13469-22693 okhttp.OkHttpClient     com.baatcheet.app                    I  x-proxied-path: /api/v1/chat/completions
2026-01-16 11:16:23.228 13469-22693 okhttp.OkHttpClient     com.baatcheet.app                    I  link: <https://huggingface.co/spaces/sharry121/BaatCheet>;rel="canonical"
2026-01-16 11:16:23.229 13469-22693 okhttp.OkHttpClient     com.baatcheet.app                    I  {"success":true,"data":{"message":{"role":"assistant","content":"Mujhe lagta hai aap Urdu mein baat kar rahe hain. Main samajh sakta hoon, lekin mujhe thoda sa clarify karna hoga. Aap kis Mau Bilal ki baat kar rahe hain?"},"conversationId":"db0dce02-0eb2-4595-8436-02fbe35e1466","model":"llama-3.3-70b-versatile","provider":"groq","tokens":{"prompt":583,"completion":58,"total":641}}}
2026-01-16 11:16:23.230 13469-22693 okhttp.OkHttpClient     com.baatcheet.app                    I  <-- END HTTP (384-byte body)
2026-01-16 11:16:23.241 13469-22693 okhttp.OkHttpClient     com.baatcheet.app                    I  --> POST https://sharry121-baatcheet.hf.space/api/v1/tts/generate
2026-01-16 11:16:23.241 13469-22693 okhttp.OkHttpClient     com.baatcheet.app                    I  Content-Length: 209
