2026-01-14 12:28:51.045 32546-5214  m.baatcheet.app         com.baatcheet.app                    I  Waiting for a blocking GC ProfileSaver
2026-01-14 12:28:51.057   969-2914  BufferQueueDebug        surfaceflinger                       E  [com.baatcheet.app/com.baatcheet.app.MainActivity#230780](this:0xb400007947c24e30,id:-1,api:0,p:-1,c:-1) id info cannot be read from 'com.baatcheet.app/com.baatcheet.app.MainActivity#230780'
2026-01-14 12:28:51.067   969-969   BufferQueueDebug        surfaceflinger                       E  [com.baatcheet.app/com.baatcheet.app.MainActivity#230780 (Mirror)#230784](this:0xb400007947b5d8d0,id:-1,api:0,p:-1,c:-1) id info cannot be read from 'com.baatcheet.app/com.baatcheet.app.MainActivity#230780 (Mirror)#230784'
2026-01-14 12:28:51.067 32546-32546 BufferQueueConsumer     com.baatcheet.app                    D  [](id:7f2200000005,api:0,p:-1,c:32546) connect: controlledByApp=false
2026-01-14 12:28:51.068   969-969   BufferQueueDebug        surfaceflinger                       E  [com.baatcheet.app/com.baatcheet.app.MainActivity#230780 (Mirror)#230788](this:0xb400007947cc45b0,id:-1,api:0,p:-1,c:-1) id info cannot be read from 'com.baatcheet.app/com.baatcheet.app.MainActivity#230780 (Mirror)#230788'
2026-01-14 12:28:51.069 32546-5217  OpenGLRenderer          com.baatcheet.app                    E  Unable to match the desired swap behavior.
2026-01-14 12:28:51.102   969-2914  BufferQueueDebug        surfaceflinger                       E  [567b79d ActivityRecordInputSink com.baatcheet.app/.MainActivity#230797](this:0xb400007947aa19b0,id:-1,api:0,p:-1,c:-1) id info cannot be read from '567b79d ActivityRecordInputSink com.baatcheet.app/.MainActivity#230797'
2026-01-14 12:28:51.117   969-969   BufferQueueDebug        surfaceflinger                       E  [567b79d ActivityRecordInputSink com.baatcheet.app/.MainActivity#230797 (Mirror)#230802](this:0xb400007947d4a320,id:-1,api:0,p:-1,c:-1) id info cannot be read from '567b79d ActivityRecordInputSink com.baatcheet.app/.MainActivity#230797 (Mirror)#230802'
2026-01-14 12:28:51.119   969-969   BufferQueueDebug        surfaceflinger                       E  [567b79d ActivityRecordInputSink com.baatcheet.app/.MainActivity#230797 (Mirror)#230805](this:0xb400007947d47590,id:-1,api:0,p:-1,c:-1) id info cannot be read from '567b79d ActivityRecordInputSink com.baatcheet.app/.MainActivity#230797 (Mirror)#230805'
2026-01-14 12:28:51.142 32546-5217  BLASTBufferQueue        com.baatcheet.app                    D  [VRI[MainActivity]#5](f:0,a:1) acquireNextBufferLocked size=1080x2436 mFrameNumber=1 applyTransaction=true mTimestamp=491445963849753(auto) mPendingTransactions.size=0 graphicBufferId=139784005615657 transform=0
2026-01-14 12:28:51.192 32546-32546 InputMethodManager      com.baatcheet.app                    D  invalidateInput sessionid: 0
2026-01-14 12:28:51.196 32546-5204  m.baatcheet.app         com.baatcheet.app                    I  CollectorTransition concurrent mark compact GC freed 6241KB AllocSpace bytes, 0(0B) LOS objects, 58% free, 8725KB/20MB, paused 10.432ms,15.968ms total 188.378ms
2026-01-14 12:28:51.196 32546-5214  m.baatcheet.app         com.baatcheet.app                    I  WaitForGcToComplete blocked ProfileSaver on CollectorTransition for 151.449ms
2026-01-14 12:28:51.343 32546-32546 InsetsController        com.baatcheet.app                    D  show(ime(), fromIme=true)
2026-01-14 12:28:51.660 32546-32546 ImeTracker              com.baatcheet.app                    I  com.baatcheet.app:6a5c63ab: onShown
2026-01-14 12:29:00.146 32546-5298  okhttp.OkHttpClient     com.baatcheet.app                    I  --> GET https://sharry121-baatcheet.hf.space/api/v1/conversations/3a9b32c4-7d1d-45b7-8dba-5490608c8c58
2026-01-14 12:29:00.146 32546-5298  okhttp.OkHttpClient     com.baatcheet.app                    I  Authorization: Bearer eyJhbGciOiJIUzI1NiIsInR5cCI6IkpXVCJ9.eyJ1c2VySWQiOiIyODIxYWY1Yy05MGFiLTQ1OGMtOWQ5NC04NWVlZDU1ZTkwYzMiLCJjbGVya0lkIjoidXNlcl8zODZDZTNHVHNUb1lrWnpHbTcxVkJ3NkxWUDAiLCJlbWFpbCI6Im9uc2Vhc29uMTBAZ21haWwuY29tIiwiaWF0IjoxNzY4MzIzOTM3LCJleHAiOjE3Njg5Mjg3Mzd9.XxFcz-xvKG556gxX1Oe31bK804zPkTzgXjfSLHfqMQw
2026-01-14 12:29:00.146 32546-5298  okhttp.OkHttpClient     com.baatcheet.app                    I  Content-Type: application/json
2026-01-14 12:29:00.146 32546-5298  okhttp.OkHttpClient     com.baatcheet.app                    I  --> END GET
2026-01-14 12:29:01.753 32546-5298  okhttp.OkHttpClient     com.baatcheet.app                    I  <-- 200 https://sharry121-baatcheet.hf.space/api/v1/conversations/3a9b32c4-7d1d-45b7-8dba-5490608c8c58 (1606ms)
2026-01-14 12:29:01.753 32546-5298  okhttp.OkHttpClient     com.baatcheet.app                    I  date: Wed, 14 Jan 2026 07:29:02 GMT
2026-01-14 12:29:01.753 32546-5298  okhttp.OkHttpClient     com.baatcheet.app                    I  content-type: application/json; charset=utf-8
2026-01-14 12:29:01.753 32546-5298  okhttp.OkHttpClient     com.baatcheet.app                    I  content-length: 2792
2026-01-14 12:29:01.753 32546-5298  okhttp.OkHttpClient     com.baatcheet.app                    I  x-request-id: E5JAYH, E5JAYH
2026-01-14 12:29:01.754 32546-5298  okhttp.OkHttpClient     com.baatcheet.app                    I  content-security-policy: default-src 'self';script-src 'self' 'unsafe-inline';style-src 'self' 'unsafe-inline';img-src 'self' data: https:;connect-src 'self' https://api.clerk.dev;base-uri 'self';font-src 'self' https: data:;form-action 'self';frame-ancestors 'self';object-src 'none';script-src-attr 'none';upgrade-insecure-requests
2026-01-14 12:29:01.754 32546-5298  okhttp.OkHttpClient     com.baatcheet.app                    I  cross-origin-opener-policy: same-origin
2026-01-14 12:29:01.754 32546-5298  okhttp.OkHttpClient     com.baatcheet.app                    I  cross-origin-resource-policy: cross-origin
2026-01-14 12:29:01.754 32546-5298  okhttp.OkHttpClient     com.baatcheet.app                    I  origin-agent-cluster: ?1
2026-01-14 12:29:01.754 32546-5298  okhttp.OkHttpClient     com.baatcheet.app                    I  referrer-policy: no-referrer
2026-01-14 12:29:01.754 32546-5298  okhttp.OkHttpClient     com.baatcheet.app                    I  strict-transport-security: max-age=31536000; includeSubDomains; preload
2026-01-14 12:29:01.754 32546-5298  okhttp.OkHttpClient     com.baatcheet.app                    I  x-content-type-options: nosniff
2026-01-14 12:29:01.754 32546-5298  okhttp.OkHttpClient     com.baatcheet.app                    I  x-dns-prefetch-control: off
2026-01-14 12:29:01.755 32546-5298  okhttp.OkHttpClient     com.baatcheet.app                    I  x-download-options: noopen
2026-01-14 12:29:01.755 32546-5298  okhttp.OkHttpClient     com.baatcheet.app                    I  x-frame-options: SAMEORIGIN
2026-01-14 12:29:01.755 32546-5298  okhttp.OkHttpClient     com.baatcheet.app                    I  x-permitted-cross-domain-policies: none
2026-01-14 12:29:01.755 32546-5298  okhttp.OkHttpClient     com.baatcheet.app                    I  x-xss-protection: 0
2026-01-14 12:29:01.755 32546-5298  okhttp.OkHttpClient     com.baatcheet.app                    I  vary: Origin
2026-01-14 12:29:01.755 32546-5298  okhttp.OkHttpClient     com.baatcheet.app                    I  vary: origin, access-control-request-method, access-control-request-headers
2026-01-14 12:29:01.755 32546-5298  okhttp.OkHttpClient     com.baatcheet.app                    I  access-control-allow-credentials: true
2026-01-14 12:29:01.755 32546-5298  okhttp.OkHttpClient     com.baatcheet.app                    I  access-control-expose-headers: X-Request-ID,X-Response-Time,X-RateLimit-Limit,X-RateLimit-Remaining,X-RateLimit-Reset
2026-01-14 12:29:01.755 32546-5298  okhttp.OkHttpClient     com.baatcheet.app                    I  x-clerk-auth-message: Unable to find a signing key in JWKS that matches the kid='undefined' of the provided session token. Please make sure that the __session cookie or the HTTP authorization header contain a Clerk-generated session JWT. The following kid is available: ins_384KLXR0s0ZW3aoWTGXIMeX8Ihm Go to your Dashboard and validate your secret and public keys are correct. Contact support@clerk.com if the issue persists. (reason=jwk-kid-mismatch, token-carrier=header)
2026-01-14 12:29:01.755 32546-5298  okhttp.OkHttpClient     com.baatcheet.app                    I  x-clerk-auth-reason: jwk-kid-mismatch
2026-01-14 12:29:01.755 32546-5298  okhttp.OkHttpClient     com.baatcheet.app                    I  x-clerk-auth-status: signed-out
2026-01-14 12:29:01.756 32546-5298  okhttp.OkHttpClient     com.baatcheet.app                    I  ratelimit-policy: 100;w=900
2026-01-14 12:29:01.756 32546-5298  okhttp.OkHttpClient     com.baatcheet.app                    I  ratelimit-limit: 100
2026-01-14 12:29:01.756 32546-5298  okhttp.OkHttpClient     com.baatcheet.app                    I  ratelimit-remaining: 78
2026-01-14 12:29:01.756 32546-5298  okhttp.OkHttpClient     com.baatcheet.app                    I  ratelimit-reset: 114
2026-01-14 12:29:01.756 32546-5298  okhttp.OkHttpClient     com.baatcheet.app                    I  x-response-time: 103ms
2026-01-14 12:29:01.756 32546-5298  okhttp.OkHttpClient     com.baatcheet.app                    I  etag: W/"ae8-3b1OgLQ/hvULRuGBfsmJ8d01G6Y"
2026-01-14 12:29:01.756 32546-5298  okhttp.OkHttpClient     com.baatcheet.app                    I  x-proxied-host: http://10.108.156.233
2026-01-14 12:29:01.756 32546-5298  okhttp.OkHttpClient     com.baatcheet.app                    I  x-proxied-replica: hzrtngho-2s2zd
2026-01-14 12:29:01.756 32546-5298  okhttp.OkHttpClient     com.baatcheet.app                    I  x-proxied-path: /api/v1/conversations/3a9b32c4-7d1d-45b7-8dba-5490608c8c58
2026-01-14 12:29:01.756 32546-5298  okhttp.OkHttpClient     com.baatcheet.app                    I  link: <https://huggingface.co/spaces/sharry121/BaatCheet>;rel="canonical"
2026-01-14 12:29:01.758 32546-5298  okhttp.OkHttpClient     com.baatcheet.app                    I  {"success":true,"data":{"id":"3a9b32c4-7d1d-45b7-8dba-5490608c8c58","userId":"2821af5c-90ab-458c-9d94-85eed55e90c3","projectId":null,"title":"hii can you please make a difference between...","systemPrompt":null,"model":"llama-3.3-70b-versatile","tags":[],"isArchived":false,"isPinned":false,"rating":0,"totalTokens":1427,"lastAccessedAt":null,"createdAt":"2026-01-14T07:26:51.845Z","updatedAt":"2026-01-14T07:26:53.045Z","messages":[{"id":"920ee310-8b40-45c2-8e48-17d02459c38f","conversationId":"3a9b32c4-7d1d-45b7-8dba-5490608c8c58","role":"user","content":"hii can you please make a difference between healthy and non healthy food in tabualr form","model":null,"tokens":23,"isEdited":false,"audioId":null,"createdAt":"2026-01-14T07:26:51.955Z","attachments":[]},{"id":"7d74ad8a-23c3-4ee6-95ef-2eb89c507d58","conversationId":"3a9b32c4-7d1d-45b7-8dba-5490608c8c58","role":"assistant","content":"Hello! I'd be happy to help you with that. Here's a comparison table highlighting the key differences between Healthy and Non-Healthy Foods:*\n| Characteristics | Healthy Foods | Non-Healthy Foods |*\n| --- | --- | --- |\n| Nutrient Content | High in essential nutrients like vitamins, minerals, and fiber | Low in essential nutrients, high in empty calories |\n| Ingredient Quality | Made with whole, unprocessed ingredients | Made with refined, processed ingredients |\n| Sugar Content | Naturally occurring sugars, low added sugars | High added sugars, refined carbohydrates |\n| Fat Content | High in healthy fats like omega-3s, low in saturated and trans fats | High in saturated and trans fats, low in healthy fats |\n| Calorie Density | Low to moderate calorie density, filling and satisfying | High calorie density, low in satiety |\n| Impact on Health | Supports overall health and well-being, reduces chronic disease risk | Increases risk of chronic diseases like obesity, diabetes, and heart disease |\n| Examples | Fruits, vegetables, whole grains, lean proteins, healthy fats | Processed meats, sugary drinks, refined grains, fried foods | *Key Takeaways:\n- Healthy foods are rich in essential nutrients, made with whole ingredients, and low in added sugars and unhealthy fats. Non-healthy foods are often high in empty calories, added sugars, and unhealthy fats, which can increase the risk of chronic diseases. Choosing healthy foods can support overall health and well-being, while non-healthy foods should be consumed in moderation.\n\n\nI hope this table helps you make informed choices about your diet! (note: always remember to consult a healthcare professional or registered dietitian for personalized nutrition advice)*","model":"llama-3.3-70b-versatile","tokens":372,"isEdited":false,"audioId":null,"createdAt":"2026-01-14T07:26:53.030Z","attachments":[]}],"project":null}}
2026-01-14 12:29:01.758 32546-5298  okhttp.OkHttpClient     com.baatcheet.app                    I  <-- END HTTP (2792-byte body)
2026-01-14 12:29:01.905 32546-5203  m.baatcheet.app         com.baatcheet.app                    I  Compiler allocated 6235KB to compile void com.baatcheet.app.ui.components.MarkdownTextKt.TableView(com.baatcheet.app.ui.components.MarkdownElement$Table, androidx.compose.runtime.Composer, int)
2026-01-14 12:29:03.515 32546-32546 VRI[Pop-Up Window]      com.baatcheet.app                    D  hardware acceleration = true, forceHwAccelerated = false
2026-01-14 12:29:03.515 32546-32546 ViewRootImpl            com.baatcheet.app                    D  setView appearance:0 Pop-Up Window
2026-01-14 12:29:03.524 32546-32546 InputTransport          com.baatcheet.app                    D  Create ARC handle: 0xb400007025dd60a0
2026-01-14 12:29:03.524 32546-32546 InputEventReceiver      com.baatcheet.app                    D  Input log is disabled in InputEventReceiver.
2026-01-14 12:29:03.524 32546-32546 InputTransport          com.baatcheet.app                    D  Input log is disabled in InputChannel.
2026-01-14 12:29:03.528 32546-32546 WindowOnBackDispatcher  com.baatcheet.app                    W  OnBackInvokedCallback is not enabled for the application.
                                                                                                    Set 'android:enableOnBackInvokedCallback="true"' in the application manifest.
2026-01-14 12:29:03.576 32546-32546 BufferQueueConsumer     com.baatcheet.app                    D  [](id:7f2200000006,api:0,p:-1,c:32546) connect: controlledByApp=false
2026-01-14 12:29:03.578 32546-5217  OpenGLRenderer          com.baatcheet.app                    E  Unable to match the desired swap behavior.
2026-01-14 12:29:03.598 32546-5217  BLASTBufferQueue        com.baatcheet.app                    D  [VRI[Pop-Up Window]#6](f:0,a:1) acquireNextBufferLocked size=1080x2436 mFrameNumber=1 applyTransaction=true mTimestamp=491458419446061(auto) mPendingTransactions.size=0 graphicBufferId=139784005615663 transform=0
2026-01-14 12:29:03.644 32546-32546 WindowOnBackDispatcher  com.baatcheet.app                    W  sendCancelIfRunning: isInProgress=falsecallback=ImeCallback=ImeOnBackInvokedCallback@37524990 Callback=android.window.IOnBackInvokedCallback$Stub$Proxy@68d0a75
2026-01-14 12:29:03.683 32546-32546 RemoteInpu...ectionImpl com.baatcheet.app                    W  requestCursorAnchorInfo on inactive InputConnection
2026-01-14 12:29:03.683 32546-32546 WindowOnBackDispatcher  com.baatcheet.app                    W  sendCancelIfRunning: isInProgress=falsecallback=ImeCallback=ImeOnBackInvokedCallback@37524990 Callback=android.window.IOnBackInvokedCallback$Stub$Proxy@68d0a75
2026-01-14 12:29:03.694 32546-32546 ImeTracker              com.baatcheet.app                    I  com.baatcheet.app:441b3848: onCancelled at PHASE_CLIENT_ANIMATION_CANCEL
2026-01-14 12:29:03.695 32546-32546 ImeTracker              com.baatcheet.app                    I  com.baatcheet.app:5b68ca8: onRequestHide at ORIGIN_CLIENT_HIDE_SOFT_INPUT reason HIDE_SOFT_INPUT_BY_INSETS_API
2026-01-14 12:29:03.695 32546-32546 ImeTracker              com.baatcheet.app                    I  com.baatcheet.app:5b68ca8: onFailed at PHASE_CLIENT_VIEW_SERVED
2026-01-14 12:29:05.234 32546-32546 WindowOnBackDispatcher  com.baatcheet.app                    W  sendCancelIfRunning: isInProgress=falsecallback=android.view.ViewRootImpl$$ExternalSyntheticLambda20@8f24c41
2026-01-14 12:29:05.237 32546-5217  OpenGLRenderer          com.baatcheet.app                    D  endAllActiveAnimators on 0xb400006fa5e9ab80 (UnprojectedRipple) with handle 0xb400007025dd5a40
2026-01-14 12:29:05.237 32546-32546 View                    com.baatcheet.app                    D  [Warning] assignParent to null: this = androidx.compose.material3.ModalBottomSheetWindow{a2f22f8 V.E...... ......ID 0,0-1080,2436 #1020002 android:id/content aid=1073741829}
2026-01-14 12:29:05.249 32546-32546 InputTransport          com.baatcheet.app                    D  Destroy ARC handle: 0xb400007025dd60a0
2026-01-14 12:29:05.254 32546-5208  BLASTBufferQueue        com.baatcheet.app                    D  [VRI[Pop-Up Window]#6](f:0,a:4) destructor()
2026-01-14 12:29:05.254 32546-5208  BufferQueueConsumer     com.baatcheet.app                    D  [VRI[Pop-Up Window]#6(BLAST Consumer)6](id:7f2200000006,api:0,p:-1,c:32546) disconnect
2026-01-14 12:29:05.300 32546-32546 InputMethodManager      com.baatcheet.app                    D  invalidateInput sessionid: 0
2026-01-14 12:29:05.368 32546-32546 InsetsController        com.baatcheet.app                    D  show(ime(), fromIme=true)
2026-01-14 12:29:05.674 32546-32546 ImeTracker              com.baatcheet.app                    I  com.baatcheet.app:f65d4dd2: onShown
2026-01-14 12:29:07.795 32546-32546 VRI[Pop-Up Window]      com.baatcheet.app                    D  hardware acceleration = true, forceHwAccelerated = false
2026-01-14 12:29:07.795 32546-32546 ViewRootImpl            com.baatcheet.app                    D  setView appearance:0 Pop-Up Window
2026-01-14 12:29:07.810 32546-32546 InputTransport          com.baatcheet.app                    D  Create ARC handle: 0xb400007025dbf8d0
2026-01-14 12:29:07.810 32546-32546 InputEventReceiver      com.baatcheet.app                    D  Input log is disabled in InputEventReceiver.
2026-01-14 12:29:07.810 32546-32546 InputTransport          com.baatcheet.app                    D  Input log is disabled in InputChannel.
2026-01-14 12:29:07.821 32546-32546 WindowOnBackDispatcher  com.baatcheet.app                    W  OnBackInvokedCallback is not enabled for the application.
                                                                                                    Set 'android:enableOnBackInvokedCallback="true"' in the application manifest.
2026-01-14 12:29:07.877 32546-32546 BufferQueueConsumer     com.baatcheet.app                    D  [](id:7f2200000007,api:0,p:-1,c:32546) connect: controlledByApp=false
2026-01-14 12:29:07.878 32546-5217  OpenGLRenderer          com.baatcheet.app                    E  Unable to match the desired swap behavior.
2026-01-14 12:29:07.900 32546-5217  BLASTBufferQueue        com.baatcheet.app                    D  [VRI[Pop-Up Window]#7](f:0,a:1) acquireNextBufferLocked size=1080x2436 mFrameNumber=1 applyTransaction=true mTimestamp=491462721079292(auto) mPendingTransactions.size=0 graphicBufferId=139784005615671 transform=0
2026-01-14 12:29:07.941 32546-32546 WindowOnBackDispatcher  com.baatcheet.app                    W  sendCancelIfRunning: isInProgress=falsecallback=ImeCallback=ImeOnBackInvokedCallback@37524990 Callback=android.window.IOnBackInvokedCallback$Stub$Proxy@c042f2f
2026-01-14 12:29:07.968 32546-32546 RemoteInpu...ectionImpl com.baatcheet.app                    W  requestCursorAnchorInfo on inactive InputConnection
2026-01-14 12:29:07.968 32546-32546 WindowOnBackDispatcher  com.baatcheet.app                    W  sendCancelIfRunning: isInProgress=falsecallback=ImeCallback=ImeOnBackInvokedCallback@37524990 Callback=android.window.IOnBackInvokedCallback$Stub$Proxy@c042f2f
2026-01-14 12:29:08.001 32546-32546 ImeTracker              com.baatcheet.app                    I  com.baatcheet.app:3c008763: onCancelled at PHASE_CLIENT_ANIMATION_CANCEL
2026-01-14 12:29:08.002 32546-32546 ImeTracker              com.baatcheet.app                    I  com.baatcheet.app:1f681e5a: onRequestHide at ORIGIN_CLIENT_HIDE_SOFT_INPUT reason HIDE_SOFT_INPUT_BY_INSETS_API
2026-01-14 12:29:08.003 32546-32546 ImeTracker              com.baatcheet.app                    I  com.baatcheet.app:1f681e5a: onFailed at PHASE_CLIENT_VIEW_SERVED
2026-01-14 12:29:08.753 32546-32546 WindowOnBackDispatcher  com.baatcheet.app                    W  sendCancelIfRunning: isInProgress=falsecallback=android.view.ViewRootImpl$$ExternalSyntheticLambda20@9f00991
2026-01-14 12:29:08.756 32546-5217  OpenGLRenderer          com.baatcheet.app                    D  endAllActiveAnimators on 0xb400006fa5ee2560 (UnprojectedRipple) with handle 0xb400007025ddae40
2026-01-14 12:29:08.756 32546-32546 View                    com.baatcheet.app                    D  [Warning] assignParent to null: this = androidx.compose.material3.ModalBottomSheetWindow{84dabca V.E...... ......ID 0,0-1080,2436 #1020002 android:id/content aid=1073741830}
2026-01-14 12:29:08.777 32546-32546 InputTransport          com.baatcheet.app                    D  Destroy ARC handle: 0xb400007025dbf8d0
2026-01-14 12:29:08.785 32546-5208  BLASTBufferQueue        com.baatcheet.app                    D  [VRI[Pop-Up Window]#7](f:0,a:4) destructor()
2026-01-14 12:29:08.786 32546-5208  BufferQueueConsumer     com.baatcheet.app                    D  [VRI[Pop-Up Window]#7(BLAST Consumer)7](id:7f2200000007,api:0,p:-1,c:32546) disconnect
2026-01-14 12:29:08.833 32546-32546 InputMethodManager      com.baatcheet.app                    D  invalidateInput sessionid: 0
2026-01-14 12:29:08.912 32546-32546 InsetsController        com.baatcheet.app                    D  show(ime(), fromIme=true)
2026-01-14 12:29:09.235 32546-32546 ImeTracker              com.baatcheet.app                    I  com.baatcheet.app:928fdd1d: onShown
2026-01-14 12:29:11.451 32546-32546 WindowOnBackDispatcher  com.baatcheet.app                    W  sendCancelIfRunning: isInProgress=falsecallback=ImeCallback=ImeOnBackInvokedCallback@37524990 Callback=android.window.IOnBackInvokedCallback$Stub$Proxy@568f10f
2026-01-14 12:29:11.551 32546-32546 ImeTracker              com.baatcheet.app                    I  com.transsion.hilauncher:972d9e05: onCancelled at PHASE_CLIENT_ANIMATION_CANCEL
2026-01-14 12:29:11.558 32546-32546 ImeTracker              com.baatcheet.app                    I  com.baatcheet.app:64d39d82: onRequestHide at ORIGIN_CLIENT_HIDE_SOFT_INPUT reason HIDE_SOFT_INPUT_BY_INSETS_API
2026-01-14 12:29:11.558 32546-32546 ImeTracker              com.baatcheet.app                    I  com.baatcheet.app:64d39d82: onFailed at PHASE_CLIENT_VIEW_SERVED
2026-01-14 12:29:11.736 32546-32546 BLASTBufferQueue        com.baatcheet.app                    D  [VRI[MainActivity]#5](f:0,a:4) destructor()
2026-01-14 12:29:11.737 32546-32546 BufferQueueConsumer     com.baatcheet.app                    D  [VRI[MainActivity]#5(BLAST Consumer)5](id:7f2200000005,api:0,p:-1,c:32546) disconnect
