2026-01-16 21:29:32.398 17435-25801 okhttp.OkHttpClient     com.baatcheet.app                    I  content-security-policy: default-src 'self';script-src 'self' 'unsafe-inline';style-src 'self' 'unsafe-inline';img-src 'self' data: https:;connect-src 'self' https://api.clerk.dev;base-uri 'self';font-src 'self' https: data:;form-action 'self';frame-ancestors 'self';object-src 'none';script-src-attr 'none';upgrade-insecure-requests
2026-01-16 21:29:32.398 17435-25801 okhttp.OkHttpClient     com.baatcheet.app                    I  cross-origin-opener-policy: same-origin
2026-01-16 21:29:32.398 17435-25801 okhttp.OkHttpClient     com.baatcheet.app                    I  cross-origin-resource-policy: cross-origin
2026-01-16 21:29:32.398 17435-25801 okhttp.OkHttpClient     com.baatcheet.app                    I  origin-agent-cluster: ?1
2026-01-16 21:29:32.398 17435-25801 okhttp.OkHttpClient     com.baatcheet.app                    I  referrer-policy: no-referrer
2026-01-16 21:29:32.398 17435-25801 okhttp.OkHttpClient     com.baatcheet.app                    I  strict-transport-security: max-age=31536000; includeSubDomains; preload
2026-01-16 21:29:32.398 17435-25801 okhttp.OkHttpClient     com.baatcheet.app                    I  x-content-type-options: nosniff
2026-01-16 21:29:32.398 17435-25801 okhttp.OkHttpClient     com.baatcheet.app                    I  x-dns-prefetch-control: off
2026-01-16 21:29:32.398 17435-25801 okhttp.OkHttpClient     com.baatcheet.app                    I  x-download-options: noopen
2026-01-16 21:29:32.398 17435-25801 okhttp.OkHttpClient     com.baatcheet.app                    I  x-frame-options: SAMEORIGIN
2026-01-16 21:29:32.398 17435-25801 okhttp.OkHttpClient     com.baatcheet.app                    I  x-permitted-cross-domain-policies: none
2026-01-16 21:29:32.398 17435-25801 okhttp.OkHttpClient     com.baatcheet.app                    I  x-xss-protection: 0
2026-01-16 21:29:32.399 17435-25801 okhttp.OkHttpClient     com.baatcheet.app                    I  vary: Origin
2026-01-16 21:29:32.399 17435-25801 okhttp.OkHttpClient     com.baatcheet.app                    I  vary: origin, access-control-request-method, access-control-request-headers
2026-01-16 21:29:32.399 17435-25801 okhttp.OkHttpClient     com.baatcheet.app                    I  access-control-allow-credentials: true
2026-01-16 21:29:32.399 17435-25801 okhttp.OkHttpClient     com.baatcheet.app                    I  access-control-expose-headers: X-Request-ID,X-Response-Time,X-RateLimit-Limit,X-RateLimit-Remaining,X-RateLimit-Reset
2026-01-16 21:29:32.399 17435-25801 okhttp.OkHttpClient     com.baatcheet.app                    I  x-clerk-auth-message: Unable to find a signing key in JWKS that matches the kid='undefined' of the provided session token. Please make sure that the __session cookie or the HTTP authorization header contain a Clerk-generated session JWT. The following kid is available: ins_384KLXR0s0ZW3aoWTGXIMeX8Ihm Go to your Dashboard and validate your secret and public keys are correct. Contact support@clerk.com if the issue persists. (reason=jwk-kid-mismatch, token-carrier=header)
2026-01-16 21:29:32.399 17435-25801 okhttp.OkHttpClient     com.baatcheet.app                    I  x-clerk-auth-reason: jwk-kid-mismatch
2026-01-16 21:29:32.399 17435-25801 okhttp.OkHttpClient     com.baatcheet.app                    I  x-clerk-auth-status: signed-out
2026-01-16 21:29:32.399 17435-25801 okhttp.OkHttpClient     com.baatcheet.app                    I  ratelimit-policy: 100;w=900
2026-01-16 21:29:32.399 17435-25801 okhttp.OkHttpClient     com.baatcheet.app                    I  ratelimit-limit: 100
2026-01-16 21:29:32.399 17435-25801 okhttp.OkHttpClient     com.baatcheet.app                    I  ratelimit-remaining: 91
2026-01-16 21:29:32.399 17435-25801 okhttp.OkHttpClient     com.baatcheet.app                    I  ratelimit-reset: 85
2026-01-16 21:29:32.399 17435-25801 okhttp.OkHttpClient     com.baatcheet.app                    I  x-response-time: 333ms
2026-01-16 21:29:32.400 17435-25801 okhttp.OkHttpClient     com.baatcheet.app                    I  etag: W/"8fb-327KNHtrx1dwvQzo2x1iPqJqgdA"
2026-01-16 21:29:32.400 17435-25801 okhttp.OkHttpClient     com.baatcheet.app                    I  x-proxied-host: http://10.108.79.175
2026-01-16 21:29:32.400 17435-25801 okhttp.OkHttpClient     com.baatcheet.app                    I  x-proxied-replica: hvmrtznu-8psvw
2026-01-16 21:29:32.400 17435-25801 okhttp.OkHttpClient     com.baatcheet.app                    I  x-proxied-path: /api/v1/conversations/b8b8793c-68ab-4af5-9770-f89df36dd3d2
2026-01-16 21:29:32.400 17435-25801 okhttp.OkHttpClient     com.baatcheet.app                    I  link: <https://huggingface.co/spaces/sharry121/BaatCheet>;rel="canonical"
2026-01-16 21:29:32.402 17435-25801 okhttp.OkHttpClient     com.baatcheet.app                    I  {"success":true,"data":{"id":"b8b8793c-68ab-4af5-9770-f89df36dd3d2","userId":"b138a210-36eb-4206-8837-5d644887f706","projectId":null,"title":"Assalamu Alaikum kya haal chaal hai theek hai","systemPrompt":null,"model":"llama-3.3-70b-versatile","tags":[],"isArchived":false,"isPinned":false,"rating":0,"totalTokens":7263,"lastAccessedAt":null,"createdAt":"2026-01-16T16:28:29.256Z","updatedAt":"2026-01-16T16:28:59.248Z","messages":[{"id":"8b398f86-3d8a-4ca3-a004-9e88601ac9d9","conversationId":"b8b8793c-68ab-4af5-9770-f89df36dd3d2","role":"user","content":"Assalamu Alaikum kya haal chaal hai theek hai","model":null,"tokens":12,"isEdited":false,"audioId":null,"createdAt":"2026-01-16T16:28:29.478Z","attachments":[]},{"id":"9f703644-db8d-4043-8b19-915d55ed211b","conversationId":"b8b8793c-68ab-4af5-9770-f89df36dd3d2","role":"assistant","content":"والیکم السلام، الحمدللہ، میں بہت اچھا ہوں، شکریہ پوچھنے کے لیے! آپ کا کیا حال ہے؟ کیا میں آپ کی کوئی مدد کر سکتا ہوں؟","model":"llama-3.3-70b-versatile","tokens":83,"isEdited":false,"audioId":null,"createdAt":"2026-01-16T16:28:30.327Z","attachments":[]},{"id":"0e10e6a4-985a-44be-a2a3-d558cf83264e","conversationId":"b8b8793c-68ab-4af5-9770-f89df36dd3d2","role":"user","content":"Alhamdulillah main bhi theek hun aap sunao Pakistan ka mausam kaisa hai","model":null,"tokens":18,"isEdited":false,"audioId":null,"createdAt":"2026-01-16T16:28:57.655Z","attachments":[]},{"id":"f389ecf6-a924-4031-aec1-2a69bf82eed7","conversationId":"b8b8793c-68ab-4af5-9770-f89df36dd3d2","role":"assistant","content":"الْحَمْدُ لِلَّهِ، پاکستان کا موسم ابھی بہت خوبصورت ہے۔ 北ی علاقوں میں سردیوں کا موسم ہے، جبکہ جنوبی علاقوں میں موسم معتدل ہے۔ کراچی اور لاہور جیسے شہروں میں دن کے وقت دھوپ نکل رہی ہے، لیکن رات کو تھوڑی سی سردی ہے۔ پہاڑی علاقوں میں برفباری ہو رہی ہے، جو سیاحوں کے لیے بہت دلچسپ ہے۔","model":"llama-3.3-70b-versatile","tokens":206,"isEdited":false,"audioId":null,"createdAt":"2026-01-16T16:28:59.229Z","attachments":[]}],"project":null}}
2026-01-16 21:29:32.402 17435-25801 okhttp.OkHttpClient     com.baatcheet.app                    I  <-- END HTTP (2299-byte body)
2026-01-16 21:29:35.088 17435-17435 VRI[Pop-Up Window]      com.baatcheet.app                    D  hardware acceleration = true, forceHwAccelerated = false
2026-01-16 21:29:35.088 17435-17435 ViewRootImpl            com.baatcheet.app                    D  setView appearance:0 Pop-Up Window
2026-01-16 21:29:35.097 17435-17435 InputTransport          com.baatcheet.app                    D  Create ARC handle: 0xb4000078f0242c30
2026-01-16 21:29:35.097 17435-17435 InputEventReceiver      com.baatcheet.app                    D  Input log is disabled in InputEventReceiver.
2026-01-16 21:29:35.097 17435-17435 InputTransport          com.baatcheet.app                    D  Input log is disabled in InputChannel.
2026-01-16 21:29:35.101 17435-17435 WindowOnBackDispatcher  com.baatcheet.app                    W  OnBackInvokedCallback is not enabled for the application.
                                                                                                    Set 'android:enableOnBackInvokedCallback="true"' in the application manifest.
2026-01-16 21:29:35.201 17435-17435 BufferQueueConsumer     com.baatcheet.app                    D  [](id:441b00000002,api:0,p:-1,c:17435) connect: controlledByApp=false
2026-01-16 21:29:35.203 17435-25639 OpenGLRenderer          com.baatcheet.app                    E  Unable to match the desired swap behavior.
2026-01-16 21:29:35.240 17435-25639 BLASTBufferQueue        com.baatcheet.app                    D  [VRI[Pop-Up Window]#2](f:0,a:1) acquireNextBufferLocked size=1080x2436 mFrameNumber=1 applyTransaction=true mTimestamp=53874389910749(auto) mPendingTransactions.size=0 graphicBufferId=74882754805780 transform=0
2026-01-16 21:29:36.260 17435-17435 WindowOnBackDispatcher  com.baatcheet.app                    W  sendCancelIfRunning: isInProgress=falsecallback=android.view.ViewRootImpl$$ExternalSyntheticLambda20@c2c7b7b
2026-01-16 21:29:36.265 17435-17435 View                    com.baatcheet.app                    D  [Warning] assignParent to null: this = androidx.compose.material3.ModalBottomSheetWindow{35c0246 V.E...... ......ID 0,0-1080,2436 #1020002 android:id/content aid=1073741825}
2026-01-16 21:29:36.266 17435-17435 BLASTBufferQueue        com.baatcheet.app                    D  [VRI[Pop-Up Window]#2](f:0,a:4) destructor()
2026-01-16 21:29:36.266 17435-17435 BufferQueueConsumer     com.baatcheet.app                    D  [VRI[Pop-Up Window]#2(BLAST Consumer)2](id:441b00000002,api:0,p:-1,c:17435) disconnect
2026-01-16 21:29:36.281 17435-17435 InputTransport          com.baatcheet.app                    D  Destroy ARC handle: 0xb4000078f0242c30
2026-01-16 21:29:36.463 17435-17435 WindowOnBackDispatcher  com.baatcheet.app                    W  OnBackInvokedCallback is not enabled for the application.
                                                                                                    Set 'android:enableOnBackInvokedCallback="true"' in the application manifest.
2026-01-16 21:29:36.466 17435-17435 VRI[MainActivity]       com.baatcheet.app                    D  hardware acceleration = true, forceHwAccelerated = false
2026-01-16 21:29:36.466 17435-17435 config_debug            com.baatcheet.app                    I  updateDecorCaptionStatus: {1.0 410mcc3mnc [en_US,nl_NL] ldltr sw441dp w441dp h910dp 392dpi nrml long widecg port finger -keyb/v/h -nav/h winConfig={ mBounds=Rect(0, 0 - 1080, 2436) mAppBounds=Rect(0, 108 - 1080, 2338) mMaxBounds=Rect(0, 0 - 1080, 2436) mDisplayRotation=ROTATION_0 mWindowingMode=fullscreen mDisplayWindowingMode=fullscreen mMultiWindowMode=normal mMultiWindowId=0 mWindowResiable=6 mInLargeScreen=-1 mActivityType=standard mAlwaysOnTop=undefined mRotation=ROTATION_0 mUiOptSpec=-1 mCurDisplayId=-1} as.2 s.1 fontWeightAdjustment=0} fromMultiWindow: false
2026-01-16 21:29:36.466 17435-17435 ViewRootImpl            com.baatcheet.app                    D  setView appearance:8 com.baatcheet.app/com.baatcheet.app.MainActivity
2026-01-16 21:29:36.468   976-2008  BufferQueueDebug        surfaceflinger                       E  [a2ccc8 com.baatcheet.app/com.baatcheet.app.MainActivity#32578](this:0xb400007cba861c50,id:-1,api:0,p:-1,c:-1) id info cannot be read from 'a2ccc8 com.baatcheet.app/com.baatcheet.app.MainActivity#32578'
2026-01-16 21:29:36.478 17435-17435 InputTransport          com.baatcheet.app                    D  Create ARC handle: 0xb4000078f020ab60
2026-01-16 21:29:36.479 17435-17435 InputEventReceiver      com.baatcheet.app                    D  Input log is disabled in InputEventReceiver.
2026-01-16 21:29:36.479 17435-17435 InputTransport          com.baatcheet.app                    D  Input log is disabled in InputChannel.
2026-01-16 21:29:36.479 17435-17435 WindowOnBackDispatcher  com.baatcheet.app                    W  OnBackInvokedCallback is not enabled for the application.
                                                                                                    Set 'android:enableOnBackInvokedCallback="true"' in the application manifest.
2026-01-16 21:29:36.490 17435-25626 m.baatcheet.app         com.baatcheet.app                    I  Compiler allocated 8677KB to compile void com.baatcheet.app.ui.chat.ChatScreenKt$ChatDrawerContent$8.invoke(androidx.compose.foundation.layout.ColumnScope, androidx.compose.runtime.Composer, int)
2026-01-16 21:29:36.524   976-2008  BufferQueueDebug        surfaceflinger                       E  [com.baatcheet.app/com.baatcheet.app.MainActivity#32581](this:0xb400007cba7d9150,id:-1,api:0,p:-1,c:-1) id info cannot be read from 'com.baatcheet.app/com.baatcheet.app.MainActivity#32581'
2026-01-16 21:29:36.531 17435-17435 BufferQueueConsumer     com.baatcheet.app                    D  [](id:441b00000003,api:0,p:-1,c:17435) connect: controlledByApp=false
2026-01-16 21:29:36.532 17435-17435 config_debug            com.baatcheet.app                    I  updateDecorCaptionStatus: {1.0 410mcc3mnc [en_US,nl_NL] ldltr sw441dp w441dp h910dp 392dpi nrml long widecg port finger -keyb/v/h -nav/h winConfig={ mBounds=Rect(0, 0 - 1080, 2436) mAppBounds=Rect(0, 108 - 1080, 2338) mMaxBounds=Rect(0, 0 - 1080, 2436) mDisplayRotation=ROTATION_0 mWindowingMode=fullscreen mDisplayWindowingMode=fullscreen mMultiWindowMode=normal mMultiWindowId=0 mWindowResiable=6 mInLargeScreen=-1 mActivityType=standard mAlwaysOnTop=undefined mRotation=ROTATION_0 mUiOptSpec=-1 mCurDisplayId=-1} as.2 s.1 fontWeightAdjustment=0} fromMultiWindow: true
2026-01-16 21:29:36.532 17435-25639 OpenGLRenderer          com.baatcheet.app                    E  Unable to match the desired swap behavior.
2026-01-16 21:29:36.553 17435-25639 BLASTBufferQueue        com.baatcheet.app                    D  [VRI[MainActivity]#3](f:0,a:1) acquireNextBufferLocked size=1238x2388 mFrameNumber=1 applyTransaction=true mTimestamp=53875702644980(auto) mPendingTransactions.size=0 graphicBufferId=74882754805787 transform=0
2026-01-16 21:29:36.561   976-2008  BufferQueueDebug        surfaceflinger                       E  [Surface(name=a2ccc8 com.baatcheet.app/com.baatcheet.app.MainActivity)/@0xd0b7e5e - animation-leash of window_animation#32582](this:0xb400007cba897e00,id:-1,api:0,p:-1,c:-1) id info cannot be read from 'Surface(name=a2ccc8 com.baatcheet.app/com.baatcheet.app.MainActivity)/@0xd0b7e5e - animation-leash of window_animation#32582'
2026-01-16 21:29:40.334 17435-25801 okhttp.OkHttpClient     com.baatcheet.app                    I  --> POST https://sharry121-baatcheet.hf.space/api/v1/tts/generate
2026-01-16 21:29:40.334 17435-25801 okhttp.OkHttpClient     com.baatcheet.app                    I  Content-Length: 74
2026-01-16 21:29:40.334 17435-25801 okhttp.OkHttpClient     com.baatcheet.app                    I  Authorization: Bearer eyJhbGciOiJIUzI1NiIsInR5cCI6IkpXVCJ9.eyJ1c2VySWQiOiJiMTM4YTIxMC0zNmViLTQyMDYtODgzNy01ZDY0NDg4N2Y3MDYiLCJjbGVya0lkIjoidXNlcl8zOEozT2FBQmxHZHozbXRvbGxscVhNbVVSN3QiLCJlbWFpbCI6Im11aGFtbWFkc2hhcmplZWxzYWxlZW0wNkBnbWFpbC5jb20iLCJpYXQiOjE3Njg1Nzc3OTksImV4cCI6MTc2OTE4MjU5OX0.NF4AQ72s73aSiS2E2j7VumDsb_IK1gF9q7e98CndkzU
2026-01-16 21:29:40.334 17435-25801 okhttp.OkHttpClient     com.baatcheet.app                    I  Content-Type: application/json
2026-01-16 21:29:40.335 17435-25801 okhttp.OkHttpClient     com.baatcheet.app                    I  {"speed":1.0,"text":"Hi, I'm Asad (اردو)!","voice":"ur-PK-AsadNeural"}
2026-01-16 21:29:40.335 17435-25801 okhttp.OkHttpClient     com.baatcheet.app                    I  --> END POST (74-byte body)
2026-01-16 21:29:41.234 17435-25801 okhttp.OkHttpClient     com.baatcheet.app                    I  <-- 200 https://sharry121-baatcheet.hf.space/api/v1/tts/generate (899ms)
2026-01-16 21:29:41.234 17435-25801 okhttp.OkHttpClient     com.baatcheet.app                    I  date: Fri, 16 Jan 2026 16:29:41 GMT
2026-01-16 21:29:41.234 17435-25801 okhttp.OkHttpClient     com.baatcheet.app                    I  content-type: audio/mpeg
2026-01-16 21:29:41.235 17435-25801 okhttp.OkHttpClient     com.baatcheet.app                    I  content-length: 34848
2026-01-16 21:29:41.235 17435-25801 okhttp.OkHttpClient     com.baatcheet.app                    I  x-request-id: ibmPnf, ibmPnf
2026-01-16 21:29:41.235 17435-25801 okhttp.OkHttpClient     com.baatcheet.app                    I  content-security-policy: default-src 'self';script-src 'self' 'unsafe-inline';style-src 'self' 'unsafe-inline';img-src 'self' data: https:;connect-src 'self' https://api.clerk.dev;base-uri 'self';font-src 'self' https: data:;form-action 'self';frame-ancestors 'self';object-src 'none';script-src-attr 'none';upgrade-insecure-requests
2026-01-16 21:29:41.235 17435-25801 okhttp.OkHttpClient     com.baatcheet.app                    I  cross-origin-opener-policy: same-origin
2026-01-16 21:29:41.235 17435-25801 okhttp.OkHttpClient     com.baatcheet.app                    I  cross-origin-resource-policy: cross-origin
2026-01-16 21:29:41.235 17435-25801 okhttp.OkHttpClient     com.baatcheet.app                    I  origin-agent-cluster: ?1
2026-01-16 21:29:41.235 17435-25801 okhttp.OkHttpClient     com.baatcheet.app                    I  referrer-policy: no-referrer
2026-01-16 21:29:41.235 17435-25801 okhttp.OkHttpClient     com.baatcheet.app                    I  strict-transport-security: max-age=31536000; includeSubDomains; preload
2026-01-16 21:29:41.235 17435-25801 okhttp.OkHttpClient     com.baatcheet.app                    I  x-content-type-options: nosniff
2026-01-16 21:29:41.235 17435-25801 okhttp.OkHttpClient     com.baatcheet.app                    I  x-dns-prefetch-control: off
2026-01-16 21:29:41.235 17435-25801 okhttp.OkHttpClient     com.baatcheet.app                    I  x-download-options: noopen
2026-01-16 21:29:41.235 17435-25801 okhttp.OkHttpClient     com.baatcheet.app                    I  x-frame-options: SAMEORIGIN
2026-01-16 21:29:41.235 17435-25801 okhttp.OkHttpClient     com.baatcheet.app                    I  x-permitted-cross-domain-policies: none
2026-01-16 21:29:41.235 17435-25801 okhttp.OkHttpClient     com.baatcheet.app                    I  x-xss-protection: 0
2026-01-16 21:29:41.235 17435-25801 okhttp.OkHttpClient     com.baatcheet.app                    I  vary: Origin
2026-01-16 21:29:41.236 17435-25801 okhttp.OkHttpClient     com.baatcheet.app                    I  vary: origin, access-control-request-method, access-control-request-headers
2026-01-16 21:29:41.236 17435-25801 okhttp.OkHttpClient     com.baatcheet.app                    I  access-control-allow-credentials: true
2026-01-16 21:29:41.236 17435-25801 okhttp.OkHttpClient     com.baatcheet.app                    I  access-control-expose-headers: X-Request-ID,X-Response-Time,X-RateLimit-Limit,X-RateLimit-Remaining,X-RateLimit-Reset
2026-01-16 21:29:41.236 17435-25801 okhttp.OkHttpClient     com.baatcheet.app                    I  x-clerk-auth-message: Unable to find a signing key in JWKS that matches the kid='undefined' of the provided session token. Please make sure that the __session cookie or the HTTP authorization header contain a Clerk-generated session JWT. The following kid is available: ins_384KLXR0s0ZW3aoWTGXIMeX8Ihm Go to your Dashboard and validate your secret and public keys are correct. Contact support@clerk.com if the issue persists. (reason=jwk-kid-mismatch, token-carrier=header)
2026-01-16 21:29:41.236 17435-25801 okhttp.OkHttpClient     com.baatcheet.app                    I  x-clerk-auth-reason: jwk-kid-mismatch
2026-01-16 21:29:41.236 17435-25801 okhttp.OkHttpClient     com.baatcheet.app                    I  x-clerk-auth-status: signed-out
2026-01-16 21:29:41.236 17435-25801 okhttp.OkHttpClient     com.baatcheet.app                    I  ratelimit-policy: 100;w=900
2026-01-16 21:29:41.236 17435-25801 okhttp.OkHttpClient     com.baatcheet.app                    I  ratelimit-limit: 100
2026-01-16 21:29:41.236 17435-25801 okhttp.OkHttpClient     com.baatcheet.app                    I  ratelimit-remaining: 93
2026-01-16 21:29:41.236 17435-25801 okhttp.OkHttpClient     com.baatcheet.app                    I  ratelimit-reset: 756
2026-01-16 21:29:41.236 17435-25801 okhttp.OkHttpClient     com.baatcheet.app                    I  x-tts-provider: edge-tts
2026-01-16 21:29:41.236 17435-25801 okhttp.OkHttpClient     com.baatcheet.app                    I  etag: W/"8820-GrWvNlDJqIh7NmYI4V1QbLH/d58"
2026-01-16 21:29:41.236 17435-25801 okhttp.OkHttpClient     com.baatcheet.app                    I  x-proxied-host: http://10.108.79.175
2026-01-16 21:29:41.236 17435-25801 okhttp.OkHttpClient     com.baatcheet.app                    I  x-proxied-replica: hvmrtznu-8psvw
2026-01-16 21:29:41.237 17435-25801 okhttp.OkHttpClient     com.baatcheet.app                    I  x-proxied-path: /api/v1/tts/generate
2026-01-16 21:29:41.237 17435-25801 okhttp.OkHttpClient     com.baatcheet.app                    I  link: <https://huggingface.co/spaces/sharry121/BaatCheet>;rel="canonical"
2026-01-16 21:29:41.241 17435-25801 okhttp.OkHttpClient     com.baatcheet.app                    I  <-- END HTTP (binary 34848-byte body omitted)
2026-01-16 21:29:42.860 17435-17435 TranClassInfo           com.baatcheet.app                    D  instance successfully. com.transsion.hubcore.internal.jank.TranFrameTrackerImpl@b7f4d01 from com.transsion.hubcore.internal.jank.ITranFrameTracker
2026-01-16 21:29:42.860 17435-17435 ScrollIdentify          com.baatcheet.app                    I  on fling
2026-01-16 21:29:44.431 17435-17435 MediaPlayer             com.baatcheet.app                    V  resetDrmState:  mDrmInfo=null mDrmProvisioningThread=null mPrepareDrmInProgress=false mActiveDrmScheme=false
2026-01-16 21:29:44.431 17435-17435 MediaPlayer             com.baatcheet.app                    V  cleanDrmObj: mDrmObj=null mDrmSessionId=null
2026-01-16 21:29:44.431 17435-17435 MediaPlayer             com.baatcheet.app                    D  _release native called
2026-01-16 21:29:44.447 17435-17435 MediaPlayer             com.baatcheet.app                    D  _release native finished
2026-01-16 21:29:48.424 17435-25801 okhttp.OkHttpClient     com.baatcheet.app                    I  --> POST https://sharry121-baatcheet.hf.space/api/v1/chat/completions
2026-01-16 21:29:48.424 17435-25801 okhttp.OkHttpClient     com.baatcheet.app                    I  Content-Length: 156
2026-01-16 21:29:48.424 17435-25801 okhttp.OkHttpClient     com.baatcheet.app                    I  Authorization: Bearer eyJhbGciOiJIUzI1NiIsInR5cCI6IkpXVCJ9.eyJ1c2VySWQiOiJiMTM4YTIxMC0zNmViLTQyMDYtODgzNy01ZDY0NDg4N2Y3MDYiLCJjbGVya0lkIjoidXNlcl8zOEozT2FBQmxHZHozbXRvbGxscVhNbVVSN3QiLCJlbWFpbCI6Im11aGFtbWFkc2hhcmplZWxzYWxlZW0wNkBnbWFpbC5jb20iLCJpYXQiOjE3Njg1Nzc3OTksImV4cCI6MTc2OTE4MjU5OX0.NF4AQ72s73aSiS2E2j7VumDsb_IK1gF9q7e98CndkzU
2026-01-16 21:29:48.424 17435-25801 okhttp.OkHttpClient     com.baatcheet.app                    I  Content-Type: application/json
2026-01-16 21:29:48.425 17435-25801 okhttp.OkHttpClient     com.baatcheet.app                    I  {"conversationId":"b8b8793c-68ab-4af5-9770-f89df36dd3d2","isVoiceChat":true,"maxTokens":150,"message":"kya हाल-चाल hai theek ho","stream":false}
2026-01-16 21:29:48.425 17435-25801 okhttp.OkHttpClient     com.baatcheet.app                    I  --> END POST (156-byte body)
2026-01-16 21:29:48.912 17435-25627 m.baatcheet.app         com.baatcheet.app                    W  Cleared Reference was only reachable from finalizer (only reported once)
2026-01-16 21:29:49.767 17435-25801 okhttp.OkHttpClient     com.baatcheet.app                    I  <-- 200 https://sharry121-baatcheet.hf.space/api/v1/chat/completions (1342ms)
2026-01-16 21:29:49.767 17435-25801 okhttp.OkHttpClient     com.baatcheet.app                    I  date: Fri, 16 Jan 2026 16:29:50 GMT
2026-01-16 21:29:49.767 17435-25801 okhttp.OkHttpClient     com.baatcheet.app                    I  content-type: application/json; charset=utf-8
2026-01-16 21:29:49.767 17435-25801 okhttp.OkHttpClient     com.baatcheet.app                    I  content-length: 518
2026-01-16 21:29:49.767 17435-25801 okhttp.OkHttpClient     com.baatcheet.app                    I  x-request-id: st-9zg, st-9zg
2026-01-16 21:29:49.768 17435-25801 okhttp.OkHttpClient     com.baatcheet.app                    I  content-security-policy: default-src 'self';script-src 'self' 'unsafe-inline';style-src 'self' 'unsafe-inline';img-src 'self' data: https:;connect-src 'self' https://api.clerk.dev;base-uri 'self';font-src 'self' https: data:;form-action 'self';frame-ancestors 'self';object-src 'none';script-src-attr 'none';upgrade-insecure-requests
2026-01-16 21:29:49.768 17435-25801 okhttp.OkHttpClient     com.baatcheet.app                    I  cross-origin-opener-policy: same-origin
2026-01-16 21:29:49.768 17435-25801 okhttp.OkHttpClient     com.baatcheet.app                    I  cross-origin-resource-policy: cross-origin
2026-01-16 21:29:49.768 17435-25801 okhttp.OkHttpClient     com.baatcheet.app                    I  origin-agent-cluster: ?1
2026-01-16 21:29:49.768 17435-25801 okhttp.OkHttpClient     com.baatcheet.app                    I  referrer-policy: no-referrer
2026-01-16 21:29:49.768 17435-25801 okhttp.OkHttpClient     com.baatcheet.app                    I  strict-transport-security: max-age=31536000; includeSubDomains; preload
2026-01-16 21:29:49.768 17435-25801 okhttp.OkHttpClient     com.baatcheet.app                    I  x-content-type-options: nosniff
2026-01-16 21:29:49.768 17435-25801 okhttp.OkHttpClient     com.baatcheet.app                    I  x-dns-prefetch-control: off
2026-01-16 21:29:49.768 17435-25801 okhttp.OkHttpClient     com.baatcheet.app                    I  x-download-options: noopen
2026-01-16 21:29:49.768 17435-25801 okhttp.OkHttpClient     com.baatcheet.app                    I  x-frame-options: SAMEORIGIN
2026-01-16 21:29:49.768 17435-25801 okhttp.OkHttpClient     com.baatcheet.app                    I  x-permitted-cross-domain-policies: none
2026-01-16 21:29:49.768 17435-25801 okhttp.OkHttpClient     com.baatcheet.app                    I  x-xss-protection: 0
2026-01-16 21:29:49.768 17435-25801 okhttp.OkHttpClient     com.baatcheet.app                    I  vary: Origin
2026-01-16 21:29:49.768 17435-25801 okhttp.OkHttpClient     com.baatcheet.app                    I  vary: origin, access-control-request-method, access-control-request-headers
2026-01-16 21:29:49.768 17435-25801 okhttp.OkHttpClient     com.baatcheet.app                    I  access-control-allow-credentials: true
2026-01-16 21:29:49.768 17435-25801 okhttp.OkHttpClient     com.baatcheet.app                    I  access-control-expose-headers: X-Request-ID,X-Response-Time,X-RateLimit-Limit,X-RateLimit-Remaining,X-RateLimit-Reset
2026-01-16 21:29:49.768 17435-25801 okhttp.OkHttpClient     com.baatcheet.app                    I  x-clerk-auth-message: Unable to find a signing key in JWKS that matches the kid='undefined' of the provided session token. Please make sure that the __session cookie or the HTTP authorization header contain a Clerk-generated session JWT. The following kid is available: ins_384KLXR0s0ZW3aoWTGXIMeX8Ihm Go to your Dashboard and validate your secret and public keys are correct. Contact support@clerk.com if the issue persists. (reason=jwk-kid-mismatch, token-carrier=header)
2026-01-16 21:29:49.769 17435-25801 okhttp.OkHttpClient     com.baatcheet.app                    I  x-clerk-auth-reason: jwk-kid-mismatch
2026-01-16 21:29:49.769 17435-25801 okhttp.OkHttpClient     com.baatcheet.app                    I  x-clerk-auth-status: signed-out
2026-01-16 21:29:49.769 17435-25801 okhttp.OkHttpClient     com.baatcheet.app                    I  ratelimit-policy: 30;w=60
2026-01-16 21:29:49.769 17435-25801 okhttp.OkHttpClient     com.baatcheet.app                    I  ratelimit-limit: 30
2026-01-16 21:29:49.769 17435-25801 okhttp.OkHttpClient     com.baatcheet.app                    I  ratelimit-remaining: 28
2026-01-16 21:29:49.769 17435-25801 okhttp.OkHttpClient     com.baatcheet.app                    I  ratelimit-reset: 9
2026-01-16 21:29:49.769 17435-25801 okhttp.OkHttpClient     com.baatcheet.app                    I  x-response-time: 1089ms
2026-01-16 21:29:49.769 17435-25801 okhttp.OkHttpClient     com.baatcheet.app                    I  etag: W/"206-wWq3daIlCph7Wy6L51htPujW9xY"
2026-01-16 21:29:49.769 17435-25801 okhttp.OkHttpClient     com.baatcheet.app                    I  x-proxied-host: http://10.108.79.175
2026-01-16 21:29:49.769 17435-25801 okhttp.OkHttpClient     com.baatcheet.app                    I  x-proxied-replica: hvmrtznu-8psvw
2026-01-16 21:29:49.769 17435-25801 okhttp.OkHttpClient     com.baatcheet.app                    I  x-proxied-path: /api/v1/chat/completions
2026-01-16 21:29:49.769 17435-25801 okhttp.OkHttpClient     com.baatcheet.app                    I  link: <https://huggingface.co/spaces/sharry121/BaatCheet>;rel="canonical"
2026-01-16 21:29:49.770 17435-25801 okhttp.OkHttpClient     com.baatcheet.app                    I  {"success":true,"data":{"message":{"role":"assistant","content":"جی ہاں، سب ٹھیک ہے۔ میں نے آپ کے اردو اور ہندی کے مرکب والے سوال کو سمجھا، اور میں یہاں آپ کی مدد کے لیے ہوں۔ آپ کا کیا حال ہے؟ کیا میں آپ کی کوئی مدد کر سکتا ہوں؟"},"conversationId":"b8b8793c-68ab-4af5-9770-f89df36dd3d2","model":"llama-3.3-70b-versatile","provider":"groq","tokens":{"prompt":3759,"completion":118,"total":3877}}}
2026-01-16 21:29:49.770 17435-25801 okhttp.OkHttpClient     com.baatcheet.app                    I  <-- END HTTP (518-byte body)
2026-01-16 21:29:49.776 17435-25801 okhttp.OkHttpClient     com.baatcheet.app                    I  --> POST https://sharry121-baatcheet.hf.space/api/v1/tts/generate
2026-01-16 21:29:49.776 17435-25801 okhttp.OkHttpClient     com.baatcheet.app                    I  Content-Length: 337
2026-01-16 21:29:49.776 17435-25801 okhttp.OkHttpClient     com.baatcheet.app                    I  Authorization: Bearer eyJhbGciOiJIUzI1NiIsInR5cCI6IkpXVCJ9.eyJ1c2VySWQiOiJiMTM4YTIxMC0zNmViLTQyMDYtODgzNy01ZDY0NDg4N2Y3MDYiLCJjbGVya0lkIjoidXNlcl8zOEozT2FBQmxHZHozbXRvbGxscVhNbVVSN3QiLCJlbWFpbCI6Im11aGFtbWFkc2hhcmplZWxzYWxlZW0wNkBnbWFpbC5jb20iLCJpYXQiOjE3Njg1Nzc3OTksImV4cCI6MTc2OTE4MjU5OX0.NF4AQ72s73aSiS2E2j7VumDsb_IK1gF9q7e98CndkzU
2026-01-16 21:29:49.776 17435-25801 okhttp.OkHttpClient     com.baatcheet.app                    I  Content-Type: application/json
2026-01-16 21:29:49.777 17435-25801 okhttp.OkHttpClient     com.baatcheet.app                    I  {"speed":1.0,"text":"جی ہاں، سب ٹھیک ہے۔ میں نے آپ کے اردو اور ہندی کے مرکب والے سوال کو سمجھا، اور میں یہاں آپ کی مدد کے لیے ہوں۔ آپ کا کیا حال ہے؟ کیا میں آپ کی کوئی مدد کر سکتا ہوں؟","voice":"en-US-JennyNeural"}
2026-01-16 21:29:49.777 17435-25801 okhttp.OkHttpClient     com.baatcheet.app                    I  --> END POST (337-byte body)
2026-01-16 21:29:50.233 17435-25801 okhttp.OkHttpClient     com.baatcheet.app                    I  <-- 200 https://sharry121-baatcheet.hf.space/api/v1/tts/generate (455ms)
2026-01-16 21:29:50.233 17435-25801 okhttp.OkHttpClient     com.baatcheet.app                    I  date: Fri, 16 Jan 2026 16:29:50 GMT
2026-01-16 21:29:50.233 17435-25801 okhttp.OkHttpClient     com.baatcheet.app                    I  content-type: audio/mpeg
2026-01-16 21:29:50.233 17435-25801 okhttp.OkHttpClient     com.baatcheet.app                    I  content-length: 0
2026-01-16 21:29:50.233 17435-25801 okhttp.OkHttpClient     com.baatcheet.app                    I  x-request-id: bbHef1, bbHef1
2026-01-16 21:29:50.234 17435-25801 okhttp.OkHttpClient     com.baatcheet.app                    I  content-security-policy: default-src 'self';script-src 'self' 'unsafe-inline';style-src 'self' 'unsafe-inline';img-src 'self' data: https:;connect-src 'self' https://api.clerk.dev;base-uri 'self';font-src 'self' https: data:;form-action 'self';frame-ancestors 'self';object-src 'none';script-src-attr 'none';upgrade-insecure-requests
2026-01-16 21:29:50.234 17435-25801 okhttp.OkHttpClient     com.baatcheet.app                    I  cross-origin-opener-policy: same-origin
2026-01-16 21:29:50.234 17435-25801 okhttp.OkHttpClient     com.baatcheet.app                    I  cross-origin-resource-policy: cross-origin
2026-01-16 21:29:50.234 17435-25801 okhttp.OkHttpClient     com.baatcheet.app                    I  origin-agent-cluster: ?1
2026-01-16 21:29:50.234 17435-25801 okhttp.OkHttpClient     com.baatcheet.app                    I  referrer-policy: no-referrer
2026-01-16 21:29:50.234 17435-25801 okhttp.OkHttpClient     com.baatcheet.app                    I  strict-transport-security: max-age=31536000; includeSubDomains; preload
2026-01-16 21:29:50.234 17435-25801 okhttp.OkHttpClient     com.baatcheet.app                    I  x-content-type-options: nosniff
2026-01-16 21:29:50.234 17435-25801 okhttp.OkHttpClient     com.baatcheet.app                    I  x-dns-prefetch-control: off
2026-01-16 21:29:50.234 17435-25801 okhttp.OkHttpClient     com.baatcheet.app                    I  x-download-options: noopen
2026-01-16 21:29:50.234 17435-25801 okhttp.OkHttpClient     com.baatcheet.app                    I  x-frame-options: SAMEORIGIN
2026-01-16 21:29:50.235 17435-25801 okhttp.OkHttpClient     com.baatcheet.app                    I  x-permitted-cross-domain-policies: none
2026-01-16 21:29:50.235 17435-25801 okhttp.OkHttpClient     com.baatcheet.app                    I  x-xss-protection: 0
2026-01-16 21:29:50.235 17435-25801 okhttp.OkHttpClient     com.baatcheet.app                    I  vary: Origin
2026-01-16 21:29:50.235 17435-25801 okhttp.OkHttpClient     com.baatcheet.app                    I  vary: origin, access-control-request-method, access-control-request-headers
2026-01-16 21:29:50.235 17435-25801 okhttp.OkHttpClient     com.baatcheet.app                    I  access-control-allow-credentials: true
2026-01-16 21:29:50.235 17435-25801 okhttp.OkHttpClient     com.baatcheet.app                    I  access-control-expose-headers: X-Request-ID,X-Response-Time,X-RateLimit-Limit,X-RateLimit-Remaining,X-RateLimit-Reset
2026-01-16 21:29:50.235 17435-25801 okhttp.OkHttpClient     com.baatcheet.app                    I  x-clerk-auth-message: Unable to find a signing key in JWKS that matches the kid='undefined' of the provided session token. Please make sure that the __session cookie or the HTTP authorization header contain a Clerk-generated session JWT. The following kid is available: ins_384KLXR0s0ZW3aoWTGXIMeX8Ihm Go to your Dashboard and validate your secret and public keys are correct. Contact support@clerk.com if the issue persists. (reason=jwk-kid-mismatch, token-carrier=header)
2026-01-16 21:29:50.235 17435-25801 okhttp.OkHttpClient     com.baatcheet.app                    I  x-clerk-auth-reason: jwk-kid-mismatch
2026-01-16 21:29:50.235 17435-25801 okhttp.OkHttpClient     com.baatcheet.app                    I  x-clerk-auth-status: signed-out
2026-01-16 21:29:50.236 17435-25801 okhttp.OkHttpClient     com.baatcheet.app                    I  ratelimit-policy: 100;w=900
2026-01-16 21:29:50.236 17435-25801 okhttp.OkHttpClient     com.baatcheet.app                    I  ratelimit-limit: 100
2026-01-16 21:29:50.236 17435-25801 okhttp.OkHttpClient     com.baatcheet.app                    I  ratelimit-remaining: 89
2026-01-16 21:29:50.236 17435-25801 okhttp.OkHttpClient     com.baatcheet.app                    I  ratelimit-reset: 67
2026-01-16 21:29:50.236 17435-25801 okhttp.OkHttpClient     com.baatcheet.app                    I  x-tts-provider: edge-tts
2026-01-16 21:29:50.236 17435-25801 okhttp.OkHttpClient     com.baatcheet.app                    I  etag: W/"0-2jmj7l5rSw0yVb/vlWAYkK/YBwk"
2026-01-16 21:29:50.236 17435-25801 okhttp.OkHttpClient     com.baatcheet.app                    I  x-proxied-host: http://10.108.79.175
2026-01-16 21:29:50.236 17435-25801 okhttp.OkHttpClient     com.baatcheet.app                    I  x-proxied-replica: hvmrtznu-8psvw
2026-01-16 21:29:50.236 17435-25801 okhttp.OkHttpClient     com.baatcheet.app                    I  x-proxied-path: /api/v1/tts/generate
2026-01-16 21:29:50.236 17435-25801 okhttp.OkHttpClient     com.baatcheet.app                    I  link: <https://huggingface.co/spaces/sharry121/BaatCheet>;rel="canonical"
2026-01-16 21:29:50.237 17435-25801 okhttp.OkHttpClient     com.baatcheet.app                    I  <-- END HTTP (0-byte body)
2026-01-16 21:29:50.251 17435-17435 MediaPlayerNative       com.baatcheet.app                    E  Unable to create media player
2026-01-16 21:29:50.253 17435-17435 MediaPlayer             com.baatcheet.app                    W  Ignoring IO error while setting data source (Explain with AI)
                                                                                                    java.io.IOException: setDataSourceFD failed.: status=0x80000000
                                                                                                    	at android.media.MediaPlayer._setDataSource(Native Method)
                                                                                                    	at android.media.MediaPlayer.setDataSource(MediaPlayer.java:1301)
                                                                                                    	at android.media.MediaPlayer.setDataSource(MediaPlayer.java:1282)
                                                                                                    	at android.media.MediaPlayer.setDataSource(MediaPlayer.java:1239)
                                                                                                    	at android.media.MediaPlayer.setDataSource(MediaPlayer.java:1216)
                                                                                                    	at android.media.MediaPlayer.setDataSource(MediaPlayer.java:1181)
                                                                                                    	at com.baatcheet.app.ui.voice.VoiceChatViewModel.playAudio(VoiceChatViewModel.kt:672)
                                                                                                    	at com.baatcheet.app.ui.voice.VoiceChatViewModel.access$playAudio(VoiceChatViewModel.kt:64)
                                                                                                    	at com.baatcheet.app.ui.voice.VoiceChatViewModel$speakResponse$1.invokeSuspend(VoiceChatViewModel.kt:592)
                                                                                                    	at kotlin.coroutines.jvm.internal.BaseContinuationImpl.resumeWith(ContinuationImpl.kt:33)
                                                                                                    	at kotlinx.coroutines.DispatchedTask.run(DispatchedTask.kt:108)
                                                                                                    	at android.os.Handler.handleCallback(Handler.java:958)
                                                                                                    	at android.os.Handler.dispatchMessage(Handler.java:99)
                                                                                                    	at android.os.Looper.loopOnce(Looper.java:243)
                                                                                                    	at android.os.Looper.loop(Looper.java:338)
                                                                                                    	at android.app.ActivityThread.main(ActivityThread.java:8506)
                                                                                                    	at java.lang.reflect.Method.invoke(Native Method)
                                                                                                    	at com.android.internal.os.RuntimeInit$MethodAndArgsCaller.run(RuntimeInit.java:602)
                                                                                                    	at com.android.internal.os.ZygoteInit.main(ZygoteInit.java:1064)
2026-01-16 21:29:50.253 17435-17435 MediaPlayerNative       com.baatcheet.app                    E  prepareAsync called in state 1, mPlayer(0x0)
2026-01-16 21:29:55.254 17435-25801 okhttp.OkHttpClient     com.baatcheet.app                    I  --> POST https://sharry121-baatcheet.hf.space/api/v1/chat/completions
2026-01-16 21:29:55.254 17435-25801 okhttp.OkHttpClient     com.baatcheet.app                    I  Content-Length: 156
2026-01-16 21:29:55.254 17435-25801 okhttp.OkHttpClient     com.baatcheet.app                    I  Authorization: Bearer eyJhbGciOiJIUzI1NiIsInR5cCI6IkpXVCJ9.eyJ1c2VySWQiOiJiMTM4YTIxMC0zNmViLTQyMDYtODgzNy01ZDY0NDg4N2Y3MDYiLCJjbGVya0lkIjoidXNlcl8zOEozT2FBQmxHZHozbXRvbGxscVhNbVVSN3QiLCJlbWFpbCI6Im11aGFtbWFkc2hhcmplZWxzYWxlZW0wNkBnbWFpbC5jb20iLCJpYXQiOjE3Njg1Nzc3OTksImV4cCI6MTc2OTE4MjU5OX0.NF4AQ72s73aSiS2E2j7VumDsb_IK1gF9q7e98CndkzU
2026-01-16 21:29:55.255 17435-25801 okhttp.OkHttpClient     com.baatcheet.app                    I  Content-Type: application/json
2026-01-16 21:29:55.255 17435-25801 okhttp.OkHttpClient     com.baatcheet.app                    I  {"conversationId":"b8b8793c-68ab-4af5-9770-f89df36dd3d2","isVoiceChat":true,"maxTokens":150,"message":"kya हाल-चाल hai theek ho","stream":false}
2026-01-16 21:29:55.255 17435-25801 okhttp.OkHttpClient     com.baatcheet.app                    I  --> END POST (156-byte body)
2026-01-16 21:29:56.615 17435-25801 okhttp.OkHttpClient     com.baatcheet.app                    I  <-- 200 https://sharry121-baatcheet.hf.space/api/v1/chat/completions (1359ms)
2026-01-16 21:29:56.615 17435-25801 okhttp.OkHttpClient     com.baatcheet.app                    I  date: Fri, 16 Jan 2026 16:29:56 GMT
2026-01-16 21:29:56.615 17435-25801 okhttp.OkHttpClient     com.baatcheet.app                    I  content-type: application/json; charset=utf-8
2026-01-16 21:29:56.615 17435-25801 okhttp.OkHttpClient     com.baatcheet.app                    I  content-length: 656
2026-01-16 21:29:56.616 17435-25801 okhttp.OkHttpClient     com.baatcheet.app                    I  x-request-id: EJ7kQe, EJ7kQe
2026-01-16 21:29:56.616 17435-25801 okhttp.OkHttpClient     com.baatcheet.app                    I  content-security-policy: default-src 'self';script-src 'self' 'unsafe-inline';style-src 'self' 'unsafe-inline';img-src 'self' data: https:;connect-src 'self' https://api.clerk.dev;base-uri 'self';font-src 'self' https: data:;form-action 'self';frame-ancestors 'self';object-src 'none';script-src-attr 'none';upgrade-insecure-requests
2026-01-16 21:29:56.616 17435-25801 okhttp.OkHttpClient     com.baatcheet.app                    I  cross-origin-opener-policy: same-origin
2026-01-16 21:29:56.616 17435-25801 okhttp.OkHttpClient     com.baatcheet.app                    I  cross-origin-resource-policy: cross-origin
2026-01-16 21:29:56.616 17435-25801 okhttp.OkHttpClient     com.baatcheet.app                    I  origin-agent-cluster: ?1
2026-01-16 21:29:56.616 17435-25801 okhttp.OkHttpClient     com.baatcheet.app                    I  referrer-policy: no-referrer
2026-01-16 21:29:56.616 17435-25801 okhttp.OkHttpClient     com.baatcheet.app                    I  strict-transport-security: max-age=31536000; includeSubDomains; preload
2026-01-16 21:29:56.616 17435-25801 okhttp.OkHttpClient     com.baatcheet.app                    I  x-content-type-options: nosniff
2026-01-16 21:29:56.617 17435-25801 okhttp.OkHttpClient     com.baatcheet.app                    I  x-dns-prefetch-control: off
2026-01-16 21:29:56.617 17435-25801 okhttp.OkHttpClient     com.baatcheet.app                    I  x-download-options: noopen
2026-01-16 21:29:56.617 17435-25801 okhttp.OkHttpClient     com.baatcheet.app                    I  x-frame-options: SAMEORIGIN
2026-01-16 21:29:56.617 17435-25801 okhttp.OkHttpClient     com.baatcheet.app                    I  x-permitted-cross-domain-policies: none
2026-01-16 21:29:56.617 17435-25801 okhttp.OkHttpClient     com.baatcheet.app                    I  x-xss-protection: 0
2026-01-16 21:29:56.617 17435-25801 okhttp.OkHttpClient     com.baatcheet.app                    I  vary: Origin
2026-01-16 21:29:56.617 17435-25801 okhttp.OkHttpClient     com.baatcheet.app                    I  vary: origin, access-control-request-method, access-control-request-headers
2026-01-16 21:29:56.617 17435-25801 okhttp.OkHttpClient     com.baatcheet.app                    I  access-control-allow-credentials: true
2026-01-16 21:29:56.617 17435-25801 okhttp.OkHttpClient     com.baatcheet.app                    I  access-control-expose-headers: X-Request-ID,X-Response-Time,X-RateLimit-Limit,X-RateLimit-Remaining,X-RateLimit-Reset
2026-01-16 21:29:56.618 17435-25801 okhttp.OkHttpClient     com.baatcheet.app                    I  x-clerk-auth-message: Unable to find a signing key in JWKS that matches the kid='undefined' of the provided session token. Please make sure that the __session cookie or the HTTP authorization header contain a Clerk-generated session JWT. The following kid is available: ins_384KLXR0s0ZW3aoWTGXIMeX8Ihm Go to your Dashboard and validate your secret and public keys are correct. Contact support@clerk.com if the issue persists. (reason=jwk-kid-mismatch, token-carrier=header)
2026-01-16 21:29:56.618 17435-25801 okhttp.OkHttpClient     com.baatcheet.app                    I  x-clerk-auth-reason: jwk-kid-mismatch
2026-01-16 21:29:56.618 17435-25801 okhttp.OkHttpClient     com.baatcheet.app                    I  x-clerk-auth-status: signed-out
2026-01-16 21:29:56.618 17435-25801 okhttp.OkHttpClient     com.baatcheet.app                    I  ratelimit-policy: 30;w=60
2026-01-16 21:29:56.618 17435-25801 okhttp.OkHttpClient     com.baatcheet.app                    I  ratelimit-limit: 30
2026-01-16 21:29:56.618 17435-25801 okhttp.OkHttpClient     com.baatcheet.app                    I  ratelimit-remaining: 27
2026-01-16 21:29:56.619 17435-25801 okhttp.OkHttpClient     com.baatcheet.app                    I  ratelimit-reset: 2
2026-01-16 21:29:56.619 17435-25801 okhttp.OkHttpClient     com.baatcheet.app                    I  x-response-time: 991ms
2026-01-16 21:29:56.619 17435-25801 okhttp.OkHttpClient     com.baatcheet.app                    I  etag: W/"290-cS8zAnkDgWhS1kGTwV4VXod1g/o"
2026-01-16 21:29:56.619 17435-25801 okhttp.OkHttpClient     com.baatcheet.app                    I  x-proxied-host: http://10.108.79.175
2026-01-16 21:29:56.619 17435-25801 okhttp.OkHttpClient     com.baatcheet.app                    I  x-proxied-replica: hvmrtznu-8psvw
2026-01-16 21:29:56.619 17435-25801 okhttp.OkHttpClient     com.baatcheet.app                    I  x-proxied-path: /api/v1/chat/completions
2026-01-16 21:29:56.619 17435-25801 okhttp.OkHttpClient     com.baatcheet.app                    I  link: <https://huggingface.co/spaces/sharry121/BaatCheet>;rel="canonical"
2026-01-16 21:29:56.621 17435-25801 okhttp.OkHttpClient     com.baatcheet.app                    I  {"success":true,"data":{"message":{"role":"assistant","content":"والا ایک دلچسپ بات ہے کہ آپ نے ہندی اور اردو دونوں کے الفاظ استعمال کیے ہیں۔ \"हाल-चाल\" ہندی میں ہے، لیکن اردو میں بھی سمجھا جاتا ہے۔ تو، میں کہوں گا کہ سب ٹھیک ہے، اور میں آپ سے بات کرنے کے لیے تیار ہوں۔ آپ کیا چاہتے ہیں کہ ہم بات کریں؟"},"conversationId":"b8b8793c-68ab-4af5-9770-f89df36dd3d2","model":"llama-3.3-70b-versatile","provider":"groq","tokens":{"prompt":3897,"completion":181,"total":4078}}}
2026-01-16 21:29:56.621 17435-25801 okhttp.OkHttpClient     com.baatcheet.app                    I  <-- END HTTP (656-byte body)
2026-01-16 21:29:56.638 17435-25801 okhttp.OkHttpClient     com.baatcheet.app                    I  --> POST https://sharry121-baatcheet.hf.space/api/v1/tts/generate
2026-01-16 21:29:56.638 17435-25801 okhttp.OkHttpClient     com.baatcheet.app                    I  Content-Length: 475
2026-01-16 21:29:56.638 17435-25801 okhttp.OkHttpClient     com.baatcheet.app                    I  Authorization: Bearer eyJhbGciOiJIUzI1NiIsInR5cCI6IkpXVCJ9.eyJ1c2VySWQiOiJiMTM4YTIxMC0zNmViLTQyMDYtODgzNy01ZDY0NDg4N2Y3MDYiLCJjbGVya0lkIjoidXNlcl8zOEozT2FBQmxHZHozbXRvbGxscVhNbVVSN3QiLCJlbWFpbCI6Im11aGFtbWFkc2hhcmplZWxzYWxlZW0wNkBnbWFpbC5jb20iLCJpYXQiOjE3Njg1Nzc3OTksImV4cCI6MTc2OTE4MjU5OX0.NF4AQ72s73aSiS2E2j7VumDsb_IK1gF9q7e98CndkzU
2026-01-16 21:29:56.638 17435-25801 okhttp.OkHttpClient     com.baatcheet.app                    I  Content-Type: application/json
2026-01-16 21:29:56.639 17435-25801 okhttp.OkHttpClient     com.baatcheet.app                    I  {"speed":1.0,"text":"والا ایک دلچسپ بات ہے کہ آپ نے ہندی اور اردو دونوں کے الفاظ استعمال کیے ہیں۔ \"हाल-चाल\" ہندی میں ہے، لیکن اردو میں بھی سمجھا جاتا ہے۔ تو، میں کہوں گا کہ سب ٹھیک ہے، اور میں آپ سے بات کرنے کے لیے تیار ہوں۔ آپ کیا چاہتے ہیں کہ ہم بات کریں؟","voice":"en-US-JennyNeural"}
2026-01-16 21:29:56.639 17435-25801 okhttp.OkHttpClient     com.baatcheet.app                    I  --> END POST (475-byte body)
2026-01-16 21:29:57.100 17435-25801 okhttp.OkHttpClient     com.baatcheet.app                    I  <-- 200 https://sharry121-baatcheet.hf.space/api/v1/tts/generate (460ms)
2026-01-16 21:29:57.100 17435-25801 okhttp.OkHttpClient     com.baatcheet.app                    I  date: Fri, 16 Jan 2026 16:29:57 GMT
2026-01-16 21:29:57.100 17435-25801 okhttp.OkHttpClient     com.baatcheet.app                    I  content-type: audio/mpeg
2026-01-16 21:29:57.100 17435-25801 okhttp.OkHttpClient     com.baatcheet.app                    I  content-length: 0
2026-01-16 21:29:57.100 17435-25801 okhttp.OkHttpClient     com.baatcheet.app                    I  x-request-id: ukrPR3, ukrPR3
