WARNING: Logcat was not cleared on the device itself because 'logcat -c' timed out.
---------------------------- PROCESS ENDED (7348) for package com.baatcheet.app ----------------------------
2026-01-16 01:07:41.676   976-1049  BufferQueueDebug        surfaceflinger                       E  [ActivityRecord{3a2f374 u0 com.baatcheet.app/.MainActivity t10349}#5527](this:0xb400007cba9fbd50,id:-1,api:0,p:-1,c:-1) id info cannot be read from 'ActivityRecord{3a2f374 u0 com.baatcheet.app/.MainActivity t10349}#5527'
2026-01-16 01:07:41.700   976-1049  BufferQueueDebug        surfaceflinger                       E  [e553d0c Splash Screen com.baatcheet.app#5528](this:0xb400007cba6ae140,id:-1,api:0,p:-1,c:-1) id info cannot be read from 'e553d0c Splash Screen com.baatcheet.app#5528'
2026-01-16 01:07:41.705   976-976   BufferQueueDebug        surfaceflinger                       E  [ActivityRecord{3a2f374 u0 com.baatcheet.app/.MainActivity t10349}#5527 (Mirror)#5530](this:0xb400007cba9ed980,id:-1,api:0,p:-1,c:-1) id info cannot be read from 'ActivityRecord{3a2f374 u0 com.baatcheet.app/.MainActivity t10349}#5527 (Mirror)#5530'
2026-01-16 01:07:41.705   976-976   BufferQueueDebug        surfaceflinger                       E  [e553d0c Splash Screen com.baatcheet.app#5528 (Mirror)#5531](this:0xb400007cba9620f0,id:-1,api:0,p:-1,c:-1) id info cannot be read from 'e553d0c Splash Screen com.baatcheet.app#5528 (Mirror)#5531'
2026-01-16 01:07:41.728   976-1049  BufferQueueDebug        surfaceflinger                       E  [Splash Screen com.baatcheet.app#5532](this:0xb400007cba8c5700,id:-1,api:0,p:-1,c:-1) id info cannot be read from 'Splash Screen com.baatcheet.app#5532'
2026-01-16 01:07:41.738   976-976   BufferQueueDebug        surfaceflinger                       E  [Splash Screen com.baatcheet.app#5532 (Mirror)#5533](this:0xb400007cba8ed4e0,id:-1,api:0,p:-1,c:-1) id info cannot be read from 'Splash Screen com.baatcheet.app#5532 (Mirror)#5533'
2026-01-16 01:07:41.798   976-1049  BufferQueueDebug        surfaceflinger                       E  [8112f47 ActivityRecordInputSink com.baatcheet.app/.MainActivity#5538](this:0xb400007cbaa45df0,id:-1,api:0,p:-1,c:-1) id info cannot be read from '8112f47 ActivityRecordInputSink com.baatcheet.app/.MainActivity#5538'
2026-01-16 01:07:41.807   976-976   BufferQueueDebug        surfaceflinger                       E  [8112f47 ActivityRecordInputSink com.baatcheet.app/.MainActivity#5538 (Mirror)#5539](this:0xb400007cba9eabf0,id:-1,api:0,p:-1,c:-1) id info cannot be read from '8112f47 ActivityRecordInputSink com.baatcheet.app/.MainActivity#5538 (Mirror)#5539'
---------------------------- PROCESS STARTED (28276) for package com.baatcheet.app ----------------------------
2026-01-16 01:07:42.037 28276-28276 m.baatcheet.app         com.baatcheet.app                    W  Redefining intrinsic method java.lang.Thread java.lang.Thread.currentThread(). This may cause the unexpected use of the original definition of java.lang.Thread java.lang.Thread.currentThread()in methods that have already been compiled.
2026-01-16 01:07:42.037 28276-28276 m.baatcheet.app         com.baatcheet.app                    W  Redefining intrinsic method boolean java.lang.Thread.interrupted(). This may cause the unexpected use of the original definition of boolean java.lang.Thread.interrupted()in methods that have already been compiled.
2026-01-16 01:07:42.042 28276-28276 Compatibil...geReporter com.baatcheet.app                    D  Compat change id reported: 171979766; UID 10639; state: ENABLED
2026-01-16 01:07:42.043 28276-28276 Compatibil...geReporter com.baatcheet.app                    D  Compat change id reported: 242716250; UID 10639; state: ENABLED
2026-01-16 01:07:42.045 28276-28276 TranClassInfo           com.baatcheet.app                    D  instance successfully. com.transsion.hubcore.graphics.TranGraphicImpl@e7c6aa5 from com.transsion.hubcore.graphics.ITranGraphic
2026-01-16 01:07:42.045 28276-28276 os.SingleLiceFactory    com.baatcheet.app                    D  instance successfully. com.transsion.typeface.v1.TypefaceLice@ff6acf3 from android.graphics.IGraphicLice
2026-01-16 01:07:42.045 28276-28276 os.LiceInfo             com.baatcheet.app                    D  instance successfully. com.transsion.graphics.GraphicLice@415de7a from android.graphics.IGraphicLice
2026-01-16 01:07:42.403   976-976   BufferQueueDebug        surfaceflinger                       E  [ActivityRecord{3a2f374 u0 com.baatcheet.app/.MainActivity t10349}#5527 (Mirror)#5605](this:0xb400007cba9620f0,id:-1,api:0,p:-1,c:-1) id info cannot be read from 'ActivityRecord{3a2f374 u0 com.baatcheet.app/.MainActivity t10349}#5527 (Mirror)#5605'
2026-01-16 01:07:42.403   976-976   BufferQueueDebug        surfaceflinger                       E  [8112f47 ActivityRecordInputSink com.baatcheet.app/.MainActivity#5538 (Mirror)#5606](this:0xb400007cba8ed4e0,id:-1,api:0,p:-1,c:-1) id info cannot be read from '8112f47 ActivityRecordInputSink com.baatcheet.app/.MainActivity#5538 (Mirror)#5606'
2026-01-16 01:07:42.403   976-976   BufferQueueDebug        surfaceflinger                       E  [e553d0c Splash Screen com.baatcheet.app#5528 (Mirror)#5607](this:0xb400007cba931a60,id:-1,api:0,p:-1,c:-1) id info cannot be read from 'e553d0c Splash Screen com.baatcheet.app#5528 (Mirror)#5607'
2026-01-16 01:07:42.403   976-976   BufferQueueDebug        surfaceflinger                       E  [Splash Screen com.baatcheet.app#5532 (Mirror)#5608](this:0xb400007cba8aea80,id:-1,api:0,p:-1,c:-1) id info cannot be read from 'Splash Screen com.baatcheet.app#5532 (Mirror)#5608'
2026-01-16 01:07:42.654   976-976   BufferQueueDebug        surfaceflinger                       E  [ActivityRecord{3a2f374 u0 com.baatcheet.app/.MainActivity t10349}#5527 (Mirror)#5739](this:0xb400007cba94e200,id:-1,api:0,p:-1,c:-1) id info cannot be read from 'ActivityRecord{3a2f374 u0 com.baatcheet.app/.MainActivity t10349}#5527 (Mirror)#5739'
2026-01-16 01:07:42.654   976-976   BufferQueueDebug        surfaceflinger                       E  [8112f47 ActivityRecordInputSink com.baatcheet.app/.MainActivity#5538 (Mirror)#5740](this:0xb400007cba9620f0,id:-1,api:0,p:-1,c:-1) id info cannot be read from '8112f47 ActivityRecordInputSink com.baatcheet.app/.MainActivity#5538 (Mirror)#5740'
2026-01-16 01:07:42.654   976-976   BufferQueueDebug        surfaceflinger                       E  [e553d0c Splash Screen com.baatcheet.app#5528 (Mirror)#5741](this:0xb400007cba931a60,id:-1,api:0,p:-1,c:-1) id info cannot be read from 'e553d0c Splash Screen com.baatcheet.app#5528 (Mirror)#5741'
2026-01-16 01:07:42.654   976-976   BufferQueueDebug        surfaceflinger                       E  [Splash Screen com.baatcheet.app#5532 (Mirror)#5742](this:0xb400007cba8aea80,id:-1,api:0,p:-1,c:-1) id info cannot be read from 'Splash Screen com.baatcheet.app#5532 (Mirror)#5742'
2026-01-16 01:07:42.664 28276-28276 nativeloader            com.baatcheet.app                    D  Configuring clns-4 for other apk /data/app/~~KDn8ZSR9jcJNpPihL_OBhg==/com.baatcheet.app-eEeJy2Q_r20ITxc9jLHexw==/base.apk. target_sdk_version=34, uses_libraries=, library_path=/data/app/~~KDn8ZSR9jcJNpPihL_OBhg==/com.baatcheet.app-eEeJy2Q_r20ITxc9jLHexw==/lib/arm64, permitted_path=/data:/mnt/expand:/data/user/0/com.baatcheet.app
2026-01-16 01:07:42.673 28276-28276 nativeloader            com.baatcheet.app                    D  Load libframework-connectivity-jni.so using APEX ns com_android_tethering for caller /apex/com.android.tethering/javalib/framework-connectivity.jar: ok
2026-01-16 01:07:42.679 28276-28276 GraphicsEnvironment     com.baatcheet.app                    V  Currently set values for:
2026-01-16 01:07:42.679 28276-28276 GraphicsEnvironment     com.baatcheet.app                    V    angle_gl_driver_selection_pkgs=[]
2026-01-16 01:07:42.679 28276-28276 GraphicsEnvironment     com.baatcheet.app                    V    angle_gl_driver_selection_values=[]
2026-01-16 01:07:42.680 28276-28276 GraphicsEnvironment     com.baatcheet.app                    V  ANGLE GameManagerService for com.baatcheet.app: false
2026-01-16 01:07:42.680 28276-28276 GraphicsEnvironment     com.baatcheet.app                    V  com.baatcheet.app is not listed in per-application setting
2026-01-16 01:07:42.680 28276-28276 GraphicsEnvironment     com.baatcheet.app                    V  Neither updatable production driver nor prerelease driver is supported.
2026-01-16 01:07:42.684 28276-28276 LoadedApk               com.baatcheet.app                    I  No resource references to update in package com.transsion.theme.icon
2026-01-16 01:07:42.693 28276-28276 Compatibil...geReporter com.baatcheet.app                    D  Compat change id reported: 183155436; UID 10639; state: ENABLED
2026-01-16 01:07:42.697 28276-28276 os.SingleLiceFactory    com.baatcheet.app                    D  using android.app.IActivityThreadLice$DefaultImpl@a15e3ae instead of com.transsion.activityembedding.ActivityEmbeddingLiceFactory  from android.app.IActivityThreadLice
2026-01-16 01:07:42.726 28276-28276 MbrainDebugManagerImpl  com.baatcheet.app                    D  getService failed
2026-01-16 01:07:42.741 28276-16643 libMEOW                 com.baatcheet.app                    D  meow new tls: 0xb40000789026f0a0
2026-01-16 01:07:42.749 28276-16643 libMEOW                 com.baatcheet.app                    D  meow reload base cfg path: na
2026-01-16 01:07:42.749 28276-16643 libMEOW                 com.baatcheet.app                    D  meow reload overlay cfg path: na
2026-01-16 01:07:42.749 28276-16643 QT                      com.baatcheet.app                    W  qt_process_init() called
2026-01-16 01:07:42.749 28276-16643 QT                      com.baatcheet.app                    E  [QT]file does not exist
2026-01-16 01:07:42.749 28276-16643 QT                      com.baatcheet.app                    W  Support!!
2026-01-16 01:07:42.764 28276-16643 libMEOW_gift            com.baatcheet.app                    I  open /data/performance/gift/arc.ini
2026-01-16 01:07:42.764 28276-16643 QT                      com.baatcheet.app                    E  [QT]file does not exist
2026-01-16 01:07:42.764 28276-16643 libMEOW                 com.baatcheet.app                    D  applied 1 plugins for [com.baatcheet.app]:
2026-01-16 01:07:42.764 28276-16643 libMEOW                 com.baatcheet.app                    D    plugin 1: [libMEOW_gift.so]: 0xb4000077601f2030
2026-01-16 01:07:42.765 28276-16643 libMEOW                 com.baatcheet.app                    D  rebuild call chain: 0xb40000789025f090
2026-01-16 01:07:42.765 28276-16643 libMEOW                 com.baatcheet.app                    D  meow delete tls: 0xb40000789026f0a0
2026-01-16 01:07:42.806 28276-28276 ActivityThread          com.baatcheet.app                    D  ++ activityComponent:com.baatcheet.app/com.baatcheet.app.MainActivity counts:1 ALEAK_CLEAR_SUPPORT:true
2026-01-16 01:07:42.816 28276-28276 TranClassInfo           com.baatcheet.app                    D  instance successfully. com.transsion.hubcore.app.TranActivityImpl@19e4a30 from com.transsion.hubcore.app.ITranActivity
2026-01-16 01:07:42.817 28276-28276 TranVersion             com.baatcheet.app                    I  TranVersion static initializer: default = 34.3.1.1
                                                                                                     debug = false, debug_version = 34.3.1.1
2026-01-16 01:07:42.817 28276-28276 TranClassInfo           com.baatcheet.app                    D  instance successfully. com.transsion.hubcore.spdopts.magellan.implement.TranMagellanActivityComponentImpl@c2066a9 from com.transsion.hubcore.magellan.ITranMagellanActivityComponent
2026-01-16 01:07:42.818 28276-28276 System                  com.baatcheet.app                    W  ClassLoader referenced unknown path: /system_ext/framework/multidisplay.jar
2026-01-16 01:07:42.820 28276-28276 TranClassInfo           com.baatcheet.app                    W  instance failed. com.transsion.display.multidisplay.core.MultiDisplayCoreComponentImpl from com.transsion.hubcore.multidisplay.ITranMultiDisplayCoreComponent (Explain with AI)
                                                                                                    java.lang.ClassNotFoundException: com.transsion.display.multidisplay.core.MultiDisplayCoreComponentImpl
                                                                                                    	at java.lang.Class.classForName(Native Method)
                                                                                                    	at java.lang.Class.forName(Class.java:591)
                                                                                                    	at com.transsion.hubcore.utils.TranClassInfo.getImpl(TranClassInfo.java:124)
                                                                                                    	at com.transsion.hubcore.multidisplay.ITranMultiDisplayCoreComponent.Instance(ITranMultiDisplayCoreComponent.java:32)
                                                                                                    	at com.transsion.hubcore.app.TranActivityImpl.attach(TranActivityImpl.java:44)
                                                                                                    	at android.app.Activity.attach(Activity.java:8562)
                                                                                                    	at android.app.ActivityThread.performLaunchActivity(ActivityThread.java:3885)
                                                                                                    	at android.app.ActivityThread.handleLaunchActivity(ActivityThread.java:4079)
                                                                                                    	at android.app.servertransaction.LaunchActivityItem.execute(LaunchActivityItem.java:114)
                                                                                                    	at android.app.servertransaction.TransactionExecutor.executeCallbacks(TransactionExecutor.java:139)
                                                                                                    	at android.app.servertransaction.TransactionExecutor.execute(TransactionExecutor.java:96)
                                                                                                    	at android.app.ActivityThread$H.handleMessage(ActivityThread.java:2552)
                                                                                                    	at android.os.Handler.dispatchMessage(Handler.java:106)
                                                                                                    	at android.os.Looper.loopOnce(Looper.java:243)
                                                                                                    	at android.os.Looper.loop(Looper.java:338)
                                                                                                    	at android.app.ActivityThread.main(ActivityThread.java:8506)
                                                                                                    	at java.lang.reflect.Method.invoke(Native Method)
                                                                                                    	at com.android.internal.os.RuntimeInit$MethodAndArgsCaller.run(RuntimeInit.java:602)
                                                                                                    	at com.android.internal.os.ZygoteInit.main(ZygoteInit.java:1064)
                                                                                                    Caused by: java.lang.ClassNotFoundException: Didn't find class "com.transsion.display.multidisplay.core.MultiDisplayCoreComponentImpl" on path: DexPathList[[],nativeLibraryDirectories=[/system/lib64, /system_ext/lib64]]
                                                                                                    	at dalvik.system.BaseDexClassLoader.findClass(BaseDexClassLoader.java:259)
                                                                                                    	at java.lang.ClassLoader.loadClass(ClassLoader.java:642)
                                                                                                    	at java.lang.ClassLoader.loadClass(ClassLoader.java:578)
                                                                                                    	at java.lang.Class.classForName(Native Method) 
                                                                                                    	at java.lang.Class.forName(Class.java:591) 
                                                                                                    	at com.transsion.hubcore.utils.TranClassInfo.getImpl(TranClassInfo.java:124) 
                                                                                                    	at com.transsion.hubcore.multidisplay.ITranMultiDisplayCoreComponent.Instance(ITranMultiDisplayCoreComponent.java:32) 
                                                                                                    	at com.transsion.hubcore.app.TranActivityImpl.attach(TranActivityImpl.java:44) 
                                                                                                    	at android.app.Activity.attach(Activity.java:8562) 
                                                                                                    	at android.app.ActivityThread.performLaunchActivity(ActivityThread.java:3885) 
                                                                                                    	at android.app.ActivityThread.handleLaunchActivity(ActivityThread.java:4079) 
                                                                                                    	at android.app.servertransaction.LaunchActivityItem.execute(LaunchActivityItem.java:114) 
                                                                                                    	at android.app.servertransaction.TransactionExecutor.executeCallbacks(TransactionExecutor.java:139) 
                                                                                                    	at android.app.servertransaction.TransactionExecutor.execute(TransactionExecutor.java:96) 
                                                                                                    	at android.app.ActivityThread$H.handleMessage(ActivityThread.java:2552) 
                                                                                                    	at android.os.Handler.dispatchMessage(Handler.java:106) 
                                                                                                    	at android.os.Looper.loopOnce(Looper.java:243) 
                                                                                                    	at android.os.Looper.loop(Looper.java:338) 
                                                                                                    	at android.app.ActivityThread.main(ActivityThread.java:8506) 
                                                                                                    	at java.lang.reflect.Method.invoke(Native Method) 
                                                                                                    	at com.android.internal.os.RuntimeInit$MethodAndArgsCaller.run(RuntimeInit.java:602) 
                                                                                                    	at com.android.internal.os.ZygoteInit.main(ZygoteInit.java:1064) 
2026-01-16 01:07:42.820 28276-28276 TranClassInfo           com.baatcheet.app                    D  using com.transsion.hubcore.multidisplay.ITranMultiDisplayCoreComponent$1@5d5d95c instead of [com.transsion.display.multidisplay.core.MultiDisplayCoreComponentImpl] from com.transsion.hubcore.multidisplay.ITranMultiDisplayCoreComponent
2026-01-16 01:07:42.826 28276-28276 TranClassInfo           com.baatcheet.app                    D  instance successfully. com.transsion.hubcore.view.TranViewImpl@18b953a from com.transsion.hubcore.view.ITranView
2026-01-16 01:07:42.830 28276-28276 os.SingleLice           com.baatcheet.app                    D  instance successfully. com.transsion.dragdrop.v1.DragDropLice@4c265eb from com.transsion.dragdrop.DragDropLiceFactory
2026-01-16 01:07:42.831 28276-28276 os.SingleLiceFactory    com.baatcheet.app                    D  instance successfully. com.transsion.dragdrop.v1.DragDropLice@4c265eb from android.view.IViewLice
2026-01-16 01:07:42.831 28276-28276 os.LiceInfo             com.baatcheet.app                    D  instance successfully. com.transsion.view.ViewLice@952f48 from android.view.IViewLice
2026-01-16 01:07:42.831 28276-28276 TranClassInfo           com.baatcheet.app                    D  instance successfully. com.transsion.hubcore.spdopts.magellan.implement.TranMagellanViewComponentImpl@d9d41e1 from com.transsion.hubcore.magellan.ITranMagellanViewComponent
2026-01-16 01:07:42.842 28276-28276 TranClassInfo           com.baatcheet.app                    D  instance successfully. com.transsion.hubcore.internal.TranInternalViewImpl@acb1b1d from com.transsion.hubcore.internal.ITranInternalView
2026-01-16 01:07:42.842 28276-28276 os.SingleLice           com.baatcheet.app                    D  instance successfully. com.transsion.whitenavigation.v1.WhiteNavigationLice@2b9192 from com.transsion.whitenavigation.WhiteNavigationLiceFactory
2026-01-16 01:07:42.842 28276-28276 os.SingleLiceFactory    com.baatcheet.app                    D  instance successfully. com.transsion.whitenavigation.v1.WhiteNavigationLice@2b9192 from com.android.internal.IInternalViewLice
2026-01-16 01:07:42.843 28276-28276 os.SingleLice           com.baatcheet.app                    D  instance successfully. com.transsion.screenshothelper.v1.ScreenShotHelperImplLice@1d3a763 from com.transsion.screenshothelper.ScreenShotHelperImplLiceFactory
2026-01-16 01:07:42.843 28276-28276 os.SingleLiceFactory    com.baatcheet.app                    D  instance successfully. com.transsion.screenshothelper.v1.ScreenShotHelperImplLice@1d3a763 from com.android.internal.IInternalViewLice
2026-01-16 01:07:42.843 28276-28276 os.SingleLiceFactory    com.baatcheet.app                    D  using com.android.internal.IInternalViewLice$DefaultImpl@db09f60 instead of com.transsion.flamboyant.FlamboyantLiceFactory  from com.android.internal.IInternalViewLice
2026-01-16 01:07:42.843 28276-28276 os.LiceInfo             com.baatcheet.app                    D  instance successfully. com.transsion.internal.InternalViewLice@9034c19 from com.android.internal.IInternalViewLice
2026-01-16 01:07:42.885 28276-16618 ActivityThreadLice      com.baatcheet.app                    D  received OSMessage 110001
2026-01-16 01:07:42.885 28276-16618 ActivityThreadLice      com.baatcheet.app                    D  send OSMessage 110001 to [-1]
2026-01-16 01:07:42.891 28276-16618 OSServiceManager        com.baatcheet.app                    D  update local os service os.activity from null to android.os.BinderProxy@28e058d
2026-01-16 01:07:42.895 28276-28276 M-ProMotion             com.baatcheet.app                    I  M-ProMotion is disabled
2026-01-16 01:07:42.900 28276-28276 TranClassInfo           com.baatcheet.app                    D  instance successfully. com.transsion.hubcore.view.TranWindowManagerGlobalImpl@e516daf from com.transsion.hubcore.view.ITranWindowManagerGlobal
2026-01-16 01:07:42.914 28276-16645 nativeloader            com.baatcheet.app                    D  Load libpowerhalwrap_jni.so using system ns (caller=/system_ext/framework/mediatek-framework.jar): ok
2026-01-16 01:07:42.915 28276-16645 PowerHalWrapper         com.baatcheet.app                    I  PowerHalWrapper.getInstance 
2026-01-16 01:07:42.916 28276-28276 SurfaceFactory          com.baatcheet.app                    I  [static] sSurfaceFactory = com.transsion.rt.SurfaceFactoryImpl@c7135bc
2026-01-16 01:07:42.918 28276-28276 Compatibil...geReporter com.baatcheet.app                    D  Compat change id reported: 237531167; UID 10639; state: DISABLED
2026-01-16 01:07:42.933 28276-28276 VRI[MainActivity]       com.baatcheet.app                    D  hardware acceleration = true, forceHwAccelerated = false
2026-01-16 01:07:42.933 28276-28276 VRInsetsControllerHost  com.baatcheet.app                    D  setSystemBarsAppearance appearance:24 com.baatcheet.app/com.baatcheet.app.MainActivity
2026-01-16 01:07:42.934 28276-28276 TranWindow...rationImpl com.baatcheet.app                    I  field:-1
2026-01-16 01:07:42.934 28276-28276 TranWindow...rationImpl com.baatcheet.app                    I  field:1024
2026-01-16 01:07:42.934 28276-28276 TranWindow...rationImpl com.baatcheet.app                    I  field:2048
2026-01-16 01:07:42.934 28276-28276 TranWindow...rationImpl com.baatcheet.app                    I  field:0
2026-01-16 01:07:42.934 28276-28276 TranWindow...rationImpl com.baatcheet.app                    I  field:-1
2026-01-16 01:07:42.934 28276-28276 TranWindow...rationImpl com.baatcheet.app                    I  field:4096
2026-01-16 01:07:42.934 28276-28276 TranWindow...rationImpl com.baatcheet.app                    I  field:2
2026-01-16 01:07:42.934 28276-28276 TranWindow...rationImpl com.baatcheet.app                    I  field:4
2026-01-16 01:07:42.934 28276-28276 TranWindow...rationImpl com.baatcheet.app                    I  field:8
2026-01-16 01:07:42.934 28276-28276 TranWindow...rationImpl com.baatcheet.app                    I  field:16
2026-01-16 01:07:42.934 28276-28276 TranWindow...rationImpl com.baatcheet.app                    I  field:32
2026-01-16 01:07:42.934 28276-28276 TranWindow...rationImpl com.baatcheet.app                    I  field:64
2026-01-16 01:07:42.934 28276-28276 TranWindow...rationImpl com.baatcheet.app                    I  field:128
2026-01-16 01:07:42.934 28276-28276 TranWindow...rationImpl com.baatcheet.app                    I  field:256
2026-01-16 01:07:42.934 28276-28276 TranWindow...rationImpl com.baatcheet.app                    I  field:-1
2026-01-16 01:07:42.934 28276-28276 TranWindow...rationImpl com.baatcheet.app                    I  field:8192
2026-01-16 01:07:42.934 28276-28276 TranWindow...rationImpl com.baatcheet.app                    I  field:0
2026-01-16 01:07:42.934 28276-28276 TranWindow...rationImpl com.baatcheet.app                    I  field:1
2026-01-16 01:07:42.934 28276-28276 TranWindow...rationImpl com.baatcheet.app                    I  field:2
2026-01-16 01:07:42.934 28276-28276 TranWindow...rationImpl com.baatcheet.app                    I  field:3
2026-01-16 01:07:42.934 28276-28276 TranWindow...rationImpl com.baatcheet.app                    I  field:4
2026-01-16 01:07:42.934 28276-28276 TranWindow...rationImpl com.baatcheet.app                    I  field:5
2026-01-16 01:07:42.934 28276-28276 TranWindow...rationImpl com.baatcheet.app                    I  field:6
2026-01-16 01:07:42.934 28276-28276 TranWindow...rationImpl com.baatcheet.app                    I  field:7
2026-01-16 01:07:42.934 28276-28276 TranWindow...rationImpl com.baatcheet.app                    I  field:8
2026-01-16 01:07:42.934 28276-28276 TranWindow...rationImpl com.baatcheet.app                    I  field:9
2026-01-16 01:07:42.934 28276-28276 TranWindow...rationImpl com.baatcheet.app                    I  field:10
2026-01-16 01:07:42.934 28276-28276 TranWindow...rationImpl com.baatcheet.app                    I  field:11
2026-01-16 01:07:42.934 28276-28276 TranWindow...rationImpl com.baatcheet.app                    I  field:12
2026-01-16 01:07:42.935 28276-28276 TranWindow...rationImpl com.baatcheet.app                    I  field:13
2026-01-16 01:07:42.935 28276-28276 TranWindow...rationImpl com.baatcheet.app                    I  field:1001
2026-01-16 01:07:42.935 28276-28276 TranWindow...rationImpl com.baatcheet.app                    I  field:0
2026-01-16 01:07:42.935 28276-28276 TranWindow...rationImpl com.baatcheet.app                    I  field:1
2026-01-16 01:07:42.935 28276-28276 TranWindow...rationImpl com.baatcheet.app                    I  field:2
2026-01-16 01:07:42.935 28276-28276 TranWindow...rationImpl com.baatcheet.app                    I  field:4
2026-01-16 01:07:42.935 28276-28276 TranWindow...rationImpl com.baatcheet.app                    I  field:0
2026-01-16 01:07:42.935 28276-28276 TranWindow...rationImpl com.baatcheet.app                    I  field:1
2026-01-16 01:07:42.935 28276-28276 TranWindow...rationImpl com.baatcheet.app                    I  field:0
2026-01-16 01:07:42.935 28276-28276 TranWindow...rationImpl com.baatcheet.app                    I  field:1
2026-01-16 01:07:42.935 28276-28276 TranWindow...rationImpl com.baatcheet.app                    I  field:com.transsion.multiwindow.showcaption
2026-01-16 01:07:42.935 28276-28276 TranClassInfo           com.baatcheet.app                    D  instance successfully. com.transsion.hubcore.app.TranWindowConfigurationImpl@df9f1a8 from com.transsion.hubcore.server.app.ITranWindowConfiguration
2026-01-16 01:07:42.935 28276-28276 config_debug            com.baatcheet.app                    I  updateDecorCaptionStatus: {1.0 410mcc3mnc [en_US,nl_NL] ldltr sw441dp w441dp h910dp 392dpi nrml long widecg port finger -keyb/v/h -nav/h winConfig={ mBounds=Rect(0, 0 - 1080, 2436) mAppBounds=Rect(0, 108 - 1080, 2338) mMaxBounds=Rect(0, 0 - 1080, 2436) mDisplayRotation=ROTATION_0 mWindowingMode=fullscreen mDisplayWindowingMode=fullscreen mMultiWindowMode=normal mMultiWindowId=0 mWindowResiable=6 mInLargeScreen=-1 mActivityType=standard mAlwaysOnTop=undefined mRotation=ROTATION_0 mUiOptSpec=-1 mCurDisplayId=-1} as.2 s.1 fontWeightAdjustment=0} fromMultiWindow: false
2026-01-16 01:07:42.935 28276-28276 ViewRootImpl            com.baatcheet.app                    D  setView appearance:24 com.baatcheet.app/com.baatcheet.app.MainActivity
2026-01-16 01:07:42.939   976-1049  BufferQueueDebug        surfaceflinger                       E  [b998d22 com.baatcheet.app/com.baatcheet.app.MainActivity#5810](this:0xb400007cba9b77d0,id:-1,api:0,p:-1,c:-1) id info cannot be read from 'b998d22 com.baatcheet.app/com.baatcheet.app.MainActivity#5810'
2026-01-16 01:07:42.944 28276-28276 TranClassInfo           com.baatcheet.app                    D  instance successfully. com.transsion.hubcore.view.TranWindowLayoutImpl@afd44c1 from com.transsion.hubcore.view.ITranWindowLayout
2026-01-16 01:07:42.945 28276-28276 libMEOW                 com.baatcheet.app                    D  meow new tls: 0xb40000789027f0b0
2026-01-16 01:07:42.945 28276-28276 libMEOW                 com.baatcheet.app                    D  applied 1 plugins for [com.baatcheet.app]:
2026-01-16 01:07:42.945 28276-28276 libMEOW                 com.baatcheet.app                    D    plugin 1: [libMEOW_gift.so]: 0xb4000077601f2030
2026-01-16 01:07:42.945 28276-28276 libMEOW                 com.baatcheet.app                    D  rebuild call chain: 0xb4000078902af0e0
2026-01-16 01:07:42.946   976-976   BufferQueueDebug        surfaceflinger                       E  [b998d22 com.baatcheet.app/com.baatcheet.app.MainActivity#5810 (Mirror)#5811](this:0xb400007cba9e2340,id:-1,api:0,p:-1,c:-1) id info cannot be read from 'b998d22 com.baatcheet.app/com.baatcheet.app.MainActivity#5810 (Mirror)#5811'
2026-01-16 01:07:42.946 28276-28276 InputTransport          com.baatcheet.app                    D  Create ARC handle: 0xb4000078f0224b40
2026-01-16 01:07:42.946 28276-28276 InputEventReceiver      com.baatcheet.app                    D  Input log is disabled in InputEventReceiver.
2026-01-16 01:07:42.946 28276-28276 InputTransport          com.baatcheet.app                    D  Input log is disabled in InputChannel.
2026-01-16 01:07:43.325 28276-16611 m.baatcheet.app         com.baatcheet.app                    I  Compiler allocated 6110KB to compile void android.view.ViewRootImpl.performTraversals()
2026-01-16 01:07:43.348 28276-28276 m.baatcheet.app         com.baatcheet.app                    W  Method boolean androidx.compose.runtime.snapshots.SnapshotStateList.conditionalUpdate(boolean, kotlin.jvm.functions.Function1) failed lock verification and will run slower.
                                                                                                    Common causes for lock verification issues are non-optimized dex code
                                                                                                    and incorrect proguard optimizations.
2026-01-16 01:07:43.348 28276-28276 m.baatcheet.app         com.baatcheet.app                    W  Method boolean androidx.compose.runtime.snapshots.SnapshotStateList.conditionalUpdate$default(androidx.compose.runtime.snapshots.SnapshotStateList, boolean, kotlin.jvm.functions.Function1, int, java.lang.Object) failed lock verification and will run slower.
2026-01-16 01:07:43.348 28276-28276 m.baatcheet.app         com.baatcheet.app                    W  Method java.lang.Object androidx.compose.runtime.snapshots.SnapshotStateList.mutate(kotlin.jvm.functions.Function1) failed lock verification and will run slower.
2026-01-16 01:07:43.348 28276-28276 m.baatcheet.app         com.baatcheet.app                    W  Method void androidx.compose.runtime.snapshots.SnapshotStateList.update(boolean, kotlin.jvm.functions.Function1) failed lock verification and will run slower.
2026-01-16 01:07:43.348 28276-28276 m.baatcheet.app         com.baatcheet.app                    W  Method void androidx.compose.runtime.snapshots.SnapshotStateList.update$default(androidx.compose.runtime.snapshots.SnapshotStateList, boolean, kotlin.jvm.functions.Function1, int, java.lang.Object) failed lock verification and will run slower.
2026-01-16 01:07:43.431 28276-28276 m.baatcheet.app         com.baatcheet.app                    I  hiddenapi: Accessing hidden method Ljava/lang/invoke/MethodHandles$Lookup;-><init>(Ljava/lang/Class;I)V (runtime_flags=0, domain=core-platform, api=unsupported) from Lretrofit2/Platform; (domain=app, TargetSdkVersion=34) using reflection: allowed
2026-01-16 01:07:43.478 28276-16649 okhttp.OkHttpClient     com.baatcheet.app                    I  --> GET https://sharry121-baatcheet.hf.space/api/v1/conversations?limit=50&offset=0
2026-01-16 01:07:43.478 28276-16650 okhttp.OkHttpClient     com.baatcheet.app                    I  --> GET https://sharry121-baatcheet.hf.space/api/v1/projects
2026-01-16 01:07:43.478 28276-16649 okhttp.OkHttpClient     com.baatcheet.app                    I  Authorization: Bearer eyJhbGciOiJIUzI1NiIsInR5cCI6IkpXVCJ9.eyJ1c2VySWQiOiIyODIxYWY1Yy05MGFiLTQ1OGMtOWQ5NC04NWVlZDU1ZTkwYzMiLCJjbGVya0lkIjoidXNlcl8zODZDZTNHVHNUb1lrWnpHbTcxVkJ3NkxWUDAiLCJlbWFpbCI6Im9uc2Vhc29uMTBAZ21haWwuY29tIiwiaWF0IjoxNzY4NTA1MjEwLCJleHAiOjE3NjkxMTAwMTB9.5ITLSa_E8QWLBxQXllP-BQCBU0yfr8WSjT_7lzeHaoE
2026-01-16 01:07:43.478 28276-16650 okhttp.OkHttpClient     com.baatcheet.app                    I  Authorization: Bearer eyJhbGciOiJIUzI1NiIsInR5cCI6IkpXVCJ9.eyJ1c2VySWQiOiIyODIxYWY1Yy05MGFiLTQ1OGMtOWQ5NC04NWVlZDU1ZTkwYzMiLCJjbGVya0lkIjoidXNlcl8zODZDZTNHVHNUb1lrWnpHbTcxVkJ3NkxWUDAiLCJlbWFpbCI6Im9uc2Vhc29uMTBAZ21haWwuY29tIiwiaWF0IjoxNzY4NTA1MjEwLCJleHAiOjE3NjkxMTAwMTB9.5ITLSa_E8QWLBxQXllP-BQCBU0yfr8WSjT_7lzeHaoE
2026-01-16 01:07:43.478 28276-16650 okhttp.OkHttpClient     com.baatcheet.app                    I  Content-Type: application/json
2026-01-16 01:07:43.478 28276-16649 okhttp.OkHttpClient     com.baatcheet.app                    I  Content-Type: application/json
2026-01-16 01:07:43.479 28276-16650 okhttp.OkHttpClient     com.baatcheet.app                    I  --> END GET
2026-01-16 01:07:43.480 28276-16649 okhttp.OkHttpClient     com.baatcheet.app                    I  --> END GET
2026-01-16 01:07:43.486 28276-16651 okhttp.OkHttpClient     com.baatcheet.app                    I  --> GET https://sharry121-baatcheet.hf.space/api/v1/chat/modes
2026-01-16 01:07:43.486 28276-16651 okhttp.OkHttpClient     com.baatcheet.app                    I  Authorization: Bearer eyJhbGciOiJIUzI1NiIsInR5cCI6IkpXVCJ9.eyJ1c2VySWQiOiIyODIxYWY1Yy05MGFiLTQ1OGMtOWQ5NC04NWVlZDU1ZTkwYzMiLCJjbGVya0lkIjoidXNlcl8zODZDZTNHVHNUb1lrWnpHbTcxVkJ3NkxWUDAiLCJlbWFpbCI6Im9uc2Vhc29uMTBAZ21haWwuY29tIiwiaWF0IjoxNzY4NTA1MjEwLCJleHAiOjE3NjkxMTAwMTB9.5ITLSa_E8QWLBxQXllP-BQCBU0yfr8WSjT_7lzeHaoE
2026-01-16 01:07:43.487 28276-16651 okhttp.OkHttpClient     com.baatcheet.app                    I  Content-Type: application/json
2026-01-16 01:07:43.487 28276-16651 okhttp.OkHttpClient     com.baatcheet.app                    I  --> END GET
2026-01-16 01:07:43.491 28276-16654 okhttp.OkHttpClient     com.baatcheet.app                    I  --> GET https://sharry121-baatcheet.hf.space/api/v1/chat/usage
2026-01-16 01:07:43.491 28276-16654 okhttp.OkHttpClient     com.baatcheet.app                    I  Authorization: Bearer eyJhbGciOiJIUzI1NiIsInR5cCI6IkpXVCJ9.eyJ1c2VySWQiOiIyODIxYWY1Yy05MGFiLTQ1OGMtOWQ5NC04NWVlZDU1ZTkwYzMiLCJjbGVya0lkIjoidXNlcl8zODZDZTNHVHNUb1lrWnpHbTcxVkJ3NkxWUDAiLCJlbWFpbCI6Im9uc2Vhc29uMTBAZ21haWwuY29tIiwiaWF0IjoxNzY4NTA1MjEwLCJleHAiOjE3NjkxMTAwMTB9.5ITLSa_E8QWLBxQXllP-BQCBU0yfr8WSjT_7lzeHaoE
2026-01-16 01:07:43.491 28276-16654 okhttp.OkHttpClient     com.baatcheet.app                    I  Content-Type: application/json
2026-01-16 01:07:43.491 28276-16654 okhttp.OkHttpClient     com.baatcheet.app                    I  --> END GET
2026-01-16 01:07:43.493 28276-16657 okhttp.OkHttpClient     com.baatcheet.app                    I  --> GET https://sharry121-baatcheet.hf.space/api/v1/files/upload-status
2026-01-16 01:07:43.493 28276-16657 okhttp.OkHttpClient     com.baatcheet.app                    I  Authorization: Bearer eyJhbGciOiJIUzI1NiIsInR5cCI6IkpXVCJ9.eyJ1c2VySWQiOiIyODIxYWY1Yy05MGFiLTQ1OGMtOWQ5NC04NWVlZDU1ZTkwYzMiLCJjbGVya0lkIjoidXNlcl8zODZDZTNHVHNUb1lrWnpHbTcxVkJ3NkxWUDAiLCJlbWFpbCI6Im9uc2Vhc29uMTBAZ21haWwuY29tIiwiaWF0IjoxNzY4NTA1MjEwLCJleHAiOjE3NjkxMTAwMTB9.5ITLSa_E8QWLBxQXllP-BQCBU0yfr8WSjT_7lzeHaoE
2026-01-16 01:07:43.493 28276-16657 okhttp.OkHttpClient     com.baatcheet.app                    I  Content-Type: application/json
2026-01-16 01:07:43.493 28276-16657 okhttp.OkHttpClient     com.baatcheet.app                    I  --> END GET
2026-01-16 01:07:43.681   976-976   BufferQueueDebug        surfaceflinger                       E  [ActivityRecord{3a2f374 u0 com.baatcheet.app/.MainActivity t10349}#5527 (Mirror)#5884](this:0xb400007cba931a60,id:-1,api:0,p:-1,c:-1) id info cannot be read from 'ActivityRecord{3a2f374 u0 com.baatcheet.app/.MainActivity t10349}#5527 (Mirror)#5884'
2026-01-16 01:07:43.681   976-976   BufferQueueDebug        surfaceflinger                       E  [8112f47 ActivityRecordInputSink com.baatcheet.app/.MainActivity#5538 (Mirror)#5885](this:0xb400007cba8aea80,id:-1,api:0,p:-1,c:-1) id info cannot be read from '8112f47 ActivityRecordInputSink com.baatcheet.app/.MainActivity#5538 (Mirror)#5885'
2026-01-16 01:07:43.681   976-976   BufferQueueDebug        surfaceflinger                       E  [b998d22 com.baatcheet.app/com.baatcheet.app.MainActivity#5810 (Mirror)#5886](this:0xb400007cba9620f0,id:-1,api:0,p:-1,c:-1) id info cannot be read from 'b998d22 com.baatcheet.app/com.baatcheet.app.MainActivity#5810 (Mirror)#5886'
2026-01-16 01:07:43.681   976-976   BufferQueueDebug        surfaceflinger                       E  [e553d0c Splash Screen com.baatcheet.app#5528 (Mirror)#5887](this:0xb400007cba8f0270,id:-1,api:0,p:-1,c:-1) id info cannot be read from 'e553d0c Splash Screen com.baatcheet.app#5528 (Mirror)#5887'
2026-01-16 01:07:43.682   976-976   BufferQueueDebug        surfaceflinger                       E  [Splash Screen com.baatcheet.app#5532 (Mirror)#5888](this:0xb400007cba9013d0,id:-1,api:0,p:-1,c:-1) id info cannot be read from 'Splash Screen com.baatcheet.app#5532 (Mirror)#5888'
2026-01-16 01:07:43.727 28276-28276 Compatibil...geReporter com.baatcheet.app                    D  Compat change id reported: 289878283; UID 10639; state: ENABLED
2026-01-16 01:07:44.108   976-1048  BufferQueueDebug        surfaceflinger                       E  [com.baatcheet.app/com.baatcheet.app.MainActivity#5956](this:0xb400007cbaa541c0,id:-1,api:0,p:-1,c:-1) id info cannot be read from 'com.baatcheet.app/com.baatcheet.app.MainActivity#5956'
2026-01-16 01:07:44.119 28276-28276 BufferQueueConsumer     com.baatcheet.app                    D  [](id:6e7400000000,api:0,p:-1,c:28276) connect: controlledByApp=false
2026-01-16 01:07:44.120   976-976   BufferQueueDebug        surfaceflinger                       E  [com.baatcheet.app/com.baatcheet.app.MainActivity#5956 (Mirror)#5959](this:0xb400007cba9ed980,id:-1,api:0,p:-1,c:-1) id info cannot be read from 'com.baatcheet.app/com.baatcheet.app.MainActivity#5956 (Mirror)#5959'
2026-01-16 01:07:44.125 28276-28276 FBI                     com.baatcheet.app                    E  fbcNotifyBufferUX is NULL: undefined symbol: fbcNotifyBufferUX
2026-01-16 01:07:44.127 28276-28276 config_debug            com.baatcheet.app                    I  updateDecorCaptionStatus: {1.0 410mcc3mnc [en_US,nl_NL] ldltr sw441dp w441dp h910dp 392dpi nrml long widecg port finger -keyb/v/h -nav/h winConfig={ mBounds=Rect(0, 0 - 1080, 2436) mAppBounds=Rect(0, 108 - 1080, 2338) mMaxBounds=Rect(0, 0 - 1080, 2436) mDisplayRotation=ROTATION_0 mWindowingMode=fullscreen mDisplayWindowingMode=fullscreen mMultiWindowMode=normal mMultiWindowId=0 mWindowResiable=6 mInLargeScreen=-1 mActivityType=standard mAlwaysOnTop=undefined mRotation=ROTATION_0 mUiOptSpec=-1 mCurDisplayId=-1} as.2 s.1 fontWeightAdjustment=0} fromMultiWindow: true
2026-01-16 01:07:44.128 28276-16641 libMEOW                 com.baatcheet.app                    D  meow new tls: 0xb40000789029f0d0
2026-01-16 01:07:44.128 28276-16641 libMEOW                 com.baatcheet.app                    D  applied 1 plugins for [com.baatcheet.app]:
2026-01-16 01:07:44.128 28276-16641 libMEOW                 com.baatcheet.app                    D    plugin 1: [libMEOW_gift.so]: 0xb4000077601f2030
2026-01-16 01:07:44.129 28276-16641 libMEOW                 com.baatcheet.app                    D  rebuild call chain: 0xb40000789028f0c0
2026-01-16 01:07:44.160 28276-16641 OpenGLRenderer          com.baatcheet.app                    E  Unable to match the desired swap behavior.
2026-01-16 01:07:44.276 28276-28276 TextToSpeech            com.baatcheet.app                    I  Sucessfully bound to com.google.android.tts
2026-01-16 01:07:44.280 28276-16684 TextToSpeech            com.baatcheet.app                    I  Connected to TTS engine
2026-01-16 01:07:44.286 28276-16688 TextToSpeech            com.baatcheet.app                    I  Setting up the connection to TTS engine...
2026-01-16 01:07:44.288 28276-28276 Choreographer           com.baatcheet.app                    I  Skipped 75 frames!  The application may be doing too much work on its main thread.
2026-01-16 01:07:44.289 28276-28276 TranClassInfo           com.baatcheet.app                    D  instance successfully. com.transsion.hubcore.spdopts.flingmanager.implement.TranFlingManagerImpl@e4ce315 from com.transsion.hubcore.flingmanager.ITranFlingManager
2026-01-16 01:07:44.289 28276-28276 TranClassInfo           com.baatcheet.app                    D  instance successfully. com.transsion.hubcore.view.TranChoreographerImpl@b2b462a from com.transsion.hubcore.view.ITranChoreographer
2026-01-16 01:07:44.289 28276-28276 TranChoreographerImpl   com.baatcheet.app                    E  skippedFrames: 75
2026-01-16 01:07:44.617 28276-16641 MAGT_SYNC_FRAME         com.baatcheet.app                    D  MAGT Sync: MAGT is not supported. Disabling Sync.
2026-01-16 01:07:44.645 28276-16641 BLASTBufferQueue        com.baatcheet.app                    D  [VRI[MainActivity]#0](f:0,a:1) acquireNextBufferLocked size=1080x2436 mFrameNumber=1 applyTransaction=true mTimestamp=7771664392847(auto) mPendingTransactions.size=0 graphicBufferId=121444495261702 transform=0
2026-01-16 01:07:44.650   976-1048  BufferQueueDebug        surfaceflinger                       E  [Surface(name=b998d22 com.baatcheet.app/com.baatcheet.app.MainActivity)/@0xca04054 - animation-leash of starting_reveal#5962](this:0xb400007cba91ade0,id:-1,api:0,p:-1,c:-1) id info cannot be read from 'Surface(name=b998d22 com.baatcheet.app/com.baatcheet.app.MainActivity)/@0xca04054 - animation-leash of starting_reveal#5962'
2026-01-16 01:07:44.656   976-976   BufferQueueDebug        surfaceflinger                       E  [Surface(name=b998d22 com.baatcheet.app/com.baatcheet.app.MainActivity)/@0xca04054 - animation-leash of starting_reveal#5962 (Mirror)#5963](this:0xb400007cba9d3f70,id:-1,api:0,p:-1,c:-1) id info cannot be read from 'Surface(name=b998d22 com.baatcheet.app/com.baatcheet.app.MainActivity)/@0xca04054 - animation-leash of starting_reveal#5962 (Mirror)#5963'
2026-01-16 01:07:45.032   976-2963  BufferQueueDebug        surfaceflinger                       E  [Surface(name=e553d0c Splash Screen com.baatcheet.app)/@0x4b15316 - animation-leash of window_animation#5966](this:0xb400007cba870020,id:-1,api:0,p:-1,c:-1) id info cannot be read from 'Surface(name=e553d0c Splash Screen com.baatcheet.app)/@0x4b15316 - animation-leash of window_animation#5966'
2026-01-16 01:07:45.042   976-976   BufferQueueDebug        surfaceflinger                       E  [Surface(name=e553d0c Splash Screen com.baatcheet.app)/@0x4b15316 - animation-leash of window_animation#5966 (Mirror)#5967](this:0xb400007cba923690,id:-1,api:0,p:-1,c:-1) id info cannot be read from 'Surface(name=e553d0c Splash Screen com.baatcheet.app)/@0x4b15316 - animation-leash of window_animation#5966 (Mirror)#5967'
2026-01-16 01:07:45.314 28276-16651 okhttp.OkHttpClient     com.baatcheet.app                    I  <-- 200 https://sharry121-baatcheet.hf.space/api/v1/chat/modes (1827ms)
2026-01-16 01:07:45.314 28276-16651 okhttp.OkHttpClient     com.baatcheet.app                    I  date: Thu, 15 Jan 2026 20:07:45 GMT
2026-01-16 01:07:45.314 28276-16651 okhttp.OkHttpClient     com.baatcheet.app                    I  content-type: application/json; charset=utf-8
2026-01-16 01:07:45.314 28276-16651 okhttp.OkHttpClient     com.baatcheet.app                    I  content-length: 3485
2026-01-16 01:07:45.315 28276-16651 okhttp.OkHttpClient     com.baatcheet.app                    I  x-request-id: -JEVBs, -JEVBs
2026-01-16 01:07:45.315 28276-16651 okhttp.OkHttpClient     com.baatcheet.app                    I  content-security-policy: default-src 'self';script-src 'self' 'unsafe-inline';style-src 'self' 'unsafe-inline';img-src 'self' data: https:;connect-src 'self' https://api.clerk.dev;base-uri 'self';font-src 'self' https: data:;form-action 'self';frame-ancestors 'self';object-src 'none';script-src-attr 'none';upgrade-insecure-requests
2026-01-16 01:07:45.315 28276-16651 okhttp.OkHttpClient     com.baatcheet.app                    I  cross-origin-opener-policy: same-origin
2026-01-16 01:07:45.315 28276-16651 okhttp.OkHttpClient     com.baatcheet.app                    I  cross-origin-resource-policy: cross-origin
2026-01-16 01:07:45.315 28276-16651 okhttp.OkHttpClient     com.baatcheet.app                    I  origin-agent-cluster: ?1
2026-01-16 01:07:45.315 28276-16651 okhttp.OkHttpClient     com.baatcheet.app                    I  referrer-policy: no-referrer
2026-01-16 01:07:45.315 28276-16651 okhttp.OkHttpClient     com.baatcheet.app                    I  strict-transport-security: max-age=31536000; includeSubDomains; preload
2026-01-16 01:07:45.315 28276-16651 okhttp.OkHttpClient     com.baatcheet.app                    I  x-content-type-options: nosniff
2026-01-16 01:07:45.315 28276-16651 okhttp.OkHttpClient     com.baatcheet.app                    I  x-dns-prefetch-control: off
2026-01-16 01:07:45.315 28276-16651 okhttp.OkHttpClient     com.baatcheet.app                    I  x-download-options: noopen
2026-01-16 01:07:45.315 28276-16651 okhttp.OkHttpClient     com.baatcheet.app                    I  x-frame-options: SAMEORIGIN
2026-01-16 01:07:45.315 28276-16651 okhttp.OkHttpClient     com.baatcheet.app                    I  x-permitted-cross-domain-policies: none
2026-01-16 01:07:45.315 28276-16651 okhttp.OkHttpClient     com.baatcheet.app                    I  x-xss-protection: 0
2026-01-16 01:07:45.315 28276-16651 okhttp.OkHttpClient     com.baatcheet.app                    I  vary: Origin
2026-01-16 01:07:45.315 28276-16651 okhttp.OkHttpClient     com.baatcheet.app                    I  vary: origin, access-control-request-method, access-control-request-headers
2026-01-16 01:07:45.315 28276-16651 okhttp.OkHttpClient     com.baatcheet.app                    I  access-control-allow-credentials: true
2026-01-16 01:07:45.315 28276-16651 okhttp.OkHttpClient     com.baatcheet.app                    I  access-control-expose-headers: X-Request-ID,X-Response-Time,X-RateLimit-Limit,X-RateLimit-Remaining,X-RateLimit-Reset
2026-01-16 01:07:45.315 28276-16651 okhttp.OkHttpClient     com.baatcheet.app                    I  x-clerk-auth-message: Unable to find a signing key in JWKS that matches the kid='undefined' of the provided session token. Please make sure that the __session cookie or the HTTP authorization header contain a Clerk-generated session JWT. The following kid is available: ins_384KLXR0s0ZW3aoWTGXIMeX8Ihm Go to your Dashboard and validate your secret and public keys are correct. Contact support@clerk.com if the issue persists. (reason=jwk-kid-mismatch, token-carrier=header)
2026-01-16 01:07:45.315 28276-16651 okhttp.OkHttpClient     com.baatcheet.app                    I  x-clerk-auth-reason: jwk-kid-mismatch
