2026-01-16 01:08:23.710 28276-16649 okhttp.OkHttpClient     com.baatcheet.app                    I  ratelimit-limit: 100
2026-01-16 01:08:23.710 28276-16649 okhttp.OkHttpClient     com.baatcheet.app                    I  ratelimit-remaining: 92
2026-01-16 01:08:23.710 28276-16649 okhttp.OkHttpClient     com.baatcheet.app                    I  ratelimit-reset: 629
2026-01-16 01:08:23.710 28276-16649 okhttp.OkHttpClient     com.baatcheet.app                    I  x-response-time: 187ms
2026-01-16 01:08:23.710 28276-16649 okhttp.OkHttpClient     com.baatcheet.app                    I  etag: W/"9b-V3rTv3KHHpDqB01YaDxrXdlL+EY"
2026-01-16 01:08:23.710 28276-16649 okhttp.OkHttpClient     com.baatcheet.app                    I  x-proxied-host: http://10.108.99.227
2026-01-16 01:08:23.710 28276-16649 okhttp.OkHttpClient     com.baatcheet.app                    I  x-proxied-replica: jexrop9f-shrqs
2026-01-16 01:08:23.710 28276-16649 okhttp.OkHttpClient     com.baatcheet.app                    I  x-proxied-path: /api/v1/tts/generate
2026-01-16 01:08:23.710 28276-16649 okhttp.OkHttpClient     com.baatcheet.app                    I  link: <https://huggingface.co/spaces/sharry121/BaatCheet>;rel="canonical"
2026-01-16 01:08:23.929 28276-16649 okhttp.OkHttpClient     com.baatcheet.app                    I  {"error":"Failed to generate speech","details":"No TTS service available. Please configure ELEVENLABS_API_KEY_1, GOOGLE_CLOUD_TTS_KEY, or OPENAI_API_KEY."}
2026-01-16 01:08:23.929 28276-16649 okhttp.OkHttpClient     com.baatcheet.app                    I  <-- END HTTP (155-byte body)
2026-01-16 01:08:34.392 28276-16649 okhttp.OkHttpClient     com.baatcheet.app                    I  --> GET https://sharry121-baatcheet.hf.space/api/v1/conversations/e6944560-55c6-445c-910b-6847077d9d3d
2026-01-16 01:08:34.392 28276-16649 okhttp.OkHttpClient     com.baatcheet.app                    I  Authorization: Bearer eyJhbGciOiJIUzI1NiIsInR5cCI6IkpXVCJ9.eyJ1c2VySWQiOiIyODIxYWY1Yy05MGFiLTQ1OGMtOWQ5NC04NWVlZDU1ZTkwYzMiLCJjbGVya0lkIjoidXNlcl8zODZDZTNHVHNUb1lrWnpHbTcxVkJ3NkxWUDAiLCJlbWFpbCI6Im9uc2Vhc29uMTBAZ21haWwuY29tIiwiaWF0IjoxNzY4NTA1MjEwLCJleHAiOjE3NjkxMTAwMTB9.5ITLSa_E8QWLBxQXllP-BQCBU0yfr8WSjT_7lzeHaoE
2026-01-16 01:08:34.393 28276-16649 okhttp.OkHttpClient     com.baatcheet.app                    I  Content-Type: application/json
2026-01-16 01:08:34.393 28276-16649 okhttp.OkHttpClient     com.baatcheet.app                    I  --> END GET
2026-01-16 01:08:34.432 28276-28276 WindowOnBackDispatcher  com.baatcheet.app                    W  sendCancelIfRunning: isInProgress=falsecallback=android.view.ViewRootImpl$$ExternalSyntheticLambda20@a9b96af
2026-01-16 01:08:34.456 28276-16641 OpenGLRenderer          com.baatcheet.app                    D  endAllActiveAnimators on 0xb4000078002700b0 (UnprojectedRipple) with handle 0xb4000078f025f4f0
2026-01-16 01:08:34.456 28276-28276 View                    com.baatcheet.app                    D  [Warning] assignParent to null: this = DecorView@4c57e3a[MainActivity]
2026-01-16 01:08:34.462   976-1048  BufferQueueDebug        surfaceflinger                       E  [Surface(name=70d9dbd com.baatcheet.app/com.baatcheet.app.MainActivity)/@0x58265f1 - animation-leash of window_animation#6008](this:0xb400007cba9eabf0,id:-1,api:0,p:-1,c:-1) id info cannot be read from 'Surface(name=70d9dbd com.baatcheet.app/com.baatcheet.app.MainActivity)/@0x58265f1 - animation-leash of window_animation#6008'
2026-01-16 01:08:34.471   976-976   BufferQueueDebug        surfaceflinger                       E  [Surface(name=70d9dbd com.baatcheet.app/com.baatcheet.app.MainActivity)/@0x58265f1 - animation-leash of window_animation#6008 (Mirror)#6011](this:0xb400007cba870020,id:-1,api:0,p:-1,c:-1) id info cannot be read from 'Surface(name=70d9dbd com.baatcheet.app/com.baatcheet.app.MainActivity)/@0x58265f1 - animation-leash of window_animation#6008 (Mirror)#6011'
2026-01-16 01:08:34.478 28276-28276 InputTransport          com.baatcheet.app                    D  Destroy ARC handle: 0xb4000078f02598e0
2026-01-16 01:08:34.502 28276-16719 BLASTBufferQueue        com.baatcheet.app                    D  [VRI[MainActivity]#1](f:0,a:4) destructor()
2026-01-16 01:08:34.503 28276-16719 BufferQueueConsumer     com.baatcheet.app                    D  [VRI[MainActivity]#1(BLAST Consumer)1](id:6e7400000001,api:0,p:-1,c:28276) disconnect
2026-01-16 01:08:34.821 28276-16649 okhttp.OkHttpClient     com.baatcheet.app                    I  <-- 200 https://sharry121-baatcheet.hf.space/api/v1/conversations/e6944560-55c6-445c-910b-6847077d9d3d (427ms)
2026-01-16 01:08:34.821 28276-16649 okhttp.OkHttpClient     com.baatcheet.app                    I  date: Thu, 15 Jan 2026 20:08:35 GMT
2026-01-16 01:08:34.821 28276-16649 okhttp.OkHttpClient     com.baatcheet.app                    I  content-type: application/json; charset=utf-8
2026-01-16 01:08:34.821 28276-16649 okhttp.OkHttpClient     com.baatcheet.app                    I  content-length: 1862
2026-01-16 01:08:34.821 28276-16649 okhttp.OkHttpClient     com.baatcheet.app                    I  x-request-id: ph7ISs, ph7ISs
2026-01-16 01:08:34.821 28276-16649 okhttp.OkHttpClient     com.baatcheet.app                    I  content-security-policy: default-src 'self';script-src 'self' 'unsafe-inline';style-src 'self' 'unsafe-inline';img-src 'self' data: https:;connect-src 'self' https://api.clerk.dev;base-uri 'self';font-src 'self' https: data:;form-action 'self';frame-ancestors 'self';object-src 'none';script-src-attr 'none';upgrade-insecure-requests
2026-01-16 01:08:34.821 28276-16649 okhttp.OkHttpClient     com.baatcheet.app                    I  cross-origin-opener-policy: same-origin
2026-01-16 01:08:34.821 28276-16649 okhttp.OkHttpClient     com.baatcheet.app                    I  cross-origin-resource-policy: cross-origin
2026-01-16 01:08:34.821 28276-16649 okhttp.OkHttpClient     com.baatcheet.app                    I  origin-agent-cluster: ?1
2026-01-16 01:08:34.821 28276-16649 okhttp.OkHttpClient     com.baatcheet.app                    I  referrer-policy: no-referrer
2026-01-16 01:08:34.821 28276-16649 okhttp.OkHttpClient     com.baatcheet.app                    I  strict-transport-security: max-age=31536000; includeSubDomains; preload
2026-01-16 01:08:34.821 28276-16649 okhttp.OkHttpClient     com.baatcheet.app                    I  x-content-type-options: nosniff
2026-01-16 01:08:34.822 28276-16649 okhttp.OkHttpClient     com.baatcheet.app                    I  x-dns-prefetch-control: off
2026-01-16 01:08:34.822 28276-16649 okhttp.OkHttpClient     com.baatcheet.app                    I  x-download-options: noopen
2026-01-16 01:08:34.822 28276-16649 okhttp.OkHttpClient     com.baatcheet.app                    I  x-frame-options: SAMEORIGIN
2026-01-16 01:08:34.822 28276-16649 okhttp.OkHttpClient     com.baatcheet.app                    I  x-permitted-cross-domain-policies: none
2026-01-16 01:08:34.822 28276-16649 okhttp.OkHttpClient     com.baatcheet.app                    I  x-xss-protection: 0
2026-01-16 01:08:34.822 28276-16649 okhttp.OkHttpClient     com.baatcheet.app                    I  vary: Origin
2026-01-16 01:08:34.822 28276-16649 okhttp.OkHttpClient     com.baatcheet.app                    I  vary: origin, access-control-request-method, access-control-request-headers
2026-01-16 01:08:34.822 28276-16649 okhttp.OkHttpClient     com.baatcheet.app                    I  access-control-allow-credentials: true
2026-01-16 01:08:34.822 28276-16649 okhttp.OkHttpClient     com.baatcheet.app                    I  access-control-expose-headers: X-Request-ID,X-Response-Time,X-RateLimit-Limit,X-RateLimit-Remaining,X-RateLimit-Reset
2026-01-16 01:08:34.822 28276-16649 okhttp.OkHttpClient     com.baatcheet.app                    I  x-clerk-auth-message: Unable to find a signing key in JWKS that matches the kid='undefined' of the provided session token. Please make sure that the __session cookie or the HTTP authorization header contain a Clerk-generated session JWT. The following kid is available: ins_384KLXR0s0ZW3aoWTGXIMeX8Ihm Go to your Dashboard and validate your secret and public keys are correct. Contact support@clerk.com if the issue persists. (reason=jwk-kid-mismatch, token-carrier=header)
2026-01-16 01:08:34.822 28276-16649 okhttp.OkHttpClient     com.baatcheet.app                    I  x-clerk-auth-reason: jwk-kid-mismatch
2026-01-16 01:08:34.822 28276-16649 okhttp.OkHttpClient     com.baatcheet.app                    I  x-clerk-auth-status: signed-out
2026-01-16 01:08:34.822 28276-16649 okhttp.OkHttpClient     com.baatcheet.app                    I  ratelimit-policy: 100;w=900
2026-01-16 01:08:34.822 28276-16649 okhttp.OkHttpClient     com.baatcheet.app                    I  ratelimit-limit: 100
2026-01-16 01:08:34.822 28276-16649 okhttp.OkHttpClient     com.baatcheet.app                    I  ratelimit-remaining: 93
2026-01-16 01:08:34.822 28276-16649 okhttp.OkHttpClient     com.baatcheet.app                    I  ratelimit-reset: 851
2026-01-16 01:08:34.822 28276-16649 okhttp.OkHttpClient     com.baatcheet.app                    I  x-response-time: 175ms
2026-01-16 01:08:34.822 28276-16649 okhttp.OkHttpClient     com.baatcheet.app                    I  etag: W/"746-RLAwF0rE9oLTEZ0NHJMVQLBi6cE"
2026-01-16 01:08:34.822 28276-16649 okhttp.OkHttpClient     com.baatcheet.app                    I  x-proxied-host: http://10.108.99.227
2026-01-16 01:08:34.822 28276-16649 okhttp.OkHttpClient     com.baatcheet.app                    I  x-proxied-replica: jexrop9f-shrqs
2026-01-16 01:08:34.822 28276-16649 okhttp.OkHttpClient     com.baatcheet.app                    I  x-proxied-path: /api/v1/conversations/e6944560-55c6-445c-910b-6847077d9d3d
2026-01-16 01:08:34.822 28276-16649 okhttp.OkHttpClient     com.baatcheet.app                    I  link: <https://huggingface.co/spaces/sharry121/BaatCheet>;rel="canonical"
2026-01-16 01:08:34.824 28276-16649 okhttp.OkHttpClient     com.baatcheet.app                    I  {"success":true,"data":{"id":"e6944560-55c6-445c-910b-6847077d9d3d","userId":"2821af5c-90ab-458c-9d94-85eed55e90c3","projectId":null,"title":"hello how are you","systemPrompt":"You are in a voice conversation. Keep responses SHORT, NATURAL, and CONVERSATIONAL. Limit to 1-2 sentences when possible. Avoid lists, code, and long explanations - this is a spoken chat.","model":"llama-3.3-70b-versatile","tags":[],"isArchived":false,"isPinned":false,"rating":0,"totalTokens":1260,"lastAccessedAt":null,"createdAt":"2026-01-15T20:08:00.585Z","updatedAt":"2026-01-15T20:08:15.899Z","messages":[{"id":"44ebcc99-513b-4ef7-a482-4f486bda1859","conversationId":"e6944560-55c6-445c-910b-6847077d9d3d","role":"user","content":"hello how are you","model":null,"tokens":5,"isEdited":false,"audioId":null,"createdAt":"2026-01-15T20:08:00.708Z","attachments":[]},{"id":"c771c751-1cca-45a9-96ff-72cbd591a7cd","conversationId":"e6944560-55c6-445c-910b-6847077d9d3d","role":"assistant","content":"I'm doing great, thanks for asking. How about you, Aymen? How's your day going so far? 🌞","model":"llama-3.3-70b-versatile","tokens":29,"isEdited":false,"audioId":null,"createdAt":"2026-01-15T20:08:01.226Z","attachments":[]},{"id":"e08ad347-8c62-489a-8116-80f3579d642b","conversationId":"e6944560-55c6-445c-910b-6847077d9d3d","role":"user","content":"Tumhen baat karo","model":null,"tokens":4,"isEdited":false,"audioId":null,"createdAt":"2026-01-15T20:08:15.476Z","attachments":[]},{"id":"f4851c8f-faa8-45b1-b531-6bc06273dcb8","conversationId":"e6944560-55c6-445c-910b-6847077d9d3d","role":"assistant","content":"Main theek hoon, dhanyavad! Aaj ka din kaisa guzra tumhara? Kuch new projects pe kaam kar rahe ho estratcom.com me?","model":"llama-3.3-70b-versatile","tokens":42,"isEdited":false,"audioId":null,"createdAt":"2026-01-15T20:08:15.883Z","attachments":[]}],"project":null}}
2026-01-16 01:08:34.824 28276-16649 okhttp.OkHttpClient     com.baatcheet.app                    I  <-- END HTTP (1862-byte body)
2026-01-16 01:08:42.497 28276-28276 WindowOnBackDispatcher  com.baatcheet.app                    W  OnBackInvokedCallback is not enabled for the application.
                                                                                                    Set 'android:enableOnBackInvokedCallback="true"' in the application manifest.
2026-01-16 01:08:44.883 28276-16649 okhttp.OkHttpClient     com.baatcheet.app                    I  --> GET https://sharry121-baatcheet.hf.space/api/v1/projects/b421c78b-39f1-41a1-a7ca-a4e6abae1921
2026-01-16 01:08:44.883 28276-16649 okhttp.OkHttpClient     com.baatcheet.app                    I  Authorization: Bearer eyJhbGciOiJIUzI1NiIsInR5cCI6IkpXVCJ9.eyJ1c2VySWQiOiIyODIxYWY1Yy05MGFiLTQ1OGMtOWQ5NC04NWVlZDU1ZTkwYzMiLCJjbGVya0lkIjoidXNlcl8zODZDZTNHVHNUb1lrWnpHbTcxVkJ3NkxWUDAiLCJlbWFpbCI6Im9uc2Vhc29uMTBAZ21haWwuY29tIiwiaWF0IjoxNzY4NTA1MjEwLCJleHAiOjE3NjkxMTAwMTB9.5ITLSa_E8QWLBxQXllP-BQCBU0yfr8WSjT_7lzeHaoE
2026-01-16 01:08:44.884 28276-16649 okhttp.OkHttpClient     com.baatcheet.app                    I  Content-Type: application/json
2026-01-16 01:08:44.884 28276-16649 okhttp.OkHttpClient     com.baatcheet.app                    I  --> END GET
2026-01-16 01:08:44.893 28276-16650 okhttp.OkHttpClient     com.baatcheet.app                    I  --> GET https://sharry121-baatcheet.hf.space/api/v1/projects/b421c78b-39f1-41a1-a7ca-a4e6abae1921/conversations
2026-01-16 01:08:44.894 28276-16650 okhttp.OkHttpClient     com.baatcheet.app                    I  Authorization: Bearer eyJhbGciOiJIUzI1NiIsInR5cCI6IkpXVCJ9.eyJ1c2VySWQiOiIyODIxYWY1Yy05MGFiLTQ1OGMtOWQ5NC04NWVlZDU1ZTkwYzMiLCJjbGVya0lkIjoidXNlcl8zODZDZTNHVHNUb1lrWnpHbTcxVkJ3NkxWUDAiLCJlbWFpbCI6Im9uc2Vhc29uMTBAZ21haWwuY29tIiwiaWF0IjoxNzY4NTA1MjEwLCJleHAiOjE3NjkxMTAwMTB9.5ITLSa_E8QWLBxQXllP-BQCBU0yfr8WSjT_7lzeHaoE
2026-01-16 01:08:44.894 28276-16650 okhttp.OkHttpClient     com.baatcheet.app                    I  Content-Type: application/json
2026-01-16 01:08:44.894 28276-16650 okhttp.OkHttpClient     com.baatcheet.app                    I  --> END GET
2026-01-16 01:08:44.953 28276-16611 m.baatcheet.app         com.baatcheet.app                    I  Compiler allocated 8695KB to compile void com.baatcheet.app.ui.chat.ChatScreenKt$ChatDrawerContent$8.invoke(androidx.compose.foundation.layout.ColumnScope, androidx.compose.runtime.Composer, int)
2026-01-16 01:08:45.396 28276-16649 okhttp.OkHttpClient     com.baatcheet.app                    I  <-- 200 https://sharry121-baatcheet.hf.space/api/v1/projects/b421c78b-39f1-41a1-a7ca-a4e6abae1921 (512ms)
2026-01-16 01:08:45.396 28276-16649 okhttp.OkHttpClient     com.baatcheet.app                    I  date: Thu, 15 Jan 2026 20:08:45 GMT
2026-01-16 01:08:45.396 28276-16649 okhttp.OkHttpClient     com.baatcheet.app                    I  content-type: application/json; charset=utf-8
2026-01-16 01:08:45.396 28276-16649 okhttp.OkHttpClient     com.baatcheet.app                    I  content-length: 2175
2026-01-16 01:08:45.396 28276-16649 okhttp.OkHttpClient     com.baatcheet.app                    I  x-request-id: pSG0xw, pSG0xw
2026-01-16 01:08:45.396 28276-16649 okhttp.OkHttpClient     com.baatcheet.app                    I  content-security-policy: default-src 'self';script-src 'self' 'unsafe-inline';style-src 'self' 'unsafe-inline';img-src 'self' data: https:;connect-src 'self' https://api.clerk.dev;base-uri 'self';font-src 'self' https: data:;form-action 'self';frame-ancestors 'self';object-src 'none';script-src-attr 'none';upgrade-insecure-requests
2026-01-16 01:08:45.396 28276-16649 okhttp.OkHttpClient     com.baatcheet.app                    I  cross-origin-opener-policy: same-origin
2026-01-16 01:08:45.396 28276-16649 okhttp.OkHttpClient     com.baatcheet.app                    I  cross-origin-resource-policy: cross-origin
2026-01-16 01:08:45.396 28276-16649 okhttp.OkHttpClient     com.baatcheet.app                    I  origin-agent-cluster: ?1
2026-01-16 01:08:45.396 28276-16649 okhttp.OkHttpClient     com.baatcheet.app                    I  referrer-policy: no-referrer
2026-01-16 01:08:45.396 28276-16649 okhttp.OkHttpClient     com.baatcheet.app                    I  strict-transport-security: max-age=31536000; includeSubDomains; preload
2026-01-16 01:08:45.396 28276-16649 okhttp.OkHttpClient     com.baatcheet.app                    I  x-content-type-options: nosniff
2026-01-16 01:08:45.396 28276-16649 okhttp.OkHttpClient     com.baatcheet.app                    I  x-dns-prefetch-control: off
2026-01-16 01:08:45.397 28276-16649 okhttp.OkHttpClient     com.baatcheet.app                    I  x-download-options: noopen
2026-01-16 01:08:45.397 28276-16649 okhttp.OkHttpClient     com.baatcheet.app                    I  x-frame-options: SAMEORIGIN
2026-01-16 01:08:45.397 28276-16649 okhttp.OkHttpClient     com.baatcheet.app                    I  x-permitted-cross-domain-policies: none
2026-01-16 01:08:45.397 28276-16649 okhttp.OkHttpClient     com.baatcheet.app                    I  x-xss-protection: 0
2026-01-16 01:08:45.397 28276-16649 okhttp.OkHttpClient     com.baatcheet.app                    I  vary: Origin
2026-01-16 01:08:45.397 28276-16649 okhttp.OkHttpClient     com.baatcheet.app                    I  vary: origin, access-control-request-method, access-control-request-headers
2026-01-16 01:08:45.397 28276-16649 okhttp.OkHttpClient     com.baatcheet.app                    I  access-control-allow-credentials: true
2026-01-16 01:08:45.397 28276-16649 okhttp.OkHttpClient     com.baatcheet.app                    I  access-control-expose-headers: X-Request-ID,X-Response-Time,X-RateLimit-Limit,X-RateLimit-Remaining,X-RateLimit-Reset
2026-01-16 01:08:45.397 28276-16649 okhttp.OkHttpClient     com.baatcheet.app                    I  x-clerk-auth-message: Unable to find a signing key in JWKS that matches the kid='undefined' of the provided session token. Please make sure that the __session cookie or the HTTP authorization header contain a Clerk-generated session JWT. The following kid is available: ins_384KLXR0s0ZW3aoWTGXIMeX8Ihm Go to your Dashboard and validate your secret and public keys are correct. Contact support@clerk.com if the issue persists. (reason=jwk-kid-mismatch, token-carrier=header)
2026-01-16 01:08:45.397 28276-16649 okhttp.OkHttpClient     com.baatcheet.app                    I  x-clerk-auth-reason: jwk-kid-mismatch
2026-01-16 01:08:45.397 28276-16649 okhttp.OkHttpClient     com.baatcheet.app                    I  x-clerk-auth-status: signed-out
2026-01-16 01:08:45.397 28276-16649 okhttp.OkHttpClient     com.baatcheet.app                    I  ratelimit-policy: 100;w=900
2026-01-16 01:08:45.397 28276-16649 okhttp.OkHttpClient     com.baatcheet.app                    I  ratelimit-limit: 100
2026-01-16 01:08:45.397 28276-16649 okhttp.OkHttpClient     com.baatcheet.app                    I  ratelimit-remaining: 92
2026-01-16 01:08:45.397 28276-16649 okhttp.OkHttpClient     com.baatcheet.app                    I  ratelimit-reset: 840
2026-01-16 01:08:45.397 28276-16649 okhttp.OkHttpClient     com.baatcheet.app                    I  x-response-time: 230ms
2026-01-16 01:08:45.397 28276-16649 okhttp.OkHttpClient     com.baatcheet.app                    I  etag: W/"87f-0xLPyhuhwdJa2vsC48NLrKQLvbg"
2026-01-16 01:08:45.398 28276-16649 okhttp.OkHttpClient     com.baatcheet.app                    I  x-proxied-host: http://10.108.99.227
2026-01-16 01:08:45.398 28276-16649 okhttp.OkHttpClient     com.baatcheet.app                    I  x-proxied-replica: jexrop9f-shrqs
2026-01-16 01:08:45.398 28276-16649 okhttp.OkHttpClient     com.baatcheet.app                    I  x-proxied-path: /api/v1/projects/b421c78b-39f1-41a1-a7ca-a4e6abae1921
2026-01-16 01:08:45.398 28276-16649 okhttp.OkHttpClient     com.baatcheet.app                    I  link: <https://huggingface.co/spaces/sharry121/BaatCheet>;rel="canonical"
2026-01-16 01:08:45.398 28276-16649 okhttp.OkHttpClient     com.baatcheet.app                    I  {"success":true,"data":{"id":"b421c78b-39f1-41a1-a7ca-a4e6abae1921","name":"Android","description":"","color":"#1e293b","icon":"folder","emoji":"📱","isArchived":false,"context":"This project aims to develop a functional and user-friendly Android chat application, with the main goal of creating a working chat interface. The project is built using Kotlin and appears to be in the development stage, with the team resolving issues and debugging code. The primary focus is on resolving errors and implementing features for the chat application.","keyTopics":["Android Development","Kotlin Programming","Chat Interface"],"techStack":["Kotlin","Android","ExperimentalFoundationApi"],"goals":["Develop a functional chat interface","Resolve compilation errors","Implement user-friendly features"],"constraints":[],"targetAudience":null,"communicationStyle":null,"preferredLanguage":null,"domainExpertise":[],"customInstructions":null,"lastContextUpdate":"2026-01-15T18:08:56.735Z","messageCount":0,"conversationCount":5,"collaboratorCount":1,"myRole":"admin","isOwner":true,"canEdit":true,"canDelete":true,"canInvite":true,"canManageRoles":true,"owner":{"id":"2821af5c-90ab-458c-9d94-85eed55e90c3","username":"sharry121","firstName":"Muhammad","lastName":"Sharjeel","avatar":"https://img.clerk.com/eyJ0eXBlIjoiZGVmYXVsdCIsImlpZCI6Imluc18zODRLTFhSMHMwWlczYW9XVEdYSU1lWDhJaG0iLCJyaWQiOiJ1c2VyXzM4NkNlM0dUc1RvWWtaekdtNzFWQnc2TFZQMCIsImluaXRpYWxzIjoiTVMifQ","email":"onseason10@gmail.com"},"collaborators":[{"id":"2ae7c2a3-8866-4f91-9149-40904ec6e139","userId":"b138a210-36eb-4206-8837-5d644887f706","role":"viewer","canEdit":false,"canDelete":false,"canInvite":false,"canManageRoles":false,"addedAt":"2026-01-15T19:04:55.639Z","user":{"id":"b138a210-36eb-4206-8837-5d644887f706","username":"muhammadsharjeelsaleem06lnqk","firstName":"Muhammad","lastName":"Sharjeel","avatar":"https://img.clerk.com/eyJ0eXBlIjoiZGVmYXVsdCIsImlpZCI6Imluc18zODRLTFhSMHMwWlczYW9XVEdYSU1lWDhJaG0iLCJyaWQiOiJ1c2VyXzM4SjNPYUFCbEdkejNtdG9sbGxxWE1tVVI3dCIsImluaXRpYWxzIjoiTVMifQ","email":"muhammadsharjeelsaleem06@gmail.com"}}],"createdAt":"2026-01-15T10:38:24.708Z","updatedAt":"2026-01-15T18:08:56.736Z"}}
2026-01-16 01:08:45.398 28276-16649 okhttp.OkHttpClient     com.baatcheet.app                    I  <-- END HTTP (2175-byte body)
2026-01-16 01:08:45.475 28276-28276 WindowOnBackDispatcher  com.baatcheet.app                    W  OnBackInvokedCallback is not enabled for the application.
                                                                                                    Set 'android:enableOnBackInvokedCallback="true"' in the application manifest.
2026-01-16 01:08:45.600 28276-16650 okhttp.OkHttpClient     com.baatcheet.app                    I  <-- 200 https://sharry121-baatcheet.hf.space/api/v1/projects/b421c78b-39f1-41a1-a7ca-a4e6abae1921/conversations (705ms)
2026-01-16 01:08:45.600 28276-16650 okhttp.OkHttpClient     com.baatcheet.app                    I  date: Thu, 15 Jan 2026 20:08:46 GMT
2026-01-16 01:08:45.600 28276-16650 okhttp.OkHttpClient     com.baatcheet.app                    I  content-type: application/json; charset=utf-8
2026-01-16 01:08:45.600 28276-16650 okhttp.OkHttpClient     com.baatcheet.app                    I  content-length: 3298
2026-01-16 01:08:45.600 28276-16650 okhttp.OkHttpClient     com.baatcheet.app                    I  x-request-id: 52vQa4, 52vQa4
2026-01-16 01:08:45.600 28276-16650 okhttp.OkHttpClient     com.baatcheet.app                    I  content-security-policy: default-src 'self';script-src 'self' 'unsafe-inline';style-src 'self' 'unsafe-inline';img-src 'self' data: https:;connect-src 'self' https://api.clerk.dev;base-uri 'self';font-src 'self' https: data:;form-action 'self';frame-ancestors 'self';object-src 'none';script-src-attr 'none';upgrade-insecure-requests
2026-01-16 01:08:45.600 28276-16650 okhttp.OkHttpClient     com.baatcheet.app                    I  cross-origin-opener-policy: same-origin
2026-01-16 01:08:45.600 28276-16650 okhttp.OkHttpClient     com.baatcheet.app                    I  cross-origin-resource-policy: cross-origin
2026-01-16 01:08:45.600 28276-16650 okhttp.OkHttpClient     com.baatcheet.app                    I  origin-agent-cluster: ?1
2026-01-16 01:08:45.601 28276-16650 okhttp.OkHttpClient     com.baatcheet.app                    I  referrer-policy: no-referrer
2026-01-16 01:08:45.601 28276-16650 okhttp.OkHttpClient     com.baatcheet.app                    I  strict-transport-security: max-age=31536000; includeSubDomains; preload
2026-01-16 01:08:45.601 28276-16650 okhttp.OkHttpClient     com.baatcheet.app                    I  x-content-type-options: nosniff
2026-01-16 01:08:45.601 28276-16650 okhttp.OkHttpClient     com.baatcheet.app                    I  x-dns-prefetch-control: off
2026-01-16 01:08:45.601 28276-16650 okhttp.OkHttpClient     com.baatcheet.app                    I  x-download-options: noopen
2026-01-16 01:08:45.601 28276-16650 okhttp.OkHttpClient     com.baatcheet.app                    I  x-frame-options: SAMEORIGIN
2026-01-16 01:08:45.601 28276-16650 okhttp.OkHttpClient     com.baatcheet.app                    I  x-permitted-cross-domain-policies: none
2026-01-16 01:08:45.601 28276-16650 okhttp.OkHttpClient     com.baatcheet.app                    I  x-xss-protection: 0
2026-01-16 01:08:45.601 28276-16650 okhttp.OkHttpClient     com.baatcheet.app                    I  vary: Origin
2026-01-16 01:08:45.601 28276-16650 okhttp.OkHttpClient     com.baatcheet.app                    I  vary: origin, access-control-request-method, access-control-request-headers
2026-01-16 01:08:45.601 28276-16650 okhttp.OkHttpClient     com.baatcheet.app                    I  access-control-allow-credentials: true
2026-01-16 01:08:45.601 28276-16650 okhttp.OkHttpClient     com.baatcheet.app                    I  access-control-expose-headers: X-Request-ID,X-Response-Time,X-RateLimit-Limit,X-RateLimit-Remaining,X-RateLimit-Reset
2026-01-16 01:08:45.601 28276-16650 okhttp.OkHttpClient     com.baatcheet.app                    I  x-clerk-auth-message: Unable to find a signing key in JWKS that matches the kid='undefined' of the provided session token. Please make sure that the __session cookie or the HTTP authorization header contain a Clerk-generated session JWT. The following kid is available: ins_384KLXR0s0ZW3aoWTGXIMeX8Ihm Go to your Dashboard and validate your secret and public keys are correct. Contact support@clerk.com if the issue persists. (reason=jwk-kid-mismatch, token-carrier=header)
2026-01-16 01:08:45.601 28276-16650 okhttp.OkHttpClient     com.baatcheet.app                    I  x-clerk-auth-reason: jwk-kid-mismatch
2026-01-16 01:08:45.601 28276-16650 okhttp.OkHttpClient     com.baatcheet.app                    I  x-clerk-auth-status: signed-out
2026-01-16 01:08:45.601 28276-16650 okhttp.OkHttpClient     com.baatcheet.app                    I  ratelimit-policy: 100;w=900
2026-01-16 01:08:45.601 28276-16650 okhttp.OkHttpClient     com.baatcheet.app                    I  ratelimit-limit: 100
2026-01-16 01:08:45.602 28276-16650 okhttp.OkHttpClient     com.baatcheet.app                    I  ratelimit-remaining: 91
2026-01-16 01:08:45.602 28276-16650 okhttp.OkHttpClient     com.baatcheet.app                    I  ratelimit-reset: 607
2026-01-16 01:08:45.602 28276-16650 okhttp.OkHttpClient     com.baatcheet.app                    I  x-response-time: 194ms
2026-01-16 01:08:45.602 28276-16650 okhttp.OkHttpClient     com.baatcheet.app                    I  etag: W/"ce2-ADl9jVKImUTsz3NDKrqn8ft7kr4"
2026-01-16 01:08:45.602 28276-16650 okhttp.OkHttpClient     com.baatcheet.app                    I  x-proxied-host: http://10.108.99.227
2026-01-16 01:08:45.602 28276-16650 okhttp.OkHttpClient     com.baatcheet.app                    I  x-proxied-replica: jexrop9f-shrqs
2026-01-16 01:08:45.602 28276-16650 okhttp.OkHttpClient     com.baatcheet.app                    I  x-proxied-path: /api/v1/projects/b421c78b-39f1-41a1-a7ca-a4e6abae1921/conversations
2026-01-16 01:08:45.602 28276-16650 okhttp.OkHttpClient     com.baatcheet.app                    I  link: <https://huggingface.co/spaces/sharry121/BaatCheet>;rel="canonical"
2026-01-16 01:08:45.610 28276-16650 okhttp.OkHttpClient     com.baatcheet.app                    I  {"success":true,"data":[{"id":"52dfc3db-f19c-4d56-8f2e-029d691fcfe3","title":"what is the goal of this project till now you...","model":"llama-3.3-70b-versatile","tags":[],"isPinned":false,"isArchived":false,"totalTokens":4567,"createdAt":"2026-01-15T18:08:53.478Z","updatedAt":"2026-01-15T18:08:56.046Z","userId":"2821af5c-90ab-458c-9d94-85eed55e90c3","messageCount":2,"isOwner":true,"createdBy":{"id":"2821af5c-90ab-458c-9d94-85eed55e90c3","firstName":"Muhammad","lastName":"Sharjeel","email":"onseason10@gmail.com","avatar":"https://img.clerk.com/eyJ0eXBlIjoiZGVmYXVsdCIsImlpZCI6Imluc18zODRLTFhSMHMwWlczYW9XVEdYSU1lWDhJaG0iLCJyaWQiOiJ1c2VyXzM4NkNlM0dUc1RvWWtaekdtNzFWQnc2TFZQMCIsImluaXRpYWxzIjoiTVMifQ"}},{"id":"34a7e479-d07b-4b90-8041-ca8b23e7693a","title":"hjj","model":"llama-3.3-70b-versatile","tags":[],"isPinned":false,"isArchived":false,"totalTokens":2889,"createdAt":"2026-01-15T15:27:43.446Z","updatedAt":"2026-01-15T15:27:44.271Z","userId":"2821af5c-90ab-458c-9d94-85eed55e90c3","messageCount":2,"isOwner":true,"createdBy":{"id":"2821af5c-90ab-458c-9d94-85eed55e90c3","firstName":"Muhammad","lastName":"Sharjeel","email":"onseason10@gmail.com","avatar":"https://img.clerk.com/eyJ0eXBlIjoiZGVmYXVsdCIsImlpZCI6Imluc18zODRLTFhSMHMwWlczYW9XVEdYSU1lWDhJaG0iLCJyaWQiOiJ1c2VyXzM4NkNlM0dUc1RvWWtaekdtNzFWQnc2TFZQMCIsImluaXRpYWxzIjoiTVMifQ"}},{"id":"0aa9fe1e-dc99-44d9-beed-daaca2f72498","title":"ghuh","model":"llama-3.3-70b-versatile","tags":[],"isPinned":false,"isArchived":false,"totalTokens":2891,"createdAt":"2026-01-15T15:27:14.073Z","updatedAt":"2026-01-15T15:27:14.657Z","userId":"2821af5c-90ab-458c-9d94-85eed55e90c3","messageCount":2,"isOwner":true,"createdBy":{"id":"2821af5c-90ab-458c-9d94-85eed55e90c3","firstName":"Muhammad","lastName":"Sharjeel","email":"onseason10@gmail.com","avatar":"https://img.clerk.com/eyJ0eXBlIjoiZGVmYXVsdCIsImlpZCI6Imluc18zODRLTFhSMHMwWlczYW9XVEdYSU1lWDhJaG0iLCJyaWQiOiJ1c2VyXzM4NkNlM0dUc1RvWWtaekdtNzFWQnc2TFZQMCIsImluaXRpYWxzIjoiTVMifQ"}},{"id":"96221e8d-7800-4a76-91ff-f009eaeb0b5d","title":"hh","model":"llama-3.3-70b-versatile","tags":[],"isPinned":false,"isArchived":false,"totalTokens":2910,"createdAt":"2026-01-15T15:26:22.200Z","updatedAt":"2026-01-15T15:26:22.975Z","userId":"2821af5c-90ab-458c-9d94-85eed55e90c3","messageCount":2,"isOwner":true,"createdBy":{"id":"2821af5c-90ab-458c-9d94-85eed55e90c3","firstName":"Muhammad","lastName":"Sharjeel","email":"onseason10@gmail.com","avatar":"https://img.clerk.com/eyJ0eXBlIjoiZGVmYXVsdCIsImlpZCI6Imluc18zODRLTFhSMHMwWlczYW9XVEdYSU1lWDhJaG0iLCJyaWQiOiJ1c2VyXzM4NkNlM0dUc1RvWWtaekdtNzFWQnc2TFZQMCIsImluaXRpYWxzIjoiTVMifQ"}},{"id":"b610882d-6bfd-466f-a4bf-de12f7faedc4","title":"ChatScreen.ktfailed Download info...","model":"llama-3.3-70b-versatile","tags":[],"isPinned":false,"isArchived":false,"totalTokens":3345,"createdAt":"2026-01-15T15:26:06.699Z","updatedAt":"2026-01-15T15:26:08.740Z","userId":"2821af5c-90ab-458c-9d94-85eed55e90c3","messageCount":2,"isOwner":true,"createdBy":{"id":"2821af5c-90ab-458c-9d94-85eed55e90c3","firstName":"Muhammad","lastName":"Sharjeel","email":"onseason10@gmail.com","avatar":"https://img.clerk.com/eyJ0eXBlIjoiZGVmYXVsdCIsImlpZCI6Imluc18zODRLTFhSMHMwWlczYW9XVEdYSU1lWDhJaG0iLCJyaWQiOiJ1c2VyXzM4NkNlM0dUc1RvWWtaekdtNzFWQnc2TFZQMCIsImluaXRpYWxzIjoiTVMifQ"}}]}
2026-01-16 01:08:45.610 28276-16650 okhttp.OkHttpClient     com.baatcheet.app                    I  <-- END HTTP (3298-byte body)
2026-01-16 01:08:46.565 28276-28276 VRI[Pop-Up Window]      com.baatcheet.app                    D  hardware acceleration = true, forceHwAccelerated = false
2026-01-16 01:08:46.565 28276-28276 ViewRootImpl            com.baatcheet.app                    D  setView appearance:0 Pop-Up Window
2026-01-16 01:08:46.574 28276-28276 InputTransport          com.baatcheet.app                    D  Create ARC handle: 0xb4000078f0246020
2026-01-16 01:08:46.574 28276-28276 InputEventReceiver      com.baatcheet.app                    D  Input log is disabled in InputEventReceiver.
2026-01-16 01:08:46.574 28276-28276 InputTransport          com.baatcheet.app                    D  Input log is disabled in InputChannel.
2026-01-16 01:08:46.587 28276-28276 WindowOnBackDispatcher  com.baatcheet.app                    W  OnBackInvokedCallback is not enabled for the application.
                                                                                                    Set 'android:enableOnBackInvokedCallback="true"' in the application manifest.
2026-01-16 01:08:46.740 28276-28276 BufferQueueConsumer     com.baatcheet.app                    D  [](id:6e7400000002,api:0,p:-1,c:28276) connect: controlledByApp=false
2026-01-16 01:08:46.741 28276-16641 OpenGLRenderer          com.baatcheet.app                    E  Unable to match the desired swap behavior.
2026-01-16 01:08:46.792 28276-16641 BLASTBufferQueue        com.baatcheet.app                    D  [VRI[Pop-Up Window]#2](f:0,a:1) acquireNextBufferLocked size=1080x2436 mFrameNumber=1 applyTransaction=true mTimestamp=7833811382389(auto) mPendingTransactions.size=0 graphicBufferId=121444495261716 transform=0
2026-01-16 01:08:47.508 28276-28276 ScrollIdentify          com.baatcheet.app                    I  on fling
2026-01-16 01:08:48.764 28276-28276 WindowOnBackDispatcher  com.baatcheet.app                    W  OnBackInvokedCallback is not enabled for the application.
                                                                                                    Set 'android:enableOnBackInvokedCallback="true"' in the application manifest.
2026-01-16 01:08:48.765 28276-28276 VRI[MainActivity]       com.baatcheet.app                    D  hardware acceleration = true, forceHwAccelerated = false
2026-01-16 01:08:48.766 28276-28276 config_debug            com.baatcheet.app                    I  updateDecorCaptionStatus: {1.0 410mcc3mnc [en_US,nl_NL] ldltr sw441dp w441dp h910dp 392dpi nrml long widecg port finger -keyb/v/h -nav/h winConfig={ mBounds=Rect(0, 0 - 1080, 2436) mAppBounds=Rect(0, 108 - 1080, 2338) mMaxBounds=Rect(0, 0 - 1080, 2436) mDisplayRotation=ROTATION_0 mWindowingMode=fullscreen mDisplayWindowingMode=fullscreen mMultiWindowMode=normal mMultiWindowId=0 mWindowResiable=6 mInLargeScreen=-1 mActivityType=standard mAlwaysOnTop=undefined mRotation=ROTATION_0 mUiOptSpec=-1 mCurDisplayId=-1} as.2 s.1 fontWeightAdjustment=0} fromMultiWindow: false
2026-01-16 01:08:48.766 28276-28276 ViewRootImpl            com.baatcheet.app                    D  setView appearance:8 com.baatcheet.app/com.baatcheet.app.MainActivity
2026-01-16 01:08:48.767   976-1049  BufferQueueDebug        surfaceflinger                       E  [e504ad4 com.baatcheet.app/com.baatcheet.app.MainActivity#6028](this:0xb400007cba923690,id:-1,api:0,p:-1,c:-1) id info cannot be read from 'e504ad4 com.baatcheet.app/com.baatcheet.app.MainActivity#6028'
2026-01-16 01:08:48.774 28276-28276 InputTransport          com.baatcheet.app                    D  Create ARC handle: 0xb4000078f02461d0
2026-01-16 01:08:48.774 28276-28276 InputEventReceiver      com.baatcheet.app                    D  Input log is disabled in InputEventReceiver.
2026-01-16 01:08:48.774 28276-28276 InputTransport          com.baatcheet.app                    D  Input log is disabled in InputChannel.
2026-01-16 01:08:48.795   976-976   BufferQueueDebug        surfaceflinger                       E  [e504ad4 com.baatcheet.app/com.baatcheet.app.MainActivity#6028 (Mirror)#6031](this:0xb400007cbaa3d540,id:-1,api:0,p:-1,c:-1) id info cannot be read from 'e504ad4 com.baatcheet.app/com.baatcheet.app.MainActivity#6028 (Mirror)#6031'
2026-01-16 01:08:48.876   976-1049  BufferQueueDebug        surfaceflinger                       E  [com.baatcheet.app/com.baatcheet.app.MainActivity#6034](this:0xb400007cba9bd2f0,id:-1,api:0,p:-1,c:-1) id info cannot be read from 'com.baatcheet.app/com.baatcheet.app.MainActivity#6034'
2026-01-16 01:08:48.881 28276-28276 BufferQueueConsumer     com.baatcheet.app                    D  [](id:6e7400000003,api:0,p:-1,c:28276) connect: controlledByApp=false
2026-01-16 01:08:48.882 28276-28276 config_debug            com.baatcheet.app                    I  updateDecorCaptionStatus: {1.0 410mcc3mnc [en_US,nl_NL] ldltr sw441dp w441dp h910dp 392dpi nrml long widecg port finger -keyb/v/h -nav/h winConfig={ mBounds=Rect(0, 0 - 1080, 2436) mAppBounds=Rect(0, 108 - 1080, 2338) mMaxBounds=Rect(0, 0 - 1080, 2436) mDisplayRotation=ROTATION_0 mWindowingMode=fullscreen mDisplayWindowingMode=fullscreen mMultiWindowMode=normal mMultiWindowId=0 mWindowResiable=6 mInLargeScreen=-1 mActivityType=standard mAlwaysOnTop=undefined mRotation=ROTATION_0 mUiOptSpec=-1 mCurDisplayId=-1} as.2 s.1 fontWeightAdjustment=0} fromMultiWindow: true
2026-01-16 01:08:48.883 28276-16641 OpenGLRenderer          com.baatcheet.app                    E  Unable to match the desired swap behavior.
2026-01-16 01:08:48.894   976-976   BufferQueueDebug        surfaceflinger                       E  [com.baatcheet.app/com.baatcheet.app.MainActivity#6034 (Mirror)#6035](this:0xb400007cba6ae140,id:-1,api:0,p:-1,c:-1) id info cannot be read from 'com.baatcheet.app/com.baatcheet.app.MainActivity#6034 (Mirror)#6035'
2026-01-16 01:08:48.925 28276-16641 mali                    com.baatcheet.app                    I  [DebugProp] GPU Debug-Mechanism Disable !
2026-01-16 01:08:48.992 28276-16641 BLASTBufferQueue        com.baatcheet.app                    D  [VRI[MainActivity]#3](f:0,a:1) acquireNextBufferLocked size=1152x1506 mFrameNumber=1 applyTransaction=true mTimestamp=7836011001159(auto) mPendingTransactions.size=0 graphicBufferId=121444495261723 transform=0
2026-01-16 01:08:48.995   976-1049  BufferQueueDebug        surfaceflinger                       E  [Surface(name=e504ad4 com.baatcheet.app/com.baatcheet.app.MainActivity)/@0xd4ed758 - animation-leash of window_animation#6036](this:0xb400007cbaa0a120,id:-1,api:0,p:-1,c:-1) id info cannot be read from 'Surface(name=e504ad4 com.baatcheet.app/com.baatcheet.app.MainActivity)/@0xd4ed758 - animation-leash of window_animation#6036'
2026-01-16 01:08:49.013   976-976   BufferQueueDebug        surfaceflinger                       E  [Surface(name=e504ad4 com.baatcheet.app/com.baatcheet.app.MainActivity)/@0xd4ed758 - animation-leash of window_animation#6036 (Mirror)#6039](this:0xb400007cba9d3f70,id:-1,api:0,p:-1,c:-1) id info cannot be read from 'Surface(name=e504ad4 com.baatcheet.app/com.baatcheet.app.MainActivity)/@0xd4ed758 - animation-leash of window_animation#6036 (Mirror)#6039'
2026-01-16 01:08:52.774 28276-28276 VRI[Pop-Up Window]      com.baatcheet.app                    D  hardware acceleration = true, forceHwAccelerated = false
2026-01-16 01:08:52.774 28276-28276 ViewRootImpl            com.baatcheet.app                    D  setView appearance:0 Pop-Up Window
2026-01-16 01:08:52.780 28276-28276 InputTransport          com.baatcheet.app                    D  Create ARC handle: 0xb4000078f0274520
2026-01-16 01:08:52.781 28276-28276 InputEventReceiver      com.baatcheet.app                    D  Input log is disabled in InputEventReceiver.
2026-01-16 01:08:52.781 28276-28276 InputTransport          com.baatcheet.app                    D  Input log is disabled in InputChannel.
2026-01-16 01:08:52.832 28276-28276 BufferQueueConsumer     com.baatcheet.app                    D  [](id:6e7400000004,api:0,p:-1,c:28276) connect: controlledByApp=false
2026-01-16 01:08:52.833 28276-16641 OpenGLRenderer          com.baatcheet.app                    E  Unable to match the desired swap behavior.
2026-01-16 01:08:52.844 28276-16641 BLASTBufferQueue        com.baatcheet.app                    D  [VRI[Pop-Up Window]#4](f:0,a:1) acquireNextBufferLocked size=401x356 mFrameNumber=1 applyTransaction=true mTimestamp=7839863213236(auto) mPendingTransactions.size=0 graphicBufferId=121444495261730 transform=0
2026-01-16 01:08:53.955 28276-28276 WindowOnBackDispatcher  com.baatcheet.app                    W  OnBackInvokedCallback is not enabled for the application.
                                                                                                    Set 'android:enableOnBackInvokedCallback="true"' in the application manifest.
2026-01-16 01:08:53.957 28276-28276 VRI[MainActivity]       com.baatcheet.app                    D  hardware acceleration = true, forceHwAccelerated = false
2026-01-16 01:08:53.957 28276-28276 config_debug            com.baatcheet.app                    I  updateDecorCaptionStatus: {1.0 410mcc3mnc [en_US,nl_NL] ldltr sw441dp w441dp h910dp 392dpi nrml long widecg port finger -keyb/v/h -nav/h winConfig={ mBounds=Rect(0, 0 - 1080, 2436) mAppBounds=Rect(0, 108 - 1080, 2338) mMaxBounds=Rect(0, 0 - 1080, 2436) mDisplayRotation=ROTATION_0 mWindowingMode=fullscreen mDisplayWindowingMode=fullscreen mMultiWindowMode=normal mMultiWindowId=0 mWindowResiable=6 mInLargeScreen=-1 mActivityType=standard mAlwaysOnTop=undefined mRotation=ROTATION_0 mUiOptSpec=-1 mCurDisplayId=-1} as.2 s.1 fontWeightAdjustment=0} fromMultiWindow: false
2026-01-16 01:08:53.957 28276-28276 ViewRootImpl            com.baatcheet.app                    D  setView appearance:8 com.baatcheet.app/com.baatcheet.app.MainActivity
2026-01-16 01:08:53.958   976-2963  BufferQueueDebug        surfaceflinger                       E  [cc66164 com.baatcheet.app/com.baatcheet.app.MainActivity#6054](this:0xb400007cbaa59ce0,id:-1,api:0,p:-1,c:-1) id info cannot be read from 'cc66164 com.baatcheet.app/com.baatcheet.app.MainActivity#6054'
2026-01-16 01:08:53.964 28276-28276 InputTransport          com.baatcheet.app                    D  Create ARC handle: 0xb4000078f0225380
2026-01-16 01:08:53.964 28276-28276 InputEventReceiver      com.baatcheet.app                    D  Input log is disabled in InputEventReceiver.
2026-01-16 01:08:53.964 28276-28276 InputTransport          com.baatcheet.app                    D  Input log is disabled in InputChannel.
2026-01-16 01:08:53.976   976-976   BufferQueueDebug        surfaceflinger                       E  [cc66164 com.baatcheet.app/com.baatcheet.app.MainActivity#6054 (Mirror)#6057](this:0xb400007cba9a9400,id:-1,api:0,p:-1,c:-1) id info cannot be read from 'cc66164 com.baatcheet.app/com.baatcheet.app.MainActivity#6054 (Mirror)#6057'
2026-01-16 01:08:54.014   976-2008  BufferQueueDebug        surfaceflinger                       E  [com.baatcheet.app/com.baatcheet.app.MainActivity#6060](this:0xb400007cbaa2f170,id:-1,api:0,p:-1,c:-1) id info cannot be read from 'com.baatcheet.app/com.baatcheet.app.MainActivity#6060'
2026-01-16 01:08:54.024 28276-28276 BufferQueueConsumer     com.baatcheet.app                    D  [](id:6e7400000005,api:0,p:-1,c:28276) connect: controlledByApp=false
2026-01-16 01:08:54.025 28276-28276 config_debug            com.baatcheet.app                    I  updateDecorCaptionStatus: {1.0 410mcc3mnc [en_US,nl_NL] ldltr sw441dp w441dp h910dp 392dpi nrml long widecg port finger -keyb/v/h -nav/h winConfig={ mBounds=Rect(0, 0 - 1080, 2436) mAppBounds=Rect(0, 108 - 1080, 2338) mMaxBounds=Rect(0, 0 - 1080, 2436) mDisplayRotation=ROTATION_0 mWindowingMode=fullscreen mDisplayWindowingMode=fullscreen mMultiWindowMode=normal mMultiWindowId=0 mWindowResiable=6 mInLargeScreen=-1 mActivityType=standard mAlwaysOnTop=undefined mRotation=ROTATION_0 mUiOptSpec=-1 mCurDisplayId=-1} as.2 s.1 fontWeightAdjustment=0} fromMultiWindow: true
2026-01-16 01:08:54.025 28276-16641 OpenGLRenderer          com.baatcheet.app                    E  Unable to match the desired swap behavior.
2026-01-16 01:08:54.026   976-976   BufferQueueDebug        surfaceflinger                       E  [com.baatcheet.app/com.baatcheet.app.MainActivity#6060 (Mirror)#6061](this:0xb400007cbaa01870,id:-1,api:0,p:-1,c:-1) id info cannot be read from 'com.baatcheet.app/com.baatcheet.app.MainActivity#6060 (Mirror)#6061'
2026-01-16 01:08:54.055 28276-16641 BLASTBufferQueue        com.baatcheet.app                    D  [VRI[MainActivity]#5](f:0,a:1) acquireNextBufferLocked size=942x1197 mFrameNumber=1 applyTransaction=true mTimestamp=7841074304313(auto) mPendingTransactions.size=0 graphicBufferId=121444495261737 transform=0
2026-01-16 01:08:54.064   976-2963  BufferQueueDebug        surfaceflinger                       E  [Surface(name=cc66164 com.baatcheet.app/com.baatcheet.app.MainActivity)/@0x1b74dda - animation-leash of window_animation#6062](this:0xb400007cba9d6d00,id:-1,api:0,p:-1,c:-1) id info cannot be read from 'Surface(name=cc66164 com.baatcheet.app/com.baatcheet.app.MainActivity)/@0x1b74dda - animation-leash of window_animation#6062'
2026-01-16 01:08:54.077   976-976   BufferQueueDebug        surfaceflinger                       E  [Surface(name=cc66164 com.baatcheet.app/com.baatcheet.app.MainActivity)/@0x1b74dda - animation-leash of window_animation#6062 (Mirror)#6063](this:0xb400007cbaa0fc40,id:-1,api:0,p:-1,c:-1) id info cannot be read from 'Surface(name=cc66164 com.baatcheet.app/com.baatcheet.app.MainActivity)/@0x1b74dda - animation-leash of window_animation#6062 (Mirror)#6063'
2026-01-16 01:08:54.149 28276-28276 WindowOnBackDispatcher  com.baatcheet.app                    W  sendCancelIfRunning: isInProgress=falsecallback=android.view.ViewRootImpl$$ExternalSyntheticLambda20@b7418da
2026-01-16 01:08:54.154 28276-16641 OpenGLRenderer          com.baatcheet.app                    D  endAllActiveAnimators on 0xb4000078003a3080 (UnprojectedRipple) with handle 0xb4000078f020a350
2026-01-16 01:08:54.155 28276-28276 View                    com.baatcheet.app                    D  [Warning] assignParent to null: this = androidx.compose.ui.window.PopupLayout{b32b85c V.E...... ......ID 0,0-321,276 #1020002 android:id/content aid=1073741827}
2026-01-16 01:08:54.161 28276-28276 InputTransport          com.baatcheet.app                    D  Destroy ARC handle: 0xb4000078f0274520
2026-01-16 01:08:54.189 28276-16621 BLASTBufferQueue        com.baatcheet.app                    D  [VRI[Pop-Up Window]#4](f:0,a:4) destructor()
2026-01-16 01:08:54.189 28276-16621 BufferQueueConsumer     com.baatcheet.app                    D  [VRI[Pop-Up Window]#4(BLAST Consumer)4](id:6e7400000004,api:0,p:-1,c:28276) disconnect
2026-01-16 01:08:55.041 28276-28276 ScrollIdentify          com.baatcheet.app                    I  on fling
2026-01-16 01:08:56.807 28276-28276 WindowOnBackDispatcher  com.baatcheet.app                    W  sendCancelIfRunning: isInProgress=falsecallback=android.view.ViewRootImpl$$ExternalSyntheticLambda20@b32c09
2026-01-16 01:08:56.814 28276-28276 View                    com.baatcheet.app                    D  [Warning] assignParent to null: this = DecorView@c86e8b7[MainActivity]
2026-01-16 01:08:56.815 28276-28276 BLASTBufferQueue        com.baatcheet.app                    D  [VRI[MainActivity]#5](f:0,a:4) destructor()
2026-01-16 01:08:56.815 28276-28276 BufferQueueConsumer     com.baatcheet.app                    D  [VRI[MainActivity]#5(BLAST Consumer)5](id:6e7400000005,api:0,p:-1,c:28276) disconnect
2026-01-16 01:08:56.816   976-2008  BufferQueueDebug        surfaceflinger                       E  [Surface(name=cc66164 com.baatcheet.app/com.baatcheet.app.MainActivity)/@0x1b74dda - animation-leash of window_animation#6066](this:0xb400007cba93fe30,id:-1,api:0,p:-1,c:-1) id info cannot be read from 'Surface(name=cc66164 com.baatcheet.app/com.baatcheet.app.MainActivity)/@0x1b74dda - animation-leash of window_animation#6066'
2026-01-16 01:08:56.823 28276-28276 InputTransport          com.baatcheet.app                    D  Destroy ARC handle: 0xb4000078f0225380
2026-01-16 01:08:56.829   976-976   BufferQueueDebug        surfaceflinger                       E  [Surface(name=cc66164 com.baatcheet.app/com.baatcheet.app.MainActivity)/@0x1b74dda - animation-leash of window_animation#6066 (Mirror)#6069](this:0xb400007cba9d3f70,id:-1,api:0,p:-1,c:-1) id info cannot be read from 'Surface(name=cc66164 com.baatcheet.app/com.baatcheet.app.MainActivity)/@0x1b74dda - animation-leash of window_animation#6066 (Mirror)#6069'
2026-01-16 01:08:57.941 28276-28276 ScrollIdentify          com.baatcheet.app                    I  on fling
2026-01-16 01:08:58.732 28276-28276 ScrollIdentify          com.baatcheet.app                    I  on fling
2026-01-16 01:08:59.127 28276-28276 ScrollIdentify          com.baatcheet.app                    I  on fling
2026-01-16 01:08:59.759 28276-28276 ScrollIdentify          com.baatcheet.app                    I  on fling
2026-01-16 01:09:03.332 28276-28276 WindowOnBackDispatcher  com.baatcheet.app                    W  sendCancelIfRunning: isInProgress=falsecallback=android.view.ViewRootImpl$$ExternalSyntheticLambda20@95e4298
2026-01-16 01:09:03.345 28276-16641 OpenGLRenderer          com.baatcheet.app                    D  endAllActiveAnimators on 0xb400007800396280 (UnprojectedRipple) with handle 0xb4000078f0272e40
2026-01-16 01:09:03.346 28276-28276 View                    com.baatcheet.app                    D  [Warning] assignParent to null: this = DecorView@bf93d43[MainActivity]
2026-01-16 01:09:03.347   976-2963  BufferQueueDebug        surfaceflinger                       E  [Surface(name=e504ad4 com.baatcheet.app/com.baatcheet.app.MainActivity)/@0xd4ed758 - animation-leash of window_animation#6074](this:0xb400007cbaa01870,id:-1,api:0,p:-1,c:-1) id info cannot be read from 'Surface(name=e504ad4 com.baatcheet.app/com.baatcheet.app.MainActivity)/@0xd4ed758 - animation-leash of window_animation#6074'
