2026-01-19 22:46:56.000 11316-14983 okhttp.OkHttpClient     com.baatcheet.app                    I  Authorization: Bearer eyJhbGciOiJIUzI1NiIsInR5cCI6IkpXVCJ9.eyJ1c2VySWQiOiIyODIxYWY1Yy05MGFiLTQ1OGMtOWQ5NC04NWVlZDU1ZTkwYzMiLCJjbGVya0lkIjoidXNlcl8zODZDZTNHVHNUb1lrWnpHbTcxVkJ3NkxWUDAiLCJlbWFpbCI6Im9uc2Vhc29uMTBAZ21haWwuY29tIiwiaWF0IjoxNzY4ODQ0ODE0LCJleHAiOjE3Njk0NDk2MTR9.9piVL77bYo2W8o3--7gPANcQu8gx8O8G3Y6JGxlxZ7Y
2026-01-19 22:46:56.000 11316-14983 okhttp.OkHttpClient     com.baatcheet.app                    I  Content-Type: application/json
2026-01-19 22:46:56.000 11316-14983 okhttp.OkHttpClient     com.baatcheet.app                    I  --> END GET
2026-01-19 22:46:56.021 11316-14982 okhttp.OkHttpClient     com.baatcheet.app                    I  <-- 200 https://sharry121-baatcheet.hf.space/api/v1/chat/usage (1802ms)
2026-01-19 22:46:56.022 11316-14982 okhttp.OkHttpClient     com.baatcheet.app                    I  date: Mon, 19 Jan 2026 17:46:56 GMT
2026-01-19 22:46:56.022 11316-14982 okhttp.OkHttpClient     com.baatcheet.app                    I  content-type: application/json; charset=utf-8
2026-01-19 22:46:56.022 11316-14982 okhttp.OkHttpClient     com.baatcheet.app                    I  content-length: 266
2026-01-19 22:46:56.022 11316-14982 okhttp.OkHttpClient     com.baatcheet.app                    I  x-request-id: Cn1WLg, Cn1WLg
2026-01-19 22:46:56.022 11316-14982 okhttp.OkHttpClient     com.baatcheet.app                    I  content-security-policy: default-src 'self';script-src 'self' 'unsafe-inline';style-src 'self' 'unsafe-inline';img-src 'self' data: https:;connect-src 'self' https://api.clerk.dev;base-uri 'self';font-src 'self' https: data:;form-action 'self';frame-ancestors 'self';object-src 'none';script-src-attr 'none';upgrade-insecure-requests
2026-01-19 22:46:56.022 11316-14982 okhttp.OkHttpClient     com.baatcheet.app                    I  cross-origin-opener-policy: same-origin
2026-01-19 22:46:56.022 11316-14982 okhttp.OkHttpClient     com.baatcheet.app                    I  cross-origin-resource-policy: cross-origin
2026-01-19 22:46:56.022 11316-14982 okhttp.OkHttpClient     com.baatcheet.app                    I  origin-agent-cluster: ?1
2026-01-19 22:46:56.022 11316-14982 okhttp.OkHttpClient     com.baatcheet.app                    I  referrer-policy: no-referrer
2026-01-19 22:46:56.022 11316-14982 okhttp.OkHttpClient     com.baatcheet.app                    I  strict-transport-security: max-age=31536000; includeSubDomains; preload
2026-01-19 22:46:56.022 11316-14982 okhttp.OkHttpClient     com.baatcheet.app                    I  x-content-type-options: nosniff
2026-01-19 22:46:56.022 11316-14982 okhttp.OkHttpClient     com.baatcheet.app                    I  x-dns-prefetch-control: off
2026-01-19 22:46:56.022 11316-14982 okhttp.OkHttpClient     com.baatcheet.app                    I  x-download-options: noopen
2026-01-19 22:46:56.022 11316-14982 okhttp.OkHttpClient     com.baatcheet.app                    I  x-frame-options: SAMEORIGIN
2026-01-19 22:46:56.022 11316-14982 okhttp.OkHttpClient     com.baatcheet.app                    I  x-permitted-cross-domain-policies: none
2026-01-19 22:46:56.022 11316-14982 okhttp.OkHttpClient     com.baatcheet.app                    I  x-xss-protection: 0
2026-01-19 22:46:56.022 11316-14982 okhttp.OkHttpClient     com.baatcheet.app                    I  vary: Origin
2026-01-19 22:46:56.022 11316-14982 okhttp.OkHttpClient     com.baatcheet.app                    I  vary: origin, access-control-request-method, access-control-request-headers
2026-01-19 22:46:56.022 11316-14982 okhttp.OkHttpClient     com.baatcheet.app                    I  access-control-allow-credentials: true
2026-01-19 22:46:56.022 11316-14982 okhttp.OkHttpClient     com.baatcheet.app                    I  access-control-expose-headers: X-Request-ID,X-Response-Time,X-RateLimit-Limit,X-RateLimit-Remaining,X-RateLimit-Reset
2026-01-19 22:46:56.022 11316-14982 okhttp.OkHttpClient     com.baatcheet.app                    I  x-clerk-auth-message: Unable to find a signing key in JWKS that matches the kid='undefined' of the provided session token. Please make sure that the __session cookie or the HTTP authorization header contain a Clerk-generated session JWT. The following kid is available: ins_384KLXR0s0ZW3aoWTGXIMeX8Ihm Go to your Dashboard and validate your secret and public keys are correct. Contact support@clerk.com if the issue persists. (reason=jwk-kid-mismatch, token-carrier=header)
2026-01-19 22:46:56.022 11316-14982 okhttp.OkHttpClient     com.baatcheet.app                    I  x-clerk-auth-reason: jwk-kid-mismatch
2026-01-19 22:46:56.023 11316-14982 okhttp.OkHttpClient     com.baatcheet.app                    I  x-clerk-auth-status: signed-out
2026-01-19 22:46:56.023 11316-14982 okhttp.OkHttpClient     com.baatcheet.app                    I  ratelimit-policy: 100;w=900
2026-01-19 22:46:56.023 11316-14982 okhttp.OkHttpClient     com.baatcheet.app                    I  ratelimit-limit: 100
2026-01-19 22:46:56.023 11316-14982 okhttp.OkHttpClient     com.baatcheet.app                    I  ratelimit-remaining: 89
2026-01-19 22:46:56.023 11316-14982 okhttp.OkHttpClient     com.baatcheet.app                    I  ratelimit-reset: 487
2026-01-19 22:46:56.023 11316-14982 okhttp.OkHttpClient     com.baatcheet.app                    I  x-response-time: 259ms
2026-01-19 22:46:56.023 11316-14982 okhttp.OkHttpClient     com.baatcheet.app                    I  etag: W/"10a-PMvD3a6DOUbtGvud6FarnsCsIAg"
2026-01-19 22:46:56.023 11316-14982 okhttp.OkHttpClient     com.baatcheet.app                    I  x-proxied-host: http://10.108.3.222
2026-01-19 22:46:56.023 11316-14982 okhttp.OkHttpClient     com.baatcheet.app                    I  x-proxied-replica: 1g3whvfl-v6s9z
2026-01-19 22:46:56.023 11316-14982 okhttp.OkHttpClient     com.baatcheet.app                    I  x-proxied-path: /api/v1/chat/usage
2026-01-19 22:46:56.023 11316-14982 okhttp.OkHttpClient     com.baatcheet.app                    I  link: <https://huggingface.co/spaces/sharry121/BaatCheet>;rel="canonical"
2026-01-19 22:46:56.023 11316-14982 okhttp.OkHttpClient     com.baatcheet.app                    I  {"success":true,"data":{"tier":"free","usage":{"messages":{"used":3,"limit":50,"remaining":47,"percentage":6},"images":{"used":0,"limit":1,"remaining":1,"percentage":0}},"resetAt":"2026-01-20T00:00:00.000Z","limits":{"messages":50,"images":1,"voice":10,"search":5}}}
2026-01-19 22:46:56.024 11316-14982 okhttp.OkHttpClient     com.baatcheet.app                    I  <-- END HTTP (266-byte body)
2026-01-19 22:46:56.529 11316-14799 TextToSpeech            com.baatcheet.app                    I  Connected to TTS engine
2026-01-19 22:46:56.557 11316-14980 okhttp.OkHttpClient     com.baatcheet.app                    I  <-- 200 https://sharry121-baatcheet.hf.space/api/v1/projects/collaborations (567ms)
2026-01-19 22:46:56.557 11316-14980 okhttp.OkHttpClient     com.baatcheet.app                    I  date: Mon, 19 Jan 2026 17:46:57 GMT
2026-01-19 22:46:56.557 11316-14980 okhttp.OkHttpClient     com.baatcheet.app                    I  content-type: application/json; charset=utf-8
2026-01-19 22:46:56.557 11316-14980 okhttp.OkHttpClient     com.baatcheet.app                    I  content-length: 26
2026-01-19 22:46:56.557 11316-14980 okhttp.OkHttpClient     com.baatcheet.app                    I  x-request-id: 8y5Nn-, 8y5Nn-
2026-01-19 22:46:56.557 11316-14980 okhttp.OkHttpClient     com.baatcheet.app                    I  content-security-policy: default-src 'self';script-src 'self' 'unsafe-inline';style-src 'self' 'unsafe-inline';img-src 'self' data: https:;connect-src 'self' https://api.clerk.dev;base-uri 'self';font-src 'self' https: data:;form-action 'self';frame-ancestors 'self';object-src 'none';script-src-attr 'none';upgrade-insecure-requests
2026-01-19 22:46:56.557 11316-14980 okhttp.OkHttpClient     com.baatcheet.app                    I  cross-origin-opener-policy: same-origin
2026-01-19 22:46:56.557 11316-14980 okhttp.OkHttpClient     com.baatcheet.app                    I  cross-origin-resource-policy: cross-origin
2026-01-19 22:46:56.557 11316-14980 okhttp.OkHttpClient     com.baatcheet.app                    I  origin-agent-cluster: ?1
2026-01-19 22:46:56.557 11316-14980 okhttp.OkHttpClient     com.baatcheet.app                    I  referrer-policy: no-referrer
2026-01-19 22:46:56.557 11316-14980 okhttp.OkHttpClient     com.baatcheet.app                    I  strict-transport-security: max-age=31536000; includeSubDomains; preload
2026-01-19 22:46:56.558 11316-14980 okhttp.OkHttpClient     com.baatcheet.app                    I  x-content-type-options: nosniff
2026-01-19 22:46:56.558 11316-14980 okhttp.OkHttpClient     com.baatcheet.app                    I  x-dns-prefetch-control: off
2026-01-19 22:46:56.558 11316-14980 okhttp.OkHttpClient     com.baatcheet.app                    I  x-download-options: noopen
2026-01-19 22:46:56.558 11316-14980 okhttp.OkHttpClient     com.baatcheet.app                    I  x-frame-options: SAMEORIGIN
2026-01-19 22:46:56.558 11316-14980 okhttp.OkHttpClient     com.baatcheet.app                    I  x-permitted-cross-domain-policies: none
2026-01-19 22:46:56.558 11316-14980 okhttp.OkHttpClient     com.baatcheet.app                    I  x-xss-protection: 0
2026-01-19 22:46:56.558 11316-14980 okhttp.OkHttpClient     com.baatcheet.app                    I  vary: Origin
2026-01-19 22:46:56.558 11316-14980 okhttp.OkHttpClient     com.baatcheet.app                    I  vary: origin, access-control-request-method, access-control-request-headers
2026-01-19 22:46:56.558 11316-14980 okhttp.OkHttpClient     com.baatcheet.app                    I  access-control-allow-credentials: true
2026-01-19 22:46:56.558 11316-14980 okhttp.OkHttpClient     com.baatcheet.app                    I  access-control-expose-headers: X-Request-ID,X-Response-Time,X-RateLimit-Limit,X-RateLimit-Remaining,X-RateLimit-Reset
2026-01-19 22:46:56.558 11316-14980 okhttp.OkHttpClient     com.baatcheet.app                    I  x-clerk-auth-message: Unable to find a signing key in JWKS that matches the kid='undefined' of the provided session token. Please make sure that the __session cookie or the HTTP authorization header contain a Clerk-generated session JWT. The following kid is available: ins_384KLXR0s0ZW3aoWTGXIMeX8Ihm Go to your Dashboard and validate your secret and public keys are correct. Contact support@clerk.com if the issue persists. (reason=jwk-kid-mismatch, token-carrier=header)
2026-01-19 22:46:56.558 11316-14980 okhttp.OkHttpClient     com.baatcheet.app                    I  x-clerk-auth-reason: jwk-kid-mismatch
2026-01-19 22:46:56.558 11316-14980 okhttp.OkHttpClient     com.baatcheet.app                    I  x-clerk-auth-status: signed-out
2026-01-19 22:46:56.558 11316-14980 okhttp.OkHttpClient     com.baatcheet.app                    I  ratelimit-policy: 100;w=900
2026-01-19 22:46:56.558 11316-14980 okhttp.OkHttpClient     com.baatcheet.app                    I  ratelimit-limit: 100
2026-01-19 22:46:56.558 11316-14980 okhttp.OkHttpClient     com.baatcheet.app                    I  ratelimit-remaining: 88
2026-01-19 22:46:56.558 11316-14980 okhttp.OkHttpClient     com.baatcheet.app                    I  ratelimit-reset: 487
2026-01-19 22:46:56.558 11316-14980 okhttp.OkHttpClient     com.baatcheet.app                    I  x-response-time: 127ms
2026-01-19 22:46:56.558 11316-14980 okhttp.OkHttpClient     com.baatcheet.app                    I  etag: W/"1a-s3B6blipWxCo2IriQlJeaz0uh7I"
2026-01-19 22:46:56.558 11316-14980 okhttp.OkHttpClient     com.baatcheet.app                    I  x-proxied-host: http://10.108.3.222
2026-01-19 22:46:56.558 11316-14980 okhttp.OkHttpClient     com.baatcheet.app                    I  x-proxied-replica: 1g3whvfl-v6s9z
2026-01-19 22:46:56.558 11316-14980 okhttp.OkHttpClient     com.baatcheet.app                    I  x-proxied-path: /api/v1/projects/collaborations
2026-01-19 22:46:56.559 11316-14980 okhttp.OkHttpClient     com.baatcheet.app                    I  link: <https://huggingface.co/spaces/sharry121/BaatCheet>;rel="canonical"
2026-01-19 22:46:56.559 11316-14980 okhttp.OkHttpClient     com.baatcheet.app                    I  {"success":true,"data":[]}
2026-01-19 22:46:56.559 11316-14980 okhttp.OkHttpClient     com.baatcheet.app                    I  <-- END HTTP (26-byte body)
2026-01-19 22:46:56.634 11316-14983 okhttp.OkHttpClient     com.baatcheet.app                    I  <-- 200 https://sharry121-baatcheet.hf.space/api/v1/projects/invitations/pending (633ms)
2026-01-19 22:46:56.634 11316-14983 okhttp.OkHttpClient     com.baatcheet.app                    I  date: Mon, 19 Jan 2026 17:46:57 GMT
2026-01-19 22:46:56.634 11316-14983 okhttp.OkHttpClient     com.baatcheet.app                    I  content-type: application/json; charset=utf-8
2026-01-19 22:46:56.634 11316-14983 okhttp.OkHttpClient     com.baatcheet.app                    I  content-length: 26
2026-01-19 22:46:56.634 11316-14983 okhttp.OkHttpClient     com.baatcheet.app                    I  x-request-id: wDUAxS, wDUAxS
2026-01-19 22:46:56.634 11316-14983 okhttp.OkHttpClient     com.baatcheet.app                    I  content-security-policy: default-src 'self';script-src 'self' 'unsafe-inline';style-src 'self' 'unsafe-inline';img-src 'self' data: https:;connect-src 'self' https://api.clerk.dev;base-uri 'self';font-src 'self' https: data:;form-action 'self';frame-ancestors 'self';object-src 'none';script-src-attr 'none';upgrade-insecure-requests
2026-01-19 22:46:56.634 11316-14983 okhttp.OkHttpClient     com.baatcheet.app                    I  cross-origin-opener-policy: same-origin
2026-01-19 22:46:56.634 11316-14983 okhttp.OkHttpClient     com.baatcheet.app                    I  cross-origin-resource-policy: cross-origin
2026-01-19 22:46:56.634 11316-14983 okhttp.OkHttpClient     com.baatcheet.app                    I  origin-agent-cluster: ?1
2026-01-19 22:46:56.634 11316-14983 okhttp.OkHttpClient     com.baatcheet.app                    I  referrer-policy: no-referrer
2026-01-19 22:46:56.634 11316-14983 okhttp.OkHttpClient     com.baatcheet.app                    I  strict-transport-security: max-age=31536000; includeSubDomains; preload
2026-01-19 22:46:56.634 11316-14983 okhttp.OkHttpClient     com.baatcheet.app                    I  x-content-type-options: nosniff
2026-01-19 22:46:56.634 11316-14983 okhttp.OkHttpClient     com.baatcheet.app                    I  x-dns-prefetch-control: off
2026-01-19 22:46:56.634 11316-14983 okhttp.OkHttpClient     com.baatcheet.app                    I  x-download-options: noopen
2026-01-19 22:46:56.634 11316-14983 okhttp.OkHttpClient     com.baatcheet.app                    I  x-frame-options: SAMEORIGIN
2026-01-19 22:46:56.634 11316-14983 okhttp.OkHttpClient     com.baatcheet.app                    I  x-permitted-cross-domain-policies: none
2026-01-19 22:46:56.634 11316-14983 okhttp.OkHttpClient     com.baatcheet.app                    I  x-xss-protection: 0
2026-01-19 22:46:56.634 11316-14983 okhttp.OkHttpClient     com.baatcheet.app                    I  vary: Origin
2026-01-19 22:46:56.634 11316-14983 okhttp.OkHttpClient     com.baatcheet.app                    I  vary: origin, access-control-request-method, access-control-request-headers
2026-01-19 22:46:56.634 11316-14983 okhttp.OkHttpClient     com.baatcheet.app                    I  access-control-allow-credentials: true
2026-01-19 22:46:56.634 11316-14983 okhttp.OkHttpClient     com.baatcheet.app                    I  access-control-expose-headers: X-Request-ID,X-Response-Time,X-RateLimit-Limit,X-RateLimit-Remaining,X-RateLimit-Reset
2026-01-19 22:46:56.634 11316-14983 okhttp.OkHttpClient     com.baatcheet.app                    I  x-clerk-auth-message: Unable to find a signing key in JWKS that matches the kid='undefined' of the provided session token. Please make sure that the __session cookie or the HTTP authorization header contain a Clerk-generated session JWT. The following kid is available: ins_384KLXR0s0ZW3aoWTGXIMeX8Ihm Go to your Dashboard and validate your secret and public keys are correct. Contact support@clerk.com if the issue persists. (reason=jwk-kid-mismatch, token-carrier=header)
2026-01-19 22:46:56.635 11316-14983 okhttp.OkHttpClient     com.baatcheet.app                    I  x-clerk-auth-reason: jwk-kid-mismatch
2026-01-19 22:46:56.635 11316-14983 okhttp.OkHttpClient     com.baatcheet.app                    I  x-clerk-auth-status: signed-out
2026-01-19 22:46:56.635 11316-14983 okhttp.OkHttpClient     com.baatcheet.app                    I  ratelimit-policy: 100;w=900
2026-01-19 22:46:56.635 11316-14983 okhttp.OkHttpClient     com.baatcheet.app                    I  ratelimit-limit: 100
2026-01-19 22:46:56.635 11316-14983 okhttp.OkHttpClient     com.baatcheet.app                    I  ratelimit-remaining: 87
2026-01-19 22:46:56.635 11316-14983 okhttp.OkHttpClient     com.baatcheet.app                    I  ratelimit-reset: 486
2026-01-19 22:46:56.635 11316-14983 okhttp.OkHttpClient     com.baatcheet.app                    I  x-response-time: 137ms
2026-01-19 22:46:56.635 11316-14983 okhttp.OkHttpClient     com.baatcheet.app                    I  etag: W/"1a-s3B6blipWxCo2IriQlJeaz0uh7I"
2026-01-19 22:46:56.635 11316-14983 okhttp.OkHttpClient     com.baatcheet.app                    I  x-proxied-host: http://10.108.3.222
2026-01-19 22:46:56.635 11316-14983 okhttp.OkHttpClient     com.baatcheet.app                    I  x-proxied-replica: 1g3whvfl-v6s9z
2026-01-19 22:46:56.635 11316-14983 okhttp.OkHttpClient     com.baatcheet.app                    I  x-proxied-path: /api/v1/projects/invitations/pending
2026-01-19 22:46:56.635 11316-14983 okhttp.OkHttpClient     com.baatcheet.app                    I  link: <https://huggingface.co/spaces/sharry121/BaatCheet>;rel="canonical"
2026-01-19 22:46:56.636 11316-14983 okhttp.OkHttpClient     com.baatcheet.app                    I  {"success":true,"data":[]}
2026-01-19 22:46:56.636 11316-14983 okhttp.OkHttpClient     com.baatcheet.app                    I  <-- END HTTP (26-byte body)
2026-01-19 22:46:56.862 11316-15013 TextToSpeech            com.baatcheet.app                    I  Setting up the connection to TTS engine...
2026-01-19 22:46:57.009 11316-11316 InputMethodManager      com.baatcheet.app                    D  invalidateInput sessionid: 0
2026-01-19 22:46:57.010 11316-14796 m.baatcheet.app         com.baatcheet.app                    W  ApkAssets: Deleting an ApkAssets object '<empty> and /data/app/~~KluyrlSVT_qq8JPGcIQzOA==/com.google.android.tts-3JNtkUai0_JEuPFjeAmQOw==/base.apk' with 1 weak references
2026-01-19 22:46:57.011 11316-14796 m.baatcheet.app         com.baatcheet.app                    W  ApkAssets: Deleting an ApkAssets object '<empty> and /data/app/~~KluyrlSVT_qq8JPGcIQzOA==/com.google.android.tts-3JNtkUai0_JEuPFjeAmQOw==/split_config.arm64_v8a.apk' with 1 weak references
2026-01-19 22:46:57.011 11316-14796 m.baatcheet.app         com.baatcheet.app                    W  ApkAssets: Deleting an ApkAssets object '<empty> and /data/app/~~KluyrlSVT_qq8JPGcIQzOA==/com.google.android.tts-3JNtkUai0_JEuPFjeAmQOw==/split_config.en.apk' with 1 weak references
2026-01-19 22:46:57.011 11316-14796 m.baatcheet.app         com.baatcheet.app                    W  ApkAssets: Deleting an ApkAssets object '<empty> and /data/app/~~KluyrlSVT_qq8JPGcIQzOA==/com.google.android.tts-3JNtkUai0_JEuPFjeAmQOw==/split_config.nl.apk' with 1 weak references
2026-01-19 22:46:57.011 11316-14796 m.baatcheet.app         com.baatcheet.app                    W  ApkAssets: Deleting an ApkAssets object '<empty> and /data/app/~~KluyrlSVT_qq8JPGcIQzOA==/com.google.android.tts-3JNtkUai0_JEuPFjeAmQOw==/split_config.xxhdpi.apk' with 1 weak references
2026-01-19 22:46:57.014 11316-11316 ImeTracker              com.baatcheet.app                    I  com.baatcheet.app:a0648848: onRequestShow at ORIGIN_CLIENT_SHOW_SOFT_INPUT reason SHOW_SOFT_INPUT_BY_INSETS_API
2026-01-19 22:46:57.014 11316-11316 InsetsController        com.baatcheet.app                    D  show(ime(), fromIme=false)
2026-01-19 22:46:57.014 11316-11316 InputMethodManager      com.baatcheet.app                    D  showSoftInput() view=androidx.compose.ui.platform.AndroidComposeView{8776445 VFED..... .F....ID 0,0-1080,2436 aid=1073741824} flags=0 reason=SHOW_SOFT_INPUT_BY_INSETS_API
2026-01-19 22:46:57.100 11316-11316 InsetsController        com.baatcheet.app                    D  show(ime(), fromIme=true)
2026-01-19 22:46:57.420 11316-11316 ImeTracker              com.baatcheet.app                    I  com.baatcheet.app:a0648848: onShown
2026-01-19 22:47:00.371 11316-14793 m.baatcheet.app         com.baatcheet.app                    I  Compiler allocated 5087KB to compile void com.baatcheet.app.ui.chat.ChatScreenKt$ChatScreen$11.invoke(androidx.compose.runtime.Composer, int)
2026-01-19 22:47:01.224 11316-11316 VRI[Pop-Up Window]      com.baatcheet.app                    D  hardware acceleration = true, forceHwAccelerated = false
2026-01-19 22:47:01.224 11316-11316 ViewRootImpl            com.baatcheet.app                    D  setView appearance:0 Pop-Up Window
2026-01-19 22:47:01.232 11316-11316 InputTransport          com.baatcheet.app                    D  Create ARC handle: 0xb40000753dba8870
2026-01-19 22:47:01.232 11316-11316 InputEventReceiver      com.baatcheet.app                    D  Input log is disabled in InputEventReceiver.
2026-01-19 22:47:01.232 11316-11316 InputTransport          com.baatcheet.app                    D  Input log is disabled in InputChannel.
2026-01-19 22:47:01.237 11316-11316 WindowOnBackDispatcher  com.baatcheet.app                    W  OnBackInvokedCallback is not enabled for the application.
                                                                                                    Set 'android:enableOnBackInvokedCallback="true"' in the application manifest.
2026-01-19 22:47:01.344 11316-11316 BufferQueueConsumer     com.baatcheet.app                    D  [](id:2c3400000001,api:0,p:-1,c:11316) connect: controlledByApp=false
2026-01-19 22:47:01.345 11316-14808 OpenGLRenderer          com.baatcheet.app                    E  Unable to match the desired swap behavior.
2026-01-19 22:47:01.383 11316-14808 BLASTBufferQueue        com.baatcheet.app                    D  [VRI[Pop-Up Window]#1](f:0,a:1) acquireNextBufferLocked size=1080x2436 mFrameNumber=1 applyTransaction=true mTimestamp=96197441994733(auto) mPendingTransactions.size=0 graphicBufferId=48601849921549 transform=0
2026-01-19 22:47:01.422 11316-11316 WindowOnBackDispatcher  com.baatcheet.app                    W  sendCancelIfRunning: isInProgress=falsecallback=ImeCallback=ImeOnBackInvokedCallback@86049395 Callback=android.window.IOnBackInvokedCallback$Stub$Proxy@827a81e
2026-01-19 22:47:01.450 11316-11316 RemoteInpu...ectionImpl com.baatcheet.app                    W  requestCursorAnchorInfo on inactive InputConnection
2026-01-19 22:47:01.451 11316-11316 WindowOnBackDispatcher  com.baatcheet.app                    W  sendCancelIfRunning: isInProgress=falsecallback=ImeCallback=ImeOnBackInvokedCallback@86049395 Callback=android.window.IOnBackInvokedCallback$Stub$Proxy@827a81e
2026-01-19 22:47:01.459 11316-11316 ImeTracker              com.baatcheet.app                    I  com.baatcheet.app:bec4d04e: onCancelled at PHASE_CLIENT_ANIMATION_CANCEL
2026-01-19 22:47:01.461 11316-11316 ImeTracker              com.baatcheet.app                    I  com.baatcheet.app:fa06d166: onRequestHide at ORIGIN_CLIENT_HIDE_SOFT_INPUT reason HIDE_SOFT_INPUT_BY_INSETS_API
2026-01-19 22:47:01.462 11316-11316 ImeTracker              com.baatcheet.app                    I  com.baatcheet.app:fa06d166: onFailed at PHASE_CLIENT_VIEW_SERVED
2026-01-19 22:47:02.194 11316-11316 WindowOnBackDispatcher  com.baatcheet.app                    W  sendCancelIfRunning: isInProgress=falsecallback=android.view.ViewRootImpl$$ExternalSyntheticLambda20@e1d769d
2026-01-19 22:47:02.208 11316-14808 OpenGLRenderer          com.baatcheet.app                    D  endAllActiveAnimators on 0xb4000073ddc67470 (UnprojectedRipple) with handle 0xb40000753db8dd20
2026-01-19 22:47:02.208 11316-11316 View                    com.baatcheet.app                    D  [Warning] assignParent to null: this = androidx.compose.material3.ModalBottomSheetWindow{75d2df V.E...... ......ID 0,0-1080,2436 #1020002 android:id/content aid=1073741825}
2026-01-19 22:47:02.212 11316-14799 BLASTBufferQueue        com.baatcheet.app                    D  [VRI[Pop-Up Window]#1](f:0,a:4) destructor()
2026-01-19 22:47:02.212 11316-14799 BufferQueueConsumer     com.baatcheet.app                    D  [VRI[Pop-Up Window]#1(BLAST Consumer)1](id:2c3400000001,api:0,p:-1,c:11316) disconnect
2026-01-19 22:47:02.226 11316-11316 InputTransport          com.baatcheet.app                    D  Destroy ARC handle: 0xb40000753dba8870
2026-01-19 22:47:02.270 11316-11316 InputMethodManager      com.baatcheet.app                    D  invalidateInput sessionid: 0
2026-01-19 22:47:02.342 11316-11316 InsetsController        com.baatcheet.app                    D  show(ime(), fromIme=true)
2026-01-19 22:47:02.659 11316-11316 ImeTracker              com.baatcheet.app                    I  com.baatcheet.app:538581e6: onShown
2026-01-19 22:47:05.220 11316-14983 okhttp.OkHttpClient     com.baatcheet.app                    I  --> POST https://sharry121-baatcheet.hf.space/api/v1/chat/analyze
2026-01-19 22:47:05.221 11316-14983 okhttp.OkHttpClient     com.baatcheet.app                    I  Content-Length: 34
2026-01-19 22:47:05.221 11316-14983 okhttp.OkHttpClient     com.baatcheet.app                    I  Authorization: Bearer eyJhbGciOiJIUzI1NiIsInR5cCI6IkpXVCJ9.eyJ1c2VySWQiOiIyODIxYWY1Yy05MGFiLTQ1OGMtOWQ5NC04NWVlZDU1ZTkwYzMiLCJjbGVya0lkIjoidXNlcl8zODZDZTNHVHNUb1lrWnpHbTcxVkJ3NkxWUDAiLCJlbWFpbCI6Im9uc2Vhc29uMTBAZ21haWwuY29tIiwiaWF0IjoxNzY4ODQ0ODE0LCJleHAiOjE3Njk0NDk2MTR9.9piVL77bYo2W8o3--7gPANcQu8gx8O8G3Y6JGxlxZ7Y
2026-01-19 22:47:05.221 11316-14983 okhttp.OkHttpClient     com.baatcheet.app                    I  Content-Type: application/json
2026-01-19 22:47:05.221 11316-14983 okhttp.OkHttpClient     com.baatcheet.app                    I  {"message":"create an image of c"}
2026-01-19 22:47:05.221 11316-14983 okhttp.OkHttpClient     com.baatcheet.app                    I  --> END POST (34-byte body)
2026-01-19 22:47:05.636 11316-14983 okhttp.OkHttpClient     com.baatcheet.app                    I  <-- 200 https://sharry121-baatcheet.hf.space/api/v1/chat/analyze (415ms)
2026-01-19 22:47:05.636 11316-14983 okhttp.OkHttpClient     com.baatcheet.app                    I  date: Mon, 19 Jan 2026 17:47:06 GMT
2026-01-19 22:47:05.636 11316-14983 okhttp.OkHttpClient     com.baatcheet.app                    I  content-type: application/json; charset=utf-8
2026-01-19 22:47:05.637 11316-14983 okhttp.OkHttpClient     com.baatcheet.app                    I  content-length: 585
2026-01-19 22:47:05.637 11316-14983 okhttp.OkHttpClient     com.baatcheet.app                    I  x-request-id: 56Pof6, 56Pof6
2026-01-19 22:47:05.637 11316-14983 okhttp.OkHttpClient     com.baatcheet.app                    I  content-security-policy: default-src 'self';script-src 'self' 'unsafe-inline';style-src 'self' 'unsafe-inline';img-src 'self' data: https:;connect-src 'self' https://api.clerk.dev;base-uri 'self';font-src 'self' https: data:;form-action 'self';frame-ancestors 'self';object-src 'none';script-src-attr 'none';upgrade-insecure-requests
2026-01-19 22:47:05.637 11316-14983 okhttp.OkHttpClient     com.baatcheet.app                    I  cross-origin-opener-policy: same-origin
2026-01-19 22:47:05.637 11316-14983 okhttp.OkHttpClient     com.baatcheet.app                    I  cross-origin-resource-policy: cross-origin
2026-01-19 22:47:05.637 11316-14983 okhttp.OkHttpClient     com.baatcheet.app                    I  origin-agent-cluster: ?1
2026-01-19 22:47:05.637 11316-14983 okhttp.OkHttpClient     com.baatcheet.app                    I  referrer-policy: no-referrer
2026-01-19 22:47:05.637 11316-14983 okhttp.OkHttpClient     com.baatcheet.app                    I  strict-transport-security: max-age=31536000; includeSubDomains; preload
2026-01-19 22:47:05.637 11316-14983 okhttp.OkHttpClient     com.baatcheet.app                    I  x-content-type-options: nosniff
2026-01-19 22:47:05.637 11316-14983 okhttp.OkHttpClient     com.baatcheet.app                    I  x-dns-prefetch-control: off
2026-01-19 22:47:05.637 11316-14983 okhttp.OkHttpClient     com.baatcheet.app                    I  x-download-options: noopen
2026-01-19 22:47:05.637 11316-14983 okhttp.OkHttpClient     com.baatcheet.app                    I  x-frame-options: SAMEORIGIN
2026-01-19 22:47:05.637 11316-14983 okhttp.OkHttpClient     com.baatcheet.app                    I  x-permitted-cross-domain-policies: none
2026-01-19 22:47:05.637 11316-14983 okhttp.OkHttpClient     com.baatcheet.app                    I  x-xss-protection: 0
2026-01-19 22:47:05.637 11316-14983 okhttp.OkHttpClient     com.baatcheet.app                    I  vary: Origin
2026-01-19 22:47:05.637 11316-14983 okhttp.OkHttpClient     com.baatcheet.app                    I  vary: origin, access-control-request-method, access-control-request-headers
2026-01-19 22:47:05.637 11316-14983 okhttp.OkHttpClient     com.baatcheet.app                    I  access-control-allow-credentials: true
2026-01-19 22:47:05.637 11316-14983 okhttp.OkHttpClient     com.baatcheet.app                    I  access-control-expose-headers: X-Request-ID,X-Response-Time,X-RateLimit-Limit,X-RateLimit-Remaining,X-RateLimit-Reset
2026-01-19 22:47:05.637 11316-14983 okhttp.OkHttpClient     com.baatcheet.app                    I  x-clerk-auth-message: Unable to find a signing key in JWKS that matches the kid='undefined' of the provided session token. Please make sure that the __session cookie or the HTTP authorization header contain a Clerk-generated session JWT. The following kid is available: ins_384KLXR0s0ZW3aoWTGXIMeX8Ihm Go to your Dashboard and validate your secret and public keys are correct. Contact support@clerk.com if the issue persists. (reason=jwk-kid-mismatch, token-carrier=header)
2026-01-19 22:47:05.637 11316-14983 okhttp.OkHttpClient     com.baatcheet.app                    I  x-clerk-auth-reason: jwk-kid-mismatch
2026-01-19 22:47:05.637 11316-14983 okhttp.OkHttpClient     com.baatcheet.app                    I  x-clerk-auth-status: signed-out
2026-01-19 22:47:05.637 11316-14983 okhttp.OkHttpClient     com.baatcheet.app                    I  ratelimit-policy: 100;w=900
2026-01-19 22:47:05.637 11316-14983 okhttp.OkHttpClient     com.baatcheet.app                    I  ratelimit-limit: 100
2026-01-19 22:47:05.637 11316-14983 okhttp.OkHttpClient     com.baatcheet.app                    I  ratelimit-remaining: 92
2026-01-19 22:47:05.638 11316-14983 okhttp.OkHttpClient     com.baatcheet.app                    I  ratelimit-reset: 460
2026-01-19 22:47:05.638 11316-14983 okhttp.OkHttpClient     com.baatcheet.app                    I  x-response-time: 132ms
2026-01-19 22:47:05.638 11316-14983 okhttp.OkHttpClient     com.baatcheet.app                    I  etag: W/"249-rN90tYNCZXXAHWaU97Rdz1V62BI"
2026-01-19 22:47:05.638 11316-14983 okhttp.OkHttpClient     com.baatcheet.app                    I  x-proxied-host: http://10.108.3.222
2026-01-19 22:47:05.638 11316-14983 okhttp.OkHttpClient     com.baatcheet.app                    I  x-proxied-replica: 1g3whvfl-v6s9z
2026-01-19 22:47:05.638 11316-14983 okhttp.OkHttpClient     com.baatcheet.app                    I  x-proxied-path: /api/v1/chat/analyze
2026-01-19 22:47:05.638 11316-14983 okhttp.OkHttpClient     com.baatcheet.app                    I  link: <https://huggingface.co/spaces/sharry121/BaatCheet>;rel="canonical"
2026-01-19 22:47:05.639 11316-14983 okhttp.OkHttpClient     com.baatcheet.app                    I  {"success":true,"data":{"mode":{"detected":"image-generation","confidence":0.1,"keywords":["image of"],"alternatives":[],"config":{"displayName":"Create Image","icon":"🎨","description":"Generate images from text","requiresSpecialAPI":true}},"intent":"general_query","format":"plain","complexity":"simple","language":"english","specialInstructions":{"useHeadings":false,"useBulletPoints":false,"useNumberedList":false,"makeTable":false,"highlightImportant":false,"addExamples":false,"useCodeBlock":false},"suggestedSettings":{"temperature":0.8,"maxTokens":500},"formattingHints":""}}
2026-01-19 22:47:05.639 11316-14983 okhttp.OkHttpClient     com.baatcheet.app                    I  <-- END HTTP (585-byte body)
2026-01-19 22:47:05.774 11316-14983 okhttp.OkHttpClient     com.baatcheet.app                    I  --> POST https://sharry121-baatcheet.hf.space/api/v1/chat/completions
2026-01-19 22:47:05.774 11316-14983 okhttp.OkHttpClient     com.baatcheet.app                    I  Content-Length: 97
2026-01-19 22:47:05.774 11316-14983 okhttp.OkHttpClient     com.baatcheet.app                    I  Authorization: Bearer eyJhbGciOiJIUzI1NiIsInR5cCI6IkpXVCJ9.eyJ1c2VySWQiOiIyODIxYWY1Yy05MGFiLTQ1OGMtOWQ5NC04NWVlZDU1ZTkwYzMiLCJjbGVya0lkIjoidXNlcl8zODZDZTNHVHNUb1lrWnpHbTcxVkJ3NkxWUDAiLCJlbWFpbCI6Im9uc2Vhc29uMTBAZ21haWwuY29tIiwiaWF0IjoxNzY4ODQ0ODE0LCJleHAiOjE3Njk0NDk2MTR9.9piVL77bYo2W8o3--7gPANcQu8gx8O8G3Y6JGxlxZ7Y
2026-01-19 22:47:05.774 11316-14983 okhttp.OkHttpClient     com.baatcheet.app                    I  Content-Type: application/json
2026-01-19 22:47:05.775 11316-14983 okhttp.OkHttpClient     com.baatcheet.app                    I  {"isVoiceChat":false,"message":"create an image of cat","mode":"image-generation","stream":false}
2026-01-19 22:47:05.775 11316-14983 okhttp.OkHttpClient     com.baatcheet.app                    I  --> END POST (97-byte body)
2026-01-19 22:47:05.788 11316-11316 InputMethodManager      com.baatcheet.app                    D  invalidateInput sessionid: 0
2026-01-19 22:47:05.968 11316-11316 ImeTracker              com.baatcheet.app                    I  com.baatcheet.app:b71abc01: onRequestHide at ORIGIN_CLIENT_HIDE_SOFT_INPUT reason HIDE_SOFT_INPUT_BY_INSETS_API
2026-01-19 22:47:05.968 11316-11316 ImeTracker              com.baatcheet.app                    I  com.baatcheet.app:94704a0c: onRequestHide at ORIGIN_CLIENT_HIDE_SOFT_INPUT reason HIDE_SOFT_INPUT_BY_INSETS_API
2026-01-19 22:47:05.995 11316-11316 RemoteInpu...ectionImpl com.baatcheet.app                    W  requestCursorAnchorInfo on inactive InputConnection
2026-01-19 22:47:06.004 11316-11316 RemoteInpu...ectionImpl com.baatcheet.app                    W  getSurroundingText on inactive InputConnection
2026-01-19 22:47:06.034 11316-11316 RemoteInpu...ectionImpl com.baatcheet.app                    W  requestCursorAnchorInfo on inactive InputConnection
2026-01-19 22:47:06.048 11316-11316 InsetsController        com.baatcheet.app                    D  show(ime(), fromIme=true)
2026-01-19 22:47:06.048 11316-11316 ImeTracker              com.baatcheet.app                    I  com.baatcheet.app:b71abc01: onCancelled at PHASE_CLIENT_ANIMATION_CANCEL
2026-01-19 22:47:06.050 11316-11316 RemoteInpu...ectionImpl com.baatcheet.app                    W  requestCursorAnchorInfo on inactive InputConnection
2026-01-19 22:47:06.068 11316-11316 ImeTracker              com.baatcheet.app                    I  com.baatcheet.app:4c4b06e8: onCancelled at PHASE_CLIENT_ANIMATION_CANCEL
2026-01-19 22:47:06.070 11316-11316 WindowOnBackDispatcher  com.baatcheet.app                    W  sendCancelIfRunning: isInProgress=falsecallback=ImeCallback=ImeOnBackInvokedCallback@86049395 Callback=android.window.IOnBackInvokedCallback$Stub$Proxy@d032849
2026-01-19 22:47:06.072 11316-11316 RemoteInpu...ectionImpl com.baatcheet.app                    W  requestCursorAnchorInfo on inactive InputConnection
2026-01-19 22:47:06.370 11316-11316 ImeTracker              com.baatcheet.app                    I  com.baatcheet.app:59177f27: onRequestHide at ORIGIN_CLIENT_HIDE_SOFT_INPUT reason HIDE_SOFT_INPUT_BY_INSETS_API
2026-01-19 22:47:06.372 11316-11316 ImeTracker              com.baatcheet.app                    I  com.baatcheet.app:94704a0c: onHidden
2026-01-19 22:47:10.923 11316-14794 m.baatcheet.app         com.baatcheet.app                    W  Cleared Reference was only reachable from finalizer (only reported once)
2026-01-19 22:47:10.964 11316-14796 System                  com.baatcheet.app                    W  A resource failed to call release. 
2026-01-19 22:47:17.257 11316-14983 okhttp.OkHttpClient     com.baatcheet.app                    I  <-- 200 https://sharry121-baatcheet.hf.space/api/v1/chat/completions (11481ms)
2026-01-19 22:47:17.257 11316-14983 okhttp.OkHttpClient     com.baatcheet.app                    I  date: Mon, 19 Jan 2026 17:47:18 GMT
2026-01-19 22:47:17.258 11316-14983 okhttp.OkHttpClient     com.baatcheet.app                    I  content-type: application/json; charset=utf-8
2026-01-19 22:47:17.258 11316-14983 okhttp.OkHttpClient     com.baatcheet.app                    I  content-length: 217977
2026-01-19 22:47:17.258 11316-14983 okhttp.OkHttpClient     com.baatcheet.app                    I  x-request-id: Wv6jm8, Wv6jm8
2026-01-19 22:47:17.258 11316-14983 okhttp.OkHttpClient     com.baatcheet.app                    I  content-security-policy: default-src 'self';script-src 'self' 'unsafe-inline';style-src 'self' 'unsafe-inline';img-src 'self' data: https:;connect-src 'self' https://api.clerk.dev;base-uri 'self';font-src 'self' https: data:;form-action 'self';frame-ancestors 'self';object-src 'none';script-src-attr 'none';upgrade-insecure-requests
2026-01-19 22:47:17.258 11316-14983 okhttp.OkHttpClient     com.baatcheet.app                    I  cross-origin-opener-policy: same-origin
2026-01-19 22:47:17.258 11316-14983 okhttp.OkHttpClient     com.baatcheet.app                    I  cross-origin-resource-policy: cross-origin
2026-01-19 22:47:17.258 11316-14983 okhttp.OkHttpClient     com.baatcheet.app                    I  origin-agent-cluster: ?1
2026-01-19 22:47:17.259 11316-14983 okhttp.OkHttpClient     com.baatcheet.app                    I  referrer-policy: no-referrer
2026-01-19 22:47:17.259 11316-14983 okhttp.OkHttpClient     com.baatcheet.app                    I  strict-transport-security: max-age=31536000; includeSubDomains; preload
2026-01-19 22:47:17.259 11316-14983 okhttp.OkHttpClient     com.baatcheet.app                    I  x-content-type-options: nosniff
2026-01-19 22:47:17.259 11316-14983 okhttp.OkHttpClient     com.baatcheet.app                    I  x-dns-prefetch-control: off
2026-01-19 22:47:17.259 11316-14983 okhttp.OkHttpClient     com.baatcheet.app                    I  x-download-options: noopen
2026-01-19 22:47:17.259 11316-14983 okhttp.OkHttpClient     com.baatcheet.app                    I  x-frame-options: SAMEORIGIN
2026-01-19 22:47:17.259 11316-14983 okhttp.OkHttpClient     com.baatcheet.app                    I  x-permitted-cross-domain-policies: none
2026-01-19 22:47:17.259 11316-14983 okhttp.OkHttpClient     com.baatcheet.app                    I  x-xss-protection: 0
2026-01-19 22:47:17.259 11316-14983 okhttp.OkHttpClient     com.baatcheet.app                    I  vary: Origin
2026-01-19 22:47:17.259 11316-14983 okhttp.OkHttpClient     com.baatcheet.app                    I  vary: origin, access-control-request-method, access-control-request-headers
2026-01-19 22:47:17.259 11316-14983 okhttp.OkHttpClient     com.baatcheet.app                    I  access-control-allow-credentials: true
2026-01-19 22:47:17.259 11316-14983 okhttp.OkHttpClient     com.baatcheet.app                    I  access-control-expose-headers: X-Request-ID,X-Response-Time,X-RateLimit-Limit,X-RateLimit-Remaining,X-RateLimit-Reset
2026-01-19 22:47:17.259 11316-14983 okhttp.OkHttpClient     com.baatcheet.app                    I  x-clerk-auth-message: Unable to find a signing key in JWKS that matches the kid='undefined' of the provided session token. Please make sure that the __session cookie or the HTTP authorization header contain a Clerk-generated session JWT. The following kid is available: ins_384KLXR0s0ZW3aoWTGXIMeX8Ihm Go to your Dashboard and validate your secret and public keys are correct. Contact support@clerk.com if the issue persists. (reason=jwk-kid-mismatch, token-carrier=header)
2026-01-19 22:47:17.259 11316-14983 okhttp.OkHttpClient     com.baatcheet.app                    I  x-clerk-auth-reason: jwk-kid-mismatch
2026-01-19 22:47:17.259 11316-14983 okhttp.OkHttpClient     com.baatcheet.app                    I  x-clerk-auth-status: signed-out
2026-01-19 22:47:17.259 11316-14983 okhttp.OkHttpClient     com.baatcheet.app                    I  ratelimit-policy: 30;w=60
2026-01-19 22:47:17.259 11316-14983 okhttp.OkHttpClient     com.baatcheet.app                    I  ratelimit-limit: 30
2026-01-19 22:47:17.259 11316-14983 okhttp.OkHttpClient     com.baatcheet.app                    I  ratelimit-remaining: 29
2026-01-19 22:47:17.259 11316-14983 okhttp.OkHttpClient     com.baatcheet.app                    I  ratelimit-reset: 60
2026-01-19 22:47:17.259 11316-14983 okhttp.OkHttpClient     com.baatcheet.app                    I  x-response-time: 11183ms
2026-01-19 22:47:17.259 11316-14983 okhttp.OkHttpClient     com.baatcheet.app                    I  etag: W/"35379-olo6jfqwqaCFEpRrKQ6uT50nCAw"
2026-01-19 22:47:17.259 11316-14983 okhttp.OkHttpClient     com.baatcheet.app                    I  x-proxied-host: http://10.108.3.222
2026-01-19 22:47:17.259 11316-14983 okhttp.OkHttpClient     com.baatcheet.app                    I  x-proxied-replica: 1g3whvfl-v6s9z
2026-01-19 22:47:17.259 11316-14983 okhttp.OkHttpClient     com.baatcheet.app                    I  x-proxied-path: /api/v1/chat/completions
2026-01-19 22:47:17.259 11316-14983 okhttp.OkHttpClient     com.baatcheet.app                    I  link: <https://huggingface.co/spaces/sharry121/BaatCheet>;rel="canonical"
2026-01-19 22:47:18.102 11316-14983 okhttp.OkHttpClient     com.baatcheet.app                    I  {"success":true,"data":{"message":{"role":"assistant","content":"✅ **Image Generated Successfully!**\n\n**Your Prompt:** create an image of cat\n\n**Enhanced Prompt:** Create a highly detailed, high-quality image of a cat, set against a warm, golden-brown wooden background with soft, natural lighting. The cat is positioned in the center, with a shallow depth of field, blurring the surroundings. The feline's fur is a vibrant, fluffy grey with subtle texture, and its eyes are a piercing green. The lighting is soft and warm, with a slight glow effect on the cat's fur, emphasizing its gentle features. The overall style is realistic, with sharp lines and intricate \n\n**Model:** Z-Image Turbo (FLUX)\n**Generation Time:** 11.0s\n**Seed:** 166476345\n\n🎨 *Remaining today: 9*"},"imageResult":{"success":true,"imageUrl":"data:image/webp;base64,UklGRhA9AQBXRUJQVlA4IAQ9AQAwhAadASoABAAEPm00lEgkIqkppVaqkTANiWlu/tnlhA5kmPcXj73mr8Cd9WY9vf2rlUoN//Pqt76uC+9Qn816XHkVDgUR/9acq72RHYv9T+5Emo7IO/cXmr+XffTwl/Ovs33Ff6r/9ez3lj7h9SPyf/9esj/R8NfX36lPxb/5/6/2M403fz9b0QfoX9z50/7noL/D+oR+2f7me6X/l8ff2L2DP1v6xf/R///+96SP3H1Fv2y//3++9vH/8f8/4YfvH////P8O/7jf/8rLtKSiUlEpKJhBkPOuW9nGyHovwa5L1WCHcEO4IdwQ7wVbFje4GlJRGUoooIBNmGg6aeSFMbFi6cBpr2LnazA9IOnTk0DBf+b554wa0nBjVprY1iLKPp7rghq5Pi6psTTe5ElJM1xAVoKLxwRswCSwOSts2BTRNE3Qmns7qGz+bGwWUKN0+1r2ADGCzDxACENfvD9eE1b1U8Nl+U4KHC/ccxiFPb25w7EL4quu0SYI20C3DHkovIfKaFj+6VtL/rzyupUF6O09XEPjk8bMdVChvszYaVT8CnozAN2z3nQ0h3jpGEgO+Zh/HbRmwwrtH5+qE1xmB4ev4ABJMvHPZENndPu+VrMPOh5Fi8UefOdLgwbDdTXsg/VUy1TLdjaJ9NIJd+RazrZELIXMg08o6y6NZnJsEW2KiSmvePUT2Cdu2KyrouEw+Q1Hh84EknNaDjwOqe4QOFTh5pUmmyQMLZFpBzQbr96ylpxiTEYTvkqTRxC9Y6jaAJWskuj/TvDOOR+DxJjuFK52p/vCIoZcZjZHrn3J5Q/X5kR4F6jv3qOsucZ5YSdcE4rVZ4i84asTI7BnZcN2nBJWcPAI7Jsg80sqbMqSd7LzigrBZhgQwrfCnKNYupQ820rUtCIUcn2E39WlWmszilrXA9DxSDdbt4M0OJN9czLmOxEzjJnt95cf/aOpGStWjM0yinOr9qXEQWag9muNkm2wDhc/ccfGP1skNtISyckdPcHNQHOU286rqMClvxRs4SY27DNC08yJ82JRPf+OqOih85llqogCH8vGMpccokuzdtOaXO7ALWSFMseZlNYMCk0w7/+iKK9RnAYWgbX4OH7DXRN5iHmU8of+z7DCM/XyTgZmQq4kdw0qGneLLKmTJcy00ObM0ENYoBL/ladcgYAGJgLZf/PmBpK2Gvmm9NaN1tYYMYez9FoJOZdX0OK3HlczqIPyQ6J0hjMlKnMh+U9SnsoH7gozDjRdjXwS6dneMr9Pq7ncRdeC1aa8LntyBizRPSq3UrUt8rU7RLrBuc9Rfqpwj9md2jxF+4Lzq+nGFYvqiQ4hsogMB7oIMN1BrXVhnv1QdlgORvUM9/8Wr5Uf4pRkXSwcqyPGHo7UT4uUIGWoOoMiZ0+9g1jgSgFrrjCuYccy1STIEwa9swWK/uN2AbRfrwdvNWtp9ToV0NtIcTqt3Zzvei9Kre5qz2XI3NqYGVDvsfxIRBiHp/kBcLqyj12lVHpufbQKZERJlItklktf+lHf5XFsmvrdckL0KZY+O7kLvq1OL5u3Q8hNhSrCFpEBC7pRkrVqj6AKqdAQ7gULmFf0G7SYtDku00nIyZ/KJ3JLMeiTHP/LJVtxMNayNN4abT0grPGMuO0pVU3VmS2vcHZIWKZpqrHB5s/JqohPmgk2/FIzijW63lby+qnC2x0ea77xCgCkQBazaYQFo1/ytTRihrAZasYChUucj0UNZlq9zQDkNb72c2Xq24SiHC3wlnzCGtEAJ8B/SVFoD79znFzcQJipBATrgJ3eXHIVfQcAtbJ6Di2OE3ZUIvmQuel8ftrj7JGcbOz6NWDhlHKnXsd0GkL3Md2oefjhZZkEiIzOsJoWSjzdt0f/DvvfdVdwp78F5vQW9PYceYAJn+Gjof3/ahTSClhklutl3GMDOUZZ8h8iO4H6HIu5IFRJDmMbsxc0iN4X90Eve0fGEWpIxo4Afx0VUAYfjW9rhdyzBr7mElB5u7dOVPXs1YJdWzpKpkIB5PQFsD97DWV4Hst6MXPfoyz6ri+KzVHwYys2YC95Yaz1QsuD5tQ4D6bRuC4KBqD33VBcWbeGkSdVNLnGK2uHsW6HozT7Kd7NilwRxTZt/tbBbpKK0ZmF/HctsraY0LaQlAIY32jJc1bY9GhlwLkiQeB6lHhz9RVXxZS97AozZvkkGklOTe20pCy7U8qR90zJv7oUcaHL8bFgElmoVrOwvzgfojwkZ553CjLOsujpWBakbRHN/RPFpXhqtrwimHQUktX8KTh9ZdM3RdpQQo14ryUXtuBtkM8BmRUCUs9ll36V8xwkDynxVzGwFZEQ9tEtpBBq3yBBVqTiIyPpi74GlEnrjCFJr6VTqZgepa6r9t0owR223yBmp0hfWI4s4F+0hORDHLxz61JqC/pTWJwyx2lAHindekOZ5COgsnerwq3wvfzURJYFTEnuol3G6vz4wVHSGbT428S90Keic0g1cY74GoarS8nJ0cNzdjoI5zzl7Tue8BmMaGXgaJ4JCAzYpB0JSdzB4izCezdQrGGwkDytKLg2rKO2lho2H3jZfrr5773wETKlalg2JH4iqmzf+FffOuHLz+Bzp7dfD5mUuly9IufFXwRxBGxZEWxegn+dy5z3AQ8uk6eWTeQDYXmUGAVmpsvoE01+6wftJU/NHKvPKSXGFUpuGPkiNPRUjoLAjilGvCaAElHHv1GDsmEETUF2WJTDqirlB40owkxRVO6DAVdilDmnHv8Yg1Z7kJENHhvO0gK9iar2++OQXTJBclGt/ZLz4shlReMuFC8XAvjQrF+KyjtPSlwDqSdKnr7KKeJPVPL1wt7VgbSYVr2HIMP5n5JFz7eQa1q4CZPt6W1BCqiOOogcFwgmgUcd9mu1DmMnGF7nMsK6PPtLudlU5zN/s+l2ol3BnZs0/dFySbWLb9qmoLS6u9a9zqxzaasGJRLatzyWjw0VHd72uZWr1bHsHGTlK6CD2lCpCiqXmvsAIW+aFwmNMmoidCL5HfJhfp4e5GiLno/TGznn+V6XRaOc6tWdzDweIMWL3nRFXKh8G6Peh6HptrIKvaytyL7XkuBdwgOROilwtUtcYxinO2G4EPe54ac8jdlmTAomU
