2026-01-14 15:38:50.134 22448-27204 m.baatcheet.app         com.baatcheet.app                    W  Cleared Reference was only reachable from finalizer (only reported once)
2026-01-14 15:38:50.136 22448-27204 m.baatcheet.app         com.baatcheet.app                    W  userfaultfd: MOVE ioctl seems unsupported: Try again
2026-01-14 15:38:50.178 22448-27207 System                  com.baatcheet.app                    W  A resource failed to call release. 
2026-01-14 15:38:54.126 22448-27284 okhttp.OkHttpClient     com.baatcheet.app                    I  --> POST https://sharry121-baatcheet.hf.space/api/v1/chat/completions
2026-01-14 15:38:54.126 22448-27284 okhttp.OkHttpClient     com.baatcheet.app                    I  Content-Length: 74
2026-01-14 15:38:54.126 22448-27284 okhttp.OkHttpClient     com.baatcheet.app                    I  Authorization: Bearer eyJhbGciOiJIUzI1NiIsInR5cCI6IkpXVCJ9.eyJ1c2VySWQiOiIyODIxYWY1Yy05MGFiLTQ1OGMtOWQ5NC04NWVlZDU1ZTkwYzMiLCJjbGVya0lkIjoidXNlcl8zODZDZTNHVHNUb1lrWnpHbTcxVkJ3NkxWUDAiLCJlbWFpbCI6Im9uc2Vhc29uMTBAZ21haWwuY29tIiwiaWF0IjoxNzY4MzIzOTM3LCJleHAiOjE3Njg5Mjg3Mzd9.XxFcz-xvKG556gxX1Oe31bK804zPkTzgXjfSLHfqMQw
2026-01-14 15:38:54.127 22448-27284 okhttp.OkHttpClient     com.baatcheet.app                    I  Content-Type: application/json
2026-01-14 15:38:54.127 22448-27284 okhttp.OkHttpClient     com.baatcheet.app                    I  {"message":"create image of cat","mode":"image-generation","stream":false}
2026-01-14 15:38:54.127 22448-27284 okhttp.OkHttpClient     com.baatcheet.app                    I  --> END POST (74-byte body)
2026-01-14 15:38:54.143 22448-22448 InputMethodManager      com.baatcheet.app                    D  invalidateInput sessionid: 0
2026-01-14 15:38:54.395 22448-22448 InsetsController        com.baatcheet.app                    D  show(ime(), fromIme=true)
2026-01-14 15:38:54.395 22448-22448 ImeTracker              com.baatcheet.app                    I  com.baatcheet.app:4ef0e573: onCancelled at PHASE_CLIENT_APPLY_ANIMATION
2026-01-14 15:38:54.532 22448-27284 okhttp.OkHttpClient     com.baatcheet.app                    I  <-- 200 https://sharry121-baatcheet.hf.space/api/v1/chat/completions (404ms)
2026-01-14 15:38:54.532 22448-27284 okhttp.OkHttpClient     com.baatcheet.app                    I  date: Wed, 14 Jan 2026 10:38:55 GMT
2026-01-14 15:38:54.532 22448-27284 okhttp.OkHttpClient     com.baatcheet.app                    I  content-type: application/json; charset=utf-8
2026-01-14 15:38:54.532 22448-27284 okhttp.OkHttpClient     com.baatcheet.app                    I  content-length: 428
2026-01-14 15:38:54.532 22448-27284 okhttp.OkHttpClient     com.baatcheet.app                    I  x-request-id: bRfy1c, bRfy1c
2026-01-14 15:38:54.533 22448-27284 okhttp.OkHttpClient     com.baatcheet.app                    I  content-security-policy: default-src 'self';script-src 'self' 'unsafe-inline';style-src 'self' 'unsafe-inline';img-src 'self' data: https:;connect-src 'self' https://api.clerk.dev;base-uri 'self';font-src 'self' https: data:;form-action 'self';frame-ancestors 'self';object-src 'none';script-src-attr 'none';upgrade-insecure-requests
2026-01-14 15:38:54.533 22448-27284 okhttp.OkHttpClient     com.baatcheet.app                    I  cross-origin-opener-policy: same-origin
2026-01-14 15:38:54.533 22448-27284 okhttp.OkHttpClient     com.baatcheet.app                    I  cross-origin-resource-policy: cross-origin
2026-01-14 15:38:54.533 22448-27284 okhttp.OkHttpClient     com.baatcheet.app                    I  origin-agent-cluster: ?1
2026-01-14 15:38:54.533 22448-27284 okhttp.OkHttpClient     com.baatcheet.app                    I  referrer-policy: no-referrer
2026-01-14 15:38:54.533 22448-27284 okhttp.OkHttpClient     com.baatcheet.app                    I  strict-transport-security: max-age=31536000; includeSubDomains; preload
2026-01-14 15:38:54.533 22448-27284 okhttp.OkHttpClient     com.baatcheet.app                    I  x-content-type-options: nosniff
2026-01-14 15:38:54.533 22448-27284 okhttp.OkHttpClient     com.baatcheet.app                    I  x-dns-prefetch-control: off
2026-01-14 15:38:54.533 22448-27284 okhttp.OkHttpClient     com.baatcheet.app                    I  x-download-options: noopen
2026-01-14 15:38:54.533 22448-27284 okhttp.OkHttpClient     com.baatcheet.app                    I  x-frame-options: SAMEORIGIN
2026-01-14 15:38:54.533 22448-27284 okhttp.OkHttpClient     com.baatcheet.app                    I  x-permitted-cross-domain-policies: none
2026-01-14 15:38:54.533 22448-27284 okhttp.OkHttpClient     com.baatcheet.app                    I  x-xss-protection: 0
2026-01-14 15:38:54.533 22448-27284 okhttp.OkHttpClient     com.baatcheet.app                    I  vary: Origin
2026-01-14 15:38:54.533 22448-27284 okhttp.OkHttpClient     com.baatcheet.app                    I  vary: origin, access-control-request-method, access-control-request-headers
2026-01-14 15:38:54.533 22448-27284 okhttp.OkHttpClient     com.baatcheet.app                    I  access-control-allow-credentials: true
2026-01-14 15:38:54.533 22448-27284 okhttp.OkHttpClient     com.baatcheet.app                    I  access-control-expose-headers: X-Request-ID,X-Response-Time,X-RateLimit-Limit,X-RateLimit-Remaining,X-RateLimit-Reset
2026-01-14 15:38:54.533 22448-27284 okhttp.OkHttpClient     com.baatcheet.app                    I  x-clerk-auth-message: Unable to find a signing key in JWKS that matches the kid='undefined' of the provided session token. Please make sure that the __session cookie or the HTTP authorization header contain a Clerk-generated session JWT. The following kid is available: ins_384KLXR0s0ZW3aoWTGXIMeX8Ihm Go to your Dashboard and validate your secret and public keys are correct. Contact support@clerk.com if the issue persists. (reason=jwk-kid-mismatch, token-carrier=header)
2026-01-14 15:38:54.533 22448-27284 okhttp.OkHttpClient     com.baatcheet.app                    I  x-clerk-auth-reason: jwk-kid-mismatch
2026-01-14 15:38:54.533 22448-27284 okhttp.OkHttpClient     com.baatcheet.app                    I  x-clerk-auth-status: signed-out
2026-01-14 15:38:54.533 22448-27284 okhttp.OkHttpClient     com.baatcheet.app                    I  ratelimit-policy: 30;w=60
2026-01-14 15:38:54.533 22448-27284 okhttp.OkHttpClient     com.baatcheet.app                    I  ratelimit-limit: 30
2026-01-14 15:38:54.533 22448-27284 okhttp.OkHttpClient     com.baatcheet.app                    I  ratelimit-remaining: 29
2026-01-14 15:38:54.533 22448-27284 okhttp.OkHttpClient     com.baatcheet.app                    I  ratelimit-reset: 60
2026-01-14 15:38:54.533 22448-27284 okhttp.OkHttpClient     com.baatcheet.app                    I  x-response-time: 138ms
2026-01-14 15:38:54.533 22448-27284 okhttp.OkHttpClient     com.baatcheet.app                    I  etag: W/"1ac-74Uo+5aijoIA1iDTkofuWYqvZ4k"
2026-01-14 15:38:54.534 22448-27284 okhttp.OkHttpClient     com.baatcheet.app                    I  x-proxied-host: http://10.108.40.68
2026-01-14 15:38:54.534 22448-27284 okhttp.OkHttpClient     com.baatcheet.app                    I  x-proxied-replica: d1nagwh8-vxd4z
2026-01-14 15:38:54.534 22448-27284 okhttp.OkHttpClient     com.baatcheet.app                    I  x-proxied-path: /api/v1/chat/completions
2026-01-14 15:38:54.534 22448-27284 okhttp.OkHttpClient     com.baatcheet.app                    I  link: <https://huggingface.co/spaces/sharry121/BaatCheet>;rel="canonical"
2026-01-14 15:38:54.535 22448-27284 okhttp.OkHttpClient     com.baatcheet.app                    I  {"success":true,"data":{"message":{"role":"assistant","content":"⏳ **Image Generation Limit Reached**\n\nYou've used your daily image generation quota (1 image/day for free tier).\n\n🕐 **Next Available:** Jan 15, 10:36 AM\n\n💡 **Tip:** Upgrade to Pro for 50 images/day, or check back later!\n\n---\n*Meanwhile, I can help you craft the perfect prompt for when your limit resets. What image would you like to create?*"}}}
2026-01-14 15:38:54.535 22448-27284 okhttp.OkHttpClient     com.baatcheet.app                    I  <-- END HTTP (428-byte body)
2026-01-14 15:38:54.539 22448-27284 okhttp.OkHttpClient     com.baatcheet.app                    I  --> GET https://sharry121-baatcheet.hf.space/api/v1/conversations?limit=50&offset=0
2026-01-14 15:38:54.539 22448-27284 okhttp.OkHttpClient     com.baatcheet.app                    I  Authorization: Bearer eyJhbGciOiJIUzI1NiIsInR5cCI6IkpXVCJ9.eyJ1c2VySWQiOiIyODIxYWY1Yy05MGFiLTQ1OGMtOWQ5NC04NWVlZDU1ZTkwYzMiLCJjbGVya0lkIjoidXNlcl8zODZDZTNHVHNUb1lrWnpHbTcxVkJ3NkxWUDAiLCJlbWFpbCI6Im9uc2Vhc29uMTBAZ21haWwuY29tIiwiaWF0IjoxNzY4MzIzOTM3LCJleHAiOjE3Njg5Mjg3Mzd9.XxFcz-xvKG556gxX1Oe31bK804zPkTzgXjfSLHfqMQw
2026-01-14 15:38:54.539 22448-27284 okhttp.OkHttpClient     com.baatcheet.app                    I  Content-Type: application/json
2026-01-14 15:38:54.539 22448-27284 okhttp.OkHttpClient     com.baatcheet.app                    I  --> END GET
2026-01-14 15:38:54.542 22448-27283 okhttp.OkHttpClient     com.baatcheet.app                    I  --> POST https://sharry121-baatcheet.hf.space/api/v1/chat/suggest
2026-01-14 15:38:54.542 22448-27283 okhttp.OkHttpClient     com.baatcheet.app                    I  Content-Length: 378
2026-01-14 15:38:54.542 22448-27283 okhttp.OkHttpClient     com.baatcheet.app                    I  Authorization: Bearer eyJhbGciOiJIUzI1NiIsInR5cCI6IkpXVCJ9.eyJ1c2VySWQiOiIyODIxYWY1Yy05MGFiLTQ1OGMtOWQ5NC04NWVlZDU1ZTkwYzMiLCJjbGVya0lkIjoidXNlcl8zODZDZTNHVHNUb1lrWnpHbTcxVkJ3NkxWUDAiLCJlbWFpbCI6Im9uc2Vhc29uMTBAZ21haWwuY29tIiwiaWF0IjoxNzY4MzIzOTM3LCJleHAiOjE3Njg5Mjg3Mzd9.XxFcz-xvKG556gxX1Oe31bK804zPkTzgXjfSLHfqMQw
2026-01-14 15:38:54.542 22448-27283 okhttp.OkHttpClient     com.baatcheet.app                    I  Content-Type: application/json
2026-01-14 15:38:54.543 22448-27283 okhttp.OkHttpClient     com.baatcheet.app                    I  {"lastResponse":"⏳ **Image Generation Limit Reached**\n\nYou've used your daily image generation quota (1 image/day for free tier).\n\n🕐 **Next Available:** Jan 15, 10:36 AM\n\n💡 **Tip:** Upgrade to Pro for 50 images/day, or check back later!\n\n---\n*Meanwhile, I can help you craft the perfect prompt for when your limit resets. What image would you like to create?*"}
2026-01-14 15:38:54.543 22448-27283 okhttp.OkHttpClient     com.baatcheet.app                    I  --> END POST (378-byte body)
2026-01-14 15:38:54.547 22448-27285 okhttp.OkHttpClient     com.baatcheet.app                    I  --> GET https://sharry121-baatcheet.hf.space/api/v1/chat/usage
2026-01-14 15:38:54.547 22448-27285 okhttp.OkHttpClient     com.baatcheet.app                    I  Authorization: Bearer eyJhbGciOiJIUzI1NiIsInR5cCI6IkpXVCJ9.eyJ1c2VySWQiOiIyODIxYWY1Yy05MGFiLTQ1OGMtOWQ5NC04NWVlZDU1ZTkwYzMiLCJjbGVya0lkIjoidXNlcl8zODZDZTNHVHNUb1lrWnpHbTcxVkJ3NkxWUDAiLCJlbWFpbCI6Im9uc2Vhc29uMTBAZ21haWwuY29tIiwiaWF0IjoxNzY4MzIzOTM3LCJleHAiOjE3Njg5Mjg3Mzd9.XxFcz-xvKG556gxX1Oe31bK804zPkTzgXjfSLHfqMQw
2026-01-14 15:38:54.547 22448-27285 okhttp.OkHttpClient     com.baatcheet.app                    I  Content-Type: application/json
2026-01-14 15:38:54.547 22448-27285 okhttp.OkHttpClient     com.baatcheet.app                    I  --> END GET
2026-01-14 15:38:54.915 22448-27284 okhttp.OkHttpClient     com.baatcheet.app                    I  <-- 200 https://sharry121-baatcheet.hf.space/api/v1/conversations?limit=50&offset=0 (375ms)
2026-01-14 15:38:54.915 22448-27284 okhttp.OkHttpClient     com.baatcheet.app                    I  date: Wed, 14 Jan 2026 10:38:55 GMT
2026-01-14 15:38:54.915 22448-27284 okhttp.OkHttpClient     com.baatcheet.app                    I  content-type: application/json; charset=utf-8
2026-01-14 15:38:54.915 22448-27284 okhttp.OkHttpClient     com.baatcheet.app                    I  content-length: 5141
2026-01-14 15:38:54.915 22448-27284 okhttp.OkHttpClient     com.baatcheet.app                    I  x-request-id: b0Zveg, b0Zveg
2026-01-14 15:38:54.915 22448-27284 okhttp.OkHttpClient     com.baatcheet.app                    I  content-security-policy: default-src 'self';script-src 'self' 'unsafe-inline';style-src 'self' 'unsafe-inline';img-src 'self' data: https:;connect-src 'self' https://api.clerk.dev;base-uri 'self';font-src 'self' https: data:;form-action 'self';frame-ancestors 'self';object-src 'none';script-src-attr 'none';upgrade-insecure-requests
2026-01-14 15:38:54.915 22448-27284 okhttp.OkHttpClient     com.baatcheet.app                    I  cross-origin-opener-policy: same-origin
2026-01-14 15:38:54.915 22448-27284 okhttp.OkHttpClient     com.baatcheet.app                    I  cross-origin-resource-policy: cross-origin
2026-01-14 15:38:54.915 22448-27284 okhttp.OkHttpClient     com.baatcheet.app                    I  origin-agent-cluster: ?1
2026-01-14 15:38:54.915 22448-27284 okhttp.OkHttpClient     com.baatcheet.app                    I  referrer-policy: no-referrer
2026-01-14 15:38:54.915 22448-27284 okhttp.OkHttpClient     com.baatcheet.app                    I  strict-transport-security: max-age=31536000; includeSubDomains; preload
2026-01-14 15:38:54.915 22448-27284 okhttp.OkHttpClient     com.baatcheet.app                    I  x-content-type-options: nosniff
2026-01-14 15:38:54.915 22448-27284 okhttp.OkHttpClient     com.baatcheet.app                    I  x-dns-prefetch-control: off
2026-01-14 15:38:54.915 22448-27284 okhttp.OkHttpClient     com.baatcheet.app                    I  x-download-options: noopen
2026-01-14 15:38:54.915 22448-27284 okhttp.OkHttpClient     com.baatcheet.app                    I  x-frame-options: SAMEORIGIN
2026-01-14 15:38:54.915 22448-27284 okhttp.OkHttpClient     com.baatcheet.app                    I  x-permitted-cross-domain-policies: none
2026-01-14 15:38:54.915 22448-27284 okhttp.OkHttpClient     com.baatcheet.app                    I  x-xss-protection: 0
2026-01-14 15:38:54.915 22448-27284 okhttp.OkHttpClient     com.baatcheet.app                    I  vary: Origin
2026-01-14 15:38:54.916 22448-27284 okhttp.OkHttpClient     com.baatcheet.app                    I  vary: origin, access-control-request-method, access-control-request-headers
2026-01-14 15:38:54.916 22448-27284 okhttp.OkHttpClient     com.baatcheet.app                    I  access-control-allow-credentials: true
2026-01-14 15:38:54.916 22448-27284 okhttp.OkHttpClient     com.baatcheet.app                    I  access-control-expose-headers: X-Request-ID,X-Response-Time,X-RateLimit-Limit,X-RateLimit-Remaining,X-RateLimit-Reset
2026-01-14 15:38:54.916 22448-27284 okhttp.OkHttpClient     com.baatcheet.app                    I  x-clerk-auth-message: Unable to find a signing key in JWKS that matches the kid='undefined' of the provided session token. Please make sure that the __session cookie or the HTTP authorization header contain a Clerk-generated session JWT. The following kid is available: ins_384KLXR0s0ZW3aoWTGXIMeX8Ihm Go to your Dashboard and validate your secret and public keys are correct. Contact support@clerk.com if the issue persists. (reason=jwk-kid-mismatch, token-carrier=header)
2026-01-14 15:38:54.916 22448-27284 okhttp.OkHttpClient     com.baatcheet.app                    I  x-clerk-auth-reason: jwk-kid-mismatch
2026-01-14 15:38:54.916 22448-27284 okhttp.OkHttpClient     com.baatcheet.app                    I  x-clerk-auth-status: signed-out
2026-01-14 15:38:54.916 22448-27284 okhttp.OkHttpClient     com.baatcheet.app                    I  ratelimit-policy: 100;w=900
2026-01-14 15:38:54.916 22448-27284 okhttp.OkHttpClient     com.baatcheet.app                    I  ratelimit-limit: 100
2026-01-14 15:38:54.916 22448-27284 okhttp.OkHttpClient     com.baatcheet.app                    I  ratelimit-remaining: 96
2026-01-14 15:38:54.916 22448-27284 okhttp.OkHttpClient     com.baatcheet.app                    I  ratelimit-reset: 892
2026-01-14 15:38:54.916 22448-27284 okhttp.OkHttpClient     com.baatcheet.app                    I  x-response-time: 69ms
2026-01-14 15:38:54.916 22448-27284 okhttp.OkHttpClient     com.baatcheet.app                    I  etag: W/"1415-k11ekyogB2r92/sXFTQFAxUO2Cs"
2026-01-14 15:38:54.916 22448-27284 okhttp.OkHttpClient     com.baatcheet.app                    I  x-proxied-host: http://10.108.40.68
2026-01-14 15:38:54.916 22448-27284 okhttp.OkHttpClient     com.baatcheet.app                    I  x-proxied-replica: d1nagwh8-vxd4z
2026-01-14 15:38:54.916 22448-27284 okhttp.OkHttpClient     com.baatcheet.app                    I  x-proxied-path: /api/v1/conversations?limit=50&offset=0
2026-01-14 15:38:54.916 22448-27284 okhttp.OkHttpClient     com.baatcheet.app                    I  link: <https://huggingface.co/spaces/sharry121/BaatCheet>;rel="canonical"
2026-01-14 15:38:54.917 22448-27284 okhttp.OkHttpClient     com.baatcheet.app                    I  {"success":true,"data":{"items":[{"id":"6e99e1fc-b55f-4afa-ac94-af022ecc6183","title":"asalmulakim kaisa ho ap?","model":"llama-3.3-70b-versatile","tags":[],"isPinned":false,"isArchived":false,"totalTokens":9910,"createdAt":"2026-01-14T06:39:00.333Z","updatedAt":"2026-01-14T08:34:17.501Z","messageCount":8},{"id":"ba46a42c-ab67-4ee4-8b78-9bf953e47867","title":"hello hello","model":"llama-3.3-70b-versatile","tags":[],"isPinned":false,"isArchived":false,"totalTokens":280,"createdAt":"2026-01-14T07:27:27.408Z","updatedAt":"2026-01-14T07:27:47.828Z","messageCount":4},{"id":"3a9b32c4-7d1d-45b7-8dba-5490608c8c58","title":"hii can you please make a difference between...","model":"llama-3.3-70b-versatile","tags":[],"isPinned":false,"isArchived":false,"totalTokens":1427,"createdAt":"2026-01-14T07:26:51.845Z","updatedAt":"2026-01-14T07:26:53.045Z","messageCount":2},{"id":"8f47648f-dd93-4f35-96c8-79527c92f1a9","title":"create a difference of healthy vs un healthy food...","model":"llama-3.3-70b-versatile","tags":[],"isPinned":false,"isArchived":false,"totalTokens":3478,"createdAt":"2026-01-14T07:16:26.427Z","updatedAt":"2026-01-14T07:16:42.962Z","messageCount":3},{"id":"2553b2ea-729f-4dad-b645-7f91fcac899c","title":"create a table on difference between ltv vs htv","model":"llama-3.3-70b-versatile","tags":[],"isPinned":false,"isArchived":false,"totalTokens":1732,"createdAt":"2026-01-14T06:28:10.937Z","updatedAt":"2026-01-14T06:28:12.339Z","messageCount":2},{"id":"0c34030c-cb6b-4ae2-81a7-7f2014d4a7f4","title":"hello how are you hello hello","model":"llama-3.3-70b-versatile","tags":[],"isPinned":false,"isArchived":false,"totalTokens":364,"createdAt":"2026-01-14T06:18:05.469Z","updatedAt":"2026-01-14T06:18:20.804Z","messageCount":4},{"id":"374beb45-a1f1-4cb0-8207-cc0cf4ee6286","title":"hello hello how are you","model":"llama-3.3-70b-versatile","tags":[],"isPinned":false,"isArchived":false,"totalTokens":327,"createdAt":"2026-01-14T03:21:02.435Z","updatedAt":"2026-01-14T03:21:39.426Z","messageCount":4},{"id":"a9d53c89-bf07-4975-b6ce-88fd8f5e5e99","title":"how are you?","model":"llama-3.3-70b-versatile","tags":[],"isPinned":false,"isArchived":false,"totalTokens":1119,"createdAt":"2026-01-14T02:59:09.082Z","updatedAt":"2026-01-14T02:59:09.625Z","messageCount":2},{"id":"1d9dd43a-8d29-48c1-8c78-5324b4831696","title":"Hello, how are you?","model":"llama-3.3-70b-versatile","tags":[],"isPinned":false,"isArchived":false,"totalTokens":1010,"createdAt":"2026-01-14T02:42:54.011Z","updatedAt":"2026-01-14T02:42:54.600Z","messageCount":2},{"id":"0bbe3728-8db1-4ea6-a38d-f541f5fddfaf","title":"how are you?","model":"llama-3.3-70b-versatile","tags":[],"isPinned":false,"isArchived":false,"totalTokens":9465,"createdAt":"2026-01-13T17:55:12.327Z","updatedAt":"2026-01-13T18:00:45.810Z","messageCount":10},{"id":"b41b4778-6f44-423e-a133-4856557a5ef7","title":"Design a database schema for an online merch store","model":"llama-3.3-70b-versatile","tags":[],"isPinned":false,"isArchived":false,"totalTokens":1864,"createdAt":"2026-01-13T17:09:04.927Z","updatedAt":"2026-01-13T17:09:06.166Z","messageCount":2},{"id":"7cd4f044-174f-4707-a679-19fb3ff82fad","title":"Design a database schema for an online merch store","model":"llama-3.3-70b-versatile","tags":[],"isPinned":false,"isArchived":false,"totalTokens":1864,"createdAt":"2026-01-13T17:08:32.323Z","updatedAt":"2026-01-13T17:08:33.685Z","messageCount":2},{"id":"edcd3db7-03a8-4b01-ac6d-f1ce82f14ed1","title":"analzye the pdf and tell em hte summary in easy...","model":"llama-3.3-70b-versatile","tags":[],"isPinned":false,"isArchived":false,"totalTokens":7395,"createdAt":"2026-01-12T05:59:56.896Z","updatedAt":"2026-01-13T17:08:27.074Z","messageCount":14},{"id":"41915edc-a2af-46b8-a323-42adb43a31b1","title":"how are you","model":"llama-3.3-70b-versatile","tags":[],"isPinned":false,"isArchived":false,"totalTokens":2125,"createdAt":"2026-01-13T17:04:44.552Z","updatedAt":"2026-01-13T17:06:28.103Z","messageCount":4},{"id":"63bef6e8-a
2026-01-14 15:38:54.917 22448-27284 okhttp.OkHttpClient     com.baatcheet.app                    I  0e6-47a6-ab26-9db6b4a8bce5","title":"why?","model":"llama-3.3-70b-versatile","tags":[],"isPinned":false,"isArchived":false,"totalTokens":2647,"createdAt":"2026-01-13T17:04:49.861Z","updatedAt":"2026-01-13T17:06:11.322Z","messageCount":4},{"id":"9590fadb-3433-43a7-b566-9d0503ae53ac","title":"how are you","model":"llama-3.3-70b-versatile","tags":[],"isPinned":false,"isArchived":false,"totalTokens":1018,"createdAt":"2026-01-13T17:05:42.942Z","updatedAt":"2026-01-13T17:05:43.474Z","messageCount":2},{"id":"444b406b-e23d-4c0f-96ad-0ff2189b0d69","title":"whats this logo for [Image Context - DO NOT...","model":"llama-3.3-70b-versatile","tags":[],"isPinned":false,"isArchived":false,"totalTokens":132,"createdAt":"2026-01-11T06:40:12.748Z","updatedAt":"2026-01-11T06:40:13.277Z","messageCount":2},{"id":"a35acfa8-6e39-4a15-b2c2-d08f1b24aebd","title":"what happening in this logo","model":"llama-3.3-70b-versatile","tags":[],"isPinned":false,"isArchived":false,"totalTokens":1139,"createdAt":"2026-01-11T06:32:00.360Z","updatedAt":"2026-01-11T06:36:28.763Z","messageCount":14}],"pagination":{"total":18,"limit":50,"offset":0,"hasMore":false}}}
2026-01-14 15:38:54.917 22448-27284 okhttp.OkHttpClient     com.baatcheet.app                    I  <-- END HTTP (5141-byte body)
2026-01-14 15:38:55.096 22448-22448 WindowOnBackDispatcher  com.baatcheet.app                    W  sendCancelIfRunning: isInProgress=falsecallback=ImeCallback=ImeOnBackInvokedCallback@37524990 Callback=android.window.IOnBackInvokedCallback$Stub$Proxy@6060a8c
2026-01-14 15:38:55.114 22448-27285 okhttp.OkHttpClient     com.baatcheet.app                    I  <-- 200 https://sharry121-baatcheet.hf.space/api/v1/chat/usage (566ms)
2026-01-14 15:38:55.114 22448-27285 okhttp.OkHttpClient     com.baatcheet.app                    I  date: Wed, 14 Jan 2026 10:38:55 GMT
2026-01-14 15:38:55.114 22448-27285 okhttp.OkHttpClient     com.baatcheet.app                    I  content-type: application/json; charset=utf-8
2026-01-14 15:38:55.114 22448-27285 okhttp.OkHttpClient     com.baatcheet.app                    I  content-length: 270
2026-01-14 15:38:55.114 22448-27285 okhttp.OkHttpClient     com.baatcheet.app                    I  x-request-id: 7bkYWz, 7bkYWz
2026-01-14 15:38:55.114 22448-27285 okhttp.OkHttpClient     com.baatcheet.app                    I  content-security-policy: default-src 'self';script-src 'self' 'unsafe-inline';style-src 'self' 'unsafe-inline';img-src 'self' data: https:;connect-src 'self' https://api.clerk.dev;base-uri 'self';font-src 'self' https: data:;form-action 'self';frame-ancestors 'self';object-src 'none';script-src-attr 'none';upgrade-insecure-requests
2026-01-14 15:38:55.114 22448-27285 okhttp.OkHttpClient     com.baatcheet.app                    I  cross-origin-opener-policy: same-origin
2026-01-14 15:38:55.114 22448-27285 okhttp.OkHttpClient     com.baatcheet.app                    I  cross-origin-resource-policy: cross-origin
2026-01-14 15:38:55.114 22448-27285 okhttp.OkHttpClient     com.baatcheet.app                    I  origin-agent-cluster: ?1
2026-01-14 15:38:55.114 22448-27285 okhttp.OkHttpClient     com.baatcheet.app                    I  referrer-policy: no-referrer
2026-01-14 15:38:55.114 22448-27285 okhttp.OkHttpClient     com.baatcheet.app                    I  strict-transport-security: max-age=31536000; includeSubDomains; preload
2026-01-14 15:38:55.114 22448-27285 okhttp.OkHttpClient     com.baatcheet.app                    I  x-content-type-options: nosniff
2026-01-14 15:38:55.114 22448-27285 okhttp.OkHttpClient     com.baatcheet.app                    I  x-dns-prefetch-control: off
2026-01-14 15:38:55.114 22448-27285 okhttp.OkHttpClient     com.baatcheet.app                    I  x-download-options: noopen
2026-01-14 15:38:55.115 22448-27285 okhttp.OkHttpClient     com.baatcheet.app                    I  x-frame-options: SAMEORIGIN
2026-01-14 15:38:55.115 22448-27285 okhttp.OkHttpClient     com.baatcheet.app                    I  x-permitted-cross-domain-policies: none
2026-01-14 15:38:55.115 22448-27285 okhttp.OkHttpClient     com.baatcheet.app                    I  x-xss-protection: 0
2026-01-14 15:38:55.115 22448-27285 okhttp.OkHttpClient     com.baatcheet.app                    I  vary: Origin
2026-01-14 15:38:55.115 22448-27285 okhttp.OkHttpClient     com.baatcheet.app                    I  vary: origin, access-control-request-method, access-control-request-headers
2026-01-14 15:38:55.115 22448-27285 okhttp.OkHttpClient     com.baatcheet.app                    I  access-control-allow-credentials: true
2026-01-14 15:38:55.115 22448-27285 okhttp.OkHttpClient     com.baatcheet.app                    I  access-control-expose-headers: X-Request-ID,X-Response-Time,X-RateLimit-Limit,X-RateLimit-Remaining,X-RateLimit-Reset
2026-01-14 15:38:55.115 22448-27285 okhttp.OkHttpClient     com.baatcheet.app                    I  x-clerk-auth-message: Unable to find a signing key in JWKS that matches the kid='undefined' of the provided session token. Please make sure that the __session cookie or the HTTP authorization header contain a Clerk-generated session JWT. The following kid is available: ins_384KLXR0s0ZW3aoWTGXIMeX8Ihm Go to your Dashboard and validate your secret and public keys are correct. Contact support@clerk.com if the issue persists. (reason=jwk-kid-mismatch, token-carrier=header)
2026-01-14 15:38:55.115 22448-27285 okhttp.OkHttpClient     com.baatcheet.app                    I  x-clerk-auth-reason: jwk-kid-mismatch
2026-01-14 15:38:55.115 22448-27285 okhttp.OkHttpClient     com.baatcheet.app                    I  x-clerk-auth-status: signed-out
2026-01-14 15:38:55.115 22448-27285 okhttp.OkHttpClient     com.baatcheet.app                    I  ratelimit-policy: 100;w=900
2026-01-14 15:38:55.115 22448-27285 okhttp.OkHttpClient     com.baatcheet.app                    I  ratelimit-limit: 100
2026-01-14 15:38:55.115 22448-27285 okhttp.OkHttpClient     com.baatcheet.app                    I  ratelimit-remaining: 95
2026-01-14 15:38:55.115 22448-27285 okhttp.OkHttpClient     com.baatcheet.app                    I  ratelimit-reset: 892
2026-01-14 15:38:55.115 22448-27285 okhttp.OkHttpClient     com.baatcheet.app                    I  x-response-time: 106ms
2026-01-14 15:38:55.115 22448-27285 okhttp.OkHttpClient     com.baatcheet.app                    I  etag: W/"10e-C+bkq1aVfW6oCvYpr/O3tCB5N0k"
2026-01-14 15:38:55.115 22448-27285 okhttp.OkHttpClient     com.baatcheet.app                    I  x-proxied-host: http://10.108.40.68
2026-01-14 15:38:55.115 22448-27285 okhttp.OkHttpClient     com.baatcheet.app                    I  x-proxied-replica: d1nagwh8-vxd4z
2026-01-14 15:38:55.115 22448-27285 okhttp.OkHttpClient     com.baatcheet.app                    I  x-proxied-path: /api/v1/chat/usage
2026-01-14 15:38:55.115 22448-27285 okhttp.OkHttpClient     com.baatcheet.app                    I  link: <https://huggingface.co/spaces/sharry121/BaatCheet>;rel="canonical"
2026-01-14 15:38:55.116 22448-27285 okhttp.OkHttpClient     com.baatcheet.app                    I  {"success":true,"data":{"tier":"free","usage":{"messages":{"used":16,"limit":50,"remaining":34,"percentage":32},"images":{"used":8,"limit":1,"remaining":0,"percentage":800}},"resetAt":"2026-01-15T00:00:00.000Z","limits":{"messages":50,"images":1,"voice":10,"search":5}}}
2026-01-14 15:38:55.116 22448-27285 okhttp.OkHttpClient     com.baatcheet.app                    I  <-- END HTTP (270-byte body)
2026-01-14 15:38:55.417 22448-22448 ImeTracker              com.baatcheet.app                    I  com.baatcheet.app:49f577f8: onRequestHide at ORIGIN_CLIENT_HIDE_SOFT_INPUT reason HIDE_SOFT_INPUT_BY_INSETS_API
2026-01-14 15:38:55.419 22448-22448 ImeTracker              com.baatcheet.app                    I  com.baatcheet.app:5a10b79b: onHidden
2026-01-14 15:38:55.429 22448-27283 okhttp.OkHttpClient     com.baatcheet.app                    I  <-- 200 https://sharry121-baatcheet.hf.space/api/v1/chat/suggest (886ms)
2026-01-14 15:38:55.429 22448-27283 okhttp.OkHttpClient     com.baatcheet.app                    I  date: Wed, 14 Jan 2026 10:38:56 GMT
2026-01-14 15:38:55.429 22448-27283 okhttp.OkHttpClient     com.baatcheet.app                    I  content-type: application/json; charset=utf-8
2026-01-14 15:38:55.429 22448-27283 okhttp.OkHttpClient     com.baatcheet.app                    I  content-length: 247
2026-01-14 15:38:55.429 22448-27283 okhttp.OkHttpClient     com.baatcheet.app                    I  x-request-id: EK6TOl, EK6TOl
2026-01-14 15:38:55.429 22448-27283 okhttp.OkHttpClient     com.baatcheet.app                    I  content-security-policy: default-src 'self';script-src 'self' 'unsafe-inline';style-src 'self' 'unsafe-inline';img-src 'self' data: https:;connect-src 'self' https://api.clerk.dev;base-uri 'self';font-src 'self' https: data:;form-action 'self';frame-ancestors 'self';object-src 'none';script-src-attr 'none';upgrade-insecure-requests
2026-01-14 15:38:55.429 22448-27283 okhttp.OkHttpClient     com.baatcheet.app                    I  cross-origin-opener-policy: same-origin
2026-01-14 15:38:55.429 22448-27283 okhttp.OkHttpClient     com.baatcheet.app                    I  cross-origin-resource-policy: cross-origin
2026-01-14 15:38:55.429 22448-27283 okhttp.OkHttpClient     com.baatcheet.app                    I  origin-agent-cluster: ?1
2026-01-14 15:38:55.429 22448-27283 okhttp.OkHttpClient     com.baatcheet.app                    I  referrer-policy: no-referrer
2026-01-14 15:38:55.429 22448-27283 okhttp.OkHttpClient     com.baatcheet.app                    I  strict-transport-security: max-age=31536000; includeSubDomains; preload
2026-01-14 15:38:55.429 22448-27283 okhttp.OkHttpClient     com.baatcheet.app                    I  x-content-type-options: nosniff
2026-01-14 15:38:55.429 22448-27283 okhttp.OkHttpClient     com.baatcheet.app                    I  x-dns-prefetch-control: off
2026-01-14 15:38:55.429 22448-27283 okhttp.OkHttpClient     com.baatcheet.app                    I  x-download-options: noopen
2026-01-14 15:38:55.430 22448-27283 okhttp.OkHttpClient     com.baatcheet.app                    I  x-frame-options: SAMEORIGIN
2026-01-14 15:38:55.430 22448-27283 okhttp.OkHttpClient     com.baatcheet.app                    I  x-permitted-cross-domain-policies: none
2026-01-14 15:38:55.430 22448-27283 okhttp.OkHttpClient     com.baatcheet.app                    I  x-xss-protection: 0
2026-01-14 15:38:55.430 22448-27283 okhttp.OkHttpClient     com.baatcheet.app                    I  vary: Origin
2026-01-14 15:38:55.430 22448-27283 okhttp.OkHttpClient     com.baatcheet.app                    I  vary: origin, access-control-request-method, access-control-request-headers
2026-01-14 15:38:55.430 22448-27283 okhttp.OkHttpClient     com.baatcheet.app                    I  access-control-allow-credentials: true
2026-01-14 15:38:55.430 22448-27283 okhttp.OkHttpClient     com.baatcheet.app                    I  access-control-expose-headers: X-Request-ID,X-Response-Time,X-RateLimit-Limit,X-RateLimit-Remaining,X-RateLimit-Reset
2026-01-14 15:38:55.430 22448-27283 okhttp.OkHttpClient     com.baatcheet.app                    I  x-clerk-auth-message: Unable to find a signing key in JWKS that matches the kid='undefined' of the provided session token. Please make sure that the __session cookie or the HTTP authorization header contain a Clerk-generated session JWT. The following kid is available: ins_384KLXR0s0ZW3aoWTGXIMeX8Ihm Go to your Dashboard and validate your secret and public keys are correct. Contact support@clerk.com if the issue persists. (reason=jwk-kid-mismatch, token-carrier=header)
2026-01-14 15:38:55.430 22448-27283 okhttp.OkHttpClient     com.baatcheet.app                    I  x-clerk-auth-reason: jwk-kid-mismatch
2026-01-14 15:38:55.430 22448-27283 okhttp.OkHttpClient     com.baatcheet.app                    I  x-clerk-auth-status: signed-out
2026-01-14 15:38:55.430 22448-27283 okhttp.OkHttpClient     com.baatcheet.app                    I  ratelimit-policy: 100;w=900
2026-01-14 15:38:55.430 22448-27283 okhttp.OkHttpClient     com.baatcheet.app                    I  ratelimit-limit: 100
2026-01-14 15:38:55.430 22448-27283 okhttp.OkHttpClient     com.baatcheet.app                    I  ratelimit-remaining: 94
2026-01-14 15:38:55.430 22448-27283 okhttp.OkHttpClient     com.baatcheet.app                    I  ratelimit-reset: 732
2026-01-14 15:38:55.430 22448-27283 okhttp.OkHttpClient     com.baatcheet.app                    I  x-response-time: 346ms
2026-01-14 15:38:55.430 22448-27283 okhttp.OkHttpClient     com.baatcheet.app                    I  etag: W/"f7-MibIIeQE3m9bHRoZDI+h+yfJlwU"
2026-01-14 15:38:55.430 22448-27283 okhttp.OkHttpClient     com.baatcheet.app                    I  x-proxied-host: http://10.108.40.68
2026-01-14 15:38:55.430 22448-27283 okhttp.OkHttpClient     com.baatcheet.app                    I  x-proxied-replica: d1nagwh8-vxd4z
2026-01-14 15:38:55.430 22448-27283 okhttp.OkHttpClient     com.baatcheet.app                    I  x-proxied-path: /api/v1/chat/suggest
2026-01-14 15:38:55.430 22448-27283 okhttp.OkHttpClient     com.baatcheet.app                    I  link: <https://huggingface.co/spaces/sharry121/BaatCheet>;rel="canonical"
2026-01-14 15:38:55.433 22448-27283 okhttp.OkHttpClient     com.baatcheet.app                    I  {"success":true,"data":{"suggestions":["What are the benefits of upgrading to Pro?","Can I purchase additional image generations?","How do I craft an effective image generation prompt?","Are there any discounts for long-term Pro subscriptions?"]}}
2026-01-14 15:38:55.433 22448-27283 okhttp.OkHttpClient     com.baatcheet.app                    I  <-- END HTTP (247-byte body)
2026-01-14 15:39:14.685 22448-22448 VRI[Pop-Up Window]      com.baatcheet.app                    D  hardware acceleration = true, forceHwAccelerated = false
2026-01-14 15:39:14.685 22448-22448 ViewRootImpl            com.baatcheet.app                    D  setView appearance:0 Pop-Up Window
2026-01-14 15:39:14.711 22448-22448 InputTransport          com.baatcheet.app                    D  Create ARC handle: 0xb400007025d7b800
2026-01-14 15:39:14.711 22448-22448 InputEventReceiver      com.baatcheet.app                    D  Input log is disabled in InputEventReceiver.
2026-01-14 15:39:14.711 22448-22448 InputTransport          com.baatcheet.app                    D  Input log is disabled in InputChannel.
2026-01-14 15:39:14.718 22448-22448 WindowOnBackDispatcher  com.baatcheet.app                    W  OnBackInvokedCallback is not enabled for the application.
                                                                                                    Set 'android:enableOnBackInvokedCallback="true"' in the application manifest.
2026-01-14 15:39:14.796 22448-22448 BufferQueueConsumer     com.baatcheet.app                    D  [](id:57b000000002,api:0,p:-1,c:22448) connect: controlledByApp=false
2026-01-14 15:39:14.797 22448-27221 OpenGLRenderer          com.baatcheet.app                    E  Unable to match the desired swap behavior.
2026-01-14 15:39:14.833 22448-27221 BLASTBufferQueue        com.baatcheet.app                    D  [VRI[Pop-Up Window]#2](f:0,a:1) acquireNextBufferLocked size=1080x2436 mFrameNumber=1 applyTransaction=true mTimestamp=501280310351724(auto) mPendingTransactions.size=0 graphicBufferId=96413425860628 transform=0
2026-01-14 15:39:15.919 22448-22448 TranClassInfo           com.baatcheet.app                    D  instance successfully. com.transsion.hubcore.app.TranAppImpl@48e8817 from com.transsion.hubcore.app.ITranApp
2026-01-14 15:39:15.938 22448-22448 WindowOnBackDispatcher  com.baatcheet.app                    W  OnBackInvokedCallback is not enabled for the application.
                                                                                                    Set 'android:enableOnBackInvokedCallback="true"' in the application manifest.
2026-01-14 15:39:15.940 22448-22448 VRI[MainActivity]       com.baatcheet.app                    D  hardware acceleration = true, forceHwAccelerated = false
2026-01-14 15:39:15.940 22448-22448 config_debug            com.baatcheet.app                    I  updateDecorCaptionStatus: {1.0 410mcc3mnc [en_US,nl_NL] ldltr sw441dp w441dp h910dp 392dpi nrml long widecg port finger -keyb/v/h -nav/h winConfig={ mBounds=Rect(0, 0 - 1080, 2436) mAppBounds=Rect(0, 108 - 1080, 2338) mMaxBounds=Rect(0, 0 - 1080, 2436) mDisplayRotation=ROTATION_0 mWindowingMode=fullscreen mDisplayWindowingMode=fullscreen mMultiWindowMode=normal mMultiWindowId=0 mWindowResiable=6 mInLargeScreen=-1 mActivityType=standard mAlwaysOnTop=undefined mRotation=ROTATION_0 mUiOptSpec=-1 mCurDisplayId=-1} as.2 s.1 fontWeightAdjustment=0} fromMultiWindow: false
2026-01-14 15:39:15.940 22448-22448 ViewRootImpl            com.baatcheet.app                    D  setView appearance:8 com.baatcheet.app/com.baatcheet.app.MainActivity
2026-01-14 15:39:15.942   969-3126  BufferQueueDebug        surfaceflinger                       E  [7181b59 com.baatcheet.app/com.baatcheet.app.MainActivity#246436](this:0xb40000794784e720,id:-1,api:0,p:-1,c:-1) id info cannot be read from '7181b59 com.baatcheet.app/com.baatcheet.app.MainActivity#246436'
2026-01-14 15:39:15.949   969-969   BufferQueueDebug        surfaceflinger                       E  [7181b59 com.baatcheet.app/com.baatcheet.app.MainActivity#246436 (Mirror)#246439](this:0xb40000794798a890,id:-1,api:0,p:-1,c:-1) id info cannot be read from '7181b59 com.baatcheet.app/com.baatcheet.app.MainActivity#246436 (Mirror)#246439'
2026-01-14 15:39:15.952 22448-22448 InputTransport          com.baatcheet.app                    D  Create ARC handle: 0xb400007025db5580
2026-01-14 15:39:15.952 22448-22448 InputEventReceiver      com.baatcheet.app                    D  Input log is disabled in InputEventReceiver.
2026-01-14 15:39:15.952 22448-22448 InputTransport          com.baatcheet.app                    D  Input log is disabled in InputChannel.
2026-01-14 15:39:16.021   969-3126  BufferQueueDebug        surfaceflinger                       E  [com.baatcheet.app/com.baatcheet.app.MainActivity#246442](this:0xb4000079479b8190,id:-1,api:0,p:-1,c:-1) id info cannot be read from 'com.baatcheet.app/com.baatcheet.app.MainActivity#246442'
2026-01-14 15:39:16.027 22448-22448 BufferQueueConsumer     com.baatcheet.app                    D  [](id:57b000000003,api:0,p:-1,c:22448) connect: controlledByApp=false
2026-01-14 15:39:16.028 22448-22448 config_debug            com.baatcheet.app                    I  updateDecorCaptionStatus: {1.0 410mcc3mnc [en_US,nl_NL] ldltr sw441dp w441dp h910dp 392dpi nrml long widecg port finger -keyb/v/h -nav/h winConfig={ mBounds=Rect(0, 0 - 1080, 2436) mAppBounds=Rect(0, 108 - 1080, 2338) mMaxBounds=Rect(0, 0 - 1080, 2436) mDisplayRotation=ROTATION_0 mWindowingMode=fullscreen mDisplayWindowingMode=fullscreen mMultiWindowMode=normal mMultiWindowId=0 mWindowResiable=6 mInLargeScreen=-1 mActivityType=standard mAlwaysOnTop=undefined mRotation=ROTATION_0 mUiOptSpec=-1 mCurDisplayId=-1} as.2 s.1 fontWeightAdjustment=0} fromMultiWindow: true
2026-01-14 15:39:16.029 22448-27221 OpenGLRenderer          com.baatcheet.app                    E  Unable to match the desired swap behavior.
2026-01-14 15:39:16.033   969-969   BufferQueueDebug        surfaceflinger                       E  [com.baatcheet.app/com.baatcheet.app.MainActivity#246442 (Mirror)#246443](this:0xb40000794797c4c0,id:-1,api:0,p:-1,c:-1) id info cannot be read from 'com.baatcheet.app/com.baatcheet.app.MainActivity#246442 (Mirror)#246443'
2026-01-14 15:39:16.057 22448-27221 BLASTBufferQueue        com.baatcheet.app                    D  [VRI[MainActivity]#3](f:0,a:1) acquireNextBufferLocked size=942x865 mFrameNumber=1 applyTransaction=true mTimestamp=501281534231416(auto) mPendingTransactions.size=0 graphicBufferId=96413425860635 transform=0
2026-01-14 15:39:16.067   969-1047  BufferQueueDebug        surfaceflinger                       E  [Surface(name=7181b59 com.baatcheet.app/com.baatcheet.app.MainActivity)/@0x525b0cd - animation-leash of window_animation#246444](this:0xb400007947943580,id:-1,api:0,p:-1,c:-1) id info cannot be read from 'Surface(name=7181b59 com.baatcheet.app/com.baatcheet.app.MainActivity)/@0x525b0cd - animation-leash of window_animation#246444'
2026-01-14 15:39:16.086   969-969   BufferQueueDebug        surfaceflinger                       E  [Surface(name=7181b59 com.baatcheet.app/com.baatcheet.app.MainActivity)/@0x525b0cd - animation-leash of window_animation#246444 (Mirror)#246447](this:0xb4000079479cee10,id:-1,api:0,p:-1,c:-1) id info cannot be read from 'Surface(name=7181b59 com.baatcheet.app/com.baatcheet.app.MainActivity)/@0x525b0cd - animation-leash of window_animation#246444 (Mirror)#246447'
2026-01-14 15:39:17.033 22448-22448 Compose Focus           com.baatcheet.app                    D  Owner FocusChanged(true)
2026-01-14 15:39:17.068 22448-22448 InputMethodManager      com.baatcheet.app                    D  invalidateInput sessionid: 0
2026-01-14 15:39:17.074 22448-22448 InputMethodManager      com.baatcheet.app                    D  invalidateInput sessionid: 0
2026-01-14 15:39:17.079 22448-22448 ImeTracker              com.baatcheet.app                    I  com.baatcheet.app:e202261a: onRequestShow at ORIGIN_CLIENT_SHOW_SOFT_INPUT reason SHOW_SOFT_INPUT_BY_INSETS_API
2026-01-14 15:39:17.079 22448-22448 InsetsController        com.baatcheet.app                    D  show(ime(), fromIme=false)
2026-01-14 15:39:17.079 22448-22448 InputMethodManager      com.baatcheet.app                    D  showSoftInput() view=androidx.compose.ui.platform.AndroidComposeView{73377cc VFED..... .F....ID 0,0-784,707 aid=1073741828} flags=0 reason=SHOW_SOFT_INPUT_BY_INSETS_API
2026-01-14 15:39:17.158 22448-27221 mali                    com.baatcheet.app                    I  [DebugProp] GPU Debug-Mechanism Disable !
2026-01-14 15:39:17.236 22448-22448 InsetsController        com.baatcheet.app                    D  show(ime(), fromIme=true)
2026-01-14 15:39:17.248   969-1047  BufferQueueDebug        surfaceflinger                       E  [Surface(name=7181b59 com.baatcheet.app/com.baatcheet.app.MainActivity)/@0x525b0cd - animation-leash of window_animation#246454](this:0xb4000079479078b0,id:-1,api:0,p:-1,c:-1) id info cannot be read from 'Surface(name=7181b59 com.baatcheet.app/com.baatcheet.app.MainActivity)/@0x525b0cd - animation-leash of window_animation#246454'
2026-01-14 15:39:17.258   969-969   BufferQueueDebug        surfaceflinger                       E  [Surface(name=7181b59 com.baatcheet.app/com.baatcheet.app.MainActivity)/@0x525b0cd - animation-leash of window_animation#246454 (Mirror)#246455](this:0xb400007947a96370,id:-1,api:0,p:-1,c:-1) id info cannot be read from 'Surface(name=7181b59 com.baatcheet.app/com.baatcheet.app.MainActivity)/@0x525b0cd - animation-leash of window_animation#246454 (Mirror)#246455'
2026-01-14 15:39:17.462 22448-22448 ImeTracker              com.baatcheet.app                    I  com.baatcheet.app:e202261a: onShown
2026-01-14 15:39:19.438 22448-22448 Compatibil...geReporter com.baatcheet.app                    D  Compat change id reported: 147798919; UID 10639; state: ENABLED
2026-01-14 15:39:19.469 22448-22448 WindowOnBackDispatcher  com.baatcheet.app                    W  sendCancelIfRunning: isInProgress=falsecallback=ImeCallback=ImeOnBackInvokedCallback@37524990 Callback=android.window.IOnBackInvokedCallback$Stub$Proxy@9a24884
2026-01-14 15:39:19.471 22448-22448 WindowOnBackDispatcher  com.baatcheet.app                    W  sendCancelIfRunning: isInProgress=falsecallback=android.view.ViewRootImpl$$ExternalSyntheticLambda20@aff5644
2026-01-14 15:39:19.486 22448-27221 OpenGLRenderer          com.baatcheet.app                    D  endAllActiveAnimators on 0xb400006fa5eaf3d0 (UnprojectedRipple) with handle 0xb400007025db8670
2026-01-14 15:39:19.486 22448-22448 View                    com.baatcheet.app                    D  [Warning] assignParent to null: this = DecorView@649486d[MainActivity]
2026-01-14 15:39:19.489   969-1047  BufferQueueDebug        surfaceflinger                       E  [Surface(name=7181b59 com.baatcheet.app/com.baatcheet.app.MainActivity)/@0x525b0cd - animation-leash of window_animation#246460](this:0xb400007947904b20,id:-1,api:0,p:-1,c:-1) id info cannot be read from 'Surface(name=7181b59 com.baatcheet.app/com.baatcheet.app.MainActivity)/@0x525b0cd - animation-leash of window_animation#246460'
2026-01-14 15:39:19.492 22448-27209 BLASTBufferQueue        com.baatcheet.app                    D  [VRI[MainActivity]#3](f:0,a:4) destructor()
2026-01-14 15:39:19.493 22448-27209 BufferQueueConsumer     com.baatcheet.app                    D  [VRI[MainActivity]#3(BLAST Consumer)3](id:57b000000003,api:0,p:-1,c:22448) disconnect
2026-01-14 15:39:19.505   969-969   BufferQueueDebug        surfaceflinger                       E  [Surface(name=7181b59 com.baatcheet.app/com.baatcheet.app.MainActivity)/@0x525b0cd - animation-leash of window_animation#246460 (Mirror)#246463](this:0xb40000794789b550,id:-1,api:0,p:-1,c:-1) id info cannot be read from 'Surface(name=7181b59 com.baatcheet.app/com.baatcheet.app.MainActivity)/@0x525b0cd - animation-leash of window_animation#246460 (Mirror)#246463'
2026-01-14 15:39:19.517 22448-22448 InputTransport          com.baatcheet.app                    D  Destroy ARC handle: 0xb400007025db5580
2026-01-14 15:39:19.528 22448-22448 WindowOnBackDispatcher  com.baatcheet.app                    W  sendCancelIfRunning: isInProgress=falsecallback=android.view.ViewRootImpl$$ExternalSyntheticLambda20@56ba2ce
2026-01-14 15:39:19.530 22448-22448 View                    com.baatcheet.app                    D  [Warning] assignParent to null: this = androidx.compose.material3.ModalBottomSheetWindow{4befe69 V.E...... ......ID 0,0-1080,2436 #1020002 android:id/content aid=1073741826}
2026-01-14 15:39:19.531 22448-22448 BLASTBufferQueue        com.baatcheet.app                    D  [VRI[Pop-Up Window]#2](f:0,a:4) destructor()
2026-01-14 15:39:19.532 22448-22448 BufferQueueConsumer     com.baatcheet.app                    D  [VRI[Pop-Up Window]#2(BLAST Consumer)2](id:57b000000002,api:0,p:-1,c:22448) disconnect
2026-01-14 15:39:19.552 22448-22448 InputTransport          com.baatcheet.app                    D  Destroy ARC handle: 0xb400007025d7b800
2026-01-14 15:39:19.563 22448-22448 ImeTracker              com.baatcheet.app                    I  com.baatcheet.app:3b038bab: onRequestHide at ORIGIN_CLIENT_HIDE_SOFT_INPUT reason HIDE_SOFT_INPUT
2026-01-14 15:39:19.564 22448-22448 ImeTracker              com.baatcheet.app                    I  com.baatcheet.app:3b038bab: onFailed at PHASE_CLIENT_VIEW_SERVED
2026-01-14 15:39:19.604 22448-22448 InputMethodManager      com.baatcheet.app                    D  invalidateInput sessionid: 0
2026-01-14 15:39:19.613 22448-22448 RemoteInpu...ectionImpl com.baatcheet.app                    W  requestCursorAnchorInfo on inactive InputConnection
2026-01-14 15:39:19.619 22448-22448 ImeBackDispatcher       com.baatcheet.app                    E  Ime callback not found. Ignoring unregisterReceivedCallback. callbackId: 37524990
2026-01-14 15:39:30.501 22448-22448 VRI[Pop-Up Window]      com.baatcheet.app                    D  hardware acceleration = true, forceHwAccelerated = false
2026-01-14 15:39:30.501 22448-22448 ViewRootImpl            com.baatcheet.app                    D  setView appearance:0 Pop-Up Window
2026-01-14 15:39:30.515 22448-22448 InputTransport          com.baatcheet.app                    D  Create ARC handle: 0xb400007025dc76a0
2026-01-14 15:39:30.515 22448-22448 InputEventReceiver      com.baatcheet.app                    D  Input log is disabled in InputEventReceiver.
2026-01-14 15:39:30.515 22448-22448 InputTransport          com.baatcheet.app                    D  Input log is disabled in InputChannel.
2026-01-14 15:39:30.523 22448-22448 WindowOnBackDispatcher  com.baatcheet.app                    W  OnBackInvokedCallback is not enabled for the application.
                                                                                                    Set 'android:enableOnBackInvokedCallback="true"' in the application manifest.
2026-01-14 15:39:30.605 22448-22448 BufferQueueConsumer     com.baatcheet.app                    D  [](id:57b000000004,api:0,p:-1,c:22448) connect: controlledByApp=false
2026-01-14 15:39:30.608 22448-27221 OpenGLRenderer          com.baatcheet.app                    E  Unable to match the desired swap behavior.
2026-01-14 15:39:30.641 22448-27221 BLASTBufferQueue        com.baatcheet.app                    D  [VRI[Pop-Up Window]#4](f:0,a:1) acquireNextBufferLocked size=1080x2436 mFrameNumber=1 applyTransaction=true mTimestamp=501296118291802(auto) mPendingTransactions.size=0 graphicBufferId=96413425860642 transform=0
