2026-01-15 15:11:29.338 32012-4578  okhttp.OkHttpClient     com.baatcheet.app                    I  etag: W/"1a-s3B6blipWxCo2IriQlJeaz0uh7I"
2026-01-15 15:11:29.338 32012-4578  okhttp.OkHttpClient     com.baatcheet.app                    I  x-proxied-host: http://10.108.78.100
2026-01-15 15:11:29.338 32012-4578  okhttp.OkHttpClient     com.baatcheet.app                    I  x-proxied-replica: wax9lti1-bf5p7
2026-01-15 15:11:29.338 32012-4578  okhttp.OkHttpClient     com.baatcheet.app                    I  x-proxied-path: /api/v1/projects/invitations/pending
2026-01-15 15:11:29.338 32012-4578  okhttp.OkHttpClient     com.baatcheet.app                    I  link: <https://huggingface.co/spaces/sharry121/BaatCheet>;rel="canonical"
2026-01-15 15:11:29.338 32012-4578  okhttp.OkHttpClient     com.baatcheet.app                    I  {"success":true,"data":[]}
2026-01-15 15:11:29.338 32012-4578  okhttp.OkHttpClient     com.baatcheet.app                    I  <-- END HTTP (26-byte body)
2026-01-15 15:11:31.079 32012-4578  okhttp.OkHttpClient     com.baatcheet.app                    I  --> POST https://sharry121-baatcheet.hf.space/api/v1/chat/completions
2026-01-15 15:11:31.079 32012-4578  okhttp.OkHttpClient     com.baatcheet.app                    I  Content-Length: 74
2026-01-15 15:11:31.079 32012-4578  okhttp.OkHttpClient     com.baatcheet.app                    I  Authorization: Bearer eyJhbGciOiJIUzI1NiIsInR5cCI6IkpXVCJ9.eyJ1c2VySWQiOiIyODIxYWY1Yy05MGFiLTQ1OGMtOWQ5NC04NWVlZDU1ZTkwYzMiLCJjbGVya0lkIjoidXNlcl8zODZDZTNHVHNUb1lrWnpHbTcxVkJ3NkxWUDAiLCJlbWFpbCI6Im9uc2Vhc29uMTBAZ21haWwuY29tIiwiaWF0IjoxNzY4MzIzOTM3LCJleHAiOjE3Njg5Mjg3Mzd9.XxFcz-xvKG556gxX1Oe31bK804zPkTzgXjfSLHfqMQw
2026-01-15 15:11:31.079 32012-4578  okhttp.OkHttpClient     com.baatcheet.app                    I  Content-Type: application/json
2026-01-15 15:11:31.079 32012-4578  okhttp.OkHttpClient     com.baatcheet.app                    I  {"message":"create image of dog","mode":"image-generation","stream":false}
2026-01-15 15:11:31.079 32012-4578  okhttp.OkHttpClient     com.baatcheet.app                    I  --> END POST (74-byte body)
2026-01-15 15:11:31.101 32012-32012 InputMethodManager      com.baatcheet.app                    D  invalidateInput sessionid: 0
2026-01-15 15:11:31.312 32012-32012 InsetsController        com.baatcheet.app                    D  show(ime(), fromIme=true)
2026-01-15 15:11:31.313 32012-32012 ImeTracker              com.baatcheet.app                    I  com.baatcheet.app:3760810: onCancelled at PHASE_CLIENT_APPLY_ANIMATION
2026-01-15 15:11:31.507 32012-32012 WindowOnBackDispatcher  com.baatcheet.app                    W  sendCancelIfRunning: isInProgress=falsecallback=ImeCallback=ImeOnBackInvokedCallback@14061906 Callback=android.window.IOnBackInvokedCallback$Stub$Proxy@8dbada9
2026-01-15 15:11:31.830 32012-32012 ImeTracker              com.baatcheet.app                    I  com.baatcheet.app:1832c0bf: onRequestHide at ORIGIN_CLIENT_HIDE_SOFT_INPUT reason HIDE_SOFT_INPUT_BY_INSETS_API
2026-01-15 15:11:31.831 32012-32012 ImeTracker              com.baatcheet.app                    I  com.baatcheet.app:899a0d96: onHidden
2026-01-15 15:12:28.939 32012-32012 VRI[Pop-Up Window]      com.baatcheet.app                    D  hardware acceleration = true, forceHwAccelerated = false
2026-01-15 15:12:28.939 32012-32012 ViewRootImpl            com.baatcheet.app                    D  setView appearance:0 Pop-Up Window
2026-01-15 15:12:28.952 32012-32012 InputTransport          com.baatcheet.app                    D  Create ARC handle: 0xb400007025da6280
2026-01-15 15:12:28.952 32012-32012 InputEventReceiver      com.baatcheet.app                    D  Input log is disabled in InputEventReceiver.
2026-01-15 15:12:28.952 32012-32012 InputTransport          com.baatcheet.app                    D  Input log is disabled in InputChannel.
2026-01-15 15:12:28.961 32012-32012 WindowOnBackDispatcher  com.baatcheet.app                    W  OnBackInvokedCallback is not enabled for the application.
                                                                                                    Set 'android:enableOnBackInvokedCallback="true"' in the application manifest.
2026-01-15 15:12:29.057 32012-32012 BufferQueueConsumer     com.baatcheet.app                    D  [](id:7d0c00000002,api:0,p:-1,c:32012) connect: controlledByApp=false
2026-01-15 15:12:29.060 32012-4522  OpenGLRenderer          com.baatcheet.app                    E  Unable to match the desired swap behavior.
2026-01-15 15:12:29.098 32012-4522  BLASTBufferQueue        com.baatcheet.app                    D  [VRI[Pop-Up Window]#2](f:0,a:1) acquireNextBufferLocked size=1080x2436 mFrameNumber=1 applyTransaction=true mTimestamp=559645377213587(auto) mPendingTransactions.size=0 graphicBufferId=137490493079572 transform=0
2026-01-15 15:12:31.946 32012-32012 ScrollIdentify          com.baatcheet.app                    I  on fling
2026-01-15 15:12:31.958 32012-4625  TranClassInfo           com.baatcheet.app                    D  instance successfully. com.transsion.hubcore.widget.TranScrollPolicyImpl@995d044 from com.transsion.hubcore.widget.ITranScrollPolicy
2026-01-15 15:12:31.958 32012-4625  TranClassInfo           com.baatcheet.app                    D  instance successfully. com.transsion.hubcore.spdopts.magellan.implement.TranScrollPolicyMagellanImpl@2d6952d from com.transsion.hubcore.magellan.ITranMagellanScrollPolicyComponent
2026-01-15 15:12:32.348 32012-32012 WindowOnBackDispatcher  com.baatcheet.app                    W  sendCancelIfRunning: isInProgress=falsecallback=android.view.ViewRootImpl$$ExternalSyntheticLambda20@75256d
2026-01-15 15:12:32.351 32012-32012 View                    com.baatcheet.app                    D  [Warning] assignParent to null: this = androidx.compose.material3.ModalBottomSheetWindow{8ce3dc V.E...... ......ID 0,0-1080,2436 #1020002 android:id/content aid=1073741826}
2026-01-15 15:12:32.352 32012-32012 BLASTBufferQueue        com.baatcheet.app                    D  [VRI[Pop-Up Window]#2](f:0,a:4) destructor()
2026-01-15 15:12:32.352 32012-32012 BufferQueueConsumer     com.baatcheet.app                    D  [VRI[Pop-Up Window]#2(BLAST Consumer)2](id:7d0c00000002,api:0,p:-1,c:32012) disconnect
2026-01-15 15:12:32.363 32012-32012 InputTransport          com.baatcheet.app                    D  Destroy ARC handle: 0xb400007025da6280
2026-01-15 15:12:32.394 32012-32012 InputMethodManager      com.baatcheet.app                    D  invalidateInput sessionid: 0
2026-01-15 15:12:32.995 32012-32012 VRI[Pop-Up Window]      com.baatcheet.app                    D  hardware acceleration = true, forceHwAccelerated = false
2026-01-15 15:12:32.995 32012-32012 ViewRootImpl            com.baatcheet.app                    D  setView appearance:0 Pop-Up Window
2026-01-15 15:12:33.006 32012-32012 InputTransport          com.baatcheet.app                    D  Create ARC handle: 0xb400007025daec20
2026-01-15 15:12:33.006 32012-32012 InputEventReceiver      com.baatcheet.app                    D  Input log is disabled in InputEventReceiver.
2026-01-15 15:12:33.006 32012-32012 InputTransport          com.baatcheet.app                    D  Input log is disabled in InputChannel.
2026-01-15 15:12:33.014 32012-32012 WindowOnBackDispatcher  com.baatcheet.app                    W  OnBackInvokedCallback is not enabled for the application.
                                                                                                    Set 'android:enableOnBackInvokedCallback="true"' in the application manifest.
2026-01-15 15:12:33.110 32012-32012 BufferQueueConsumer     com.baatcheet.app                    D  [](id:7d0c00000003,api:0,p:-1,c:32012) connect: controlledByApp=false
2026-01-15 15:12:33.111 32012-4522  OpenGLRenderer          com.baatcheet.app                    E  Unable to match the desired swap behavior.
2026-01-15 15:12:33.139 32012-4522  BLASTBufferQueue        com.baatcheet.app                    D  [VRI[Pop-Up Window]#3](f:0,a:1) acquireNextBufferLocked size=1080x2436 mFrameNumber=1 applyTransaction=true mTimestamp=559649418780741(auto) mPendingTransactions.size=0 graphicBufferId=137490493079579 transform=0
2026-01-15 15:12:34.723 32012-32012 WindowOnBackDispatcher  com.baatcheet.app                    W  sendCancelIfRunning: isInProgress=falsecallback=android.view.ViewRootImpl$$ExternalSyntheticLambda20@d3bb6ed
2026-01-15 15:12:34.725 32012-4522  OpenGLRenderer          com.baatcheet.app                    D  endAllActiveAnimators on 0xb400006fa5e48a40 (UnprojectedRipple) with handle 0xb400007025da9880
2026-01-15 15:12:34.725 32012-32012 View                    com.baatcheet.app                    D  [Warning] assignParent to null: this = androidx.compose.material3.ModalBottomSheetWindow{256bb9f V.E...... ......ID 0,0-1080,2436 #1020002 android:id/content aid=1073741827}
2026-01-15 15:12:34.735 32012-32012 InputTransport          com.baatcheet.app                    D  Destroy ARC handle: 0xb400007025daec20
2026-01-15 15:12:34.740 32012-4516  BLASTBufferQueue        com.baatcheet.app                    D  [VRI[Pop-Up Window]#3](f:0,a:4) destructor()
2026-01-15 15:12:34.740 32012-4516  BufferQueueConsumer     com.baatcheet.app                    D  [VRI[Pop-Up Window]#3(BLAST Consumer)3](id:7d0c00000003,api:0,p:-1,c:32012) disconnect
2026-01-15 15:12:34.775 32012-32012 InputMethodManager      com.baatcheet.app                    D  invalidateInput sessionid: 0
2026-01-15 15:12:35.121 32012-32012 ImeTracker              com.baatcheet.app                    I  com.baatcheet.app:9b824304: onRequestShow at ORIGIN_CLIENT_SHOW_SOFT_INPUT reason SHOW_SOFT_INPUT_BY_INSETS_API
2026-01-15 15:12:35.121 32012-32012 InsetsController        com.baatcheet.app                    D  show(ime(), fromIme=false)
2026-01-15 15:12:35.121 32012-32012 InputMethodManager      com.baatcheet.app                    D  showSoftInput() view=androidx.compose.ui.platform.AndroidComposeView{fe43bb3 VFED..... .F....ID 0,0-1080,2436 aid=1073741825} flags=0 reason=SHOW_SOFT_INPUT_BY_INSETS_API
2026-01-15 15:12:35.174 32012-32012 InsetsController        com.baatcheet.app                    D  show(ime(), fromIme=true)
2026-01-15 15:12:35.484 32012-32012 ImeTracker              com.baatcheet.app                    I  com.baatcheet.app:9b824304: onShown
2026-01-15 15:12:40.837 32012-4694  okhttp.OkHttpClient     com.baatcheet.app                    I  --> POST https://sharry121-baatcheet.hf.space/api/v1/chat/analyze
2026-01-15 15:12:40.838 32012-4694  okhttp.OkHttpClient     com.baatcheet.app                    I  Content-Length: 34
2026-01-15 15:12:40.839 32012-4694  okhttp.OkHttpClient     com.baatcheet.app                    I  Authorization: Bearer eyJhbGciOiJIUzI1NiIsInR5cCI6IkpXVCJ9.eyJ1c2VySWQiOiIyODIxYWY1Yy05MGFiLTQ1OGMtOWQ5NC04NWVlZDU1ZTkwYzMiLCJjbGVya0lkIjoidXNlcl8zODZDZTNHVHNUb1lrWnpHbTcxVkJ3NkxWUDAiLCJlbWFpbCI6Im9uc2Vhc29uMTBAZ21haWwuY29tIiwiaWF0IjoxNzY4MzIzOTM3LCJleHAiOjE3Njg5Mjg3Mzd9.XxFcz-xvKG556gxX1Oe31bK804zPkTzgXjfSLHfqMQw
2026-01-15 15:12:40.839 32012-4694  okhttp.OkHttpClient     com.baatcheet.app                    I  Content-Type: application/json
2026-01-15 15:12:40.841 32012-4694  okhttp.OkHttpClient     com.baatcheet.app                    I  {"message":"create image of dog "}
2026-01-15 15:12:40.841 32012-4694  okhttp.OkHttpClient     com.baatcheet.app                    I  --> END POST (34-byte body)
2026-01-15 15:12:40.901 32012-4508  m.baatcheet.app         com.baatcheet.app                    I  Compiler allocated 8899KB to compile void com.baatcheet.app.ui.chat.ChatScreenKt$ChatDrawerContent$6.invoke(androidx.compose.foundation.layout.ColumnScope, androidx.compose.runtime.Composer, int)
2026-01-15 15:12:41.471 32012-4694  okhttp.OkHttpClient     com.baatcheet.app                    I  <-- 200 https://sharry121-baatcheet.hf.space/api/v1/chat/analyze (629ms)
2026-01-15 15:12:41.471 32012-4694  okhttp.OkHttpClient     com.baatcheet.app                    I  date: Thu, 15 Jan 2026 10:12:42 GMT
2026-01-15 15:12:41.472 32012-4694  okhttp.OkHttpClient     com.baatcheet.app                    I  content-type: application/json; charset=utf-8
2026-01-15 15:12:41.472 32012-4694  okhttp.OkHttpClient     com.baatcheet.app                    I  content-length: 600
2026-01-15 15:12:41.472 32012-4694  okhttp.OkHttpClient     com.baatcheet.app                    I  x-request-id: NetJcX, NetJcX
2026-01-15 15:12:41.472 32012-4694  okhttp.OkHttpClient     com.baatcheet.app                    I  content-security-policy: default-src 'self';script-src 'self' 'unsafe-inline';style-src 'self' 'unsafe-inline';img-src 'self' data: https:;connect-src 'self' https://api.clerk.dev;base-uri 'self';font-src 'self' https: data:;form-action 'self';frame-ancestors 'self';object-src 'none';script-src-attr 'none';upgrade-insecure-requests
2026-01-15 15:12:41.472 32012-4694  okhttp.OkHttpClient     com.baatcheet.app                    I  cross-origin-opener-policy: same-origin
2026-01-15 15:12:41.472 32012-4694  okhttp.OkHttpClient     com.baatcheet.app                    I  cross-origin-resource-policy: cross-origin
2026-01-15 15:12:41.472 32012-4694  okhttp.OkHttpClient     com.baatcheet.app                    I  origin-agent-cluster: ?1
2026-01-15 15:12:41.472 32012-4694  okhttp.OkHttpClient     com.baatcheet.app                    I  referrer-policy: no-referrer
2026-01-15 15:12:41.472 32012-4694  okhttp.OkHttpClient     com.baatcheet.app                    I  strict-transport-security: max-age=31536000; includeSubDomains; preload
2026-01-15 15:12:41.472 32012-4694  okhttp.OkHttpClient     com.baatcheet.app                    I  x-content-type-options: nosniff
2026-01-15 15:12:41.472 32012-4694  okhttp.OkHttpClient     com.baatcheet.app                    I  x-dns-prefetch-control: off
2026-01-15 15:12:41.472 32012-4694  okhttp.OkHttpClient     com.baatcheet.app                    I  x-download-options: noopen
2026-01-15 15:12:41.472 32012-4694  okhttp.OkHttpClient     com.baatcheet.app                    I  x-frame-options: SAMEORIGIN
2026-01-15 15:12:41.472 32012-4694  okhttp.OkHttpClient     com.baatcheet.app                    I  x-permitted-cross-domain-policies: none
2026-01-15 15:12:41.473 32012-4694  okhttp.OkHttpClient     com.baatcheet.app                    I  x-xss-protection: 0
2026-01-15 15:12:41.473 32012-4694  okhttp.OkHttpClient     com.baatcheet.app                    I  vary: Origin
2026-01-15 15:12:41.473 32012-4694  okhttp.OkHttpClient     com.baatcheet.app                    I  vary: origin, access-control-request-method, access-control-request-headers
2026-01-15 15:12:41.473 32012-4694  okhttp.OkHttpClient     com.baatcheet.app                    I  access-control-allow-credentials: true
2026-01-15 15:12:41.473 32012-4694  okhttp.OkHttpClient     com.baatcheet.app                    I  access-control-expose-headers: X-Request-ID,X-Response-Time,X-RateLimit-Limit,X-RateLimit-Remaining,X-RateLimit-Reset
2026-01-15 15:12:41.473 32012-4694  okhttp.OkHttpClient     com.baatcheet.app                    I  x-clerk-auth-message: Unable to find a signing key in JWKS that matches the kid='undefined' of the provided session token. Please make sure that the __session cookie or the HTTP authorization header contain a Clerk-generated session JWT. The following kid is available: ins_384KLXR0s0ZW3aoWTGXIMeX8Ihm Go to your Dashboard and validate your secret and public keys are correct. Contact support@clerk.com if the issue persists. (reason=jwk-kid-mismatch, token-carrier=header)
2026-01-15 15:12:41.473 32012-4694  okhttp.OkHttpClient     com.baatcheet.app                    I  x-clerk-auth-reason: jwk-kid-mismatch
2026-01-15 15:12:41.473 32012-4694  okhttp.OkHttpClient     com.baatcheet.app                    I  x-clerk-auth-status: signed-out
2026-01-15 15:12:41.473 32012-4694  okhttp.OkHttpClient     com.baatcheet.app                    I  ratelimit-policy: 100;w=900
2026-01-15 15:12:41.473 32012-4694  okhttp.OkHttpClient     com.baatcheet.app                    I  ratelimit-limit: 100
2026-01-15 15:12:41.473 32012-4694  okhttp.OkHttpClient     com.baatcheet.app                    I  ratelimit-remaining: 95
2026-01-15 15:12:41.473 32012-4694  okhttp.OkHttpClient     com.baatcheet.app                    I  ratelimit-reset: 824
2026-01-15 15:12:41.473 32012-4694  okhttp.OkHttpClient     com.baatcheet.app                    I  x-response-time: 161ms
2026-01-15 15:12:41.474 32012-4694  okhttp.OkHttpClient     com.baatcheet.app                    I  etag: W/"258-T+mJ/YQPvWW2AImmNDUzm4a0NEc"
2026-01-15 15:12:41.474 32012-4694  okhttp.OkHttpClient     com.baatcheet.app                    I  x-proxied-host: http://10.108.78.100
2026-01-15 15:12:41.474 32012-4694  okhttp.OkHttpClient     com.baatcheet.app                    I  x-proxied-replica: wax9lti1-bf5p7
2026-01-15 15:12:41.474 32012-4694  okhttp.OkHttpClient     com.baatcheet.app                    I  x-proxied-path: /api/v1/chat/analyze
2026-01-15 15:12:41.474 32012-4694  okhttp.OkHttpClient     com.baatcheet.app                    I  link: <https://huggingface.co/spaces/sharry121/BaatCheet>;rel="canonical"
2026-01-15 15:12:41.475 32012-4694  okhttp.OkHttpClient     com.baatcheet.app                    I  {"success":true,"data":{"mode":{"detected":"image-generation","confidence":0.5,"keywords":["create image","image of"],"alternatives":[],"config":{"displayName":"Create Image","icon":"🎨","description":"Generate images from text","requiresSpecialAPI":true}},"intent":"general_query","format":"plain","complexity":"simple","language":"english","specialInstructions":{"useHeadings":false,"useBulletPoints":false,"useNumberedList":false,"makeTable":false,"highlightImportant":false,"addExamples":false,"useCodeBlock":false},"suggestedSettings":{"temperature":0.8,"maxTokens":500},"formattingHints":""}}
2026-01-15 15:12:41.475 32012-4694  okhttp.OkHttpClient     com.baatcheet.app                    I  <-- END HTTP (600-byte body)
2026-01-15 15:12:44.977 32012-4694  okhttp.OkHttpClient     com.baatcheet.app                    I  --> POST https://sharry121-baatcheet.hf.space/api/v1/chat/analyze
2026-01-15 15:12:44.978 32012-4694  okhttp.OkHttpClient     com.baatcheet.app                    I  Content-Length: 44
2026-01-15 15:12:44.978 32012-4694  okhttp.OkHttpClient     com.baatcheet.app                    I  Authorization: Bearer eyJhbGciOiJIUzI1NiIsInR5cCI6IkpXVCJ9.eyJ1c2VySWQiOiIyODIxYWY1Yy05MGFiLTQ1OGMtOWQ5NC04NWVlZDU1ZTkwYzMiLCJjbGVya0lkIjoidXNlcl8zODZDZTNHVHNUb1lrWnpHbTcxVkJ3NkxWUDAiLCJlbWFpbCI6Im9uc2Vhc29uMTBAZ21haWwuY29tIiwiaWF0IjoxNzY4MzIzOTM3LCJleHAiOjE3Njg5Mjg3Mzd9.XxFcz-xvKG556gxX1Oe31bK804zPkTzgXjfSLHfqMQw
2026-01-15 15:12:44.978 32012-4694  okhttp.OkHttpClient     com.baatcheet.app                    I  Content-Type: application/json
2026-01-15 15:12:44.978 32012-4694  okhttp.OkHttpClient     com.baatcheet.app                    I  {"message":"create image of dog eating foo"}
2026-01-15 15:12:44.978 32012-4694  okhttp.OkHttpClient     com.baatcheet.app                    I  --> END POST (44-byte body)
2026-01-15 15:12:45.286 32012-4729  okhttp.OkHttpClient     com.baatcheet.app                    I  --> POST https://sharry121-baatcheet.hf.space/api/v1/chat/completions
2026-01-15 15:12:45.286 32012-4729  okhttp.OkHttpClient     com.baatcheet.app                    I  Content-Length: 86
2026-01-15 15:12:45.286 32012-4729  okhttp.OkHttpClient     com.baatcheet.app                    I  Authorization: Bearer eyJhbGciOiJIUzI1NiIsInR5cCI6IkpXVCJ9.eyJ1c2VySWQiOiIyODIxYWY1Yy05MGFiLTQ1OGMtOWQ5NC04NWVlZDU1ZTkwYzMiLCJjbGVya0lkIjoidXNlcl8zODZDZTNHVHNUb1lrWnpHbTcxVkJ3NkxWUDAiLCJlbWFpbCI6Im9uc2Vhc29uMTBAZ21haWwuY29tIiwiaWF0IjoxNzY4MzIzOTM3LCJleHAiOjE3Njg5Mjg3Mzd9.XxFcz-xvKG556gxX1Oe31bK804zPkTzgXjfSLHfqMQw
2026-01-15 15:12:45.286 32012-4729  okhttp.OkHttpClient     com.baatcheet.app                    I  Content-Type: application/json
2026-01-15 15:12:45.287 32012-4729  okhttp.OkHttpClient     com.baatcheet.app                    I  {"message":"create image of dog eating food","mode":"image-generation","stream":false}
2026-01-15 15:12:45.287 32012-4729  okhttp.OkHttpClient     com.baatcheet.app                    I  --> END POST (86-byte body)
2026-01-15 15:12:45.293 32012-32012 InputMethodManager      com.baatcheet.app                    D  invalidateInput sessionid: 0
2026-01-15 15:12:45.320 32012-4694  okhttp.OkHttpClient     com.baatcheet.app                    I  <-- 200 https://sharry121-baatcheet.hf.space/api/v1/chat/analyze (341ms)
2026-01-15 15:12:45.320 32012-4694  okhttp.OkHttpClient     com.baatcheet.app                    I  date: Thu, 15 Jan 2026 10:12:46 GMT
2026-01-15 15:12:45.320 32012-4694  okhttp.OkHttpClient     com.baatcheet.app                    I  content-type: application/json; charset=utf-8
2026-01-15 15:12:45.320 32012-4694  okhttp.OkHttpClient     com.baatcheet.app                    I  content-length: 600
2026-01-15 15:12:45.320 32012-4694  okhttp.OkHttpClient     com.baatcheet.app                    I  x-request-id: S0mYTe, S0mYTe
2026-01-15 15:12:45.320 32012-4694  okhttp.OkHttpClient     com.baatcheet.app                    I  content-security-policy: default-src 'self';script-src 'self' 'unsafe-inline';style-src 'self' 'unsafe-inline';img-src 'self' data: https:;connect-src 'self' https://api.clerk.dev;base-uri 'self';font-src 'self' https: data:;form-action 'self';frame-ancestors 'self';object-src 'none';script-src-attr 'none';upgrade-insecure-requests
2026-01-15 15:12:45.320 32012-4694  okhttp.OkHttpClient     com.baatcheet.app                    I  cross-origin-opener-policy: same-origin
2026-01-15 15:12:45.320 32012-4694  okhttp.OkHttpClient     com.baatcheet.app                    I  cross-origin-resource-policy: cross-origin
2026-01-15 15:12:45.320 32012-4694  okhttp.OkHttpClient     com.baatcheet.app                    I  origin-agent-cluster: ?1
2026-01-15 15:12:45.320 32012-4694  okhttp.OkHttpClient     com.baatcheet.app                    I  referrer-policy: no-referrer
2026-01-15 15:12:45.320 32012-4694  okhttp.OkHttpClient     com.baatcheet.app                    I  strict-transport-security: max-age=31536000; includeSubDomains; preload
2026-01-15 15:12:45.320 32012-4694  okhttp.OkHttpClient     com.baatcheet.app                    I  x-content-type-options: nosniff
2026-01-15 15:12:45.320 32012-4694  okhttp.OkHttpClient     com.baatcheet.app                    I  x-dns-prefetch-control: off
2026-01-15 15:12:45.320 32012-4694  okhttp.OkHttpClient     com.baatcheet.app                    I  x-download-options: noopen
2026-01-15 15:12:45.320 32012-4694  okhttp.OkHttpClient     com.baatcheet.app                    I  x-frame-options: SAMEORIGIN
2026-01-15 15:12:45.320 32012-4694  okhttp.OkHttpClient     com.baatcheet.app                    I  x-permitted-cross-domain-policies: none
2026-01-15 15:12:45.320 32012-4694  okhttp.OkHttpClient     com.baatcheet.app                    I  x-xss-protection: 0
2026-01-15 15:12:45.320 32012-4694  okhttp.OkHttpClient     com.baatcheet.app                    I  vary: Origin
2026-01-15 15:12:45.320 32012-4694  okhttp.OkHttpClient     com.baatcheet.app                    I  vary: origin, access-control-request-method, access-control-request-headers
2026-01-15 15:12:45.320 32012-4694  okhttp.OkHttpClient     com.baatcheet.app                    I  access-control-allow-credentials: true
2026-01-15 15:12:45.321 32012-4694  okhttp.OkHttpClient     com.baatcheet.app                    I  access-control-expose-headers: X-Request-ID,X-Response-Time,X-RateLimit-Limit,X-RateLimit-Remaining,X-RateLimit-Reset
2026-01-15 15:12:45.321 32012-4694  okhttp.OkHttpClient     com.baatcheet.app                    I  x-clerk-auth-message: Unable to find a signing key in JWKS that matches the kid='undefined' of the provided session token. Please make sure that the __session cookie or the HTTP authorization header contain a Clerk-generated session JWT. The following kid is available: ins_384KLXR0s0ZW3aoWTGXIMeX8Ihm Go to your Dashboard and validate your secret and public keys are correct. Contact support@clerk.com if the issue persists. (reason=jwk-kid-mismatch, token-carrier=header)
2026-01-15 15:12:45.321 32012-4694  okhttp.OkHttpClient     com.baatcheet.app                    I  x-clerk-auth-reason: jwk-kid-mismatch
2026-01-15 15:12:45.321 32012-4694  okhttp.OkHttpClient     com.baatcheet.app                    I  x-clerk-auth-status: signed-out
2026-01-15 15:12:45.321 32012-4694  okhttp.OkHttpClient     com.baatcheet.app                    I  ratelimit-policy: 100;w=900
2026-01-15 15:12:45.321 32012-4694  okhttp.OkHttpClient     com.baatcheet.app                    I  ratelimit-limit: 100
2026-01-15 15:12:45.321 32012-4694  okhttp.OkHttpClient     com.baatcheet.app                    I  ratelimit-remaining: 95
2026-01-15 15:12:45.321 32012-4694  okhttp.OkHttpClient     com.baatcheet.app                    I  ratelimit-reset: 820
2026-01-15 15:12:45.321 32012-4694  okhttp.OkHttpClient     com.baatcheet.app                    I  x-response-time: 64ms
2026-01-15 15:12:45.321 32012-4694  okhttp.OkHttpClient     com.baatcheet.app                    I  etag: W/"258-T+mJ/YQPvWW2AImmNDUzm4a0NEc"
2026-01-15 15:12:45.321 32012-4694  okhttp.OkHttpClient     com.baatcheet.app                    I  x-proxied-host: http://10.108.78.100
2026-01-15 15:12:45.321 32012-4694  okhttp.OkHttpClient     com.baatcheet.app                    I  x-proxied-replica: wax9lti1-bf5p7
2026-01-15 15:12:45.321 32012-4694  okhttp.OkHttpClient     com.baatcheet.app                    I  x-proxied-path: /api/v1/chat/analyze
2026-01-15 15:12:45.321 32012-4694  okhttp.OkHttpClient     com.baatcheet.app                    I  link: <https://huggingface.co/spaces/sharry121/BaatCheet>;rel="canonical"
2026-01-15 15:12:45.322 32012-4694  okhttp.OkHttpClient     com.baatcheet.app                    I  {"success":true,"data":{"mode":{"detected":"image-generation","confidence":0.5,"keywords":["create image","image of"],"alternatives":[],"config":{"displayName":"Create Image","icon":"🎨","description":"Generate images from text","requiresSpecialAPI":true}},"intent":"general_query","format":"plain","complexity":"simple","language":"english","specialInstructions":{"useHeadings":false,"useBulletPoints":false,"useNumberedList":false,"makeTable":false,"highlightImportant":false,"addExamples":false,"useCodeBlock":false},"suggestedSettings":{"temperature":0.8,"maxTokens":500},"formattingHints":""}}
2026-01-15 15:12:45.322 32012-4694  okhttp.OkHttpClient     com.baatcheet.app                    I  <-- END HTTP (600-byte body)
2026-01-15 15:12:45.508 32012-32012 InsetsController        com.baatcheet.app                    D  show(ime(), fromIme=true)
2026-01-15 15:12:45.508 32012-32012 ImeTracker              com.baatcheet.app                    I  com.baatcheet.app:8e93f469: onCancelled at PHASE_CLIENT_APPLY_ANIMATION
2026-01-15 15:12:45.544 32012-32012 WindowOnBackDispatcher  com.baatcheet.app                    W  sendCancelIfRunning: isInProgress=falsecallback=ImeCallback=ImeOnBackInvokedCallback@14061906 Callback=android.window.IOnBackInvokedCallback$Stub$Proxy@ba75b62
2026-01-15 15:12:45.868 32012-32012 ImeTracker              com.baatcheet.app                    I  com.baatcheet.app:7d1e0e72: onRequestHide at ORIGIN_CLIENT_HIDE_SOFT_INPUT reason HIDE_SOFT_INPUT_BY_INSETS_API
2026-01-15 15:12:45.871 32012-32012 ImeTracker              com.baatcheet.app                    I  com.baatcheet.app:46dcca05: onHidden
2026-01-15 15:12:55.009 32012-4511  System                  com.baatcheet.app                    W  A resource failed to call release. 
2026-01-15 15:13:31.084 32012-4578  okhttp.OkHttpClient     com.baatcheet.app                    I  <-- HTTP FAILED: java.net.SocketTimeoutException: timeout
