2026-01-16 18:53:57.056  5250-5250  WindowOnBackDispatcher  com.baatcheet.app                    W  OnBackInvokedCallback is not enabled for the application.
                                                                                                    Set 'android:enableOnBackInvokedCallback="true"' in the application manifest.
2026-01-16 18:53:57.057  5250-5250  VRI[MainActivity]       com.baatcheet.app                    D  hardware acceleration = true, forceHwAccelerated = false
2026-01-16 18:53:57.058  5250-5250  config_debug            com.baatcheet.app                    I  updateDecorCaptionStatus: {1.0 410mcc3mnc [en_US,nl_NL] ldltr sw441dp w441dp h910dp 392dpi nrml long widecg port finger -keyb/v/h -nav/h winConfig={ mBounds=Rect(0, 0 - 1080, 2436) mAppBounds=Rect(0, 108 - 1080, 2338) mMaxBounds=Rect(0, 0 - 1080, 2436) mDisplayRotation=ROTATION_0 mWindowingMode=fullscreen mDisplayWindowingMode=fullscreen mMultiWindowMode=normal mMultiWindowId=0 mWindowResiable=6 mInLargeScreen=-1 mActivityType=standard mAlwaysOnTop=undefined mRotation=ROTATION_0 mUiOptSpec=-1 mCurDisplayId=-1} as.2 s.1 fontWeightAdjustment=0} fromMultiWindow: false
2026-01-16 18:53:57.058  5250-5250  ViewRootImpl            com.baatcheet.app                    D  setView appearance:8 com.baatcheet.app/com.baatcheet.app.MainActivity
2026-01-16 18:53:57.059   976-1049  BufferQueueDebug        surfaceflinger                       E  [3b74c9f com.baatcheet.app/com.baatcheet.app.MainActivity#25784](this:0xb400007cbaa8a370,id:-1,api:0,p:-1,c:-1) id info cannot be read from '3b74c9f com.baatcheet.app/com.baatcheet.app.MainActivity#25784'
2026-01-16 18:53:57.065  5250-5250  InputTransport          com.baatcheet.app                    D  Create ARC handle: 0xb4000078f0263060
2026-01-16 18:53:57.065  5250-5250  InputEventReceiver      com.baatcheet.app                    D  Input log is disabled in InputEventReceiver.
2026-01-16 18:53:57.065  5250-5250  InputTransport          com.baatcheet.app                    D  Input log is disabled in InputChannel.
2026-01-16 18:53:57.088   976-976   BufferQueueDebug        surfaceflinger                       E  [3b74c9f com.baatcheet.app/com.baatcheet.app.MainActivity#25784 (Mirror)#25787](this:0xb400007cbaabd790,id:-1,api:0,p:-1,c:-1) id info cannot be read from '3b74c9f com.baatcheet.app/com.baatcheet.app.MainActivity#25784 (Mirror)#25787'
2026-01-16 18:53:57.179   976-2963  BufferQueueDebug        surfaceflinger                       E  [com.baatcheet.app/com.baatcheet.app.MainActivity#25790](this:0xb400007cbaac0520,id:-1,api:0,p:-1,c:-1) id info cannot be read from 'com.baatcheet.app/com.baatcheet.app.MainActivity#25790'
2026-01-16 18:53:57.188   976-976   BufferQueueDebug        surfaceflinger                       E  [com.baatcheet.app/com.baatcheet.app.MainActivity#25790 (Mirror)#25791](this:0xb400007cbaabaa00,id:-1,api:0,p:-1,c:-1) id info cannot be read from 'com.baatcheet.app/com.baatcheet.app.MainActivity#25790 (Mirror)#25791'
2026-01-16 18:53:57.192  5250-5250  BufferQueueConsumer     com.baatcheet.app                    D  [](id:148200000006,api:0,p:-1,c:5250) connect: controlledByApp=false
2026-01-16 18:53:57.193  5250-5250  config_debug            com.baatcheet.app                    I  updateDecorCaptionStatus: {1.0 410mcc3mnc [en_US,nl_NL] ldltr sw441dp w441dp h910dp 392dpi nrml long widecg port finger -keyb/v/h -nav/h winConfig={ mBounds=Rect(0, 0 - 1080, 2436) mAppBounds=Rect(0, 108 - 1080, 2338) mMaxBounds=Rect(0, 0 - 1080, 2436) mDisplayRotation=ROTATION_0 mWindowingMode=fullscreen mDisplayWindowingMode=fullscreen mMultiWindowMode=normal mMultiWindowId=0 mWindowResiable=6 mInLargeScreen=-1 mActivityType=standard mAlwaysOnTop=undefined mRotation=ROTATION_0 mUiOptSpec=-1 mCurDisplayId=-1} as.2 s.1 fontWeightAdjustment=0} fromMultiWindow: true
2026-01-16 18:53:57.194  5250-10867 OpenGLRenderer          com.baatcheet.app                    E  Unable to match the desired swap behavior.
2026-01-16 18:53:57.234  5250-10867 BLASTBufferQueue        com.baatcheet.app                    D  [VRI[MainActivity]#6](f:0,a:1) acquireNextBufferLocked size=1152x1506 mFrameNumber=1 applyTransaction=true mTimestamp=45360522023934(auto) mPendingTransactions.size=0 graphicBufferId=22548578304048 transform=0
2026-01-16 18:53:57.240   976-2963  BufferQueueDebug        surfaceflinger                       E  [Surface(name=3b74c9f com.baatcheet.app/com.baatcheet.app.MainActivity)/@0xe78da6d - animation-leash of window_animation#25792](this:0xb400007cbaace8f0,id:-1,api:0,p:-1,c:-1) id info cannot be read from 'Surface(name=3b74c9f com.baatcheet.app/com.baatcheet.app.MainActivity)/@0xe78da6d - animation-leash of window_animation#25792'
2026-01-16 18:53:57.256   976-976   BufferQueueDebug        surfaceflinger                       E  [Surface(name=3b74c9f com.baatcheet.app/com.baatcheet.app.MainActivity)/@0xe78da6d - animation-leash of window_animation#25792 (Mirror)#25795](this:0xb400007cbaaa98a0,id:-1,api:0,p:-1,c:-1) id info cannot be read from 'Surface(name=3b74c9f com.baatcheet.app/com.baatcheet.app.MainActivity)/@0xe78da6d - animation-leash of window_animation#25792 (Mirror)#25795'
2026-01-16 18:53:59.135  5250-5250  VRI[Pop-Up Window]      com.baatcheet.app                    D  hardware acceleration = true, forceHwAccelerated = false
2026-01-16 18:53:59.135  5250-5250  ViewRootImpl            com.baatcheet.app                    D  setView appearance:0 Pop-Up Window
2026-01-16 18:53:59.142  5250-5250  InputTransport          com.baatcheet.app                    D  Create ARC handle: 0xb4000078f0268250
2026-01-16 18:53:59.142  5250-5250  InputEventReceiver      com.baatcheet.app                    D  Input log is disabled in InputEventReceiver.
2026-01-16 18:53:59.142  5250-5250  InputTransport          com.baatcheet.app                    D  Input log is disabled in InputChannel.
2026-01-16 18:53:59.188  5250-5250  BufferQueueConsumer     com.baatcheet.app                    D  [](id:148200000007,api:0,p:-1,c:5250) connect: controlledByApp=false
2026-01-16 18:53:59.189  5250-10867 OpenGLRenderer          com.baatcheet.app                    E  Unable to match the desired swap behavior.
2026-01-16 18:53:59.207  5250-10867 BLASTBufferQueue        com.baatcheet.app                    D  [VRI[Pop-Up Window]#7](f:0,a:1) acquireNextBufferLocked size=401x356 mFrameNumber=1 applyTransaction=true mTimestamp=45362495087934(auto) mPendingTransactions.size=0 graphicBufferId=22548578304055 transform=0
2026-01-16 18:53:59.847  5250-5250  WindowOnBackDispatcher  com.baatcheet.app                    W  OnBackInvokedCallback is not enabled for the application.
                                                                                                    Set 'android:enableOnBackInvokedCallback="true"' in the application manifest.
2026-01-16 18:53:59.849  5250-5250  VRI[MainActivity]       com.baatcheet.app                    D  hardware acceleration = true, forceHwAccelerated = false
2026-01-16 18:53:59.849  5250-5250  config_debug            com.baatcheet.app                    I  updateDecorCaptionStatus: {1.0 410mcc3mnc [en_US,nl_NL] ldltr sw441dp w441dp h910dp 392dpi nrml long widecg port finger -keyb/v/h -nav/h winConfig={ mBounds=Rect(0, 0 - 1080, 2436) mAppBounds=Rect(0, 108 - 1080, 2338) mMaxBounds=Rect(0, 0 - 1080, 2436) mDisplayRotation=ROTATION_0 mWindowingMode=fullscreen mDisplayWindowingMode=fullscreen mMultiWindowMode=normal mMultiWindowId=0 mWindowResiable=6 mInLargeScreen=-1 mActivityType=standard mAlwaysOnTop=undefined mRotation=ROTATION_0 mUiOptSpec=-1 mCurDisplayId=-1} as.2 s.1 fontWeightAdjustment=0} fromMultiWindow: false
2026-01-16 18:53:59.849  5250-5250  ViewRootImpl            com.baatcheet.app                    D  setView appearance:8 com.baatcheet.app/com.baatcheet.app.MainActivity
2026-01-16 18:53:59.851   976-2963  BufferQueueDebug        surfaceflinger                       E  [8093076 com.baatcheet.app/com.baatcheet.app.MainActivity#25810](this:0xb400007cbaab7c70,id:-1,api:0,p:-1,c:-1) id info cannot be read from '8093076 com.baatcheet.app/com.baatcheet.app.MainActivity#25810'
2026-01-16 18:53:59.857  5250-5250  InputTransport          com.baatcheet.app                    D  Create ARC handle: 0xb4000078f026a9e0
2026-01-16 18:53:59.857  5250-5250  InputEventReceiver      com.baatcheet.app                    D  Input log is disabled in InputEventReceiver.
2026-01-16 18:53:59.857  5250-5250  InputTransport          com.baatcheet.app                    D  Input log is disabled in InputChannel.
2026-01-16 18:53:59.858   976-976   BufferQueueDebug        surfaceflinger                       E  [8093076 com.baatcheet.app/com.baatcheet.app.MainActivity#25810 (Mirror)#25813](this:0xb400007cbaa07390,id:-1,api:0,p:-1,c:-1) id info cannot be read from '8093076 com.baatcheet.app/com.baatcheet.app.MainActivity#25810 (Mirror)#25813'
2026-01-16 18:53:59.913   976-1049  BufferQueueDebug        surfaceflinger                       E  [com.baatcheet.app/com.baatcheet.app.MainActivity#25816](this:0xb400007cbaa98740,id:-1,api:0,p:-1,c:-1) id info cannot be read from 'com.baatcheet.app/com.baatcheet.app.MainActivity#25816'
2026-01-16 18:53:59.918  5250-5250  BufferQueueConsumer     com.baatcheet.app                    D  [](id:148200000008,api:0,p:-1,c:5250) connect: controlledByApp=false
2026-01-16 18:53:59.918  5250-5250  config_debug            com.baatcheet.app                    I  updateDecorCaptionStatus: {1.0 410mcc3mnc [en_US,nl_NL] ldltr sw441dp w441dp h910dp 392dpi nrml long widecg port finger -keyb/v/h -nav/h winConfig={ mBounds=Rect(0, 0 - 1080, 2436) mAppBounds=Rect(0, 108 - 1080, 2338) mMaxBounds=Rect(0, 0 - 1080, 2436) mDisplayRotation=ROTATION_0 mWindowingMode=fullscreen mDisplayWindowingMode=fullscreen mMultiWindowMode=normal mMultiWindowId=0 mWindowResiable=6 mInLargeScreen=-1 mActivityType=standard mAlwaysOnTop=undefined mRotation=ROTATION_0 mUiOptSpec=-1 mCurDisplayId=-1} as.2 s.1 fontWeightAdjustment=0} fromMultiWindow: true
2026-01-16 18:53:59.919  5250-10867 OpenGLRenderer          com.baatcheet.app                    E  Unable to match the desired swap behavior.
2026-01-16 18:53:59.922   976-976   BufferQueueDebug        surfaceflinger                       E  [com.baatcheet.app/com.baatcheet.app.MainActivity#25816 (Mirror)#25817](this:0xb400007cbaaa6b10,id:-1,api:0,p:-1,c:-1) id info cannot be read from 'com.baatcheet.app/com.baatcheet.app.MainActivity#25816 (Mirror)#25817'
2026-01-16 18:53:59.952  5250-10867 BLASTBufferQueue        com.baatcheet.app                    D  [VRI[MainActivity]#8](f:0,a:1) acquireNextBufferLocked size=942x1197 mFrameNumber=1 applyTransaction=true mTimestamp=45363240766318(auto) mPendingTransactions.size=0 graphicBufferId=22548578304062 transform=0
2026-01-16 18:53:59.959   976-1049  BufferQueueDebug        surfaceflinger                       E  [Surface(name=8093076 com.baatcheet.app/com.baatcheet.app.MainActivity)/@0x478ba7c - animation-leash of window_animation#25818](this:0xb400007cbaa6dbd0,id:-1,api:0,p:-1,c:-1) id info cannot be read from 'Surface(name=8093076 com.baatcheet.app/com.baatcheet.app.MainActivity)/@0x478ba7c - animation-leash of window_animation#25818'
2026-01-16 18:53:59.977   976-976   BufferQueueDebug        surfaceflinger                       E  [Surface(name=8093076 com.baatcheet.app/com.baatcheet.app.MainActivity)/@0x478ba7c - animation-leash of window_animation#25818 (Mirror)#25819](this:0xb400007cbaa959b0,id:-1,api:0,p:-1,c:-1) id info cannot be read from 'Surface(name=8093076 com.baatcheet.app/com.baatcheet.app.MainActivity)/@0x478ba7c - animation-leash of window_animation#25818 (Mirror)#25819'
2026-01-16 18:54:00.048  5250-5250  WindowOnBackDispatcher  com.baatcheet.app                    W  sendCancelIfRunning: isInProgress=falsecallback=android.view.ViewRootImpl$$ExternalSyntheticLambda20@dcb15bb
2026-01-16 18:54:00.051  5250-10867 OpenGLRenderer          com.baatcheet.app                    D  endAllActiveAnimators on 0xb4000078003bb930 (UnprojectedRipple) with handle 0xb4000078f02675c0
2026-01-16 18:54:00.051  5250-5250  View                    com.baatcheet.app                    D  [Warning] assignParent to null: this = androidx.compose.ui.window.PopupLayout{72a5895 V.E...... ......ID 0,0-321,276 #1020002 android:id/content aid=1073741830}
2026-01-16 18:54:00.061  5250-5250  InputTransport          com.baatcheet.app                    D  Destroy ARC handle: 0xb4000078f0268250
2026-01-16 18:54:00.097  5250-11049 BLASTBufferQueue        com.baatcheet.app                    D  [VRI[Pop-Up Window]#7](f:0,a:4) destructor()
2026-01-16 18:54:00.097  5250-11049 BufferQueueConsumer     com.baatcheet.app                    D  [VRI[Pop-Up Window]#7(BLAST Consumer)7](id:148200000007,api:0,p:-1,c:5250) disconnect
2026-01-16 18:54:00.883  5250-10878 okhttp.OkHttpClient     com.baatcheet.app                    I  --> PUT https://sharry121-baatcheet.hf.space/api/v1/projects/b421c78b-39f1-41a1-a7ca-a4e6abae1921/collaborators/2ae7c2a3-8866-4f91-9149-40904ec6e139/role
2026-01-16 18:54:00.883  5250-10878 okhttp.OkHttpClient     com.baatcheet.app                    I  Content-Length: 20
2026-01-16 18:54:00.883  5250-10878 okhttp.OkHttpClient     com.baatcheet.app                    I  Authorization: Bearer eyJhbGciOiJIUzI1NiIsInR5cCI6IkpXVCJ9.eyJ1c2VySWQiOiIyODIxYWY1Yy05MGFiLTQ1OGMtOWQ5NC04NWVlZDU1ZTkwYzMiLCJjbGVya0lkIjoidXNlcl8zODZDZTNHVHNUb1lrWnpHbTcxVkJ3NkxWUDAiLCJlbWFpbCI6Im9uc2Vhc29uMTBAZ21haWwuY29tIiwiaWF0IjoxNzY4NTA4NzcxLCJleHAiOjE3NjkxMTM1NzF9.CS-aG7kWBc2mjBo6mc9wGY-qnWqDrZtDvB5y46pbgUU
2026-01-16 18:54:00.883  5250-10878 okhttp.OkHttpClient     com.baatcheet.app                    I  Content-Type: application/json
2026-01-16 18:54:00.884  5250-10878 okhttp.OkHttpClient     com.baatcheet.app                    I  {"role":"moderator"}
2026-01-16 18:54:00.884  5250-10878 okhttp.OkHttpClient     com.baatcheet.app                    I  --> END PUT (20-byte body)
2026-01-16 18:54:00.939  5250-5250  WindowOnBackDispatcher  com.baatcheet.app                    W  sendCancelIfRunning: isInProgress=falsecallback=android.view.ViewRootImpl$$ExternalSyntheticLambda20@6fc907e
2026-01-16 18:54:00.951  5250-10867 OpenGLRenderer          com.baatcheet.app                    D  endAllActiveAnimators on 0xb4000078003c6700 (UnprojectedRipple) with handle 0xb4000078f0269600
2026-01-16 18:54:00.951  5250-5250  View                    com.baatcheet.app                    D  [Warning] assignParent to null: this = DecorView@502db9[MainActivity]
2026-01-16 18:54:00.954   976-2963  BufferQueueDebug        surfaceflinger                       E  [Surface(name=8093076 com.baatcheet.app/com.baatcheet.app.MainActivity)/@0x478ba7c - animation-leash of window_animation#25824](this:0xb400007cbaa6dbd0,id:-1,api:0,p:-1,c:-1) id info cannot be read from 'Surface(name=8093076 com.baatcheet.app/com.baatcheet.app.MainActivity)/@0x478ba7c - animation-leash of window_animation#25824'
2026-01-16 18:54:00.961   976-976   BufferQueueDebug        surfaceflinger                       E  [Surface(name=8093076 com.baatcheet.app/com.baatcheet.app.MainActivity)/@0x478ba7c - animation-leash of window_animation#25824 (Mirror)#25827](this:0xb400007cbaa736f0,id:-1,api:0,p:-1,c:-1) id info cannot be read from 'Surface(name=8093076 com.baatcheet.app/com.baatcheet.app.MainActivity)/@0x478ba7c - animation-leash of window_animation#25824 (Mirror)#25827'
2026-01-16 18:54:00.964  5250-5250  InputTransport          com.baatcheet.app                    D  Destroy ARC handle: 0xb4000078f026a9e0
2026-01-16 18:54:00.975  5250-11049 BLASTBufferQueue        com.baatcheet.app                    D  [VRI[MainActivity]#8](f:0,a:4) destructor()
2026-01-16 18:54:00.975  5250-11049 BufferQueueConsumer     com.baatcheet.app                    D  [VRI[MainActivity]#8(BLAST Consumer)8](id:148200000008,api:0,p:-1,c:5250) disconnect
2026-01-16 18:54:01.015  5250-10832 m.baatcheet.app         com.baatcheet.app                    I  Compiler allocated 7788KB to compile void com.baatcheet.app.ui.chat.ChatScreenKt$ProjectSettingsDialog$1.invoke(androidx.compose.foundation.layout.ColumnScope, androidx.compose.runtime.Composer, int)
2026-01-16 18:54:01.336  5250-10878 okhttp.OkHttpClient     com.baatcheet.app                    I  <-- 404 https://sharry121-baatcheet.hf.space/api/v1/projects/b421c78b-39f1-41a1-a7ca-a4e6abae1921/collaborators/2ae7c2a3-8866-4f91-9149-40904ec6e139/role (451ms)
2026-01-16 18:54:01.336  5250-10878 okhttp.OkHttpClient     com.baatcheet.app                    I  date: Fri, 16 Jan 2026 13:54:01 GMT
2026-01-16 18:54:01.336  5250-10878 okhttp.OkHttpClient     com.baatcheet.app                    I  content-type: application/json; charset=utf-8
2026-01-16 18:54:01.336  5250-10878 okhttp.OkHttpClient     com.baatcheet.app                    I  content-length: 50
2026-01-16 18:54:01.336  5250-10878 okhttp.OkHttpClient     com.baatcheet.app                    I  x-request-id: 9NCY91, 9NCY91
2026-01-16 18:54:01.336  5250-10878 okhttp.OkHttpClient     com.baatcheet.app                    I  content-security-policy: default-src 'self';script-src 'self' 'unsafe-inline';style-src 'self' 'unsafe-inline';img-src 'self' data: https:;connect-src 'self' https://api.clerk.dev;base-uri 'self';font-src 'self' https: data:;form-action 'self';frame-ancestors 'self';object-src 'none';script-src-attr 'none';upgrade-insecure-requests
2026-01-16 18:54:01.336  5250-10878 okhttp.OkHttpClient     com.baatcheet.app                    I  cross-origin-opener-policy: same-origin
2026-01-16 18:54:01.336  5250-10878 okhttp.OkHttpClient     com.baatcheet.app                    I  cross-origin-resource-policy: cross-origin
2026-01-16 18:54:01.336  5250-10878 okhttp.OkHttpClient     com.baatcheet.app                    I  origin-agent-cluster: ?1
2026-01-16 18:54:01.336  5250-10878 okhttp.OkHttpClient     com.baatcheet.app                    I  referrer-policy: no-referrer
2026-01-16 18:54:01.336  5250-10878 okhttp.OkHttpClient     com.baatcheet.app                    I  strict-transport-security: max-age=31536000; includeSubDomains; preload
2026-01-16 18:54:01.336  5250-10878 okhttp.OkHttpClient     com.baatcheet.app                    I  x-content-type-options: nosniff
2026-01-16 18:54:01.336  5250-10878 okhttp.OkHttpClient     com.baatcheet.app                    I  x-dns-prefetch-control: off
2026-01-16 18:54:01.336  5250-10878 okhttp.OkHttpClient     com.baatcheet.app                    I  x-download-options: noopen
2026-01-16 18:54:01.337  5250-10878 okhttp.OkHttpClient     com.baatcheet.app                    I  x-frame-options: SAMEORIGIN
2026-01-16 18:54:01.337  5250-10878 okhttp.OkHttpClient     com.baatcheet.app                    I  x-permitted-cross-domain-policies: none
2026-01-16 18:54:01.337  5250-10878 okhttp.OkHttpClient     com.baatcheet.app                    I  x-xss-protection: 0
2026-01-16 18:54:01.337  5250-10878 okhttp.OkHttpClient     com.baatcheet.app                    I  vary: Origin
2026-01-16 18:54:01.337  5250-10878 okhttp.OkHttpClient     com.baatcheet.app                    I  vary: origin, access-control-request-method, access-control-request-headers
2026-01-16 18:54:01.337  5250-10878 okhttp.OkHttpClient     com.baatcheet.app                    I  access-control-allow-credentials: true
2026-01-16 18:54:01.337  5250-10878 okhttp.OkHttpClient     com.baatcheet.app                    I  access-control-expose-headers: X-Request-ID,X-Response-Time,X-RateLimit-Limit,X-RateLimit-Remaining,X-RateLimit-Reset
2026-01-16 18:54:01.337  5250-10878 okhttp.OkHttpClient     com.baatcheet.app                    I  x-clerk-auth-message: Unable to find a signing key in JWKS that matches the kid='undefined' of the provided session token. Please make sure that the __session cookie or the HTTP authorization header contain a Clerk-generated session JWT. The following kid is available: ins_384KLXR0s0ZW3aoWTGXIMeX8Ihm Go to your Dashboard and validate your secret and public keys are correct. Contact support@clerk.com if the issue persists. (reason=jwk-kid-mismatch, token-carrier=header)
2026-01-16 18:54:01.337  5250-10878 okhttp.OkHttpClient     com.baatcheet.app                    I  x-clerk-auth-reason: jwk-kid-mismatch
2026-01-16 18:54:01.337  5250-10878 okhttp.OkHttpClient     com.baatcheet.app                    I  x-clerk-auth-status: signed-out
2026-01-16 18:54:01.337  5250-10878 okhttp.OkHttpClient     com.baatcheet.app                    I  ratelimit-policy: 100;w=900
2026-01-16 18:54:01.337  5250-10878 okhttp.OkHttpClient     com.baatcheet.app                    I  ratelimit-limit: 100
2026-01-16 18:54:01.337  5250-10878 okhttp.OkHttpClient     com.baatcheet.app                    I  ratelimit-remaining: 94
2026-01-16 18:54:01.337  5250-10878 okhttp.OkHttpClient     com.baatcheet.app                    I  ratelimit-reset: 834
2026-01-16 18:54:01.337  5250-10878 okhttp.OkHttpClient     com.baatcheet.app                    I  x-response-time: 209ms
2026-01-16 18:54:01.337  5250-10878 okhttp.OkHttpClient     com.baatcheet.app                    I  etag: W/"32-FP2jGxICpGsBgljsYXVlHWHWu/w"
2026-01-16 18:54:01.337  5250-10878 okhttp.OkHttpClient     com.baatcheet.app                    I  x-proxied-host: http://10.108.117.26
2026-01-16 18:54:01.338  5250-10878 okhttp.OkHttpClient     com.baatcheet.app                    I  x-proxied-replica: drf1rado-rq878
2026-01-16 18:54:01.338  5250-10878 okhttp.OkHttpClient     com.baatcheet.app                    I  x-proxied-path: /api/v1/projects/b421c78b-39f1-41a1-a7ca-a4e6abae1921/collaborators/2ae7c2a3-8866-4f91-9149-40904ec6e139/role
2026-01-16 18:54:01.338  5250-10878 okhttp.OkHttpClient     com.baatcheet.app                    I  link: <https://huggingface.co/spaces/sharry121/BaatCheet>;rel="canonical"
2026-01-16 18:54:01.339  5250-10878 okhttp.OkHttpClient     com.baatcheet.app                    I  {"success":false,"error":"Collaborator not found"}
2026-01-16 18:54:01.339  5250-10878 okhttp.OkHttpClient     com.baatcheet.app                    I  <-- END HTTP (50-byte body)
2026-01-16 18:54:01.341  5250-5250  ChatViewModel           com.baatcheet.app                    E  Failed to change role: Failed to change role



---------
2026-01-16 18:53:57.056  5250-5250  WindowOnBackDispatcher  com.baatcheet.app                    W  OnBackInvokedCallback is not enabled for the application.
                                                                                                    Set 'android:enableOnBackInvokedCallback="true"' in the application manifest.
2026-01-16 18:53:57.057  5250-5250  VRI[MainActivity]       com.baatcheet.app                    D  hardware acceleration = true, forceHwAccelerated = false
2026-01-16 18:53:57.058  5250-5250  config_debug            com.baatcheet.app                    I  updateDecorCaptionStatus: {1.0 410mcc3mnc [en_US,nl_NL] ldltr sw441dp w441dp h910dp 392dpi nrml long widecg port finger -keyb/v/h -nav/h winConfig={ mBounds=Rect(0, 0 - 1080, 2436) mAppBounds=Rect(0, 108 - 1080, 2338) mMaxBounds=Rect(0, 0 - 1080, 2436) mDisplayRotation=ROTATION_0 mWindowingMode=fullscreen mDisplayWindowingMode=fullscreen mMultiWindowMode=normal mMultiWindowId=0 mWindowResiable=6 mInLargeScreen=-1 mActivityType=standard mAlwaysOnTop=undefined mRotation=ROTATION_0 mUiOptSpec=-1 mCurDisplayId=-1} as.2 s.1 fontWeightAdjustment=0} fromMultiWindow: false
2026-01-16 18:53:57.058  5250-5250  ViewRootImpl            com.baatcheet.app                    D  setView appearance:8 com.baatcheet.app/com.baatcheet.app.MainActivity
2026-01-16 18:53:57.059   976-1049  BufferQueueDebug        surfaceflinger                       E  [3b74c9f com.baatcheet.app/com.baatcheet.app.MainActivity#25784](this:0xb400007cbaa8a370,id:-1,api:0,p:-1,c:-1) id info cannot be read from '3b74c9f com.baatcheet.app/com.baatcheet.app.MainActivity#25784'
2026-01-16 18:53:57.065  5250-5250  InputTransport          com.baatcheet.app                    D  Create ARC handle: 0xb4000078f0263060
2026-01-16 18:53:57.065  5250-5250  InputEventReceiver      com.baatcheet.app                    D  Input log is disabled in InputEventReceiver.
2026-01-16 18:53:57.065  5250-5250  InputTransport          com.baatcheet.app                    D  Input log is disabled in InputChannel.
2026-01-16 18:53:57.088   976-976   BufferQueueDebug        surfaceflinger                       E  [3b74c9f com.baatcheet.app/com.baatcheet.app.MainActivity#25784 (Mirror)#25787](this:0xb400007cbaabd790,id:-1,api:0,p:-1,c:-1) id info cannot be read from '3b74c9f com.baatcheet.app/com.baatcheet.app.MainActivity#25784 (Mirror)#25787'
2026-01-16 18:53:57.179   976-2963  BufferQueueDebug        surfaceflinger                       E  [com.baatcheet.app/com.baatcheet.app.MainActivity#25790](this:0xb400007cbaac0520,id:-1,api:0,p:-1,c:-1) id info cannot be read from 'com.baatcheet.app/com.baatcheet.app.MainActivity#25790'
2026-01-16 18:53:57.188   976-976   BufferQueueDebug        surfaceflinger                       E  [com.baatcheet.app/com.baatcheet.app.MainActivity#25790 (Mirror)#25791](this:0xb400007cbaabaa00,id:-1,api:0,p:-1,c:-1) id info cannot be read from 'com.baatcheet.app/com.baatcheet.app.MainActivity#25790 (Mirror)#25791'
2026-01-16 18:53:57.192  5250-5250  BufferQueueConsumer     com.baatcheet.app                    D  [](id:148200000006,api:0,p:-1,c:5250) connect: controlledByApp=false
2026-01-16 18:53:57.193  5250-5250  config_debug            com.baatcheet.app                    I  updateDecorCaptionStatus: {1.0 410mcc3mnc [en_US,nl_NL] ldltr sw441dp w441dp h910dp 392dpi nrml long widecg port finger -keyb/v/h -nav/h winConfig={ mBounds=Rect(0, 0 - 1080, 2436) mAppBounds=Rect(0, 108 - 1080, 2338) mMaxBounds=Rect(0, 0 - 1080, 2436) mDisplayRotation=ROTATION_0 mWindowingMode=fullscreen mDisplayWindowingMode=fullscreen mMultiWindowMode=normal mMultiWindowId=0 mWindowResiable=6 mInLargeScreen=-1 mActivityType=standard mAlwaysOnTop=undefined mRotation=ROTATION_0 mUiOptSpec=-1 mCurDisplayId=-1} as.2 s.1 fontWeightAdjustment=0} fromMultiWindow: true
2026-01-16 18:53:57.194  5250-10867 OpenGLRenderer          com.baatcheet.app                    E  Unable to match the desired swap behavior.
2026-01-16 18:53:57.234  5250-10867 BLASTBufferQueue        com.baatcheet.app                    D  [VRI[MainActivity]#6](f:0,a:1) acquireNextBufferLocked size=1152x1506 mFrameNumber=1 applyTransaction=true mTimestamp=45360522023934(auto) mPendingTransactions.size=0 graphicBufferId=22548578304048 transform=0
2026-01-16 18:53:57.240   976-2963  BufferQueueDebug        surfaceflinger                       E  [Surface(name=3b74c9f com.baatcheet.app/com.baatcheet.app.MainActivity)/@0xe78da6d - animation-leash of window_animation#25792](this:0xb400007cbaace8f0,id:-1,api:0,p:-1,c:-1) id info cannot be read from 'Surface(name=3b74c9f com.baatcheet.app/com.baatcheet.app.MainActivity)/@0xe78da6d - animation-leash of window_animation#25792'
2026-01-16 18:53:57.256   976-976   BufferQueueDebug        surfaceflinger                       E  [Surface(name=3b74c9f com.baatcheet.app/com.baatcheet.app.MainActivity)/@0xe78da6d - animation-leash of window_animation#25792 (Mirror)#25795](this:0xb400007cbaaa98a0,id:-1,api:0,p:-1,c:-1) id info cannot be read from 'Surface(name=3b74c9f com.baatcheet.app/com.baatcheet.app.MainActivity)/@0xe78da6d - animation-leash of window_animation#25792 (Mirror)#25795'
2026-01-16 18:53:59.135  5250-5250  VRI[Pop-Up Window]      com.baatcheet.app                    D  hardware acceleration = true, forceHwAccelerated = false
2026-01-16 18:53:59.135  5250-5250  ViewRootImpl            com.baatcheet.app                    D  setView appearance:0 Pop-Up Window
2026-01-16 18:53:59.142  5250-5250  InputTransport          com.baatcheet.app                    D  Create ARC handle: 0xb4000078f0268250
2026-01-16 18:53:59.142  5250-5250  InputEventReceiver      com.baatcheet.app                    D  Input log is disabled in InputEventReceiver.
2026-01-16 18:53:59.142  5250-5250  InputTransport          com.baatcheet.app                    D  Input log is disabled in InputChannel.
2026-01-16 18:53:59.188  5250-5250  BufferQueueConsumer     com.baatcheet.app                    D  [](id:148200000007,api:0,p:-1,c:5250) connect: controlledByApp=false
2026-01-16 18:53:59.189  5250-10867 OpenGLRenderer          com.baatcheet.app                    E  Unable to match the desired swap behavior.
2026-01-16 18:53:59.207  5250-10867 BLASTBufferQueue        com.baatcheet.app                    D  [VRI[Pop-Up Window]#7](f:0,a:1) acquireNextBufferLocked size=401x356 mFrameNumber=1 applyTransaction=true mTimestamp=45362495087934(auto) mPendingTransactions.size=0 graphicBufferId=22548578304055 transform=0
2026-01-16 18:53:59.847  5250-5250  WindowOnBackDispatcher  com.baatcheet.app                    W  OnBackInvokedCallback is not enabled for the application.
                                                                                                    Set 'android:enableOnBackInvokedCallback="true"' in the application manifest.
2026-01-16 18:53:59.849  5250-5250  VRI[MainActivity]       com.baatcheet.app                    D  hardware acceleration = true, forceHwAccelerated = false
2026-01-16 18:53:59.849  5250-5250  config_debug            com.baatcheet.app                    I  updateDecorCaptionStatus: {1.0 410mcc3mnc [en_US,nl_NL] ldltr sw441dp w441dp h910dp 392dpi nrml long widecg port finger -keyb/v/h -nav/h winConfig={ mBounds=Rect(0, 0 - 1080, 2436) mAppBounds=Rect(0, 108 - 1080, 2338) mMaxBounds=Rect(0, 0 - 1080, 2436) mDisplayRotation=ROTATION_0 mWindowingMode=fullscreen mDisplayWindowingMode=fullscreen mMultiWindowMode=normal mMultiWindowId=0 mWindowResiable=6 mInLargeScreen=-1 mActivityType=standard mAlwaysOnTop=undefined mRotation=ROTATION_0 mUiOptSpec=-1 mCurDisplayId=-1} as.2 s.1 fontWeightAdjustment=0} fromMultiWindow: false
2026-01-16 18:53:59.849  5250-5250  ViewRootImpl            com.baatcheet.app                    D  setView appearance:8 com.baatcheet.app/com.baatcheet.app.MainActivity
2026-01-16 18:53:59.851   976-2963  BufferQueueDebug        surfaceflinger                       E  [8093076 com.baatcheet.app/com.baatcheet.app.MainActivity#25810](this:0xb400007cbaab7c70,id:-1,api:0,p:-1,c:-1) id info cannot be read from '8093076 com.baatcheet.app/com.baatcheet.app.MainActivity#25810'
2026-01-16 18:53:59.857  5250-5250  InputTransport          com.baatcheet.app                    D  Create ARC handle: 0xb4000078f026a9e0
2026-01-16 18:53:59.857  5250-5250  InputEventReceiver      com.baatcheet.app                    D  Input log is disabled in InputEventReceiver.
2026-01-16 18:53:59.857  5250-5250  InputTransport          com.baatcheet.app                    D  Input log is disabled in InputChannel.
2026-01-16 18:53:59.858   976-976   BufferQueueDebug        surfaceflinger                       E  [8093076 com.baatcheet.app/com.baatcheet.app.MainActivity#25810 (Mirror)#25813](this:0xb400007cbaa07390,id:-1,api:0,p:-1,c:-1) id info cannot be read from '8093076 com.baatcheet.app/com.baatcheet.app.MainActivity#25810 (Mirror)#25813'
2026-01-16 18:53:59.913   976-1049  BufferQueueDebug        surfaceflinger                       E  [com.baatcheet.app/com.baatcheet.app.MainActivity#25816](this:0xb400007cbaa98740,id:-1,api:0,p:-1,c:-1) id info cannot be read from 'com.baatcheet.app/com.baatcheet.app.MainActivity#25816'
2026-01-16 18:53:59.918  5250-5250  BufferQueueConsumer     com.baatcheet.app                    D  [](id:148200000008,api:0,p:-1,c:5250) connect: controlledByApp=false
2026-01-16 18:53:59.918  5250-5250  config_debug            com.baatcheet.app                    I  updateDecorCaptionStatus: {1.0 410mcc3mnc [en_US,nl_NL] ldltr sw441dp w441dp h910dp 392dpi nrml long widecg port finger -keyb/v/h -nav/h winConfig={ mBounds=Rect(0, 0 - 1080, 2436) mAppBounds=Rect(0, 108 - 1080, 2338) mMaxBounds=Rect(0, 0 - 1080, 2436) mDisplayRotation=ROTATION_0 mWindowingMode=fullscreen mDisplayWindowingMode=fullscreen mMultiWindowMode=normal mMultiWindowId=0 mWindowResiable=6 mInLargeScreen=-1 mActivityType=standard mAlwaysOnTop=undefined mRotation=ROTATION_0 mUiOptSpec=-1 mCurDisplayId=-1} as.2 s.1 fontWeightAdjustment=0} fromMultiWindow: true
2026-01-16 18:53:59.919  5250-10867 OpenGLRenderer          com.baatcheet.app                    E  Unable to match the desired swap behavior.
2026-01-16 18:53:59.922   976-976   BufferQueueDebug        surfaceflinger                       E  [com.baatcheet.app/com.baatcheet.app.MainActivity#25816 (Mirror)#25817](this:0xb400007cbaaa6b10,id:-1,api:0,p:-1,c:-1) id info cannot be read from 'com.baatcheet.app/com.baatcheet.app.MainActivity#25816 (Mirror)#25817'
2026-01-16 18:53:59.952  5250-10867 BLASTBufferQueue        com.baatcheet.app                    D  [VRI[MainActivity]#8](f:0,a:1) acquireNextBufferLocked size=942x1197 mFrameNumber=1 applyTransaction=true mTimestamp=45363240766318(auto) mPendingTransactions.size=0 graphicBufferId=22548578304062 transform=0
2026-01-16 18:53:59.959   976-1049  BufferQueueDebug        surfaceflinger                       E  [Surface(name=8093076 com.baatcheet.app/com.baatcheet.app.MainActivity)/@0x478ba7c - animation-leash of window_animation#25818](this:0xb400007cbaa6dbd0,id:-1,api:0,p:-1,c:-1) id info cannot be read from 'Surface(name=8093076 com.baatcheet.app/com.baatcheet.app.MainActivity)/@0x478ba7c - animation-leash of window_animation#25818'
2026-01-16 18:53:59.977   976-976   BufferQueueDebug        surfaceflinger                       E  [Surface(name=8093076 com.baatcheet.app/com.baatcheet.app.MainActivity)/@0x478ba7c - animation-leash of window_animation#25818 (Mirror)#25819](this:0xb400007cbaa959b0,id:-1,api:0,p:-1,c:-1) id info cannot be read from 'Surface(name=8093076 com.baatcheet.app/com.baatcheet.app.MainActivity)/@0x478ba7c - animation-leash of window_animation#25818 (Mirror)#25819'
2026-01-16 18:54:00.048  5250-5250  WindowOnBackDispatcher  com.baatcheet.app                    W  sendCancelIfRunning: isInProgress=falsecallback=android.view.ViewRootImpl$$ExternalSyntheticLambda20@dcb15bb
2026-01-16 18:54:00.051  5250-10867 OpenGLRenderer          com.baatcheet.app                    D  endAllActiveAnimators on 0xb4000078003bb930 (UnprojectedRipple) with handle 0xb4000078f02675c0
2026-01-16 18:54:00.051  5250-5250  View                    com.baatcheet.app                    D  [Warning] assignParent to null: this = androidx.compose.ui.window.PopupLayout{72a5895 V.E...... ......ID 0,0-321,276 #1020002 android:id/content aid=1073741830}
2026-01-16 18:54:00.061  5250-5250  InputTransport          com.baatcheet.app                    D  Destroy ARC handle: 0xb4000078f0268250
2026-01-16 18:54:00.097  5250-11049 BLASTBufferQueue        com.baatcheet.app                    D  [VRI[Pop-Up Window]#7](f:0,a:4) destructor()
2026-01-16 18:54:00.097  5250-11049 BufferQueueConsumer     com.baatcheet.app                    D  [VRI[Pop-Up Window]#7(BLAST Consumer)7](id:148200000007,api:0,p:-1,c:5250) disconnect
2026-01-16 18:54:00.883  5250-10878 okhttp.OkHttpClient     com.baatcheet.app                    I  --> PUT https://sharry121-baatcheet.hf.space/api/v1/projects/b421c78b-39f1-41a1-a7ca-a4e6abae1921/collaborators/2ae7c2a3-8866-4f91-9149-40904ec6e139/role
2026-01-16 18:54:00.883  5250-10878 okhttp.OkHttpClient     com.baatcheet.app                    I  Content-Length: 20
2026-01-16 18:54:00.883  5250-10878 okhttp.OkHttpClient     com.baatcheet.app                    I  Authorization: Bearer eyJhbGciOiJIUzI1NiIsInR5cCI6IkpXVCJ9.eyJ1c2VySWQiOiIyODIxYWY1Yy05MGFiLTQ1OGMtOWQ5NC04NWVlZDU1ZTkwYzMiLCJjbGVya0lkIjoidXNlcl8zODZDZTNHVHNUb1lrWnpHbTcxVkJ3NkxWUDAiLCJlbWFpbCI6Im9uc2Vhc29uMTBAZ21haWwuY29tIiwiaWF0IjoxNzY4NTA4NzcxLCJleHAiOjE3NjkxMTM1NzF9.CS-aG7kWBc2mjBo6mc9wGY-qnWqDrZtDvB5y46pbgUU
2026-01-16 18:54:00.883  5250-10878 okhttp.OkHttpClient     com.baatcheet.app                    I  Content-Type: application/json
2026-01-16 18:54:00.884  5250-10878 okhttp.OkHttpClient     com.baatcheet.app                    I  {"role":"moderator"}
2026-01-16 18:54:00.884  5250-10878 okhttp.OkHttpClient     com.baatcheet.app                    I  --> END PUT (20-byte body)
2026-01-16 18:54:00.939  5250-5250  WindowOnBackDispatcher  com.baatcheet.app                    W  sendCancelIfRunning: isInProgress=falsecallback=android.view.ViewRootImpl$$ExternalSyntheticLambda20@6fc907e
2026-01-16 18:54:00.951  5250-10867 OpenGLRenderer          com.baatcheet.app                    D  endAllActiveAnimators on 0xb4000078003c6700 (UnprojectedRipple) with handle 0xb4000078f0269600
2026-01-16 18:54:00.951  5250-5250  View                    com.baatcheet.app                    D  [Warning] assignParent to null: this = DecorView@502db9[MainActivity]
2026-01-16 18:54:00.954   976-2963  BufferQueueDebug        surfaceflinger                       E  [Surface(name=8093076 com.baatcheet.app/com.baatcheet.app.MainActivity)/@0x478ba7c - animation-leash of window_animation#25824](this:0xb400007cbaa6dbd0,id:-1,api:0,p:-1,c:-1) id info cannot be read from 'Surface(name=8093076 com.baatcheet.app/com.baatcheet.app.MainActivity)/@0x478ba7c - animation-leash of window_animation#25824'
2026-01-16 18:54:00.961   976-976   BufferQueueDebug        surfaceflinger                       E  [Surface(name=8093076 com.baatcheet.app/com.baatcheet.app.MainActivity)/@0x478ba7c - animation-leash of window_animation#25824 (Mirror)#25827](this:0xb400007cbaa736f0,id:-1,api:0,p:-1,c:-1) id info cannot be read from 'Surface(name=8093076 com.baatcheet.app/com.baatcheet.app.MainActivity)/@0x478ba7c - animation-leash of window_animation#25824 (Mirror)#25827'
2026-01-16 18:54:00.964  5250-5250  InputTransport          com.baatcheet.app                    D  Destroy ARC handle: 0xb4000078f026a9e0
2026-01-16 18:54:00.975  5250-11049 BLASTBufferQueue        com.baatcheet.app                    D  [VRI[MainActivity]#8](f:0,a:4) destructor()
2026-01-16 18:54:00.975  5250-11049 BufferQueueConsumer     com.baatcheet.app                    D  [VRI[MainActivity]#8(BLAST Consumer)8](id:148200000008,api:0,p:-1,c:5250) disconnect
2026-01-16 18:54:01.015  5250-10832 m.baatcheet.app         com.baatcheet.app                    I  Compiler allocated 7788KB to compile void com.baatcheet.app.ui.chat.ChatScreenKt$ProjectSettingsDialog$1.invoke(androidx.compose.foundation.layout.ColumnScope, androidx.compose.runtime.Composer, int)
2026-01-16 18:54:01.336  5250-10878 okhttp.OkHttpClient     com.baatcheet.app                    I  <-- 404 https://sharry121-baatcheet.hf.space/api/v1/projects/b421c78b-39f1-41a1-a7ca-a4e6abae1921/collaborators/2ae7c2a3-8866-4f91-9149-40904ec6e139/role (451ms)
2026-01-16 18:54:01.336  5250-10878 okhttp.OkHttpClient     com.baatcheet.app                    I  date: Fri, 16 Jan 2026 13:54:01 GMT
2026-01-16 18:54:01.336  5250-10878 okhttp.OkHttpClient     com.baatcheet.app                    I  content-type: application/json; charset=utf-8
2026-01-16 18:54:01.336  5250-10878 okhttp.OkHttpClient     com.baatcheet.app                    I  content-length: 50
2026-01-16 18:54:01.336  5250-10878 okhttp.OkHttpClient     com.baatcheet.app                    I  x-request-id: 9NCY91, 9NCY91
2026-01-16 18:54:01.336  5250-10878 okhttp.OkHttpClient     com.baatcheet.app                    I  content-security-policy: default-src 'self';script-src 'self' 'unsafe-inline';style-src 'self' 'unsafe-inline';img-src 'self' data: https:;connect-src 'self' https://api.clerk.dev;base-uri 'self';font-src 'self' https: data:;form-action 'self';frame-ancestors 'self';object-src 'none';script-src-attr 'none';upgrade-insecure-requests
2026-01-16 18:54:01.336  5250-10878 okhttp.OkHttpClient     com.baatcheet.app                    I  cross-origin-opener-policy: same-origin
2026-01-16 18:54:01.336  5250-10878 okhttp.OkHttpClient     com.baatcheet.app                    I  cross-origin-resource-policy: cross-origin
2026-01-16 18:54:01.336  5250-10878 okhttp.OkHttpClient     com.baatcheet.app                    I  origin-agent-cluster: ?1
2026-01-16 18:54:01.336  5250-10878 okhttp.OkHttpClient     com.baatcheet.app                    I  referrer-policy: no-referrer
2026-01-16 18:54:01.336  5250-10878 okhttp.OkHttpClient     com.baatcheet.app                    I  strict-transport-security: max-age=31536000; includeSubDomains; preload
2026-01-16 18:54:01.336  5250-10878 okhttp.OkHttpClient     com.baatcheet.app                    I  x-content-type-options: nosniff
2026-01-16 18:54:01.336  5250-10878 okhttp.OkHttpClient     com.baatcheet.app                    I  x-dns-prefetch-control: off
2026-01-16 18:54:01.336  5250-10878 okhttp.OkHttpClient     com.baatcheet.app                    I  x-download-options: noopen
2026-01-16 18:54:01.337  5250-10878 okhttp.OkHttpClient     com.baatcheet.app                    I  x-frame-options: SAMEORIGIN
2026-01-16 18:54:01.337  5250-10878 okhttp.OkHttpClient     com.baatcheet.app                    I  x-permitted-cross-domain-policies: none
2026-01-16 18:54:01.337  5250-10878 okhttp.OkHttpClient     com.baatcheet.app                    I  x-xss-protection: 0
2026-01-16 18:54:01.337  5250-10878 okhttp.OkHttpClient     com.baatcheet.app                    I  vary: Origin
2026-01-16 18:54:01.337  5250-10878 okhttp.OkHttpClient     com.baatcheet.app                    I  vary: origin, access-control-request-method, access-control-request-headers
2026-01-16 18:54:01.337  5250-10878 okhttp.OkHttpClient     com.baatcheet.app                    I  access-control-allow-credentials: true
2026-01-16 18:54:01.337  5250-10878 okhttp.OkHttpClient     com.baatcheet.app                    I  access-control-expose-headers: X-Request-ID,X-Response-Time,X-RateLimit-Limit,X-RateLimit-Remaining,X-RateLimit-Reset
2026-01-16 18:54:01.337  5250-10878 okhttp.OkHttpClient     com.baatcheet.app                    I  x-clerk-auth-message: Unable to find a signing key in JWKS that matches the kid='undefined' of the provided session token. Please make sure that the __session cookie or the HTTP authorization header contain a Clerk-generated session JWT. The following kid is available: ins_384KLXR0s0ZW3aoWTGXIMeX8Ihm Go to your Dashboard and validate your secret and public keys are correct. Contact support@clerk.com if the issue persists. (reason=jwk-kid-mismatch, token-carrier=header)
2026-01-16 18:54:01.337  5250-10878 okhttp.OkHttpClient     com.baatcheet.app                    I  x-clerk-auth-reason: jwk-kid-mismatch
2026-01-16 18:54:01.337  5250-10878 okhttp.OkHttpClient     com.baatcheet.app                    I  x-clerk-auth-status: signed-out
2026-01-16 18:54:01.337  5250-10878 okhttp.OkHttpClient     com.baatcheet.app                    I  ratelimit-policy: 100;w=900
2026-01-16 18:54:01.337  5250-10878 okhttp.OkHttpClient     com.baatcheet.app                    I  ratelimit-limit: 100
2026-01-16 18:54:01.337  5250-10878 okhttp.OkHttpClient     com.baatcheet.app                    I  ratelimit-remaining: 94
2026-01-16 18:54:01.337  5250-10878 okhttp.OkHttpClient     com.baatcheet.app                    I  ratelimit-reset: 834
2026-01-16 18:54:01.337  5250-10878 okhttp.OkHttpClient     com.baatcheet.app                    I  x-response-time: 209ms
2026-01-16 18:54:01.337  5250-10878 okhttp.OkHttpClient     com.baatcheet.app                    I  etag: W/"32-FP2jGxICpGsBgljsYXVlHWHWu/w"
2026-01-16 18:54:01.337  5250-10878 okhttp.OkHttpClient     com.baatcheet.app                    I  x-proxied-host: http://10.108.117.26
2026-01-16 18:54:01.338  5250-10878 okhttp.OkHttpClient     com.baatcheet.app                    I  x-proxied-replica: drf1rado-rq878
2026-01-16 18:54:01.338  5250-10878 okhttp.OkHttpClient     com.baatcheet.app                    I  x-proxied-path: /api/v1/projects/b421c78b-39f1-41a1-a7ca-a4e6abae1921/collaborators/2ae7c2a3-8866-4f91-9149-40904ec6e139/role
2026-01-16 18:54:01.338  5250-10878 okhttp.OkHttpClient     com.baatcheet.app                    I  link: <https://huggingface.co/spaces/sharry121/BaatCheet>;rel="canonical"
2026-01-16 18:54:01.339  5250-10878 okhttp.OkHttpClient     com.baatcheet.app                    I  {"success":false,"error":"Collaborator not found"}
2026-01-16 18:54:01.339  5250-10878 okhttp.OkHttpClient     com.baatcheet.app                    I  <-- END HTTP (50-byte body)
2026-01-16 18:54:01.341  5250-5250  ChatViewModel           com.baatcheet.app                    E  Failed to change role: Failed to change role
2026-01-16 18:54:19.994  5250-5250  WindowOnBackDispatcher  com.baatcheet.app                    W  sendCancelIfRunning: isInProgress=falsecallback=android.view.ViewRootImpl$$ExternalSyntheticLambda20@d86d321
2026-01-16 18:54:20.006  5250-10867 OpenGLRenderer          com.baatcheet.app                    D  endAllActiveAnimators on 0xb4000078003b7f40 (UnprojectedRipple) with handle 0xb4000078f0267dd0
2026-01-16 18:54:20.007  5250-5250  View                    com.baatcheet.app                    D  [Warning] assignParent to null: this = DecorView@ea96261[MainActivity]
2026-01-16 18:54:20.008  5250-5250  BLASTBufferQueue        com.baatcheet.app                    D  [VRI[MainActivity]#6](f:0,a:4) destructor()
2026-01-16 18:54:20.008  5250-5250  BufferQueueConsumer     com.baatcheet.app                    D  [VRI[MainActivity]#6(BLAST Consumer)6](id:148200000006,api:0,p:-1,c:5250) disconnect
2026-01-16 18:54:20.011   976-2963  BufferQueueDebug        surfaceflinger                       E  [Surface(name=3b74c9f com.baatcheet.app/com.baatcheet.app.MainActivity)/@0xe78da6d - animation-leash of window_animation#25832](this:0xb400007cbaac32b0,id:-1,api:0,p:-1,c:-1) id info cannot be read from 'Surface(name=3b74c9f com.baatcheet.app/com.baatcheet.app.MainActivity)/@0xe78da6d - animation-leash of window_animation#25832'
2026-01-16 18:54:20.014   976-976   BufferQueueDebug        surfaceflinger                       E  [Surface(name=3b74c9f com.baatcheet.app/com.baatcheet.app.MainActivity)/@0xe78da6d - animation-leash of window_animation#25832 (Mirror)#25833](this:0xb400007cba8ea750,id:-1,api:0,p:-1,c:-1) id info cannot be read from 'Surface(name=3b74c9f com.baatcheet.app/com.baatcheet.app.MainActivity)/@0xe78da6d - animation-leash of window_animation#25832 (Mirror)#25833'
2026-01-16 18:54:20.027  5250-5250  InputTransport          com.baatcheet.app                    D  Destroy ARC handle: 0xb4000078f0263060
2026-01-16 18:54:21.451  5250-5250  ScrollIdentify          com.baatcheet.app                    I  on fling
2026-01-16 18:54:22.389  5250-5250  ScrollIdentify          com.baatcheet.app                    I  on fling
2026-01-16 18:54:23.561  5250-5250  ScrollIdentify          com.baatcheet.app                    I  on fling
2026-01-16 18:54:24.015  5250-5250  WindowOnBackDispatcher  com.baatcheet.app                    W  sendCancelIfRunning: isInProgress=falsecallback=android.view.ViewRootImpl$$ExternalSyntheticLambda20@fa07d1c
2026-01-16 18:54:24.017  5250-5250  View                    com.baatcheet.app                    D  [Warning] assignParent to null: this = androidx.compose.material3.ModalBottomSheetWindow{e24b1c5 V.E...... ......ID 0,0-1080,2436 #1020002 android:id/content aid=1073741824}
2026-01-16 18:54:24.018  5250-5250  BLASTBufferQueue        com.baatcheet.app                    D  [VRI[Pop-Up Window]#1](f:0,a:4) destructor()
2026-01-16 18:54:24.018  5250-5250  BufferQueueConsumer     com.baatcheet.app                    D  [VRI[Pop-Up Window]#1(BLAST Consumer)1](id:148200000001,api:0,p:-1,c:5250) disconnect
2026-01-16 18:54:24.027  5250-5250  InputTransport          com.baatcheet.app                    D  Destroy ARC handle: 0xb4000078f0227bd0
2026-01-16 18:54:24.621  5250-10878 okhttp.OkHttpClient     com.baatcheet.app                    I  --> GET https://sharry121-baatcheet.hf.space/api/v1/conversations?limit=50&offset=0
2026-01-16 18:54:24.621  5250-10878 okhttp.OkHttpClient     com.baatcheet.app                    I  Authorization: Bearer eyJhbGciOiJIUzI1NiIsInR5cCI6IkpXVCJ9.eyJ1c2VySWQiOiIyODIxYWY1Yy05MGFiLTQ1OGMtOWQ5NC04NWVlZDU1ZTkwYzMiLCJjbGVya0lkIjoidXNlcl8zODZDZTNHVHNUb1lrWnpHbTcxVkJ3NkxWUDAiLCJlbWFpbCI6Im9uc2Vhc29uMTBAZ21haWwuY29tIiwiaWF0IjoxNzY4NTA4NzcxLCJleHAiOjE3NjkxMTM1NzF9.CS-aG7kWBc2mjBo6mc9wGY-qnWqDrZtDvB5y46pbgUU
2026-01-16 18:54:24.621  5250-10878 okhttp.OkHttpClient     com.baatcheet.app                    I  Content-Type: application/json
2026-01-16 18:54:24.621  5250-10878 okhttp.OkHttpClient     com.baatcheet.app                    I  --> END GET
2026-01-16 18:54:24.662  5250-10833 m.baatcheet.app         com.baatcheet.app                    W  Cleared Reference was only reachable from finalizer (only reported once)
2026-01-16 18:54:25.503  5250-10878 okhttp.OkHttpClient     com.baatcheet.app                    I  <-- 200 https://sharry121-baatcheet.hf.space/api/v1/conversations?limit=50&offset=0 (881ms)
2026-01-16 18:54:25.503  5250-10878 okhttp.OkHttpClient     com.baatcheet.app                    I  date: Fri, 16 Jan 2026 13:54:25 GMT
2026-01-16 18:54:25.503  5250-10878 okhttp.OkHttpClient     com.baatcheet.app                    I  content-type: application/json; charset=utf-8
2026-01-16 18:54:25.503  5250-10878 okhttp.OkHttpClient     com.baatcheet.app                    I  content-length: 14413
2026-01-16 18:54:25.503  5250-10878 okhttp.OkHttpClient     com.baatcheet.app                    I  x-request-id: Vk6yCF, Vk6yCF
