2026-01-16 01:18:06.819 14475-24963 PowerHalWrapper         com.baatcheet.app                    I  PowerHalWrapper.getInstance 
2026-01-16 01:18:06.819 14475-14475 SurfaceFactory          com.baatcheet.app                    I  [static] sSurfaceFactory = com.transsion.rt.SurfaceFactoryImpl@c7135bc
2026-01-16 01:18:06.821 14475-14475 Compatibil...geReporter com.baatcheet.app                    D  Compat change id reported: 237531167; UID 10639; state: DISABLED
2026-01-16 01:18:06.830 14475-14475 VRI[MainActivity]       com.baatcheet.app                    D  hardware acceleration = true, forceHwAccelerated = false
2026-01-16 01:18:06.830 14475-14475 VRInsetsControllerHost  com.baatcheet.app                    D  setSystemBarsAppearance appearance:24 com.baatcheet.app/com.baatcheet.app.MainActivity
2026-01-16 01:18:06.831 14475-14475 TranWindow...rationImpl com.baatcheet.app                    I  field:-1
2026-01-16 01:18:06.831 14475-14475 TranWindow...rationImpl com.baatcheet.app                    I  field:1024
2026-01-16 01:18:06.831 14475-14475 TranWindow...rationImpl com.baatcheet.app                    I  field:2048
2026-01-16 01:18:06.831 14475-14475 TranWindow...rationImpl com.baatcheet.app                    I  field:0
2026-01-16 01:18:06.831 14475-14475 TranWindow...rationImpl com.baatcheet.app                    I  field:-1
2026-01-16 01:18:06.831 14475-14475 TranWindow...rationImpl com.baatcheet.app                    I  field:4096
2026-01-16 01:18:06.832 14475-14475 TranWindow...rationImpl com.baatcheet.app                    I  field:2
2026-01-16 01:18:06.832 14475-14475 TranWindow...rationImpl com.baatcheet.app                    I  field:4
2026-01-16 01:18:06.832 14475-14475 TranWindow...rationImpl com.baatcheet.app                    I  field:8
2026-01-16 01:18:06.832 14475-14475 TranWindow...rationImpl com.baatcheet.app                    I  field:16
2026-01-16 01:18:06.832 14475-14475 TranWindow...rationImpl com.baatcheet.app                    I  field:32
2026-01-16 01:18:06.832 14475-14475 TranWindow...rationImpl com.baatcheet.app                    I  field:64
2026-01-16 01:18:06.832 14475-14475 TranWindow...rationImpl com.baatcheet.app                    I  field:128
2026-01-16 01:18:06.832 14475-14475 TranWindow...rationImpl com.baatcheet.app                    I  field:256
2026-01-16 01:18:06.832 14475-14475 TranWindow...rationImpl com.baatcheet.app                    I  field:-1
2026-01-16 01:18:06.832 14475-14475 TranWindow...rationImpl com.baatcheet.app                    I  field:8192
2026-01-16 01:18:06.832 14475-14475 TranWindow...rationImpl com.baatcheet.app                    I  field:0
2026-01-16 01:18:06.832 14475-14475 TranWindow...rationImpl com.baatcheet.app                    I  field:1
2026-01-16 01:18:06.832 14475-14475 TranWindow...rationImpl com.baatcheet.app                    I  field:2
2026-01-16 01:18:06.832 14475-14475 TranWindow...rationImpl com.baatcheet.app                    I  field:3
2026-01-16 01:18:06.832 14475-14475 TranWindow...rationImpl com.baatcheet.app                    I  field:4
2026-01-16 01:18:06.832 14475-14475 TranWindow...rationImpl com.baatcheet.app                    I  field:5
2026-01-16 01:18:06.832 14475-14475 TranWindow...rationImpl com.baatcheet.app                    I  field:6
2026-01-16 01:18:06.832 14475-14475 TranWindow...rationImpl com.baatcheet.app                    I  field:7
2026-01-16 01:18:06.832 14475-14475 TranWindow...rationImpl com.baatcheet.app                    I  field:8
2026-01-16 01:18:06.832 14475-14475 TranWindow...rationImpl com.baatcheet.app                    I  field:9
2026-01-16 01:18:06.832 14475-14475 TranWindow...rationImpl com.baatcheet.app                    I  field:10
2026-01-16 01:18:06.832 14475-14475 TranWindow...rationImpl com.baatcheet.app                    I  field:11
2026-01-16 01:18:06.832 14475-14475 TranWindow...rationImpl com.baatcheet.app                    I  field:12
2026-01-16 01:18:06.832 14475-14475 TranWindow...rationImpl com.baatcheet.app                    I  field:13
2026-01-16 01:18:06.832 14475-14475 TranWindow...rationImpl com.baatcheet.app                    I  field:1001
2026-01-16 01:18:06.832 14475-14475 TranWindow...rationImpl com.baatcheet.app                    I  field:0
2026-01-16 01:18:06.832 14475-14475 TranWindow...rationImpl com.baatcheet.app                    I  field:1
2026-01-16 01:18:06.832 14475-14475 TranWindow...rationImpl com.baatcheet.app                    I  field:2
2026-01-16 01:18:06.832 14475-14475 TranWindow...rationImpl com.baatcheet.app                    I  field:4
2026-01-16 01:18:06.832 14475-14475 TranWindow...rationImpl com.baatcheet.app                    I  field:0
2026-01-16 01:18:06.832 14475-14475 TranWindow...rationImpl com.baatcheet.app                    I  field:1
2026-01-16 01:18:06.832 14475-14475 TranWindow...rationImpl com.baatcheet.app                    I  field:0
2026-01-16 01:18:06.833 14475-14475 TranWindow...rationImpl com.baatcheet.app                    I  field:1
2026-01-16 01:18:06.833 14475-14475 TranWindow...rationImpl com.baatcheet.app                    I  field:com.transsion.multiwindow.showcaption
2026-01-16 01:18:06.833 14475-14475 TranClassInfo           com.baatcheet.app                    D  instance successfully. com.transsion.hubcore.app.TranWindowConfigurationImpl@df9f1a8 from com.transsion.hubcore.server.app.ITranWindowConfiguration
2026-01-16 01:18:06.833 14475-14475 config_debug            com.baatcheet.app                    I  updateDecorCaptionStatus: {1.0 410mcc3mnc [en_US,nl_NL] ldltr sw441dp w441dp h910dp 392dpi nrml long widecg port finger -keyb/v/h -nav/h winConfig={ mBounds=Rect(0, 0 - 1080, 2436) mAppBounds=Rect(0, 108 - 1080, 2338) mMaxBounds=Rect(0, 0 - 1080, 2436) mDisplayRotation=ROTATION_0 mWindowingMode=fullscreen mDisplayWindowingMode=fullscreen mMultiWindowMode=normal mMultiWindowId=0 mWindowResiable=6 mInLargeScreen=-1 mActivityType=standard mAlwaysOnTop=undefined mRotation=ROTATION_0 mUiOptSpec=-1 mCurDisplayId=-1} as.2 s.1 fontWeightAdjustment=0} fromMultiWindow: false
2026-01-16 01:18:06.833 14475-14475 ViewRootImpl            com.baatcheet.app                    D  setView appearance:24 com.baatcheet.app/com.baatcheet.app.MainActivity
2026-01-16 01:18:06.835   976-1048  BufferQueueDebug        surfaceflinger                       E  [bedeb78 com.baatcheet.app/com.baatcheet.app.MainActivity#7026](this:0xb400007cbaa34c90,id:-1,api:0,p:-1,c:-1) id info cannot be read from 'bedeb78 com.baatcheet.app/com.baatcheet.app.MainActivity#7026'
2026-01-16 01:18:06.838   976-976   BufferQueueDebug        surfaceflinger                       E  [bedeb78 com.baatcheet.app/com.baatcheet.app.MainActivity#7026 (Mirror)#7027](this:0xb400007cbaa5ca70,id:-1,api:0,p:-1,c:-1) id info cannot be read from 'bedeb78 com.baatcheet.app/com.baatcheet.app.MainActivity#7026 (Mirror)#7027'
2026-01-16 01:18:06.838 14475-14475 TranClassInfo           com.baatcheet.app                    D  instance successfully. com.transsion.hubcore.view.TranWindowLayoutImpl@afd44c1 from com.transsion.hubcore.view.ITranWindowLayout
2026-01-16 01:18:06.839 14475-14475 libMEOW                 com.baatcheet.app                    D  meow new tls: 0xb40000789025f090
2026-01-16 01:18:06.839 14475-14475 libMEOW                 com.baatcheet.app                    D  applied 1 plugins for [com.baatcheet.app]:
2026-01-16 01:18:06.839 14475-14475 libMEOW                 com.baatcheet.app                    D    plugin 1: [libMEOW_gift.so]: 0xb4000077601f2030
2026-01-16 01:18:06.839 14475-14475 libMEOW                 com.baatcheet.app                    D  rebuild call chain: 0xb4000078902af0e0
2026-01-16 01:18:06.840 14475-14475 InputTransport          com.baatcheet.app                    D  Create ARC handle: 0xb4000078f0226160
2026-01-16 01:18:06.840 14475-14475 InputEventReceiver      com.baatcheet.app                    D  Input log is disabled in InputEventReceiver.
2026-01-16 01:18:06.840 14475-14475 InputTransport          com.baatcheet.app                    D  Input log is disabled in InputChannel.
2026-01-16 01:18:07.230 14475-14475 m.baatcheet.app         com.baatcheet.app                    W  Method boolean androidx.compose.runtime.snapshots.SnapshotStateList.conditionalUpdate(boolean, kotlin.jvm.functions.Function1) failed lock verification and will run slower.
                                                                                                    Common causes for lock verification issues are non-optimized dex code
                                                                                                    and incorrect proguard optimizations.
2026-01-16 01:18:07.230 14475-14475 m.baatcheet.app         com.baatcheet.app                    W  Method boolean androidx.compose.runtime.snapshots.SnapshotStateList.conditionalUpdate$default(androidx.compose.runtime.snapshots.SnapshotStateList, boolean, kotlin.jvm.functions.Function1, int, java.lang.Object) failed lock verification and will run slower.
2026-01-16 01:18:07.230 14475-14475 m.baatcheet.app         com.baatcheet.app                    W  Method java.lang.Object androidx.compose.runtime.snapshots.SnapshotStateList.mutate(kotlin.jvm.functions.Function1) failed lock verification and will run slower.
2026-01-16 01:18:07.230 14475-14475 m.baatcheet.app         com.baatcheet.app                    W  Method void androidx.compose.runtime.snapshots.SnapshotStateList.update(boolean, kotlin.jvm.functions.Function1) failed lock verification and will run slower.
2026-01-16 01:18:07.230 14475-14475 m.baatcheet.app         com.baatcheet.app                    W  Method void androidx.compose.runtime.snapshots.SnapshotStateList.update$default(androidx.compose.runtime.snapshots.SnapshotStateList, boolean, kotlin.jvm.functions.Function1, int, java.lang.Object) failed lock verification and will run slower.
2026-01-16 01:18:07.270 14475-24948 m.baatcheet.app         com.baatcheet.app                    I  Compiler allocated 6110KB to compile void android.view.ViewRootImpl.performTraversals()
2026-01-16 01:18:07.334 14475-14475 m.baatcheet.app         com.baatcheet.app                    I  hiddenapi: Accessing hidden method Ljava/lang/invoke/MethodHandles$Lookup;-><init>(Ljava/lang/Class;I)V (runtime_flags=0, domain=core-platform, api=unsupported) from Lretrofit2/Platform; (domain=app, TargetSdkVersion=34) using reflection: allowed
2026-01-16 01:18:07.409 14475-24967 okhttp.OkHttpClient     com.baatcheet.app                    I  --> GET https://sharry121-baatcheet.hf.space/api/v1/projects
2026-01-16 01:18:07.409 14475-24966 okhttp.OkHttpClient     com.baatcheet.app                    I  --> GET https://sharry121-baatcheet.hf.space/api/v1/conversations?limit=50&offset=0
2026-01-16 01:18:07.409 14475-24966 okhttp.OkHttpClient     com.baatcheet.app                    I  Authorization: Bearer eyJhbGciOiJIUzI1NiIsInR5cCI6IkpXVCJ9.eyJ1c2VySWQiOiJiMTM4YTIxMC0zNmViLTQyMDYtODgzNy01ZDY0NDg4N2Y3MDYiLCJjbGVya0lkIjoidXNlcl8zOEozT2FBQmxHZHozbXRvbGxscVhNbVVSN3QiLCJlbWFpbCI6Im11aGFtbWFkc2hhcmplZWxzYWxlZW0wNkBnbWFpbC5jb20iLCJpYXQiOjE3Njg1MDc3NjgsImV4cCI6MTc2OTExMjU2OH0.vJVqVdpD00pTEOBjM8Tq42MHKLld_2SCUCBjWbeUmkY
2026-01-16 01:18:07.409 14475-24967 okhttp.OkHttpClient     com.baatcheet.app                    I  Authorization: Bearer eyJhbGciOiJIUzI1NiIsInR5cCI6IkpXVCJ9.eyJ1c2VySWQiOiJiMTM4YTIxMC0zNmViLTQyMDYtODgzNy01ZDY0NDg4N2Y3MDYiLCJjbGVya0lkIjoidXNlcl8zOEozT2FBQmxHZHozbXRvbGxscVhNbVVSN3QiLCJlbWFpbCI6Im11aGFtbWFkc2hhcmplZWxzYWxlZW0wNkBnbWFpbC5jb20iLCJpYXQiOjE3Njg1MDc3NjgsImV4cCI6MTc2OTExMjU2OH0.vJVqVdpD00pTEOBjM8Tq42MHKLld_2SCUCBjWbeUmkY
2026-01-16 01:18:07.410 14475-24966 okhttp.OkHttpClient     com.baatcheet.app                    I  Content-Type: application/json
2026-01-16 01:18:07.410 14475-24967 okhttp.OkHttpClient     com.baatcheet.app                    I  Content-Type: application/json
2026-01-16 01:18:07.410 14475-24966 okhttp.OkHttpClient     com.baatcheet.app                    I  --> END GET
2026-01-16 01:18:07.410 14475-24967 okhttp.OkHttpClient     com.baatcheet.app                    I  --> END GET
2026-01-16 01:18:07.411 14475-24968 okhttp.OkHttpClient     com.baatcheet.app                    I  --> GET https://sharry121-baatcheet.hf.space/api/v1/chat/modes
2026-01-16 01:18:07.411 14475-24968 okhttp.OkHttpClient     com.baatcheet.app                    I  Authorization: Bearer eyJhbGciOiJIUzI1NiIsInR5cCI6IkpXVCJ9.eyJ1c2VySWQiOiJiMTM4YTIxMC0zNmViLTQyMDYtODgzNy01ZDY0NDg4N2Y3MDYiLCJjbGVya0lkIjoidXNlcl8zOEozT2FBQmxHZHozbXRvbGxscVhNbVVSN3QiLCJlbWFpbCI6Im11aGFtbWFkc2hhcmplZWxzYWxlZW0wNkBnbWFpbC5jb20iLCJpYXQiOjE3Njg1MDc3NjgsImV4cCI6MTc2OTExMjU2OH0.vJVqVdpD00pTEOBjM8Tq42MHKLld_2SCUCBjWbeUmkY
2026-01-16 01:18:07.411 14475-24968 okhttp.OkHttpClient     com.baatcheet.app                    I  Content-Type: application/json
2026-01-16 01:18:07.411 14475-24968 okhttp.OkHttpClient     com.baatcheet.app                    I  --> END GET
2026-01-16 01:18:07.422 14475-24970 okhttp.OkHttpClient     com.baatcheet.app                    I  --> GET https://sharry121-baatcheet.hf.space/api/v1/files/upload-status
2026-01-16 01:18:07.423 14475-24970 okhttp.OkHttpClient     com.baatcheet.app                    I  Authorization: Bearer eyJhbGciOiJIUzI1NiIsInR5cCI6IkpXVCJ9.eyJ1c2VySWQiOiJiMTM4YTIxMC0zNmViLTQyMDYtODgzNy01ZDY0NDg4N2Y3MDYiLCJjbGVya0lkIjoidXNlcl8zOEozT2FBQmxHZHozbXRvbGxscVhNbVVSN3QiLCJlbWFpbCI6Im11aGFtbWFkc2hhcmplZWxzYWxlZW0wNkBnbWFpbC5jb20iLCJpYXQiOjE3Njg1MDc3NjgsImV4cCI6MTc2OTExMjU2OH0.vJVqVdpD00pTEOBjM8Tq42MHKLld_2SCUCBjWbeUmkY
2026-01-16 01:18:07.423 14475-24970 okhttp.OkHttpClient     com.baatcheet.app                    I  Content-Type: application/json
2026-01-16 01:18:07.423 14475-24970 okhttp.OkHttpClient     com.baatcheet.app                    I  --> END GET
2026-01-16 01:18:07.430 14475-24969 okhttp.OkHttpClient     com.baatcheet.app                    I  --> GET https://sharry121-baatcheet.hf.space/api/v1/chat/usage
2026-01-16 01:18:07.430 14475-24969 okhttp.OkHttpClient     com.baatcheet.app                    I  Authorization: Bearer eyJhbGciOiJIUzI1NiIsInR5cCI6IkpXVCJ9.eyJ1c2VySWQiOiJiMTM4YTIxMC0zNmViLTQyMDYtODgzNy01ZDY0NDg4N2Y3MDYiLCJjbGVya0lkIjoidXNlcl8zOEozT2FBQmxHZHozbXRvbGxscVhNbVVSN3QiLCJlbWFpbCI6Im11aGFtbWFkc2hhcmplZWxzYWxlZW0wNkBnbWFpbC5jb20iLCJpYXQiOjE3Njg1MDc3NjgsImV4cCI6MTc2OTExMjU2OH0.vJVqVdpD00pTEOBjM8Tq42MHKLld_2SCUCBjWbeUmkY
2026-01-16 01:18:07.431 14475-24969 okhttp.OkHttpClient     com.baatcheet.app                    I  Content-Type: application/json
2026-01-16 01:18:07.432 14475-24969 okhttp.OkHttpClient     com.baatcheet.app                    I  --> END GET
2026-01-16 01:18:07.634 14475-14475 Compatibil...geReporter com.baatcheet.app                    D  Compat change id reported: 289878283; UID 10639; state: ENABLED
2026-01-16 01:18:08.011   976-2008  BufferQueueDebug        surfaceflinger                       E  [com.baatcheet.app/com.baatcheet.app.MainActivity#7028](this:0xb400007cbaa59ce0,id:-1,api:0,p:-1,c:-1) id info cannot be read from 'com.baatcheet.app/com.baatcheet.app.MainActivity#7028'
2026-01-16 01:18:08.019 14475-14475 BufferQueueConsumer     com.baatcheet.app                    D  [](id:388b00000000,api:0,p:-1,c:14475) connect: controlledByApp=false
2026-01-16 01:18:08.021 14475-14475 FBI                     com.baatcheet.app                    E  fbcNotifyBufferUX is NULL: undefined symbol: fbcNotifyBufferUX
2026-01-16 01:18:08.029 14475-14475 config_debug            com.baatcheet.app                    I  updateDecorCaptionStatus: {1.0 410mcc3mnc [en_US,nl_NL] ldltr sw441dp w441dp h910dp 392dpi nrml long widecg port finger -keyb/v/h -nav/h winConfig={ mBounds=Rect(0, 0 - 1080, 2436) mAppBounds=Rect(0, 108 - 1080, 2338) mMaxBounds=Rect(0, 0 - 1080, 2436) mDisplayRotation=ROTATION_0 mWindowingMode=fullscreen mDisplayWindowingMode=fullscreen mMultiWindowMode=normal mMultiWindowId=0 mWindowResiable=6 mInLargeScreen=-1 mActivityType=standard mAlwaysOnTop=undefined mRotation=ROTATION_0 mUiOptSpec=-1 mCurDisplayId=-1} as.2 s.1 fontWeightAdjustment=0} fromMultiWindow: true
2026-01-16 01:18:08.029 14475-24959 libMEOW                 com.baatcheet.app                    D  meow new tls: 0xb40000789029f0d0
2026-01-16 01:18:08.029 14475-24959 libMEOW                 com.baatcheet.app                    D  applied 1 plugins for [com.baatcheet.app]:
2026-01-16 01:18:08.029 14475-24959 libMEOW                 com.baatcheet.app                    D    plugin 1: [libMEOW_gift.so]: 0xb4000077601f2030
2026-01-16 01:18:08.029 14475-24959 libMEOW                 com.baatcheet.app                    D  rebuild call chain: 0xb40000789028f0c0
2026-01-16 01:18:08.029   976-976   BufferQueueDebug        surfaceflinger                       E  [com.baatcheet.app/com.baatcheet.app.MainActivity#7028 (Mirror)#7031](this:0xb400007cba9a9400,id:-1,api:0,p:-1,c:-1) id info cannot be read from 'com.baatcheet.app/com.baatcheet.app.MainActivity#7028 (Mirror)#7031'
2026-01-16 01:18:08.072 14475-24959 OpenGLRenderer          com.baatcheet.app                    E  Unable to match the desired swap behavior.
2026-01-16 01:18:08.238 14475-14475 TextToSpeech            com.baatcheet.app                    I  Sucessfully bound to com.google.android.tts
2026-01-16 01:18:08.251 14475-14475 Choreographer           com.baatcheet.app                    I  Skipped 78 frames!  The application may be doing too much work on its main thread.
2026-01-16 01:18:08.251 14475-14475 TranClassInfo           com.baatcheet.app                    D  instance successfully. com.transsion.hubcore.spdopts.flingmanager.implement.TranFlingManagerImpl@6cd63d from com.transsion.hubcore.flingmanager.ITranFlingManager
2026-01-16 01:18:08.251 14475-14475 TranClassInfo           com.baatcheet.app                    D  instance successfully. com.transsion.hubcore.view.TranChoreographerImpl@7cbfe32 from com.transsion.hubcore.view.ITranChoreographer
2026-01-16 01:18:08.251 14475-14475 TranChoreographerImpl   com.baatcheet.app                    E  skippedFrames: 78
2026-01-16 01:18:08.269 14475-24954 TextToSpeech            com.baatcheet.app                    I  Connected to TTS engine
2026-01-16 01:18:08.278 14475-25040 TextToSpeech            com.baatcheet.app                    I  Setting up the connection to TTS engine...
2026-01-16 01:18:08.342   976-976   BufferQueueDebug        surfaceflinger                       E  [ActivityRecord{353b0cd u0 com.baatcheet.app/.MainActivity t10350}#7010 (Mirror)#7106](this:0xb400007cba897e00,id:-1,api:0,p:-1,c:-1) id info cannot be read from 'ActivityRecord{353b0cd u0 com.baatcheet.app/.MainActivity t10350}#7010 (Mirror)#7106'
2026-01-16 01:18:08.342   976-976   BufferQueueDebug        surfaceflinger                       E  [9ed9664 ActivityRecordInputSink com.baatcheet.app/.MainActivity#7020 (Mirror)#7107](this:0xb400007cba93d0a0,id:-1,api:0,p:-1,c:-1) id info cannot be read from '9ed9664 ActivityRecordInputSink com.baatcheet.app/.MainActivity#7020 (Mirror)#7107'
2026-01-16 01:18:08.343   976-976   BufferQueueDebug        surfaceflinger                       E  [bedeb78 com.baatcheet.app/com.baatcheet.app.MainActivity#7026 (Mirror)#7108](this:0xb400007cba937580,id:-1,api:0,p:-1,c:-1) id info cannot be read from 'bedeb78 com.baatcheet.app/com.baatcheet.app.MainActivity#7026 (Mirror)#7108'
2026-01-16 01:18:08.343   976-976   BufferQueueDebug        surfaceflinger                       E  [com.baatcheet.app/com.baatcheet.app.MainActivity#7028 (Mirror)#7109](this:0xb400007cba94e200,id:-1,api:0,p:-1,c:-1) id info cannot be read from 'com.baatcheet.app/com.baatcheet.app.MainActivity#7028 (Mirror)#7109'
2026-01-16 01:18:08.343   976-976   BufferQueueDebug        surfaceflinger                       E  [6c7beef Splash Screen com.baatcheet.app#7013 (Mirror)#7110](this:0xb400007cba931a60,id:-1,api:0,p:-1,c:-1) id info cannot be read from '6c7beef Splash Screen com.baatcheet.app#7013 (Mirror)#7110'
2026-01-16 01:18:08.343   976-976   BufferQueueDebug        surfaceflinger                       E  [Splash Screen com.baatcheet.app#7015 (Mirror)#7111](this:0xb400007cba9620f0,id:-1,api:0,p:-1,c:-1) id info cannot be read from 'Splash Screen com.baatcheet.app#7015 (Mirror)#7111'
2026-01-16 01:18:08.613 14475-24959 MAGT_SYNC_FRAME         com.baatcheet.app                    D  MAGT Sync: MAGT is not supported. Disabling Sync.
2026-01-16 01:18:08.639 14475-24959 BLASTBufferQueue        com.baatcheet.app                    D  [VRI[MainActivity]#0](f:0,a:1) acquireNextBufferLocked size=1080x2436 mFrameNumber=1 applyTransaction=true mTimestamp=8258447454414(auto) mPendingTransactions.size=0 graphicBufferId=62169651609606 transform=0
2026-01-16 01:18:08.642   976-3002  BufferQueueDebug        surfaceflinger                       E  [Surface(name=bedeb78 com.baatcheet.app/com.baatcheet.app.MainActivity)/@0x455a5b6 - animation-leash of starting_reveal#7181](this:0xb400007cbaa3a7b0,id:-1,api:0,p:-1,c:-1) id info cannot be read from 'Surface(name=bedeb78 com.baatcheet.app/com.baatcheet.app.MainActivity)/@0x455a5b6 - animation-leash of starting_reveal#7181'
2026-01-16 01:18:08.649   976-976   BufferQueueDebug        surfaceflinger                       E  [Surface(name=bedeb78 com.baatcheet.app/com.baatcheet.app.MainActivity)/@0x455a5b6 - animation-leash of starting_reveal#7181 (Mirror)#7182](this:0xb400007cba9dc820,id:-1,api:0,p:-1,c:-1) id info cannot be read from 'Surface(name=bedeb78 com.baatcheet.app/com.baatcheet.app.MainActivity)/@0x455a5b6 - animation-leash of starting_reveal#7181 (Mirror)#7182'
2026-01-16 01:18:09.020   976-1049  BufferQueueDebug        surfaceflinger                       E  [Surface(name=6c7beef Splash Screen com.baatcheet.app)/@0xa16c9cb - animation-leash of window_animation#7185](this:0xb400007cba9c2e10,id:-1,api:0,p:-1,c:-1) id info cannot be read from 'Surface(name=6c7beef Splash Screen com.baatcheet.app)/@0xa16c9cb - animation-leash of window_animation#7185'
2026-01-16 01:18:09.036   976-976   BufferQueueDebug        surfaceflinger                       E  [Surface(name=6c7beef Splash Screen com.baatcheet.app)/@0xa16c9cb - animation-leash of window_animation#7185 (Mirror)#7186](this:0xb400007cba9feae0,id:-1,api:0,p:-1,c:-1) id info cannot be read from 'Surface(name=6c7beef Splash Screen com.baatcheet.app)/@0xa16c9cb - animation-leash of window_animation#7185 (Mirror)#7186'
2026-01-16 01:18:09.257 14475-24968 okhttp.OkHttpClient     com.baatcheet.app                    I  <-- 200 https://sharry121-baatcheet.hf.space/api/v1/chat/modes (1845ms)
2026-01-16 01:18:09.257 14475-24968 okhttp.OkHttpClient     com.baatcheet.app                    I  date: Thu, 15 Jan 2026 20:18:09 GMT
2026-01-16 01:18:09.257 14475-24968 okhttp.OkHttpClient     com.baatcheet.app                    I  content-type: application/json; charset=utf-8
2026-01-16 01:18:09.257 14475-24968 okhttp.OkHttpClient     com.baatcheet.app                    I  content-length: 3485
2026-01-16 01:18:09.257 14475-24968 okhttp.OkHttpClient     com.baatcheet.app                    I  x-request-id: D5HSD9, D5HSD9
2026-01-16 01:18:09.257 14475-24968 okhttp.OkHttpClient     com.baatcheet.app                    I  content-security-policy: default-src 'self';script-src 'self' 'unsafe-inline';style-src 'self' 'unsafe-inline';img-src 'self' data: https:;connect-src 'self' https://api.clerk.dev;base-uri 'self';font-src 'self' https: data:;form-action 'self';frame-ancestors 'self';object-src 'none';script-src-attr 'none';upgrade-insecure-requests
2026-01-16 01:18:09.257 14475-24968 okhttp.OkHttpClient     com.baatcheet.app                    I  cross-origin-opener-policy: same-origin
2026-01-16 01:18:09.257 14475-24968 okhttp.OkHttpClient     com.baatcheet.app                    I  cross-origin-resource-policy: cross-origin
2026-01-16 01:18:09.257 14475-24968 okhttp.OkHttpClient     com.baatcheet.app                    I  origin-agent-cluster: ?1
2026-01-16 01:18:09.257 14475-24968 okhttp.OkHttpClient     com.baatcheet.app                    I  referrer-policy: no-referrer
2026-01-16 01:18:09.257 14475-24968 okhttp.OkHttpClient     com.baatcheet.app                    I  strict-transport-security: max-age=31536000; includeSubDomains; preload
2026-01-16 01:18:09.257 14475-24968 okhttp.OkHttpClient     com.baatcheet.app                    I  x-content-type-options: nosniff
2026-01-16 01:18:09.257 14475-24968 okhttp.OkHttpClient     com.baatcheet.app                    I  x-dns-prefetch-control: off
2026-01-16 01:18:09.258 14475-24968 okhttp.OkHttpClient     com.baatcheet.app                    I  x-download-options: noopen
2026-01-16 01:18:09.258 14475-24968 okhttp.OkHttpClient     com.baatcheet.app                    I  x-frame-options: SAMEORIGIN
2026-01-16 01:18:09.258 14475-24968 okhttp.OkHttpClient     com.baatcheet.app                    I  x-permitted-cross-domain-policies: none
2026-01-16 01:18:09.258 14475-24968 okhttp.OkHttpClient     com.baatcheet.app                    I  x-xss-protection: 0
2026-01-16 01:18:09.258 14475-24968 okhttp.OkHttpClient     com.baatcheet.app                    I  vary: Origin
2026-01-16 01:18:09.258 14475-24968 okhttp.OkHttpClient     com.baatcheet.app                    I  vary: origin, access-control-request-method, access-control-request-headers
2026-01-16 01:18:09.258 14475-24968 okhttp.OkHttpClient     com.baatcheet.app                    I  access-control-allow-credentials: true
2026-01-16 01:18:09.258 14475-24968 okhttp.OkHttpClient     com.baatcheet.app                    I  access-control-expose-headers: X-Request-ID,X-Response-Time,X-RateLimit-Limit,X-RateLimit-Remaining,X-RateLimit-Reset
2026-01-16 01:18:09.258 14475-24968 okhttp.OkHttpClient     com.baatcheet.app                    I  x-clerk-auth-message: Unable to find a signing key in JWKS that matches the kid='undefined' of the provided session token. Please make sure that the __session cookie or the HTTP authorization header contain a Clerk-generated session JWT. The following kid is available: ins_384KLXR0s0ZW3aoWTGXIMeX8Ihm Go to your Dashboard and validate your secret and public keys are correct. Contact support@clerk.com if the issue persists. (reason=jwk-kid-mismatch, token-carrier=header)
2026-01-16 01:18:09.258 14475-24968 okhttp.OkHttpClient     com.baatcheet.app                    I  x-clerk-auth-reason: jwk-kid-mismatch
2026-01-16 01:18:09.258 14475-24968 okhttp.OkHttpClient     com.baatcheet.app                    I  x-clerk-auth-status: signed-out
2026-01-16 01:18:09.258 14475-24968 okhttp.OkHttpClient     com.baatcheet.app                    I  ratelimit-policy: 100;w=900
2026-01-16 01:18:09.258 14475-24968 okhttp.OkHttpClient     com.baatcheet.app                    I  ratelimit-limit: 100
2026-01-16 01:18:09.258 14475-24968 okhttp.OkHttpClient     com.baatcheet.app                    I  ratelimit-remaining: 78
2026-01-16 01:18:09.258 14475-24968 okhttp.OkHttpClient     com.baatcheet.app                    I  ratelimit-reset: 43
2026-01-16 01:18:09.258 14475-24968 okhttp.OkHttpClient     com.baatcheet.app                    I  x-response-time: 193ms
2026-01-16 01:18:09.258 14475-24968 okhttp.OkHttpClient     com.baatcheet.app                    I  etag: W/"d9d-iJ3OUzD7tolbSbS1KHmRyrFvcIY"
2026-01-16 01:18:09.258 14475-24968 okhttp.OkHttpClient     com.baatcheet.app                    I  x-proxied-host: http://10.108.99.227
2026-01-16 01:18:09.258 14475-24968 okhttp.OkHttpClient     com.baatcheet.app                    I  x-proxied-replica: jexrop9f-shrqs
2026-01-16 01:18:09.258 14475-24968 okhttp.OkHttpClient     com.baatcheet.app                    I  x-proxied-path: /api/v1/chat/modes
2026-01-16 01:18:09.258 14475-24968 okhttp.OkHttpClient     com.baatcheet.app                    I  link: <https://huggingface.co/spaces/sharry121/BaatCheet>;rel="canonical"
2026-01-16 01:18:09.260 14475-24968 okhttp.OkHttpClient     com.baatcheet.app                    I  {"success":true,"data":{"modes":[{"id":"chat","displayName":"Chat","icon":"💬","description":"General conversation","capabilities":["conversation","questions","advice"],"requiresSpecialAPI":false,"dailyLimits":{"free":1000,"pro":10000,"enterprise":100000}},{"id":"image-generation","displayName":"Create Image","icon":"🎨","description":"Generate images from text","capabilities":["image-generation","art","design"],"requiresSpecialAPI":true,"dailyLimits":{"free":1,"pro":50,"enterprise":500}},{"id":"vision","displayName":"Analyze Image","icon":"👁️","description":"Analyze and describe images","capabilities":["image-analysis","ocr","description"],"requiresSpecialAPI":true,"dailyLimits":{"free":10,"pro":200,"enterprise":2000}},{"id":"web-search","displayName":"Browse","icon":"🌐","description":"Search the web for current info","capabilities":["web-search","current-events","real-time"],"requiresSpecialAPI":true,"dailyLimits":{"free":10,"pro":200,"enterprise":2000}},{"id":"code","displayName":"Code","icon":"💻","description":"Programming assistance","capabilities":["coding","debugging","algorithms"],"requiresSpecialAPI":false,"dailyLimits":{"free":100,"pro":1000,"enterprise":10000}},{"id":"data-analysis","displayName":"Analyze Data","icon":"📊","description":"Data analysis & charts","capabilities":["data-analysis","charts","statistics"],"requiresSpecialAPI":false,"dailyLimits":{"free":20,"pro":200,"enterprise":2000}},{"id":"math","displayName":"Math","icon":"🔢","description":"Mathematical problem solving","capabilities":["calculations","equations","proofs"],"requiresSpecialAPI":false,"dailyLimits":{"free":50,"pro":500,"enterprise":5000}},{"id":"creative","displayName":"Write","icon":"✍️","description":"Creative writing","capabilities":["stories","poems","scripts"],"requiresSpecialAPI":false,"dailyLimits":{"free":50,"pro":500,"enterprise":5000}},{"id":"translate","displayName":"Translate","icon":"🌍","description":"Language translation","capabilities":["translation","languages"],"requiresSpecialAPI":false,"dailyLimits":{"free":50,"pro":500,"enterprise":5000}},{"id":"summarize","displayName":"Summarize","icon":"📝","description":"Summarize long content","capabilities":["summarization","key-points"],"requiresSpecialAPI":false,"dailyLimits":{"free":50,"pro":500,"enterprise":5000}},{"id":"explain","displayName":"Explain","icon":"📚","description":"Educational explanations","capabilities":["explanations","teaching","concepts"],"requiresSpecialAPI":false,"dailyLimits":{"free":100,"pro":1000,"enterprise":10000}},{"id":"research","displayName":"Research","icon":"🔍","description":"Deep research with sources","capabilities":["research","citations","analysis"],"requiresSpecialAPI":true,"dailyLimits":{"free":5,"pro":50,"enterprise":500}},{"id":"debug","displayName":"Debug","icon":"🐛","description":"Code debugging","capabilities":["debugging","error-fixing","optimization"],"requiresSpecialAPI":false,"dailyLimits":{"free":50,"pro":500,"enterprise":5000}},{"id":"tutor","displayName":"Tutor","icon":"👨‍🏫","description":"Patient teaching mode","capabilities":["teaching","step-by-step","learning"],"requiresSpecialAPI":false,"dailyLimits":{"free":50,"pro":500,"enterprise":5000}},{"id":"business","displayName":"Business","icon":"💼","description":"Business analysis","capabilities":["business","strategy","analysis"],"requiresSpecialAPI":false,"dailyLimits":{"free":20,"pro":200,"enterprise":2000}}],"total":15}}
2026-01-16 01:18:09.260 14475-24968 okhttp.OkHttpClient     com.baatcheet.app                    I  <-- END HTTP (3485-byte body)
2026-01-16 01:18:09.418 14475-24970 okhttp.OkHttpClient     com.baatcheet.app                    I  <-- 200 https://sharry121-baatcheet.hf.space/api/v1/files/upload-status (1994ms)
2026-01-16 01:18:09.419 14475-24970 okhttp.OkHttpClient     com.baatcheet.app                    I  date: Thu, 15 Jan 2026 20:18:09 GMT
2026-01-16 01:18:09.419 14475-24970 okhttp.OkHttpClient     com.baatcheet.app                    I  content-type: application/json; charset=utf-8
2026-01-16 01:18:09.419 14475-24970 okhttp.OkHttpClient     com.baatcheet.app                    I  content-length: 94
2026-01-16 01:18:09.419 14475-24970 okhttp.OkHttpClient     com.baatcheet.app                    I  x-request-id: AY6pIT, AY6pIT
2026-01-16 01:18:09.419 14475-24970 okhttp.OkHttpClient     com.baatcheet.app                    I  content-security-policy: default-src 'self';script-src 'self' 'unsafe-inline';style-src 'self' 'unsafe-inline';img-src 'self' data: https:;connect-src 'self' https://api.clerk.dev;base-uri 'self';font-src 'self' https: data:;form-action 'self';frame-ancestors 'self';object-src 'none';script-src-attr 'none';upgrade-insecure-requests
2026-01-16 01:18:09.419 14475-24970 okhttp.OkHttpClient     com.baatcheet.app                    I  cross-origin-opener-policy: same-origin
2026-01-16 01:18:09.420 14475-24970 okhttp.OkHttpClient     com.baatcheet.app                    I  cross-origin-resource-policy: cross-origin
2026-01-16 01:18:09.420 14475-24970 okhttp.OkHttpClient     com.baatcheet.app                    I  origin-agent-cluster: ?1
2026-01-16 01:18:09.420 14475-24970 okhttp.OkHttpClient     com.baatcheet.app                    I  referrer-policy: no-referrer
2026-01-16 01:18:09.420 14475-24970 okhttp.OkHttpClient     com.baatcheet.app                    I  strict-transport-security: max-age=31536000; includeSubDomains; preload
2026-01-16 01:18:09.420 14475-24970 okhttp.OkHttpClient     com.baatcheet.app                    I  x-content-type-options: nosniff
2026-01-16 01:18:09.420 14475-24970 okhttp.OkHttpClient     com.baatcheet.app                    I  x-dns-prefetch-control: off
2026-01-16 01:18:09.421 14475-24970 okhttp.OkHttpClient     com.baatcheet.app                    I  x-download-options: noopen
2026-01-16 01:18:09.421 14475-24970 okhttp.OkHttpClient     com.baatcheet.app                    I  x-frame-options: SAMEORIGIN
2026-01-16 01:18:09.421 14475-24970 okhttp.OkHttpClient     com.baatcheet.app                    I  x-permitted-cross-domain-policies: none
2026-01-16 01:18:09.421 14475-24970 okhttp.OkHttpClient     com.baatcheet.app                    I  x-xss-protection: 0
2026-01-16 01:18:09.421 14475-24970 okhttp.OkHttpClient     com.baatcheet.app                    I  vary: Origin
2026-01-16 01:18:09.422 14475-24970 okhttp.OkHttpClient     com.baatcheet.app                    I  vary: origin, access-control-request-method, access-control-request-headers
2026-01-16 01:18:09.422 14475-24970 okhttp.OkHttpClient     com.baatcheet.app                    I  access-control-allow-credentials: true
2026-01-16 01:18:09.422 14475-24970 okhttp.OkHttpClient     com.baatcheet.app                    I  access-control-expose-headers: X-Request-ID,X-Response-Time,X-RateLimit-Limit,X-RateLimit-Remaining,X-RateLimit-Reset
2026-01-16 01:18:09.422 14475-24970 okhttp.OkHttpClient     com.baatcheet.app                    I  x-clerk-auth-message: Unable to find a signing key in JWKS that matches the kid='undefined' of the provided session token. Please make sure that the __session cookie or the HTTP authorization header contain a Clerk-generated session JWT. The following kid is available: ins_384KLXR0s0ZW3aoWTGXIMeX8Ihm Go to your Dashboard and validate your secret and public keys are correct. Contact support@clerk.com if the issue persists. (reason=jwk-kid-mismatch, token-carrier=header)
2026-01-16 01:18:09.422 14475-24970 okhttp.OkHttpClient     com.baatcheet.app                    I  x-clerk-auth-reason: jwk-kid-mismatch
2026-01-16 01:18:09.422 14475-24970 okhttp.OkHttpClient     com.baatcheet.app                    I  x-clerk-auth-status: signed-out
2026-01-16 01:18:09.423 14475-24970 okhttp.OkHttpClient     com.baatcheet.app                    I  ratelimit-policy: 100;w=900
2026-01-16 01:18:09.423 14475-24970 okhttp.OkHttpClient     com.baatcheet.app                    I  ratelimit-limit: 100
2026-01-16 01:18:09.423 14475-24970 okhttp.OkHttpClient     com.baatcheet.app                    I  ratelimit-remaining: 79
2026-01-16 01:18:09.423 14475-24970 okhttp.OkHttpClient     com.baatcheet.app                    I  ratelimit-reset: 43
2026-01-16 01:18:09.423 14475-24970 okhttp.OkHttpClient     com.baatcheet.app                    I  x-response-time: 298ms
2026-01-16 01:18:09.423 14475-24970 okhttp.OkHttpClient     com.baatcheet.app                    I  etag: W/"5e-i+TOUTHd0Gdo1G8FY0jPghEvMSg"
2026-01-16 01:18:09.424 14475-24970 okhttp.OkHttpClient     com.baatcheet.app                    I  x-proxied-host: http://10.108.99.227
2026-01-16 01:18:09.424 14475-24970 okhttp.OkHttpClient     com.baatcheet.app                    I  x-proxied-replica: jexrop9f-shrqs
2026-01-16 01:18:09.424 14475-24970 okhttp.OkHttpClient     com.baatcheet.app                    I  x-proxied-path: /api/v1/files/upload-status
2026-01-16 01:18:09.424 14475-24970 okhttp.OkHttpClient     com.baatcheet.app                    I  link: <https://huggingface.co/spaces/sharry121/BaatCheet>;rel="canonical"
2026-01-16 01:18:09.426 14475-24970 okhttp.OkHttpClient     com.baatcheet.app                    I  {"success":true,"data":{"uploadsUsedToday":0,"dailyLimit":10,"remaining":10,"canUpload":true}}
2026-01-16 01:18:09.426 14475-24970 okhttp.OkHttpClient     com.baatcheet.app                    I  <-- END HTTP (94-byte body)
2026-01-16 01:18:09.435 14475-24967 okhttp.OkHttpClient     com.baatcheet.app                    I  <-- 200 https://sharry121-baatcheet.hf.space/api/v1/projects (2024ms)
2026-01-16 01:18:09.435 14475-24967 okhttp.OkHttpClient     com.baatcheet.app                    I  date: Thu, 15 Jan 2026 20:18:09 GMT
2026-01-16 01:18:09.435 14475-24967 okhttp.OkHttpClient     com.baatcheet.app                    I  content-type: application/json; charset=utf-8
2026-01-16 01:18:09.435 14475-24967 okhttp.OkHttpClient     com.baatcheet.app                    I  content-length: 26
2026-01-16 01:18:09.435 14475-24967 okhttp.OkHttpClient     com.baatcheet.app                    I  x-request-id: Qm80cg, Qm80cg
2026-01-16 01:18:09.435 14475-24967 okhttp.OkHttpClient     com.baatcheet.app                    I  content-security-policy: default-src 'self';script-src 'self' 'unsafe-inline';style-src 'self' 'unsafe-inline';img-src 'self' data: https:;connect-src 'self' https://api.clerk.dev;base-uri 'self';font-src 'self' https: data:;form-action 'self';frame-ancestors 'self';object-src 'none';script-src-attr 'none';upgrade-insecure-requests
2026-01-16 01:18:09.435 14475-24967 okhttp.OkHttpClient     com.baatcheet.app                    I  cross-origin-opener-policy: same-origin
2026-01-16 01:18:09.435 14475-24967 okhttp.OkHttpClient     com.baatcheet.app                    I  cross-origin-resource-policy: cross-origin
2026-01-16 01:18:09.435 14475-24967 okhttp.OkHttpClient     com.baatcheet.app                    I  origin-agent-cluster: ?1
2026-01-16 01:18:09.435 14475-24967 okhttp.OkHttpClient     com.baatcheet.app                    I  referrer-policy: no-referrer
2026-01-16 01:18:09.435 14475-24967 okhttp.OkHttpClient     com.baatcheet.app                    I  strict-transport-security: max-age=31536000; includeSubDomains; preload
2026-01-16 01:18:09.435 14475-24967 okhttp.OkHttpClient     com.baatcheet.app                    I  x-content-type-options: nosniff
2026-01-16 01:18:09.435 14475-24967 okhttp.OkHttpClient     com.baatcheet.app                    I  x-dns-prefetch-control: off
2026-01-16 01:18:09.435 14475-24967 okhttp.OkHttpClient     com.baatcheet.app                    I  x-download-options: noopen
2026-01-16 01:18:09.435 14475-24967 okhttp.OkHttpClient     com.baatcheet.app                    I  x-frame-options: SAMEORIGIN
2026-01-16 01:18:09.435 14475-24967 okhttp.OkHttpClient     com.baatcheet.app                    I  x-permitted-cross-domain-policies: none
2026-01-16 01:18:09.435 14475-24967 okhttp.OkHttpClient     com.baatcheet.app                    I  x-xss-protection: 0
2026-01-16 01:18:09.435 14475-24967 okhttp.OkHttpClient     com.baatcheet.app                    I  vary: Origin
2026-01-16 01:18:09.435 14475-24967 okhttp.OkHttpClient     com.baatcheet.app                    I  vary: origin, access-control-request-method, access-control-request-headers
2026-01-16 01:18:09.435 14475-24967 okhttp.OkHttpClient     com.baatcheet.app                    I  access-control-allow-credentials: true
2026-01-16 01:18:09.435 14475-24967 okhttp.OkHttpClient     com.baatcheet.app                    I  access-control-expose-headers: X-Request-ID,X-Response-Time,X-RateLimit-Limit,X-RateLimit-Remaining,X-RateLimit-Reset
2026-01-16 01:18:09.436 14475-24967 okhttp.OkHttpClient     com.baatcheet.app                    I  x-clerk-auth-message: Unable to find a signing key in JWKS that matches the kid='undefined' of the provided session token. Please make sure that the __session cookie or the HTTP authorization header contain a Clerk-generated session JWT. The following kid is available: ins_384KLXR0s0ZW3aoWTGXIMeX8Ihm Go to your Dashboard and validate your secret and public keys are correct. Contact support@clerk.com if the issue persists. (reason=jwk-kid-mismatch, token-carrier=header)
2026-01-16 01:18:09.436 14475-24967 okhttp.OkHttpClient     com.baatcheet.app                    I  x-clerk-auth-reason: jwk-kid-mismatch
2026-01-16 01:18:09.436 14475-24967 okhttp.OkHttpClient     com.baatcheet.app                    I  x-clerk-auth-status: signed-out
2026-01-16 01:18:09.436 14475-24967 okhttp.OkHttpClient     com.baatcheet.app                    I  ratelimit-policy: 100;w=900
2026-01-16 01:18:09.436 14475-24967 okhttp.OkHttpClient     com.baatcheet.app                    I  ratelimit-limit: 100
2026-01-16 01:18:09.436 14475-24967 okhttp.OkHttpClient     com.baatcheet.app                    I  ratelimit-remaining: 76
2026-01-16 01:18:09.436 14475-24967 okhttp.OkHttpClient     com.baatcheet.app                    I  ratelimit-reset: 277
2026-01-16 01:18:09.436 14475-24967 okhttp.OkHttpClient     com.baatcheet.app                    I  x-response-time: 308ms
2026-01-16 01:18:09.436 14475-24967 okhttp.OkHttpClient     com.baatcheet.app                    I  etag: W/"1a-s3B6blipWxCo2IriQlJeaz0uh7I"
2026-01-16 01:18:09.436 14475-24967 okhttp.OkHttpClient     com.baatcheet.app                    I  x-proxied-host: http://10.108.99.227
2026-01-16 01:18:09.436 14475-24967 okhttp.OkHttpClient     com.baatcheet.app                    I  x-proxied-replica: jexrop9f-shrqs
2026-01-16 01:18:09.436 14475-24967 okhttp.OkHttpClient     com.baatcheet.app                    I  x-proxied-path: /api/v1/projects
2026-01-16 01:18:09.436 14475-24967 okhttp.OkHttpClient     com.baatcheet.app                    I  link: <https://huggingface.co/spaces/sharry121/BaatCheet>;rel="canonical"
2026-01-16 01:18:09.437 14475-24967 okhttp.OkHttpClient     com.baatcheet.app                    I  {"success":true,"data":[]}
2026-01-16 01:18:09.437 14475-24967 okhttp.OkHttpClient     com.baatcheet.app                    I  <-- END HTTP (26-byte body)
2026-01-16 01:18:09.448 14475-24967 okhttp.OkHttpClient     com.baatcheet.app                    I  --> GET https://sharry121-baatcheet.hf.space/api/v1/projects/collaborations
2026-01-16 01:18:09.448 14475-24967 okhttp.OkHttpClient     com.baatcheet.app                    I  Authorization: Bearer eyJhbGciOiJIUzI1NiIsInR5cCI6IkpXVCJ9.eyJ1c2VySWQiOiJiMTM4YTIxMC0zNmViLTQyMDYtODgzNy01ZDY0NDg4N2Y3MDYiLCJjbGVya0lkIjoidXNlcl8zOEozT2FBQmxHZHozbXRvbGxscVhNbVVSN3QiLCJlbWFpbCI6Im11aGFtbWFkc2hhcmplZWxzYWxlZW0wNkBnbWFpbC5jb20iLCJpYXQiOjE3Njg1MDc3NjgsImV4cCI6MTc2OTExMjU2OH0.vJVqVdpD00pTEOBjM8Tq42MHKLld_2SCUCBjWbeUmkY
2026-01-16 01:18:09.448 14475-24967 okhttp.OkHttpClient     com.baatcheet.app                    I  Content-Type: application/json
2026-01-16 01:18:09.448 14475-24967 okhttp.OkHttpClient     com.baatcheet.app                    I  --> END GET
2026-01-16 01:18:09.450 14475-24970 okhttp.OkHttpClient     com.baatcheet.app                    I  --> GET https://sharry121-baatcheet.hf.space/api/v1/projects/invitations/pending
2026-01-16 01:18:09.450 14475-24970 okhttp.OkHttpClient     com.baatcheet.app                    I  Authorization: Bearer eyJhbGciOiJIUzI1NiIsInR5cCI6IkpXVCJ9.eyJ1c2VySWQiOiJiMTM4YTIxMC0zNmViLTQyMDYtODgzNy01ZDY0NDg4N2Y3MDYiLCJjbGVya0lkIjoidXNlcl8zOEozT2FBQmxHZHozbXRvbGxscVhNbVVSN3QiLCJlbWFpbCI6Im11aGFtbWFkc2hhcmplZWxzYWxlZW0wNkBnbWFpbC5jb20iLCJpYXQiOjE3Njg1MDc3NjgsImV4cCI6MTc2OTExMjU2OH0.vJVqVdpD00pTEOBjM8Tq42MHKLld_2SCUCBjWbeUmkY
2026-01-16 01:18:09.450 14475-24970 okhttp.OkHttpClient     com.baatcheet.app                    I  Content-Type: application/json
2026-01-16 01:18:09.450 14475-24970 okhttp.OkHttpClient     com.baatcheet.app                    I  --> END GET
2026-01-16 01:18:09.484 14475-24966 okhttp.OkHttpClient     com.baatcheet.app                    I  <-- 200 https://sharry121-baatcheet.hf.space/api/v1/conversations?limit=50&offset=0 (2074ms)
2026-01-16 01:18:09.484 14475-24966 okhttp.OkHttpClient     com.baatcheet.app                    I  date: Thu, 15 Jan 2026 20:18:09 GMT
2026-01-16 01:18:09.485 14475-24966 okhttp.OkHttpClient     com.baatcheet.app                    I  content-type: application/json; charset=utf-8
2026-01-16 01:18:09.485 14475-24966 okhttp.OkHttpClient     com.baatcheet.app                    I  content-length: 99
2026-01-16 01:18:09.485 14475-24966 okhttp.OkHttpClient     com.baatcheet.app                    I  x-request-id: P9JEfC, P9JEfC
2026-01-16 01:18:09.485 14475-24966 okhttp.OkHttpClient     com.baatcheet.app                    I  content-security-policy: default-src 'self';script-src 'self' 'unsafe-inline';style-src 'self' 'unsafe-inline';img-src 'self' data: https:;connect-src 'self' https://api.clerk.dev;base-uri 'self';font-src 'self' https: data:;form-action 'self';frame-ancestors 'self';object-src 'none';script-src-attr 'none';upgrade-insecure-requests
2026-01-16 01:18:09.485 14475-24966 okhttp.OkHttpClient     com.baatcheet.app                    I  cross-origin-opener-policy: same-origin
2026-01-16 01:18:09.486 14475-24966 okhttp.OkHttpClient     com.baatcheet.app                    I  cross-origin-resource-policy: cross-origin
2026-01-16 01:18:09.486 14475-24966 okhttp.OkHttpClient     com.baatcheet.app                    I  origin-agent-cluster: ?1
2026-01-16 01:18:09.486 14475-24966 okhttp.OkHttpClient     com.baatcheet.app                    I  referrer-policy: no-referrer
2026-01-16 01:18:09.486 14475-24966 okhttp.OkHttpClient     com.baatcheet.app                    I  strict-transport-security: max-age=31536000; includeSubDomains; preload
2026-01-16 01:18:09.486 14475-24966 okhttp.OkHttpClient     com.baatcheet.app                    I  x-content-type-options: nosniff
2026-01-16 01:18:09.486 14475-24966 okhttp.OkHttpClient     com.baatcheet.app                    I  x-dns-prefetch-control: off
2026-01-16 01:18:09.486 14475-24966 okhttp.OkHttpClient     com.baatcheet.app                    I  x-download-options: noopen
2026-01-16 01:18:09.487 14475-24966 okhttp.OkHttpClient     com.baatcheet.app                    I  x-frame-options: SAMEORIGIN
2026-01-16 01:18:09.487 14475-24966 okhttp.OkHttpClient     com.baatcheet.app                    I  x-permitted-cross-domain-policies: none
2026-01-16 01:18:09.487 14475-24966 okhttp.OkHttpClient     com.baatcheet.app                    I  x-xss-protection: 0
2026-01-16 01:18:09.487 14475-24966 okhttp.OkHttpClient     com.baatcheet.app                    I  vary: Origin
2026-01-16 01:18:09.487 14475-24966 okhttp.OkHttpClient     com.baatcheet.app                    I  vary: origin, access-control-request-method, access-control-request-headers
2026-01-16 01:18:09.487 14475-24966 okhttp.OkHttpClient     com.baatcheet.app                    I  access-control-allow-credentials: true
2026-01-16 01:18:09.487 14475-24966 okhttp.OkHttpClient     com.baatcheet.app                    I  access-control-expose-headers: X-Request-ID,X-Response-Time,X-RateLimit-Limit,X-RateLimit-Remaining,X-RateLimit-Reset
2026-01-16 01:18:09.488 14475-24966 okhttp.OkHttpClient     com.baatcheet.app                    I  x-clerk-auth-message: Unable to find a signing key in JWKS that matches the kid='undefined' of the provided session token. Please make sure that the __session cookie or the HTTP authorization header contain a Clerk-generated session JWT. The following kid is available: ins_384KLXR0s0ZW3aoWTGXIMeX8Ihm Go to your Dashboard and validate your secret and public keys are correct. Contact support@clerk.com if the issue persists. (reason=jwk-kid-mismatch, token-carrier=header)
2026-01-16 01:18:09.488 14475-24966 okhttp.OkHttpClient     com.baatcheet.app                    I  x-clerk-auth-reason: jwk-kid-mismatch
2026-01-16 01:18:09.488 14475-24966 okhttp.OkHttpClient     com.baatcheet.app                    I  x-clerk-auth-status: signed-out
2026-01-16 01:18:09.488 14475-24966 okhttp.OkHttpClient     com.baatcheet.app                    I  ratelimit-policy: 100;w=900
2026-01-16 01:18:09.488 14475-24966 okhttp.OkHttpClient     com.baatcheet.app                    I  ratelimit-limit: 100
2026-01-16 01:18:09.488 14475-24966 okhttp.OkHttpClient     com.baatcheet.app                    I  ratelimit-remaining: 77
2026-01-16 01:18:09.488 14475-24966 okhttp.OkHttpClient     com.baatcheet.app                    I  ratelimit-reset: 43
2026-01-16 01:18:09.488 14475-24966 okhttp.OkHttpClient     com.baatcheet.app                    I  x-response-time: 311ms
2026-01-16 01:18:09.489 14475-24966 okhttp.OkHttpClient     com.baatcheet.app                    I  etag: W/"63-M90UDJu/TKeq1q7PiqFYf8wcc3g"
2026-01-16 01:18:09.489 14475-24966 okhttp.OkHttpClient     com.baatcheet.app                    I  x-proxied-host: http://10.108.99.227
2026-01-16 01:18:09.489 14475-24966 okhttp.OkHttpClient     com.baatcheet.app                    I  x-proxied-replica: jexrop9f-shrqs
