2026-01-14 15:39:30.709 22448-22448 RemoteInpu...ectionImpl com.baatcheet.app                    W  requestCursorAnchorInfo on inactive InputConnection
2026-01-14 15:39:30.711 22448-22448 ImeTracker              com.baatcheet.app                    I  com.baatcheet.app:74a41262: onCancelled at PHASE_CLIENT_APPLY_ANIMATION
2026-01-14 15:39:32.271 22448-22448 WindowOnBackDispatcher  com.baatcheet.app                    W  sendCancelIfRunning: isInProgress=falsecallback=android.view.ViewRootImpl$$ExternalSyntheticLambda20@e6fc761
2026-01-14 15:39:32.277 22448-22448 View                    com.baatcheet.app                    D  [Warning] assignParent to null: this = androidx.compose.material3.ModalBottomSheetWindow{bd1f405 V.E...... ......ID 0,0-1080,2436 #1020002 android:id/content aid=1073741829}
2026-01-14 15:39:32.279 22448-22448 BLASTBufferQueue        com.baatcheet.app                    D  [VRI[Pop-Up Window]#4](f:0,a:4) destructor()
2026-01-14 15:39:32.279 22448-22448 BufferQueueConsumer     com.baatcheet.app                    D  [VRI[Pop-Up Window]#4(BLAST Consumer)4](id:57b000000004,api:0,p:-1,c:22448) disconnect
2026-01-14 15:39:32.302 22448-22448 InputTransport          com.baatcheet.app                    D  Destroy ARC handle: 0xb400007025dc76a0
2026-01-14 15:39:32.338 22448-22448 InputMethodManager      com.baatcheet.app                    D  invalidateInput sessionid: 0
2026-01-14 15:39:46.163 22448-27203 m.baatcheet.app         com.baatcheet.app                    I  Compiler allocated 6766KB to compile void com.baatcheet.app.ui.chat.ChatScreenKt$ChatDrawerContent$3.invoke(androidx.compose.foundation.layout.ColumnScope, androidx.compose.runtime.Composer, int)
2026-01-14 15:39:46.243 22448-27207 System                  com.baatcheet.app                    W  A resource failed to call release. 
2026-01-14 15:39:48.586 22448-22448 ScrollIdentify          com.baatcheet.app                    I  on fling
2026-01-14 15:39:48.598 22448-27323 TranClassInfo           com.baatcheet.app                    D  instance successfully. com.transsion.hubcore.widget.TranScrollPolicyImpl@9cac9e1 from com.transsion.hubcore.widget.ITranScrollPolicy
2026-01-14 15:39:48.598 22448-27323 TranClassInfo           com.baatcheet.app                    D  instance successfully. com.transsion.hubcore.spdopts.magellan.implement.TranScrollPolicyMagellanImpl@9e0b306 from com.transsion.hubcore.magellan.ITranMagellanScrollPolicyComponent
2026-01-14 15:39:49.452 22448-22448 ScrollIdentify          com.baatcheet.app                    I  on fling
2026-01-14 15:39:49.996 22448-22448 ScrollIdentify          com.baatcheet.app                    I  on fling
2026-01-14 15:39:50.913 22448-22448 ScrollIdentify          com.baatcheet.app                    I  on fling
2026-01-14 15:39:51.584 22448-22448 ScrollIdentify          com.baatcheet.app                    I  on fling
2026-01-14 15:39:52.115 22448-22448 ScrollIdentify          com.baatcheet.app                    I  on fling
2026-01-14 15:39:52.537 22448-22448 ScrollIdentify          com.baatcheet.app                    I  on fling
2026-01-14 15:39:54.587 22448-22448 ImeTracker              com.baatcheet.app                    I  com.baatcheet.app:72d7eccf: onRequestShow at ORIGIN_CLIENT_SHOW_SOFT_INPUT reason SHOW_SOFT_INPUT_BY_INSETS_API
2026-01-14 15:39:54.587 22448-22448 InsetsController        com.baatcheet.app                    D  show(ime(), fromIme=false)
2026-01-14 15:39:54.588 22448-22448 InputMethodManager      com.baatcheet.app                    D  showSoftInput() view=androidx.compose.ui.platform.AndroidComposeView{fe43bb3 VFED..... .F....ID 0,0-1080,2436 aid=1073741825} flags=0 reason=SHOW_SOFT_INPUT_BY_INSETS_API
2026-01-14 15:39:54.669 22448-22448 InsetsController        com.baatcheet.app                    D  show(ime(), fromIme=true)
2026-01-14 15:39:54.974 22448-22448 ImeTracker              com.baatcheet.app                    I  com.baatcheet.app:72d7eccf: onShown
2026-01-14 15:39:59.101 22448-27756 okhttp.OkHttpClient     com.baatcheet.app                    I  --> POST https://sharry121-baatcheet.hf.space/api/v1/chat/analyze
2026-01-14 15:39:59.102 22448-27756 okhttp.OkHttpClient     com.baatcheet.app                    I  Content-Length: 34
2026-01-14 15:39:59.103 22448-27756 okhttp.OkHttpClient     com.baatcheet.app                    I  Authorization: Bearer eyJhbGciOiJIUzI1NiIsInR5cCI6IkpXVCJ9.eyJ1c2VySWQiOiIyODIxYWY1Yy05MGFiLTQ1OGMtOWQ5NC04NWVlZDU1ZTkwYzMiLCJjbGVya0lkIjoidXNlcl8zODZDZTNHVHNUb1lrWnpHbTcxVkJ3NkxWUDAiLCJlbWFpbCI6Im9uc2Vhc29uMTBAZ21haWwuY29tIiwiaWF0IjoxNzY4MzIzOTM3LCJleHAiOjE3Njg5Mjg3Mzd9.XxFcz-xvKG556gxX1Oe31bK804zPkTzgXjfSLHfqMQw
2026-01-14 15:39:59.103 22448-27756 okhttp.OkHttpClient     com.baatcheet.app                    I  Content-Type: application/json
2026-01-14 15:39:59.105 22448-27756 okhttp.OkHttpClient     com.baatcheet.app                    I  {"message":"what is difference b"}
2026-01-14 15:39:59.105 22448-27756 okhttp.OkHttpClient     com.baatcheet.app                    I  --> END POST (34-byte body)
2026-01-14 15:39:59.533 22448-27756 okhttp.OkHttpClient     com.baatcheet.app                    I  <-- 200 https://sharry121-baatcheet.hf.space/api/v1/chat/analyze (427ms)
2026-01-14 15:39:59.533 22448-27756 okhttp.OkHttpClient     com.baatcheet.app                    I  date: Wed, 14 Jan 2026 10:40:00 GMT
2026-01-14 15:39:59.533 22448-27756 okhttp.OkHttpClient     com.baatcheet.app                    I  content-type: application/json; charset=utf-8
2026-01-14 15:39:59.533 22448-27756 okhttp.OkHttpClient     com.baatcheet.app                    I  content-length: 561
2026-01-14 15:39:59.533 22448-27756 okhttp.OkHttpClient     com.baatcheet.app                    I  x-request-id: GZHbUV, GZHbUV
2026-01-14 15:39:59.533 22448-27756 okhttp.OkHttpClient     com.baatcheet.app                    I  content-security-policy: default-src 'self';script-src 'self' 'unsafe-inline';style-src 'self' 'unsafe-inline';img-src 'self' data: https:;connect-src 'self' https://api.clerk.dev;base-uri 'self';font-src 'self' https: data:;form-action 'self';frame-ancestors 'self';object-src 'none';script-src-attr 'none';upgrade-insecure-requests
2026-01-14 15:39:59.533 22448-27756 okhttp.OkHttpClient     com.baatcheet.app                    I  cross-origin-opener-policy: same-origin
2026-01-14 15:39:59.533 22448-27756 okhttp.OkHttpClient     com.baatcheet.app                    I  cross-origin-resource-policy: cross-origin
2026-01-14 15:39:59.533 22448-27756 okhttp.OkHttpClient     com.baatcheet.app                    I  origin-agent-cluster: ?1
2026-01-14 15:39:59.533 22448-27756 okhttp.OkHttpClient     com.baatcheet.app                    I  referrer-policy: no-referrer
2026-01-14 15:39:59.533 22448-27756 okhttp.OkHttpClient     com.baatcheet.app                    I  strict-transport-security: max-age=31536000; includeSubDomains; preload
2026-01-14 15:39:59.534 22448-27756 okhttp.OkHttpClient     com.baatcheet.app                    I  x-content-type-options: nosniff
2026-01-14 15:39:59.534 22448-27756 okhttp.OkHttpClient     com.baatcheet.app                    I  x-dns-prefetch-control: off
2026-01-14 15:39:59.534 22448-27756 okhttp.OkHttpClient     com.baatcheet.app                    I  x-download-options: noopen
2026-01-14 15:39:59.534 22448-27756 okhttp.OkHttpClient     com.baatcheet.app                    I  x-frame-options: SAMEORIGIN
2026-01-14 15:39:59.534 22448-27756 okhttp.OkHttpClient     com.baatcheet.app                    I  x-permitted-cross-domain-policies: none
2026-01-14 15:39:59.534 22448-27756 okhttp.OkHttpClient     com.baatcheet.app                    I  x-xss-protection: 0
2026-01-14 15:39:59.534 22448-27756 okhttp.OkHttpClient     com.baatcheet.app                    I  vary: Origin
2026-01-14 15:39:59.534 22448-27756 okhttp.OkHttpClient     com.baatcheet.app                    I  vary: origin, access-control-request-method, access-control-request-headers
2026-01-14 15:39:59.534 22448-27756 okhttp.OkHttpClient     com.baatcheet.app                    I  access-control-allow-credentials: true
2026-01-14 15:39:59.534 22448-27756 okhttp.OkHttpClient     com.baatcheet.app                    I  access-control-expose-headers: X-Request-ID,X-Response-Time,X-RateLimit-Limit,X-RateLimit-Remaining,X-RateLimit-Reset
2026-01-14 15:39:59.534 22448-27756 okhttp.OkHttpClient     com.baatcheet.app                    I  x-clerk-auth-message: Unable to find a signing key in JWKS that matches the kid='undefined' of the provided session token. Please make sure that the __session cookie or the HTTP authorization header contain a Clerk-generated session JWT. The following kid is available: ins_384KLXR0s0ZW3aoWTGXIMeX8Ihm Go to your Dashboard and validate your secret and public keys are correct. Contact support@clerk.com if the issue persists. (reason=jwk-kid-mismatch, token-carrier=header)
2026-01-14 15:39:59.534 22448-27756 okhttp.OkHttpClient     com.baatcheet.app                    I  x-clerk-auth-reason: jwk-kid-mismatch
2026-01-14 15:39:59.534 22448-27756 okhttp.OkHttpClient     com.baatcheet.app                    I  x-clerk-auth-status: signed-out
2026-01-14 15:39:59.534 22448-27756 okhttp.OkHttpClient     com.baatcheet.app                    I  ratelimit-policy: 100;w=900
2026-01-14 15:39:59.534 22448-27756 okhttp.OkHttpClient     com.baatcheet.app                    I  ratelimit-limit: 100
2026-01-14 15:39:59.534 22448-27756 okhttp.OkHttpClient     com.baatcheet.app                    I  ratelimit-remaining: 94
2026-01-14 15:39:59.534 22448-27756 okhttp.OkHttpClient     com.baatcheet.app                    I  ratelimit-reset: 827
2026-01-14 15:39:59.534 22448-27756 okhttp.OkHttpClient     com.baatcheet.app                    I  x-response-time: 178ms
2026-01-14 15:39:59.534 22448-27756 okhttp.OkHttpClient     com.baatcheet.app                    I  etag: W/"231-r3Mp+rNGCrIHYP7mZ8W1ZNQpDyQ"
2026-01-14 15:39:59.534 22448-27756 okhttp.OkHttpClient     com.baatcheet.app                    I  x-proxied-host: http://10.108.40.68
2026-01-14 15:39:59.534 22448-27756 okhttp.OkHttpClient     com.baatcheet.app                    I  x-proxied-replica: d1nagwh8-vxd4z
2026-01-14 15:39:59.534 22448-27756 okhttp.OkHttpClient     com.baatcheet.app                    I  x-proxied-path: /api/v1/chat/analyze
2026-01-14 15:39:59.534 22448-27756 okhttp.OkHttpClient     com.baatcheet.app                    I  link: <https://huggingface.co/spaces/sharry121/BaatCheet>;rel="canonical"
2026-01-14 15:39:59.535 22448-27756 okhttp.OkHttpClient     com.baatcheet.app                    I  {"success":true,"data":{"mode":{"detected":"explain","confidence":0.1,"keywords":["what is"],"alternatives":[],"config":{"displayName":"Explain","icon":"📚","description":"Educational explanations","requiresSpecialAPI":false}},"intent":"compare","format":"plain","complexity":"simple","language":"urdu","specialInstructions":{"useHeadings":false,"useBulletPoints":false,"useNumberedList":false,"makeTable":false,"highlightImportant":false,"addExamples":false,"useCodeBlock":false},"suggestedSettings":{"temperature":0.3,"maxTokens":500},"formattingHints":""}}
2026-01-14 15:39:59.535 22448-27756 okhttp.OkHttpClient     com.baatcheet.app                    I  <-- END HTTP (561-byte body)
2026-01-14 15:40:00.360 22448-27756 okhttp.OkHttpClient     com.baatcheet.app                    I  --> POST https://sharry121-baatcheet.hf.space/api/v1/chat/analyze
2026-01-14 15:40:00.360 22448-27756 okhttp.OkHttpClient     com.baatcheet.app                    I  Content-Length: 44
2026-01-14 15:40:00.360 22448-27756 okhttp.OkHttpClient     com.baatcheet.app                    I  Authorization: Bearer eyJhbGciOiJIUzI1NiIsInR5cCI6IkpXVCJ9.eyJ1c2VySWQiOiIyODIxYWY1Yy05MGFiLTQ1OGMtOWQ5NC04NWVlZDU1ZTkwYzMiLCJjbGVya0lkIjoidXNlcl8zODZDZTNHVHNUb1lrWnpHbTcxVkJ3NkxWUDAiLCJlbWFpbCI6Im9uc2Vhc29uMTBAZ21haWwuY29tIiwiaWF0IjoxNzY4MzIzOTM3LCJleHAiOjE3Njg5Mjg3Mzd9.XxFcz-xvKG556gxX1Oe31bK804zPkTzgXjfSLHfqMQw
2026-01-14 15:40:00.360 22448-27756 okhttp.OkHttpClient     com.baatcheet.app                    I  Content-Type: application/json
2026-01-14 15:40:00.360 22448-27756 okhttp.OkHttpClient     com.baatcheet.app                    I  {"message":"what is difference between cat"}
2026-01-14 15:40:00.360 22448-27756 okhttp.OkHttpClient     com.baatcheet.app                    I  --> END POST (44-byte body)
2026-01-14 15:40:00.691 22448-27756 okhttp.OkHttpClient     com.baatcheet.app                    I  <-- 200 https://sharry121-baatcheet.hf.space/api/v1/chat/analyze (330ms)
2026-01-14 15:40:00.691 22448-27756 okhttp.OkHttpClient     com.baatcheet.app                    I  date: Wed, 14 Jan 2026 10:40:01 GMT
2026-01-14 15:40:00.691 22448-27756 okhttp.OkHttpClient     com.baatcheet.app                    I  content-type: application/json; charset=utf-8
2026-01-14 15:40:00.692 22448-27756 okhttp.OkHttpClient     com.baatcheet.app                    I  content-length: 562
2026-01-14 15:40:00.692 22448-27756 okhttp.OkHttpClient     com.baatcheet.app                    I  x-request-id: v868c6, v868c6
2026-01-14 15:40:00.692 22448-27756 okhttp.OkHttpClient     com.baatcheet.app                    I  content-security-policy: default-src 'self';script-src 'self' 'unsafe-inline';style-src 'self' 'unsafe-inline';img-src 'self' data: https:;connect-src 'self' https://api.clerk.dev;base-uri 'self';font-src 'self' https: data:;form-action 'self';frame-ancestors 'self';object-src 'none';script-src-attr 'none';upgrade-insecure-requests
2026-01-14 15:40:00.692 22448-27756 okhttp.OkHttpClient     com.baatcheet.app                    I  cross-origin-opener-policy: same-origin
2026-01-14 15:40:00.692 22448-27756 okhttp.OkHttpClient     com.baatcheet.app                    I  cross-origin-resource-policy: cross-origin
2026-01-14 15:40:00.692 22448-27756 okhttp.OkHttpClient     com.baatcheet.app                    I  origin-agent-cluster: ?1
2026-01-14 15:40:00.692 22448-27756 okhttp.OkHttpClient     com.baatcheet.app                    I  referrer-policy: no-referrer
2026-01-14 15:40:00.692 22448-27756 okhttp.OkHttpClient     com.baatcheet.app                    I  strict-transport-security: max-age=31536000; includeSubDomains; preload
2026-01-14 15:40:00.692 22448-27756 okhttp.OkHttpClient     com.baatcheet.app                    I  x-content-type-options: nosniff
2026-01-14 15:40:00.692 22448-27756 okhttp.OkHttpClient     com.baatcheet.app                    I  x-dns-prefetch-control: off
2026-01-14 15:40:00.692 22448-27756 okhttp.OkHttpClient     com.baatcheet.app                    I  x-download-options: noopen
2026-01-14 15:40:00.692 22448-27756 okhttp.OkHttpClient     com.baatcheet.app                    I  x-frame-options: SAMEORIGIN
2026-01-14 15:40:00.692 22448-27756 okhttp.OkHttpClient     com.baatcheet.app                    I  x-permitted-cross-domain-policies: none
2026-01-14 15:40:00.692 22448-27756 okhttp.OkHttpClient     com.baatcheet.app                    I  x-xss-protection: 0
2026-01-14 15:40:00.692 22448-27756 okhttp.OkHttpClient     com.baatcheet.app                    I  vary: Origin
2026-01-14 15:40:00.692 22448-27756 okhttp.OkHttpClient     com.baatcheet.app                    I  vary: origin, access-control-request-method, access-control-request-headers
2026-01-14 15:40:00.693 22448-27756 okhttp.OkHttpClient     com.baatcheet.app                    I  access-control-allow-credentials: true
2026-01-14 15:40:00.693 22448-27756 okhttp.OkHttpClient     com.baatcheet.app                    I  access-control-expose-headers: X-Request-ID,X-Response-Time,X-RateLimit-Limit,X-RateLimit-Remaining,X-RateLimit-Reset
2026-01-14 15:40:00.693 22448-27756 okhttp.OkHttpClient     com.baatcheet.app                    I  x-clerk-auth-message: Unable to find a signing key in JWKS that matches the kid='undefined' of the provided session token. Please make sure that the __session cookie or the HTTP authorization header contain a Clerk-generated session JWT. The following kid is available: ins_384KLXR0s0ZW3aoWTGXIMeX8Ihm Go to your Dashboard and validate your secret and public keys are correct. Contact support@clerk.com if the issue persists. (reason=jwk-kid-mismatch, token-carrier=header)
2026-01-14 15:40:00.693 22448-27756 okhttp.OkHttpClient     com.baatcheet.app                    I  x-clerk-auth-reason: jwk-kid-mismatch
2026-01-14 15:40:00.693 22448-27756 okhttp.OkHttpClient     com.baatcheet.app                    I  x-clerk-auth-status: signed-out
2026-01-14 15:40:00.693 22448-27756 okhttp.OkHttpClient     com.baatcheet.app                    I  ratelimit-policy: 100;w=900
2026-01-14 15:40:00.693 22448-27756 okhttp.OkHttpClient     com.baatcheet.app                    I  ratelimit-limit: 100
2026-01-14 15:40:00.693 22448-27756 okhttp.OkHttpClient     com.baatcheet.app                    I  ratelimit-remaining: 93
2026-01-14 15:40:00.693 22448-27756 okhttp.OkHttpClient     com.baatcheet.app                    I  ratelimit-reset: 666
2026-01-14 15:40:00.693 22448-27756 okhttp.OkHttpClient     com.baatcheet.app                    I  x-response-time: 76ms
2026-01-14 15:40:00.693 22448-27756 okhttp.OkHttpClient     com.baatcheet.app                    I  etag: W/"232-4ovIHjcYq7o4UmtABXXILN+Hu9U"
2026-01-14 15:40:00.693 22448-27756 okhttp.OkHttpClient     com.baatcheet.app                    I  x-proxied-host: http://10.108.40.68
2026-01-14 15:40:00.693 22448-27756 okhttp.OkHttpClient     com.baatcheet.app                    I  x-proxied-replica: d1nagwh8-vxd4z
2026-01-14 15:40:00.694 22448-27756 okhttp.OkHttpClient     com.baatcheet.app                    I  x-proxied-path: /api/v1/chat/analyze
2026-01-14 15:40:00.694 22448-27756 okhttp.OkHttpClient     com.baatcheet.app                    I  link: <https://huggingface.co/spaces/sharry121/BaatCheet>;rel="canonical"
2026-01-14 15:40:00.699 22448-27756 okhttp.OkHttpClient     com.baatcheet.app                    I  {"success":true,"data":{"mode":{"detected":"explain","confidence":0.1,"keywords":["what is"],"alternatives":[],"config":{"displayName":"Explain","icon":"📚","description":"Educational explanations","requiresSpecialAPI":false}},"intent":"compare","format":"plain","complexity":"simple","language":"other","specialInstructions":{"useHeadings":false,"useBulletPoints":false,"useNumberedList":false,"makeTable":false,"highlightImportant":false,"addExamples":false,"useCodeBlock":false},"suggestedSettings":{"temperature":0.3,"maxTokens":500},"formattingHints":""}}
2026-01-14 15:40:00.699 22448-27756 okhttp.OkHttpClient     com.baatcheet.app                    I  <-- END HTTP (562-byte body)
2026-01-14 15:40:03.736 22448-27756 okhttp.OkHttpClient     com.baatcheet.app                    I  --> POST https://sharry121-baatcheet.hf.space/api/v1/chat/completions
2026-01-14 15:40:03.736 22448-27756 okhttp.OkHttpClient     com.baatcheet.app                    I  Content-Length: 67
2026-01-14 15:40:03.736 22448-27756 okhttp.OkHttpClient     com.baatcheet.app                    I  Authorization: Bearer eyJhbGciOiJIUzI1NiIsInR5cCI6IkpXVCJ9.eyJ1c2VySWQiOiIyODIxYWY1Yy05MGFiLTQ1OGMtOWQ5NC04NWVlZDU1ZTkwYzMiLCJjbGVya0lkIjoidXNlcl8zODZDZTNHVHNUb1lrWnpHbTcxVkJ3NkxWUDAiLCJlbWFpbCI6Im9uc2Vhc29uMTBAZ21haWwuY29tIiwiaWF0IjoxNzY4MzIzOTM3LCJleHAiOjE3Njg5Mjg3Mzd9.XxFcz-xvKG556gxX1Oe31bK804zPkTzgXjfSLHfqMQw
2026-01-14 15:40:03.736 22448-27756 okhttp.OkHttpClient     com.baatcheet.app                    I  Content-Type: application/json
2026-01-14 15:40:03.736 22448-27756 okhttp.OkHttpClient     com.baatcheet.app                    I  {"message":"what is difference between cat and dog","stream":false}
2026-01-14 15:40:03.736 22448-27756 okhttp.OkHttpClient     com.baatcheet.app                    I  --> END POST (67-byte body)
2026-01-14 15:40:03.747 22448-22448 InputMethodManager      com.baatcheet.app                    D  invalidateInput sessionid: 0
2026-01-14 15:40:03.878 22448-22448 InsetsController        com.baatcheet.app                    D  show(ime(), fromIme=true)
2026-01-14 15:40:03.878 22448-22448 ImeTracker              com.baatcheet.app                    I  com.baatcheet.app:67e3ade9: onCancelled at PHASE_CLIENT_APPLY_ANIMATION
2026-01-14 15:40:04.846 22448-22448 WindowOnBackDispatcher  com.baatcheet.app                    W  sendCancelIfRunning: isInProgress=falsecallback=ImeCallback=ImeOnBackInvokedCallback@37524990 Callback=android.window.IOnBackInvokedCallback$Stub$Proxy@b8dce7b
2026-01-14 15:40:05.160 22448-22448 ImeTracker              com.baatcheet.app                    I  com.baatcheet.app:c3a5be9b: onRequestHide at ORIGIN_CLIENT_HIDE_SOFT_INPUT reason HIDE_SOFT_INPUT_BY_INSETS_API
2026-01-14 15:40:05.162 22448-22448 ImeTracker              com.baatcheet.app                    I  com.baatcheet.app:afc8a8bc: onHidden
2026-01-14 15:40:05.932 22448-27756 okhttp.OkHttpClient     com.baatcheet.app                    I  <-- 200 https://sharry121-baatcheet.hf.space/api/v1/chat/completions (2195ms)
2026-01-14 15:40:05.932 22448-27756 okhttp.OkHttpClient     com.baatcheet.app                    I  date: Wed, 14 Jan 2026 10:40:06 GMT
2026-01-14 15:40:05.932 22448-27756 okhttp.OkHttpClient     com.baatcheet.app                    I  content-type: application/json; charset=utf-8
2026-01-14 15:40:05.932 22448-27756 okhttp.OkHttpClient     com.baatcheet.app                    I  content-length: 1334
2026-01-14 15:40:05.932 22448-27756 okhttp.OkHttpClient     com.baatcheet.app                    I  x-request-id: t4zUQQ, t4zUQQ
2026-01-14 15:40:05.932 22448-27756 okhttp.OkHttpClient     com.baatcheet.app                    I  content-security-policy: default-src 'self';script-src 'self' 'unsafe-inline';style-src 'self' 'unsafe-inline';img-src 'self' data: https:;connect-src 'self' https://api.clerk.dev;base-uri 'self';font-src 'self' https: data:;form-action 'self';frame-ancestors 'self';object-src 'none';script-src-attr 'none';upgrade-insecure-requests
2026-01-14 15:40:05.932 22448-27756 okhttp.OkHttpClient     com.baatcheet.app                    I  cross-origin-opener-policy: same-origin
2026-01-14 15:40:05.932 22448-27756 okhttp.OkHttpClient     com.baatcheet.app                    I  cross-origin-resource-policy: cross-origin
2026-01-14 15:40:05.932 22448-27756 okhttp.OkHttpClient     com.baatcheet.app                    I  origin-agent-cluster: ?1
2026-01-14 15:40:05.932 22448-27756 okhttp.OkHttpClient     com.baatcheet.app                    I  referrer-policy: no-referrer
2026-01-14 15:40:05.932 22448-27756 okhttp.OkHttpClient     com.baatcheet.app                    I  strict-transport-security: max-age=31536000; includeSubDomains; preload
2026-01-14 15:40:05.932 22448-27756 okhttp.OkHttpClient     com.baatcheet.app                    I  x-content-type-options: nosniff
2026-01-14 15:40:05.932 22448-27756 okhttp.OkHttpClient     com.baatcheet.app                    I  x-dns-prefetch-control: off
2026-01-14 15:40:05.932 22448-27756 okhttp.OkHttpClient     com.baatcheet.app                    I  x-download-options: noopen
2026-01-14 15:40:05.933 22448-27756 okhttp.OkHttpClient     com.baatcheet.app                    I  x-frame-options: SAMEORIGIN
2026-01-14 15:40:05.933 22448-27756 okhttp.OkHttpClient     com.baatcheet.app                    I  x-permitted-cross-domain-policies: none
2026-01-14 15:40:05.933 22448-27756 okhttp.OkHttpClient     com.baatcheet.app                    I  x-xss-protection: 0
2026-01-14 15:40:05.933 22448-27756 okhttp.OkHttpClient     com.baatcheet.app                    I  vary: Origin
2026-01-14 15:40:05.933 22448-27756 okhttp.OkHttpClient     com.baatcheet.app                    I  vary: origin, access-control-request-method, access-control-request-headers
2026-01-14 15:40:05.933 22448-27756 okhttp.OkHttpClient     com.baatcheet.app                    I  access-control-allow-credentials: true
2026-01-14 15:40:05.933 22448-27756 okhttp.OkHttpClient     com.baatcheet.app                    I  access-control-expose-headers: X-Request-ID,X-Response-Time,X-RateLimit-Limit,X-RateLimit-Remaining,X-RateLimit-Reset
2026-01-14 15:40:05.933 22448-27756 okhttp.OkHttpClient     com.baatcheet.app                    I  x-clerk-auth-message: Unable to find a signing key in JWKS that matches the kid='undefined' of the provided session token. Please make sure that the __session cookie or the HTTP authorization header contain a Clerk-generated session JWT. The following kid is available: ins_384KLXR0s0ZW3aoWTGXIMeX8Ihm Go to your Dashboard and validate your secret and public keys are correct. Contact support@clerk.com if the issue persists. (reason=jwk-kid-mismatch, token-carrier=header)
2026-01-14 15:40:05.933 22448-27756 okhttp.OkHttpClient     com.baatcheet.app                    I  x-clerk-auth-reason: jwk-kid-mismatch
2026-01-14 15:40:05.933 22448-27756 okhttp.OkHttpClient     com.baatcheet.app                    I  x-clerk-auth-status: signed-out
2026-01-14 15:40:05.933 22448-27756 okhttp.OkHttpClient     com.baatcheet.app                    I  ratelimit-policy: 30;w=60
2026-01-14 15:40:05.933 22448-27756 okhttp.OkHttpClient     com.baatcheet.app                    I  ratelimit-limit: 30
2026-01-14 15:40:05.933 22448-27756 okhttp.OkHttpClient     com.baatcheet.app                    I  ratelimit-remaining: 29
2026-01-14 15:40:05.933 22448-27756 okhttp.OkHttpClient     com.baatcheet.app                    I  ratelimit-reset: 60
2026-01-14 15:40:05.933 22448-27756 okhttp.OkHttpClient     com.baatcheet.app                    I  x-response-time: 1365ms
2026-01-14 15:40:05.933 22448-27756 okhttp.OkHttpClient     com.baatcheet.app                    I  etag: W/"536-Fwpg0NLFlpmvUGyYQjlX7q5P4wc"
2026-01-14 15:40:05.933 22448-27756 okhttp.OkHttpClient     com.baatcheet.app                    I  x-proxied-host: http://10.108.40.68
2026-01-14 15:40:05.933 22448-27756 okhttp.OkHttpClient     com.baatcheet.app                    I  x-proxied-replica: d1nagwh8-vxd4z
2026-01-14 15:40:05.933 22448-27756 okhttp.OkHttpClient     com.baatcheet.app                    I  x-proxied-path: /api/v1/chat/completions
2026-01-14 15:40:05.933 22448-27756 okhttp.OkHttpClient     com.baatcheet.app                    I  link: <https://huggingface.co/spaces/sharry121/BaatCheet>;rel="canonical"
2026-01-14 15:40:05.934 22448-27756 okhttp.OkHttpClient     com.baatcheet.app                    I  {"success":true,"data":{"message":{"role":"assistant","content":"Let's compare cats and dogs 🐾\n\nThe main difference between cats and dogs is their behavior and lifestyle. Cats are generally more independent and aloof, while dogs are often more social and affectionate. Cats are happy to entertain themselves, while dogs thrive on interaction with their human family.\n\nIn terms of grooming, cats are low-maintenance and clean themselves, whereas dogs often require regular bathing and brushing. Cats are also more agile and flexible, with a strong instinct to climb and scratch. Dogs, on the other hand, are often more energetic and love to run around.\n\nWhen it comes to training, dogs are generally more responsive to commands and can be trained for various tasks. Cats are more stubborn and may not listen to commands, but they can still be trained with patience and positive reinforcement.\n- Overall, the choice between a cat and a dog as a pet depends on your lifestyle and preferences. If you want a low-maintenance, independent pet, a cat might be the better choice. If you're looking for a social, affectionate companion, a dog could be the way to go."},"conversationId":"c6dd4611-59f8-449e-81a0-91d26b326cff","model":"llama-3.3-70b-versatile","provider":"groq","tokens":{"prompt":2487,"completion":226,"total":2713}}}
2026-01-14 15:40:05.934 22448-27756 okhttp.OkHttpClient     com.baatcheet.app                    I  <-- END HTTP (1334-byte body)
2026-01-14 15:40:05.943 22448-27756 okhttp.OkHttpClient     com.baatcheet.app                    I  --> GET https://sharry121-baatcheet.hf.space/api/v1/conversations?limit=50&offset=0
2026-01-14 15:40:05.943 22448-27756 okhttp.OkHttpClient     com.baatcheet.app                    I  Authorization: Bearer eyJhbGciOiJIUzI1NiIsInR5cCI6IkpXVCJ9.eyJ1c2VySWQiOiIyODIxYWY1Yy05MGFiLTQ1OGMtOWQ5NC04NWVlZDU1ZTkwYzMiLCJjbGVya0lkIjoidXNlcl8zODZDZTNHVHNUb1lrWnpHbTcxVkJ3NkxWUDAiLCJlbWFpbCI6Im9uc2Vhc29uMTBAZ21haWwuY29tIiwiaWF0IjoxNzY4MzIzOTM3LCJleHAiOjE3Njg5Mjg3Mzd9.XxFcz-xvKG556gxX1Oe31bK804zPkTzgXjfSLHfqMQw
2026-01-14 15:40:05.943 22448-27756 okhttp.OkHttpClient     com.baatcheet.app                    I  Content-Type: application/json
2026-01-14 15:40:05.943 22448-27756 okhttp.OkHttpClient     com.baatcheet.app                    I  --> END GET
2026-01-14 15:40:05.951 22448-27796 okhttp.OkHttpClient     com.baatcheet.app                    I  --> POST https://sharry121-baatcheet.hf.space/api/v1/chat/suggest
2026-01-14 15:40:05.951 22448-27796 okhttp.OkHttpClient     com.baatcheet.app                    I  Content-Length: 1177
2026-01-14 15:40:05.951 22448-27796 okhttp.OkHttpClient     com.baatcheet.app                    I  Authorization: Bearer eyJhbGciOiJIUzI1NiIsInR5cCI6IkpXVCJ9.eyJ1c2VySWQiOiIyODIxYWY1Yy05MGFiLTQ1OGMtOWQ5NC04NWVlZDU1ZTkwYzMiLCJjbGVya0lkIjoidXNlcl8zODZDZTNHVHNUb1lrWnpHbTcxVkJ3NkxWUDAiLCJlbWFpbCI6Im9uc2Vhc29uMTBAZ21haWwuY29tIiwiaWF0IjoxNzY4MzIzOTM3LCJleHAiOjE3Njg5Mjg3Mzd9.XxFcz-xvKG556gxX1Oe31bK804zPkTzgXjfSLHfqMQw
2026-01-14 15:40:05.951 22448-27797 okhttp.OkHttpClient     com.baatcheet.app                    I  --> GET https://sharry121-baatcheet.hf.space/api/v1/chat/usage
2026-01-14 15:40:05.951 22448-27796 okhttp.OkHttpClient     com.baatcheet.app                    I  Content-Type: application/json
2026-01-14 15:40:05.951 22448-27797 okhttp.OkHttpClient     com.baatcheet.app                    I  Authorization: Bearer eyJhbGciOiJIUzI1NiIsInR5cCI6IkpXVCJ9.eyJ1c2VySWQiOiIyODIxYWY1Yy05MGFiLTQ1OGMtOWQ5NC04NWVlZDU1ZTkwYzMiLCJjbGVya0lkIjoidXNlcl8zODZDZTNHVHNUb1lrWnpHbTcxVkJ3NkxWUDAiLCJlbWFpbCI6Im9uc2Vhc29uMTBAZ21haWwuY29tIiwiaWF0IjoxNzY4MzIzOTM3LCJleHAiOjE3Njg5Mjg3Mzd9.XxFcz-xvKG556gxX1Oe31bK804zPkTzgXjfSLHfqMQw
2026-01-14 15:40:05.951 22448-27796 okhttp.OkHttpClient     com.baatcheet.app                    I  {"conversationId":"c6dd4611-59f8-449e-81a0-91d26b326cff","lastResponse":"Let's compare cats and dogs 🐾\n\nThe main difference between cats and dogs is their behavior and lifestyle. Cats are generally more independent and aloof, while dogs are often more social and affectionate. Cats are happy to entertain themselves, while dogs thrive on interaction with their human family.\n\nIn terms of grooming, cats are low-maintenance and clean themselves, whereas dogs often require regular bathing and brushing. Cats are also more agile and flexible, with a strong instinct to climb and scratch. Dogs, on the other hand, are often more energetic and love to run around.\n\nWhen it comes to training, dogs are generally more responsive to commands and can be trained for various tasks. Cats are more stubborn and may not listen to commands, but they can still be trained with patience and positive reinforcement.\n- Overall, the choice between a cat and a dog as a pet depends on your lifestyle and preferences. If you want a low-maintenance, independent pet, a cat might be the better choice. If you're looking for a social, affectionate companion, a dog could be the way to go."}
2026-01-14 15:40:05.951 22448-27796 okhttp.OkHttpClient     com.baatcheet.app                    I  --> END POST (1177-byte body)
2026-01-14 15:40:05.951 22448-27797 okhttp.OkHttpClient     com.baatcheet.app                    I  Content-Type: application/json
2026-01-14 15:40:05.951 22448-27797 okhttp.OkHttpClient     com.baatcheet.app                    I  --> END GET
2026-01-14 15:40:06.024 22448-22448 Compatibil...geReporter com.baatcheet.app                    D  Compat change id reported: 247079863; UID 10639; state: ENABLED
2026-01-14 15:40:06.390 22448-27756 okhttp.OkHttpClient     com.baatcheet.app                    I  <-- 200 https://sharry121-baatcheet.hf.space/api/v1/conversations?limit=50&offset=0 (446ms)
2026-01-14 15:40:06.390 22448-27756 okhttp.OkHttpClient     com.baatcheet.app                    I  date: Wed, 14 Jan 2026 10:40:07 GMT
2026-01-14 15:40:06.390 22448-27756 okhttp.OkHttpClient     com.baatcheet.app                    I  content-type: application/json; charset=utf-8
2026-01-14 15:40:06.390 22448-27756 okhttp.OkHttpClient     com.baatcheet.app                    I  content-length: 5430
2026-01-14 15:40:06.390 22448-27756 okhttp.OkHttpClient     com.baatcheet.app                    I  x-request-id: MW-qi8, MW-qi8
2026-01-14 15:40:06.390 22448-27756 okhttp.OkHttpClient     com.baatcheet.app                    I  content-security-policy: default-src 'self';script-src 'self' 'unsafe-inline';style-src 'self' 'unsafe-inline';img-src 'self' data: https:;connect-src 'self' https://api.clerk.dev;base-uri 'self';font-src 'self' https: data:;form-action 'self';frame-ancestors 'self';object-src 'none';script-src-attr 'none';upgrade-insecure-requests
2026-01-14 15:40:06.390 22448-27756 okhttp.OkHttpClient     com.baatcheet.app                    I  cross-origin-opener-policy: same-origin
2026-01-14 15:40:06.390 22448-27756 okhttp.OkHttpClient     com.baatcheet.app                    I  cross-origin-resource-policy: cross-origin
2026-01-14 15:40:06.390 22448-27756 okhttp.OkHttpClient     com.baatcheet.app                    I  origin-agent-cluster: ?1
2026-01-14 15:40:06.390 22448-27756 okhttp.OkHttpClient     com.baatcheet.app                    I  referrer-policy: no-referrer
2026-01-14 15:40:06.390 22448-27756 okhttp.OkHttpClient     com.baatcheet.app                    I  strict-transport-security: max-age=31536000; includeSubDomains; preload
2026-01-14 15:40:06.390 22448-27756 okhttp.OkHttpClient     com.baatcheet.app                    I  x-content-type-options: nosniff
2026-01-14 15:40:06.390 22448-27756 okhttp.OkHttpClient     com.baatcheet.app                    I  x-dns-prefetch-control: off
2026-01-14 15:40:06.391 22448-27756 okhttp.OkHttpClient     com.baatcheet.app                    I  x-download-options: noopen
2026-01-14 15:40:06.391 22448-27756 okhttp.OkHttpClient     com.baatcheet.app                    I  x-frame-options: SAMEORIGIN
2026-01-14 15:40:06.391 22448-27756 okhttp.OkHttpClient     com.baatcheet.app                    I  x-permitted-cross-domain-policies: none
2026-01-14 15:40:06.391 22448-27756 okhttp.OkHttpClient     com.baatcheet.app                    I  x-xss-protection: 0
2026-01-14 15:40:06.391 22448-27756 okhttp.OkHttpClient     com.baatcheet.app                    I  vary: Origin
2026-01-14 15:40:06.391 22448-27756 okhttp.OkHttpClient     com.baatcheet.app                    I  vary: origin, access-control-request-method, access-control-request-headers
2026-01-14 15:40:06.391 22448-27756 okhttp.OkHttpClient     com.baatcheet.app                    I  access-control-allow-credentials: true
2026-01-14 15:40:06.391 22448-27756 okhttp.OkHttpClient     com.baatcheet.app                    I  access-control-expose-headers: X-Request-ID,X-Response-Time,X-RateLimit-Limit,X-RateLimit-Remaining,X-RateLimit-Reset
2026-01-14 15:40:06.391 22448-27756 okhttp.OkHttpClient     com.baatcheet.app                    I  x-clerk-auth-message: Unable to find a signing key in JWKS that matches the kid='undefined' of the provided session token. Please make sure that the __session cookie or the HTTP authorization header contain a Clerk-generated session JWT. The following kid is available: ins_384KLXR0s0ZW3aoWTGXIMeX8Ihm Go to your Dashboard and validate your secret and public keys are correct. Contact support@clerk.com if the issue persists. (reason=jwk-kid-mismatch, token-carrier=header)
2026-01-14 15:40:06.391 22448-27756 okhttp.OkHttpClient     com.baatcheet.app                    I  x-clerk-auth-reason: jwk-kid-mismatch
2026-01-14 15:40:06.391 22448-27756 okhttp.OkHttpClient     com.baatcheet.app                    I  x-clerk-auth-status: signed-out
2026-01-14 15:40:06.391 22448-27756 okhttp.OkHttpClient     com.baatcheet.app                    I  ratelimit-policy: 100;w=900
2026-01-14 15:40:06.391 22448-27756 okhttp.OkHttpClient     com.baatcheet.app                    I  ratelimit-limit: 100
2026-01-14 15:40:06.391 22448-27756 okhttp.OkHttpClient     com.baatcheet.app                    I  ratelimit-remaining: 91
2026-01-14 15:40:06.391 22448-27756 okhttp.OkHttpClient     com.baatcheet.app                    I  ratelimit-reset: 661
2026-01-14 15:40:06.391 22448-27756 okhttp.OkHttpClient     com.baatcheet.app                    I  x-response-time: 119ms
2026-01-14 15:40:06.391 22448-27756 okhttp.OkHttpClient     com.baatcheet.app                    I  etag: W/"1536-1rER1HvjiVO8tG1DSi4XmS8H8ps"
2026-01-14 15:40:06.391 22448-27756 okhttp.OkHttpClient     com.baatcheet.app                    I  x-proxied-host: http://10.108.40.68
2026-01-14 15:40:06.391 22448-27756 okhttp.OkHttpClient     com.baatcheet.app                    I  x-proxied-replica: d1nagwh8-vxd4z
2026-01-14 15:40:06.391 22448-27756 okhttp.OkHttpClient     com.baatcheet.app                    I  x-proxied-path: /api/v1/conversations?limit=50&offset=0
2026-01-14 15:40:06.391 22448-27756 okhttp.OkHttpClient     com.baatcheet.app                    I  link: <https://huggingface.co/spaces/sharry121/BaatCheet>;rel="canonical"
2026-01-14 15:40:06.392 22448-27756 okhttp.OkHttpClient     com.baatcheet.app                    I  {"success":true,"data":{"items":[{"id":"c6dd4611-59f8-449e-81a0-91d26b326cff","title":"what is difference between cat and dog","model":"llama-3.3-70b-versatile","tags":[],"isPinned":false,"isArchived":false,"totalTokens":2713,"createdAt":"2026-01-14T10:40:05.436Z","updatedAt":"2026-01-14T10:40:06.715Z","messageCount":2},{"id":"6e99e1fc-b55f-4afa-ac94-af022ecc6183","title":"asalmulakim kaisa ho ap?","model":"llama-3.3-70b-versatile","tags":[],"isPinned":false,"isArchived":false,"totalTokens":9910,"createdAt":"2026-01-14T06:39:00.333Z","updatedAt":"2026-01-14T08:34:17.501Z","messageCount":8},{"id":"ba46a42c-ab67-4ee4-8b78-9bf953e47867","title":"hello hello","model":"llama-3.3-70b-versatile","tags":[],"isPinned":false,"isArchived":false,"totalTokens":280,"createdAt":"2026-01-14T07:27:27.408Z","updatedAt":"2026-01-14T07:27:47.828Z","messageCount":4},{"id":"3a9b32c4-7d1d-45b7-8dba-5490608c8c58","title":"hii can you please make a difference between...","model":"llama-3.3-70b-versatile","tags":[],"isPinned":false,"isArchived":false,"totalTokens":1427,"createdAt":"2026-01-14T07:26:51.845Z","updatedAt":"2026-01-14T07:26:53.045Z","messageCount":2},{"id":"8f47648f-dd93-4f35-96c8-79527c92f1a9","title":"create a difference of healthy vs un healthy food...","model":"llama-3.3-70b-versatile","tags":[],"isPinned":false,"isArchived":false,"totalTokens":3478,"createdAt":"2026-01-14T07:16:26.427Z","updatedAt":"2026-01-14T07:16:42.962Z","messageCount":3},{"id":"2553b2ea-729f-4dad-b645-7f91fcac899c","title":"create a table on difference between ltv vs htv","model":"llama-3.3-70b-versatile","tags":[],"isPinned":false,"isArchived":false,"totalTokens":1732,"createdAt":"2026-01-14T06:28:10.937Z","updatedAt":"2026-01-14T06:28:12.339Z","messageCount":2},{"id":"0c34030c-cb6b-4ae2-81a7-7f2014d4a7f4","title":"hello how are you hello hello","model":"llama-3.3-70b-versatile","tags":[],"isPinned":false,"isArchived":false,"totalTokens":364,"createdAt":"2026-01-14T06:18:05.469Z","updatedAt":"2026-01-14T06:18:20.804Z","messageCount":4},{"id":"374beb45-a1f1-4cb0-8207-cc0cf4ee6286","title":"hello hello how are you","model":"llama-3.3-70b-versatile","tags":[],"isPinned":false,"isArchived":false,"totalTokens":327,"createdAt":"2026-01-14T03:21:02.435Z","updatedAt":"2026-01-14T03:21:39.426Z","messageCount":4},{"id":"a9d53c89-bf07-4975-b6ce-88fd8f5e5e99","title":"how are you?","model":"llama-3.3-70b-versatile","tags":[],"isPinned":false,"isArchived":false,"totalTokens":1119,"createdAt":"2026-01-14T02:59:09.082Z","updatedAt":"2026-01-14T02:59:09.625Z","messageCount":2},{"id":"1d9dd43a-8d29-48c1-8c78-5324b4831696","title":"Hello, how are you?","model":"llama-3.3-70b-versatile","tags":[],"isPinned":false,"isArchived":false,"totalTokens":1010,"createdAt":"2026-01-14T02:42:54.011Z","updatedAt":"2026-01-14T02:42:54.600Z","messageCount":2},{"id":"0bbe3728-8db1-4ea6-a38d-f541f5fddfaf","title":"how are you?","model":"llama-3.3-70b-versatile","tags":[],"isPinned":false,"isArchived":false,"totalTokens":9465,"createdAt":"2026-01-13T17:55:12.327Z","updatedAt":"2026-01-13T18:00:45.810Z","messageCount":10},{"id":"b41b4778-6f44-423e-a133-4856557a5ef7","title":"Design a database schema for an online merch store","model":"llama-3.3-70b-versatile","tags":[],"isPinned":false,"isArchived":false,"totalTokens":1864,"createdAt":"2026-01-13T17:09:04.927Z","updatedAt":"2026-01-13T17:09:06.166Z","messageCount":2},{"id":"7cd4f044-174f-4707-a679-19fb3ff82fad","title":"Design a database schema for an online merch store","model":"llama-3.3-70b-versatile","tags":[],"isPinned":false,"isArchived":false,"totalTokens":1864,"createdAt":"2026-01-13T17:08:32.323Z","updatedAt":"2026-01-13T17:08:33.685Z","messageCount":2},{"id":"edcd3db7-03a8-4b01-ac6d-f1ce82f14ed1","title":"analzye the pdf and tell em hte summary in easy...","model":"llama-3.3-70b-versatile","tags":[],"isPinned":false,"isArchived":false,"totalTokens":7395,"createdAt":"2026-01-12T05:59:56.896Z","updatedAt":"2026-01-13T17:08:27.074Z","messageC
2026-01-14 15:40:06.393 22448-27756 okhttp.OkHttpClient     com.baatcheet.app                    I  ount":14},{"id":"41915edc-a2af-46b8-a323-42adb43a31b1","title":"how are you","model":"llama-3.3-70b-versatile","tags":[],"isPinned":false,"isArchived":false,"totalTokens":2125,"createdAt":"2026-01-13T17:04:44.552Z","updatedAt":"2026-01-13T17:06:28.103Z","messageCount":4},{"id":"63bef6e8-a0e6-47a6-ab26-9db6b4a8bce5","title":"why?","model":"llama-3.3-70b-versatile","tags":[],"isPinned":false,"isArchived":false,"totalTokens":2647,"createdAt":"2026-01-13T17:04:49.861Z","updatedAt":"2026-01-13T17:06:11.322Z","messageCount":4},{"id":"9590fadb-3433-43a7-b566-9d0503ae53ac","title":"how are you","model":"llama-3.3-70b-versatile","tags":[],"isPinned":false,"isArchived":false,"totalTokens":1018,"createdAt":"2026-01-13T17:05:42.942Z","updatedAt":"2026-01-13T17:05:43.474Z","messageCount":2},{"id":"444b406b-e23d-4c0f-96ad-0ff2189b0d69","title":"whats this logo for [Image Context - DO NOT...","model":"llama-3.3-70b-versatile","tags":[],"isPinned":false,"isArchived":false,"totalTokens":132,"createdAt":"2026-01-11T06:40:12.748Z","updatedAt":"2026-01-11T06:40:13.277Z","messageCount":2},{"id":"a35acfa8-6e39-4a15-b2c2-d08f1b24aebd","title":"what happening in this logo","model":"llama-3.3-70b-versatile","tags":[],"isPinned":false,"isArchived":false,"totalTokens":1139,"createdAt":"2026-01-11T06:32:00.360Z","updatedAt":"2026-01-11T06:36:28.763Z","messageCount":14}],"pagination":{"total":19,"limit":50,"offset":0,"hasMore":false}}}
2026-01-14 15:40:06.393 22448-27756 okhttp.OkHttpClient     com.baatcheet.app                    I  <-- END HTTP (5430-byte body)
2026-01-14 15:40:06.630 22448-27797 okhttp.OkHttpClient     com.baatcheet.app                    I  <-- 200 https://sharry121-baatcheet.hf.space/api/v1/chat/usage (678ms)
2026-01-14 15:40:06.630 22448-27797 okhttp.OkHttpClient     com.baatcheet.app                    I  date: Wed, 14 Jan 2026 10:40:07 GMT
2026-01-14 15:40:06.630 22448-27797 okhttp.OkHttpClient     com.baatcheet.app                    I  content-type: application/json; charset=utf-8
2026-01-14 15:40:06.631 22448-27797 okhttp.OkHttpClient     com.baatcheet.app                    I  content-length: 270
2026-01-14 15:40:06.631 22448-27797 okhttp.OkHttpClient     com.baatcheet.app                    I  x-request-id: kiBlnX, kiBlnX
2026-01-14 15:40:06.631 22448-27797 okhttp.OkHttpClient     com.baatcheet.app                    I  content-security-policy: default-src 'self';script-src 'self' 'unsafe-inline';style-src 'self' 'unsafe-inline';img-src 'self' data: https:;connect-src 'self' https://api.clerk.dev;base-uri 'self';font-src 'self' https: data:;form-action 'self';frame-ancestors 'self';object-src 'none';script-src-attr 'none';upgrade-insecure-requests
2026-01-14 15:40:06.631 22448-27797 okhttp.OkHttpClient     com.baatcheet.app                    I  cross-origin-opener-policy: same-origin
2026-01-14 15:40:06.631 22448-27797 okhttp.OkHttpClient     com.baatcheet.app                    I  cross-origin-resource-policy: cross-origin
2026-01-14 15:40:06.631 22448-27797 okhttp.OkHttpClient     com.baatcheet.app                    I  origin-agent-cluster: ?1
2026-01-14 15:40:06.631 22448-27797 okhttp.OkHttpClient     com.baatcheet.app                    I  referrer-policy: no-referrer
2026-01-14 15:40:06.631 22448-27797 okhttp.OkHttpClient     com.baatcheet.app                    I  strict-transport-security: max-age=31536000; includeSubDomains; preload
2026-01-14 15:40:06.631 22448-27797 okhttp.OkHttpClient     com.baatcheet.app                    I  x-content-type-options: nosniff
2026-01-14 15:40:06.631 22448-27797 okhttp.OkHttpClient     com.baatcheet.app                    I  x-dns-prefetch-control: off
2026-01-14 15:40:06.632 22448-27797 okhttp.OkHttpClient     com.baatcheet.app                    I  x-download-options: noopen
2026-01-14 15:40:06.632 22448-27797 okhttp.OkHttpClient     com.baatcheet.app                    I  x-frame-options: SAMEORIGIN
2026-01-14 15:40:06.632 22448-27797 okhttp.OkHttpClient     com.baatcheet.app                    I  x-permitted-cross-domain-policies: none
2026-01-14 15:40:06.632 22448-27797 okhttp.OkHttpClient     com.baatcheet.app                    I  x-xss-protection: 0
2026-01-14 15:40:06.632 22448-27797 okhttp.OkHttpClient     com.baatcheet.app                    I  vary: Origin
2026-01-14 15:40:06.632 22448-27797 okhttp.OkHttpClient     com.baatcheet.app                    I  vary: origin, access-control-request-method, access-control-request-headers
2026-01-14 15:40:06.632 22448-27797 okhttp.OkHttpClient     com.baatcheet.app                    I  access-control-allow-credentials: true
2026-01-14 15:40:06.632 22448-27797 okhttp.OkHttpClient     com.baatcheet.app                    I  access-control-expose-headers: X-Request-ID,X-Response-Time,X-RateLimit-Limit,X-RateLimit-Remaining,X-RateLimit-Reset
2026-01-14 15:40:06.632 22448-27797 okhttp.OkHttpClient     com.baatcheet.app                    I  x-clerk-auth-message: Unable to find a signing key in JWKS that matches the kid='undefined' of the provided session token. Please make sure that the __session cookie or the HTTP authorization header contain a Clerk-generated session JWT. The following kid is available: ins_384KLXR0s0ZW3aoWTGXIMeX8Ihm Go to your Dashboard and validate your secret and public keys are correct. Contact support@clerk.com if the issue persists. (reason=jwk-kid-mismatch, token-carrier=header)
2026-01-14 15:40:06.633 22448-27797 okhttp.OkHttpClient     com.baatcheet.app                    I  x-clerk-auth-reason: jwk-kid-mismatch
2026-01-14 15:40:06.633 22448-27797 okhttp.OkHttpClient     com.baatcheet.app                    I  x-clerk-auth-status: signed-out
2026-01-14 15:40:06.633 22448-27797 okhttp.OkHttpClient     com.baatcheet.app                    I  ratelimit-policy: 100;w=900
2026-01-14 15:40:06.633 22448-27797 okhttp.OkHttpClient     com.baatcheet.app                    I  ratelimit-limit: 100
2026-01-14 15:40:06.633 22448-27797 okhttp.OkHttpClient     com.baatcheet.app                    I  ratelimit-remaining: 90
2026-01-14 15:40:06.633 22448-27797 okhttp.OkHttpClient     com.baatcheet.app                    I  ratelimit-reset: 661
2026-01-14 15:40:06.633 22448-27797 okhttp.OkHttpClient     com.baatcheet.app                    I  x-response-time: 78ms
2026-01-14 15:40:06.633 22448-27797 okhttp.OkHttpClient     com.baatcheet.app                    I  etag: W/"10e-Cnd/V3hv5DKRTI3E60Jcseh5n/c"
2026-01-14 15:40:06.633 22448-27797 okhttp.OkHttpClient     com.baatcheet.app                    I  x-proxied-host: http://10.108.40.68
2026-01-14 15:40:06.633 22448-27797 okhttp.OkHttpClient     com.baatcheet.app                    I  x-proxied-replica: d1nagwh8-vxd4z
2026-01-14 15:40:06.634 22448-27797 okhttp.OkHttpClient     com.baatcheet.app                    I  x-proxied-path: /api/v1/chat/usage
2026-01-14 15:40:06.634 22448-27797 okhttp.OkHttpClient     com.baatcheet.app                    I  link: <https://huggingface.co/spaces/sharry121/BaatCheet>;rel="canonical"
2026-01-14 15:40:06.635 22448-27797 okhttp.OkHttpClient     com.baatcheet.app                    I  {"success":true,"data":{"tier":"free","usage":{"messages":{"used":17,"limit":50,"remaining":33,"percentage":34},"images":{"used":8,"limit":1,"remaining":0,"percentage":800}},"resetAt":"2026-01-15T00:00:00.000Z","limits":{"messages":50,"images":1,"voice":10,"search":5}}}
2026-01-14 15:40:06.635 22448-27797 okhttp.OkHttpClient     com.baatcheet.app                    I  <-- END HTTP (270-byte body)
2026-01-14 15:40:06.884 22448-27796 okhttp.OkHttpClient     com.baatcheet.app                    I  <-- 200 https://sharry121-baatcheet.hf.space/api/v1/chat/suggest (933ms)
2026-01-14 15:40:06.885 22448-27796 okhttp.OkHttpClient     com.baatcheet.app                    I  date: Wed, 14 Jan 2026 10:40:07 GMT
2026-01-14 15:40:06.885 22448-27796 okhttp.OkHttpClient     com.baatcheet.app                    I  content-type: application/json; charset=utf-8
2026-01-14 15:40:06.885 22448-27796 okhttp.OkHttpClient     com.baatcheet.app                    I  content-length: 272
2026-01-14 15:40:06.885 22448-27796 okhttp.OkHttpClient     com.baatcheet.app                    I  x-request-id: IrPUko, IrPUko
