2026-01-16 18:55:59.383  5250-10878 okhttp.OkHttpClient     com.baatcheet.app                    I  x-request-id: Mc7bMk, Mc7bMk
2026-01-16 18:55:59.383  5250-10878 okhttp.OkHttpClient     com.baatcheet.app                    I  content-security-policy: default-src 'self';script-src 'self' 'unsafe-inline';style-src 'self' 'unsafe-inline';img-src 'self' data: https:;connect-src 'self' https://api.clerk.dev;base-uri 'self';font-src 'self' https: data:;form-action 'self';frame-ancestors 'self';object-src 'none';script-src-attr 'none';upgrade-insecure-requests
2026-01-16 18:55:59.384  5250-10878 okhttp.OkHttpClient     com.baatcheet.app                    I  cross-origin-opener-policy: same-origin
2026-01-16 18:55:59.384  5250-10878 okhttp.OkHttpClient     com.baatcheet.app                    I  cross-origin-resource-policy: cross-origin
2026-01-16 18:55:59.384  5250-10878 okhttp.OkHttpClient     com.baatcheet.app                    I  origin-agent-cluster: ?1
2026-01-16 18:55:59.384  5250-10878 okhttp.OkHttpClient     com.baatcheet.app                    I  referrer-policy: no-referrer
2026-01-16 18:55:59.384  5250-10878 okhttp.OkHttpClient     com.baatcheet.app                    I  strict-transport-security: max-age=31536000; includeSubDomains; preload
2026-01-16 18:55:59.384  5250-10878 okhttp.OkHttpClient     com.baatcheet.app                    I  x-content-type-options: nosniff
2026-01-16 18:55:59.384  5250-10878 okhttp.OkHttpClient     com.baatcheet.app                    I  x-dns-prefetch-control: off
2026-01-16 18:55:59.384  5250-10878 okhttp.OkHttpClient     com.baatcheet.app                    I  x-download-options: noopen
2026-01-16 18:55:59.384  5250-10878 okhttp.OkHttpClient     com.baatcheet.app                    I  x-frame-options: SAMEORIGIN
2026-01-16 18:55:59.385  5250-10878 okhttp.OkHttpClient     com.baatcheet.app                    I  x-permitted-cross-domain-policies: none
2026-01-16 18:55:59.385  5250-10878 okhttp.OkHttpClient     com.baatcheet.app                    I  x-xss-protection: 0
2026-01-16 18:55:59.385  5250-10878 okhttp.OkHttpClient     com.baatcheet.app                    I  vary: Origin
2026-01-16 18:55:59.385  5250-10878 okhttp.OkHttpClient     com.baatcheet.app                    I  vary: origin, access-control-request-method, access-control-request-headers
2026-01-16 18:55:59.385  5250-10878 okhttp.OkHttpClient     com.baatcheet.app                    I  access-control-allow-credentials: true
2026-01-16 18:55:59.385  5250-10878 okhttp.OkHttpClient     com.baatcheet.app                    I  access-control-expose-headers: X-Request-ID,X-Response-Time,X-RateLimit-Limit,X-RateLimit-Remaining,X-RateLimit-Reset
2026-01-16 18:55:59.385  5250-10878 okhttp.OkHttpClient     com.baatcheet.app                    I  x-clerk-auth-message: Unable to find a signing key in JWKS that matches the kid='undefined' of the provided session token. Please make sure that the __session cookie or the HTTP authorization header contain a Clerk-generated session JWT. The following kid is available: ins_384KLXR0s0ZW3aoWTGXIMeX8Ihm Go to your Dashboard and validate your secret and public keys are correct. Contact support@clerk.com if the issue persists. (reason=jwk-kid-mismatch, token-carrier=header)
2026-01-16 18:55:59.385  5250-10878 okhttp.OkHttpClient     com.baatcheet.app                    I  x-clerk-auth-reason: jwk-kid-mismatch
2026-01-16 18:55:59.385  5250-10878 okhttp.OkHttpClient     com.baatcheet.app                    I  x-clerk-auth-status: signed-out
2026-01-16 18:55:59.386  5250-10878 okhttp.OkHttpClient     com.baatcheet.app                    I  ratelimit-policy: 30;w=60
2026-01-16 18:55:59.386  5250-10878 okhttp.OkHttpClient     com.baatcheet.app                    I  ratelimit-limit: 30
2026-01-16 18:55:59.386  5250-10878 okhttp.OkHttpClient     com.baatcheet.app                    I  ratelimit-remaining: 29
2026-01-16 18:55:59.386  5250-10878 okhttp.OkHttpClient     com.baatcheet.app                    I  ratelimit-reset: 60
2026-01-16 18:55:59.386  5250-10878 okhttp.OkHttpClient     com.baatcheet.app                    I  x-response-time: 598ms
2026-01-16 18:55:59.386  5250-10878 okhttp.OkHttpClient     com.baatcheet.app                    I  etag: W/"178-MjbvVHoybjSyIe2oSLiO9LfA48Y"
2026-01-16 18:55:59.386  5250-10878 okhttp.OkHttpClient     com.baatcheet.app                    I  x-proxied-host: http://10.108.117.26
2026-01-16 18:55:59.386  5250-10878 okhttp.OkHttpClient     com.baatcheet.app                    I  x-proxied-replica: drf1rado-rq878
2026-01-16 18:55:59.386  5250-10878 okhttp.OkHttpClient     com.baatcheet.app                    I  x-proxied-path: /api/v1/chat/completions
2026-01-16 18:55:59.386  5250-10878 okhttp.OkHttpClient     com.baatcheet.app                    I  link: <https://huggingface.co/spaces/sharry121/BaatCheet>;rel="canonical"
2026-01-16 18:55:59.388  5250-10878 okhttp.OkHttpClient     com.baatcheet.app                    I  {"success":true,"data":{"message":{"role":"assistant","content":"Maaf ki jiye, main samajh gaya. To phir, aap ka din kaisa guzra, khairiyat toh hai na? Urdu mein baat karte hain, aap ki pasandeeda zubaan hai yeh."},"conversationId":"ada9f224-0fc9-4825-a14d-70f01fc8cb49","model":"llama-3.3-70b-versatile","provider":"groq","tokens":{"prompt":687,"completion":59,"total":746}}}
2026-01-16 18:55:59.388  5250-10878 okhttp.OkHttpClient     com.baatcheet.app                    I  <-- END HTTP (376-byte body)
2026-01-16 18:55:59.395  5250-10878 okhttp.OkHttpClient     com.baatcheet.app                    I  --> POST https://sharry121-baatcheet.hf.space/api/v1/tts/generate
2026-01-16 18:55:59.395  5250-10878 okhttp.OkHttpClient     com.baatcheet.app                    I  Content-Length: 197
2026-01-16 18:55:59.395  5250-10878 okhttp.OkHttpClient     com.baatcheet.app                    I  Authorization: Bearer eyJhbGciOiJIUzI1NiIsInR5cCI6IkpXVCJ9.eyJ1c2VySWQiOiIyODIxYWY1Yy05MGFiLTQ1OGMtOWQ5NC04NWVlZDU1ZTkwYzMiLCJjbGVya0lkIjoidXNlcl8zODZDZTNHVHNUb1lrWnpHbTcxVkJ3NkxWUDAiLCJlbWFpbCI6Im9uc2Vhc29uMTBAZ21haWwuY29tIiwiaWF0IjoxNzY4NTA4NzcxLCJleHAiOjE3NjkxMTM1NzF9.CS-aG7kWBc2mjBo6mc9wGY-qnWqDrZtDvB5y46pbgUU
2026-01-16 18:55:59.395  5250-10878 okhttp.OkHttpClient     com.baatcheet.app                    I  Content-Type: application/json
2026-01-16 18:55:59.396  5250-10878 okhttp.OkHttpClient     com.baatcheet.app                    I  {"speed":1.0,"text":"Maaf ki jiye, main samajh gaya. To phir, aap ka din kaisa guzra, khairiyat toh hai na? Urdu mein baat karte hain, aap ki pasandeeda zubaan hai yeh.","voice":"ur-PK-AsadNeural"}
2026-01-16 18:55:59.396  5250-10878 okhttp.OkHttpClient     com.baatcheet.app                    I  --> END POST (197-byte body)
2026-01-16 18:56:00.689  5250-10878 okhttp.OkHttpClient     com.baatcheet.app                    I  <-- 200 https://sharry121-baatcheet.hf.space/api/v1/tts/generate (1293ms)
2026-01-16 18:56:00.689  5250-10878 okhttp.OkHttpClient     com.baatcheet.app                    I  date: Fri, 16 Jan 2026 13:56:01 GMT
2026-01-16 18:56:00.689  5250-10878 okhttp.OkHttpClient     com.baatcheet.app                    I  content-type: audio/mpeg
2026-01-16 18:56:00.689  5250-10878 okhttp.OkHttpClient     com.baatcheet.app                    I  content-length: 95616
2026-01-16 18:56:00.689  5250-10878 okhttp.OkHttpClient     com.baatcheet.app                    I  x-request-id: rEINbr, rEINbr
2026-01-16 18:56:00.689  5250-10878 okhttp.OkHttpClient     com.baatcheet.app                    I  content-security-policy: default-src 'self';script-src 'self' 'unsafe-inline';style-src 'self' 'unsafe-inline';img-src 'self' data: https:;connect-src 'self' https://api.clerk.dev;base-uri 'self';font-src 'self' https: data:;form-action 'self';frame-ancestors 'self';object-src 'none';script-src-attr 'none';upgrade-insecure-requests
2026-01-16 18:56:00.689  5250-10878 okhttp.OkHttpClient     com.baatcheet.app                    I  cross-origin-opener-policy: same-origin
2026-01-16 18:56:00.689  5250-10878 okhttp.OkHttpClient     com.baatcheet.app                    I  cross-origin-resource-policy: cross-origin
2026-01-16 18:56:00.689  5250-10878 okhttp.OkHttpClient     com.baatcheet.app                    I  origin-agent-cluster: ?1
2026-01-16 18:56:00.689  5250-10878 okhttp.OkHttpClient     com.baatcheet.app                    I  referrer-policy: no-referrer
2026-01-16 18:56:00.689  5250-10878 okhttp.OkHttpClient     com.baatcheet.app                    I  strict-transport-security: max-age=31536000; includeSubDomains; preload
2026-01-16 18:56:00.690  5250-10878 okhttp.OkHttpClient     com.baatcheet.app                    I  x-content-type-options: nosniff
2026-01-16 18:56:00.690  5250-10878 okhttp.OkHttpClient     com.baatcheet.app                    I  x-dns-prefetch-control: off
2026-01-16 18:56:00.690  5250-10878 okhttp.OkHttpClient     com.baatcheet.app                    I  x-download-options: noopen
2026-01-16 18:56:00.690  5250-10878 okhttp.OkHttpClient     com.baatcheet.app                    I  x-frame-options: SAMEORIGIN
2026-01-16 18:56:00.690  5250-10878 okhttp.OkHttpClient     com.baatcheet.app                    I  x-permitted-cross-domain-policies: none
2026-01-16 18:56:00.690  5250-10878 okhttp.OkHttpClient     com.baatcheet.app                    I  x-xss-protection: 0
2026-01-16 18:56:00.690  5250-10878 okhttp.OkHttpClient     com.baatcheet.app                    I  vary: Origin
2026-01-16 18:56:00.690  5250-10878 okhttp.OkHttpClient     com.baatcheet.app                    I  vary: origin, access-control-request-method, access-control-request-headers
2026-01-16 18:56:00.690  5250-10878 okhttp.OkHttpClient     com.baatcheet.app                    I  access-control-allow-credentials: true
2026-01-16 18:56:00.690  5250-10878 okhttp.OkHttpClient     com.baatcheet.app                    I  access-control-expose-headers: X-Request-ID,X-Response-Time,X-RateLimit-Limit,X-RateLimit-Remaining,X-RateLimit-Reset
2026-01-16 18:56:00.690  5250-10878 okhttp.OkHttpClient     com.baatcheet.app                    I  x-clerk-auth-message: Unable to find a signing key in JWKS that matches the kid='undefined' of the provided session token. Please make sure that the __session cookie or the HTTP authorization header contain a Clerk-generated session JWT. The following kid is available: ins_384KLXR0s0ZW3aoWTGXIMeX8Ihm Go to your Dashboard and validate your secret and public keys are correct. Contact support@clerk.com if the issue persists. (reason=jwk-kid-mismatch, token-carrier=header)
2026-01-16 18:56:00.690  5250-10878 okhttp.OkHttpClient     com.baatcheet.app                    I  x-clerk-auth-reason: jwk-kid-mismatch
2026-01-16 18:56:00.690  5250-10878 okhttp.OkHttpClient     com.baatcheet.app                    I  x-clerk-auth-status: signed-out
2026-01-16 18:56:00.690  5250-10878 okhttp.OkHttpClient     com.baatcheet.app                    I  ratelimit-policy: 100;w=900
2026-01-16 18:56:00.690  5250-10878 okhttp.OkHttpClient     com.baatcheet.app                    I  ratelimit-limit: 100
2026-01-16 18:56:00.690  5250-10878 okhttp.OkHttpClient     com.baatcheet.app                    I  ratelimit-remaining: 89
2026-01-16 18:56:00.690  5250-10878 okhttp.OkHttpClient     com.baatcheet.app                    I  ratelimit-reset: 716
2026-01-16 18:56:00.690  5250-10878 okhttp.OkHttpClient     com.baatcheet.app                    I  x-tts-provider: edge-tts
2026-01-16 18:56:00.690  5250-10878 okhttp.OkHttpClient     com.baatcheet.app                    I  etag: W/"17580-E6Lrboo66UnrhmFcqNluzMj3agk"
2026-01-16 18:56:00.690  5250-10878 okhttp.OkHttpClient     com.baatcheet.app                    I  x-proxied-host: http://10.108.117.26
2026-01-16 18:56:00.690  5250-10878 okhttp.OkHttpClient     com.baatcheet.app                    I  x-proxied-replica: drf1rado-rq878
2026-01-16 18:56:00.690  5250-10878 okhttp.OkHttpClient     com.baatcheet.app                    I  x-proxied-path: /api/v1/tts/generate
2026-01-16 18:56:00.690  5250-10878 okhttp.OkHttpClient     com.baatcheet.app                    I  link: <https://huggingface.co/spaces/sharry121/BaatCheet>;rel="canonical"
2026-01-16 18:56:04.353  5250-10878 okhttp.OkHttpClient     com.baatcheet.app                    I  <-- END HTTP (binary 95616-byte body omitted)
2026-01-16 18:56:11.170  5250-5250  WindowOnBackDispatcher  com.baatcheet.app                    W  sendCancelIfRunning: isInProgress=falsecallback=android.view.ViewRootImpl$$ExternalSyntheticLambda20@fcb2a41
2026-01-16 18:56:11.178  5250-5250  View                    com.baatcheet.app                    D  [Warning] assignParent to null: this = DecorView@b2c3ab5[MainActivity]
2026-01-16 18:56:11.180  5250-5250  BLASTBufferQueue        com.baatcheet.app                    D  [VRI[MainActivity]#9](f:0,a:4) destructor()
2026-01-16 18:56:11.180  5250-5250  BufferQueueConsumer     com.baatcheet.app                    D  [VRI[MainActivity]#9(BLAST Consumer)9](id:148200000009,api:0,p:-1,c:5250) disconnect
2026-01-16 18:56:11.183   976-2008  BufferQueueDebug        surfaceflinger                       E  [Surface(name=dca3f2b com.baatcheet.app/com.baatcheet.app.MainActivity)/@0x2fc0f59 - animation-leash of window_animation#25926](this:0xb400007cbaaa98a0,id:-1,api:0,p:-1,c:-1) id info cannot be read from 'Surface(name=dca3f2b com.baatcheet.app/com.baatcheet.app.MainActivity)/@0x2fc0f59 - animation-leash of window_animation#25926'
2026-01-16 18:56:11.199   976-976   BufferQueueDebug        surfaceflinger                       E  [Surface(name=dca3f2b com.baatcheet.app/com.baatcheet.app.MainActivity)/@0x2fc0f59 - animation-leash of window_animation#25926 (Mirror)#25929](this:0xb400007cbaa65320,id:-1,api:0,p:-1,c:-1) id info cannot be read from 'Surface(name=dca3f2b com.baatcheet.app/com.baatcheet.app.MainActivity)/@0x2fc0f59 - animation-leash of window_animation#25926 (Mirror)#25929'
2026-01-16 18:56:11.205  5250-5250  InputTransport          com.baatcheet.app                    D  Destroy ARC handle: 0xb4000078f025c700
2026-01-16 18:56:12.595  5250-5250  MediaPlayer             com.baatcheet.app                    V  resetDrmState:  mDrmInfo=null mDrmProvisioningThread=null mPrepareDrmInProgress=false mActiveDrmScheme=false
2026-01-16 18:56:12.595  5250-5250  MediaPlayer             com.baatcheet.app                    V  cleanDrmObj: mDrmObj=null mDrmSessionId=null
2026-01-16 18:56:12.595  5250-5250  MediaPlayer             com.baatcheet.app                    D  _release native called
2026-01-16 18:56:12.623  5250-5250  MediaPlayer             com.baatcheet.app                    D  _release native finished
2026-01-16 18:56:12.623  5250-5250  MediaPlayer             com.baatcheet.app                    W  mediaplayer went away with unhandled events
2026-01-16 18:56:12.974  5250-5250  WindowOnBackDispatcher  com.baatcheet.app                    W  OnBackInvokedCallback is not enabled for the application.
                                                                                                    Set 'android:enableOnBackInvokedCallback="true"' in the application manifest.
2026-01-16 18:56:12.976  5250-5250  VRI[MainActivity]       com.baatcheet.app                    D  hardware acceleration = true, forceHwAccelerated = false
2026-01-16 18:56:12.976  5250-5250  config_debug            com.baatcheet.app                    I  updateDecorCaptionStatus: {1.0 410mcc3mnc [en_US,nl_NL] ldltr sw441dp w441dp h910dp 392dpi nrml long widecg port finger -keyb/v/h -nav/h winConfig={ mBounds=Rect(0, 0 - 1080, 2436) mAppBounds=Rect(0, 108 - 1080, 2338) mMaxBounds=Rect(0, 0 - 1080, 2436) mDisplayRotation=ROTATION_0 mWindowingMode=fullscreen mDisplayWindowingMode=fullscreen mMultiWindowMode=normal mMultiWindowId=0 mWindowResiable=6 mInLargeScreen=-1 mActivityType=standard mAlwaysOnTop=undefined mRotation=ROTATION_0 mUiOptSpec=-1 mCurDisplayId=-1} as.2 s.1 fontWeightAdjustment=0} fromMultiWindow: false
2026-01-16 18:56:12.976  5250-5250  ViewRootImpl            com.baatcheet.app                    D  setView appearance:8 com.baatcheet.app/com.baatcheet.app.MainActivity
2026-01-16 18:56:12.978   976-2008  BufferQueueDebug        surfaceflinger                       E  [f922667 com.baatcheet.app/com.baatcheet.app.MainActivity#25936](this:0xb400007cbaaa6b10,id:-1,api:0,p:-1,c:-1) id info cannot be read from 'f922667 com.baatcheet.app/com.baatcheet.app.MainActivity#25936'
2026-01-16 18:56:12.987  5250-5250  InputTransport          com.baatcheet.app                    D  Create ARC handle: 0xb4000078f0240e60
2026-01-16 18:56:12.987  5250-5250  InputEventReceiver      com.baatcheet.app                    D  Input log is disabled in InputEventReceiver.
2026-01-16 18:56:12.987  5250-5250  InputTransport          com.baatcheet.app                    D  Input log is disabled in InputChannel.
2026-01-16 18:56:12.987  5250-5250  WindowOnBackDispatcher  com.baatcheet.app                    W  OnBackInvokedCallback is not enabled for the application.
                                                                                                    Set 'android:enableOnBackInvokedCallback="true"' in the application manifest.
2026-01-16 18:56:13.011   976-1048  BufferQueueDebug        surfaceflinger                       E  [com.baatcheet.app/com.baatcheet.app.MainActivity#25940](this:0xb400007cbaa8a370,id:-1,api:0,p:-1,c:-1) id info cannot be read from 'com.baatcheet.app/com.baatcheet.app.MainActivity#25940'
2026-01-16 18:56:13.011   976-976   BufferQueueDebug        surfaceflinger                       E  [f922667 com.baatcheet.app/com.baatcheet.app.MainActivity#25936 (Mirror)#25939](this:0xb400007cbaa98740,id:-1,api:0,p:-1,c:-1) id info cannot be read from 'f922667 com.baatcheet.app/com.baatcheet.app.MainActivity#25936 (Mirror)#25939'
2026-01-16 18:56:13.017  5250-5250  BufferQueueConsumer     com.baatcheet.app                    D  [](id:14820000000a,api:0,p:-1,c:5250) connect: controlledByApp=false
2026-01-16 18:56:13.018  5250-5250  config_debug            com.baatcheet.app                    I  updateDecorCaptionStatus: {1.0 410mcc3mnc [en_US,nl_NL] ldltr sw441dp w441dp h910dp 392dpi nrml long widecg port finger -keyb/v/h -nav/h winConfig={ mBounds=Rect(0, 0 - 1080, 2436) mAppBounds=Rect(0, 108 - 1080, 2338) mMaxBounds=Rect(0, 0 - 1080, 2436) mDisplayRotation=ROTATION_0 mWindowingMode=fullscreen mDisplayWindowingMode=fullscreen mMultiWindowMode=normal mMultiWindowId=0 mWindowResiable=6 mInLargeScreen=-1 mActivityType=standard mAlwaysOnTop=undefined mRotation=ROTATION_0 mUiOptSpec=-1 mCurDisplayId=-1} as.2 s.1 fontWeightAdjustment=0} fromMultiWindow: true
2026-01-16 18:56:13.019  5250-10867 OpenGLRenderer          com.baatcheet.app                    E  Unable to match the desired swap behavior.
2026-01-16 18:56:13.026   976-976   BufferQueueDebug        surfaceflinger                       E  [com.baatcheet.app/com.baatcheet.app.MainActivity#25940 (Mirror)#25943](this:0xb400007cbaa736f0,id:-1,api:0,p:-1,c:-1) id info cannot be read from 'com.baatcheet.app/com.baatcheet.app.MainActivity#25940 (Mirror)#25943'
2026-01-16 18:56:13.032  5250-10867 BLASTBufferQueue        com.baatcheet.app                    D  [VRI[MainActivity]#10](f:0,a:1) acquireNextBufferLocked size=1238x2388 mFrameNumber=1 applyTransaction=true mTimestamp=45496320868480(auto) mPendingTransactions.size=0 graphicBufferId=22548578304073 transform=0
2026-01-16 18:56:13.035   976-2008  BufferQueueDebug        surfaceflinger                       E  [Surface(name=f922667 com.baatcheet.app/com.baatcheet.app.MainActivity)/@0xc6ed675 - animation-leash of window_animation#25944](this:0xb400007cba8ea750,id:-1,api:0,p:-1,c:-1) id info cannot be read from 'Surface(name=f922667 com.baatcheet.app/com.baatcheet.app.MainActivity)/@0xc6ed675 - animation-leash of window_animation#25944'
2026-01-16 18:56:13.043   976-976   BufferQueueDebug        surfaceflinger                       E  [Surface(name=f922667 com.baatcheet.app/com.baatcheet.app.MainActivity)/@0xc6ed675 - animation-leash of window_animation#25944 (Mirror)#25947](this:0xb400007cba9e50d0,id:-1,api:0,p:-1,c:-1) id info cannot be read from 'Surface(name=f922667 com.baatcheet.app/com.baatcheet.app.MainActivity)/@0xc6ed675 - animation-leash of window_animation#25944 (Mirror)#25947'
2026-01-16 18:56:14.944  5250-10878 okhttp.OkHttpClient     com.baatcheet.app                    I  --> GET https://sharry121-baatcheet.hf.space/api/v1/conversations/ada9f224-0fc9-4825-a14d-70f01fc8cb49
2026-01-16 18:56:14.945  5250-10878 okhttp.OkHttpClient     com.baatcheet.app                    I  Authorization: Bearer eyJhbGciOiJIUzI1NiIsInR5cCI6IkpXVCJ9.eyJ1c2VySWQiOiIyODIxYWY1Yy05MGFiLTQ1OGMtOWQ5NC04NWVlZDU1ZTkwYzMiLCJjbGVya0lkIjoidXNlcl8zODZDZTNHVHNUb1lrWnpHbTcxVkJ3NkxWUDAiLCJlbWFpbCI6Im9uc2Vhc29uMTBAZ21haWwuY29tIiwiaWF0IjoxNzY4NTA4NzcxLCJleHAiOjE3NjkxMTM1NzF9.CS-aG7kWBc2mjBo6mc9wGY-qnWqDrZtDvB5y46pbgUU
2026-01-16 18:56:14.945  5250-10878 okhttp.OkHttpClient     com.baatcheet.app                    I  Content-Type: application/json
2026-01-16 18:56:14.945  5250-10878 okhttp.OkHttpClient     com.baatcheet.app                    I  --> END GET
2026-01-16 18:56:14.973  5250-5250  WindowOnBackDispatcher  com.baatcheet.app                    W  sendCancelIfRunning: isInProgress=falsecallback=android.view.ViewRootImpl$$ExternalSyntheticLambda20@c092812
2026-01-16 18:56:14.979  5250-10867 OpenGLRenderer          com.baatcheet.app                    D  endAllActiveAnimators on 0xb4000078002a92d0 (UnprojectedRipple) with handle 0xb4000078f025d0c0
2026-01-16 18:56:14.980  5250-5250  View                    com.baatcheet.app                    D  [Warning] assignParent to null: this = DecorView@80c30e8[MainActivity]
2026-01-16 18:56:14.983   976-3002  BufferQueueDebug        surfaceflinger                       E  [Surface(name=f922667 com.baatcheet.app/com.baatcheet.app.MainActivity)/@0xc6ed675 - animation-leash of window_animation#25952](this:0xb400007cbaa6dbd0,id:-1,api:0,p:-1,c:-1) id info cannot be read from 'Surface(name=f922667 com.baatcheet.app/com.baatcheet.app.MainActivity)/@0xc6ed675 - animation-leash of window_animation#25952'
2026-01-16 18:56:14.988   976-976   BufferQueueDebug        surfaceflinger                       E  [Surface(name=f922667 com.baatcheet.app/com.baatcheet.app.MainActivity)/@0xc6ed675 - animation-leash of window_animation#25952 (Mirror)#25954](this:0xb400007cbaa07390,id:-1,api:0,p:-1,c:-1) id info cannot be read from 'Surface(name=f922667 com.baatcheet.app/com.baatcheet.app.MainActivity)/@0xc6ed675 - animation-leash of window_animation#25952 (Mirror)#25954'
2026-01-16 18:56:14.994  5250-10832 m.baatcheet.app         com.baatcheet.app                    I  Compiler allocated 5003KB to compile void com.baatcheet.app.ui.chat.ChatScreenKt$ChatScreen$10.invoke(androidx.compose.runtime.Composer, int)
2026-01-16 18:56:15.000  5250-5250  InputTransport          com.baatcheet.app                    D  Destroy ARC handle: 0xb4000078f0240e60
2026-01-16 18:56:15.003  5250-11095 BLASTBufferQueue        com.baatcheet.app                    D  [VRI[MainActivity]#10](f:0,a:4) destructor()
2026-01-16 18:56:15.003  5250-11095 BufferQueueConsumer     com.baatcheet.app                    D  [VRI[MainActivity]#10(BLAST Consumer)10](id:14820000000a,api:0,p:-1,c:5250) disconnect
2026-01-16 18:56:15.512  5250-10878 okhttp.OkHttpClient     com.baatcheet.app                    I  <-- 200 https://sharry121-baatcheet.hf.space/api/v1/conversations/ada9f224-0fc9-4825-a14d-70f01fc8cb49 (566ms)
2026-01-16 18:56:15.512  5250-10878 okhttp.OkHttpClient     com.baatcheet.app                    I  date: Fri, 16 Jan 2026 13:56:15 GMT
2026-01-16 18:56:15.512  5250-10878 okhttp.OkHttpClient     com.baatcheet.app                    I  content-type: application/json; charset=utf-8
2026-01-16 18:56:15.512  5250-10878 okhttp.OkHttpClient     com.baatcheet.app                    I  content-length: 3308
2026-01-16 18:56:15.512  5250-10878 okhttp.OkHttpClient     com.baatcheet.app                    I  x-request-id: R6dLUa, R6dLUa
2026-01-16 18:56:15.512  5250-10878 okhttp.OkHttpClient     com.baatcheet.app                    I  content-security-policy: default-src 'self';script-src 'self' 'unsafe-inline';style-src 'self' 'unsafe-inline';img-src 'self' data: https:;connect-src 'self' https://api.clerk.dev;base-uri 'self';font-src 'self' https: data:;form-action 'self';frame-ancestors 'self';object-src 'none';script-src-attr 'none';upgrade-insecure-requests
2026-01-16 18:56:15.512  5250-10878 okhttp.OkHttpClient     com.baatcheet.app                    I  cross-origin-opener-policy: same-origin
2026-01-16 18:56:15.512  5250-10878 okhttp.OkHttpClient     com.baatcheet.app                    I  cross-origin-resource-policy: cross-origin
2026-01-16 18:56:15.512  5250-10878 okhttp.OkHttpClient     com.baatcheet.app                    I  origin-agent-cluster: ?1
2026-01-16 18:56:15.512  5250-10878 okhttp.OkHttpClient     com.baatcheet.app                    I  referrer-policy: no-referrer
2026-01-16 18:56:15.512  5250-10878 okhttp.OkHttpClient     com.baatcheet.app                    I  strict-transport-security: max-age=31536000; includeSubDomains; preload
2026-01-16 18:56:15.512  5250-10878 okhttp.OkHttpClient     com.baatcheet.app                    I  x-content-type-options: nosniff
2026-01-16 18:56:15.512  5250-10878 okhttp.OkHttpClient     com.baatcheet.app                    I  x-dns-prefetch-control: off
2026-01-16 18:56:15.512  5250-10878 okhttp.OkHttpClient     com.baatcheet.app                    I  x-download-options: noopen
2026-01-16 18:56:15.512  5250-10878 okhttp.OkHttpClient     com.baatcheet.app                    I  x-frame-options: SAMEORIGIN
2026-01-16 18:56:15.512  5250-10878 okhttp.OkHttpClient     com.baatcheet.app                    I  x-permitted-cross-domain-policies: none
2026-01-16 18:56:15.512  5250-10878 okhttp.OkHttpClient     com.baatcheet.app                    I  x-xss-protection: 0
2026-01-16 18:56:15.512  5250-10878 okhttp.OkHttpClient     com.baatcheet.app                    I  vary: Origin
2026-01-16 18:56:15.512  5250-10878 okhttp.OkHttpClient     com.baatcheet.app                    I  vary: origin, access-control-request-method, access-control-request-headers
2026-01-16 18:56:15.512  5250-10878 okhttp.OkHttpClient     com.baatcheet.app                    I  access-control-allow-credentials: true
2026-01-16 18:56:15.512  5250-10878 okhttp.OkHttpClient     com.baatcheet.app                    I  access-control-expose-headers: X-Request-ID,X-Response-Time,X-RateLimit-Limit,X-RateLimit-Remaining,X-RateLimit-Reset
2026-01-16 18:56:15.512  5250-10878 okhttp.OkHttpClient     com.baatcheet.app                    I  x-clerk-auth-message: Unable to find a signing key in JWKS that matches the kid='undefined' of the provided session token. Please make sure that the __session cookie or the HTTP authorization header contain a Clerk-generated session JWT. The following kid is available: ins_384KLXR0s0ZW3aoWTGXIMeX8Ihm Go to your Dashboard and validate your secret and public keys are correct. Contact support@clerk.com if the issue persists. (reason=jwk-kid-mismatch, token-carrier=header)
2026-01-16 18:56:15.512  5250-10878 okhttp.OkHttpClient     com.baatcheet.app                    I  x-clerk-auth-reason: jwk-kid-mismatch
2026-01-16 18:56:15.512  5250-10878 okhttp.OkHttpClient     com.baatcheet.app                    I  x-clerk-auth-status: signed-out
2026-01-16 18:56:15.512  5250-10878 okhttp.OkHttpClient     com.baatcheet.app                    I  ratelimit-policy: 100;w=900
2026-01-16 18:56:15.513  5250-10878 okhttp.OkHttpClient     com.baatcheet.app                    I  ratelimit-limit: 100
2026-01-16 18:56:15.513  5250-10878 okhttp.OkHttpClient     com.baatcheet.app                    I  ratelimit-remaining: 88
2026-01-16 18:56:15.513  5250-10878 okhttp.OkHttpClient     com.baatcheet.app                    I  ratelimit-reset: 700
2026-01-16 18:56:15.513  5250-10878 okhttp.OkHttpClient     com.baatcheet.app                    I  x-response-time: 195ms
2026-01-16 18:56:15.513  5250-10878 okhttp.OkHttpClient     com.baatcheet.app                    I  etag: W/"cec-m41jdY5UeDM64z2jhdgEGw7i8Ks"
2026-01-16 18:56:15.513  5250-10878 okhttp.OkHttpClient     com.baatcheet.app                    I  x-proxied-host: http://10.108.117.26
2026-01-16 18:56:15.513  5250-10878 okhttp.OkHttpClient     com.baatcheet.app                    I  x-proxied-replica: drf1rado-rq878
2026-01-16 18:56:15.513  5250-10878 okhttp.OkHttpClient     com.baatcheet.app                    I  x-proxied-path: /api/v1/conversations/ada9f224-0fc9-4825-a14d-70f01fc8cb49
2026-01-16 18:56:15.513  5250-10878 okhttp.OkHttpClient     com.baatcheet.app                    I  link: <https://huggingface.co/spaces/sharry121/BaatCheet>;rel="canonical"
2026-01-16 18:56:15.514  5250-10878 okhttp.OkHttpClient     com.baatcheet.app                    I  {"success":true,"data":{"id":"ada9f224-0fc9-4825-a14d-70f01fc8cb49","userId":"2821af5c-90ab-458c-9d94-85eed55e90c3","projectId":null,"title":"hello hello how are you","systemPrompt":"You are in a voice conversation. Keep responses SHORT, NATURAL, and CONVERSATIONAL. Limit to 1-2 sentences when possible. Avoid lists, code, and long explanations - this is a spoken chat.","model":"llama-3.3-70b-versatile","tags":[],"isArchived":false,"isPinned":false,"rating":0,"totalTokens":2789,"lastAccessedAt":null,"createdAt":"2026-01-16T13:54:48.774Z","updatedAt":"2026-01-16T13:55:59.653Z","messages":[{"id":"25e5da42-4173-41ee-82d4-cd7c8f419580","conversationId":"ada9f224-0fc9-4825-a14d-70f01fc8cb49","role":"user","content":"hello hello how are you","model":null,"tokens":6,"isEdited":false,"audioId":null,"createdAt":"2026-01-16T13:54:48.904Z","attachments":[]},{"id":"ed7c9d99-1e81-4089-ad53-2e4953f7f8df","conversationId":"ada9f224-0fc9-4825-a14d-70f01fc8cb49","role":"assistant","content":"I'm doing great, thanks for asking. How about you, M.Sharjeel? How's life as a Data Analyst at estratcom.com treating you? ","model":"llama-3.3-70b-versatile","tokens":37,"isEdited":false,"audioId":null,"createdAt":"2026-01-16T13:54:49.120Z","attachments":[]},{"id":"a8feb535-6bfc-4752-8e20-f2c054aaa51b","conversationId":"ada9f224-0fc9-4825-a14d-70f01fc8cb49","role":"user","content":"kya - hai theek ho","model":null,"tokens":6,"isEdited":false,"audioId":null,"createdAt":"2026-01-16T13:55:13.643Z","attachments":[]},{"id":"2416a088-b80e-437c-ad05-368d9e988bed","conversationId":"ada9f224-0fc9-4825-a14d-70f01fc8cb49","role":"assistant","content":"Sab theek hai, dhanyavad!  It's nice to chat with you in Hindi. How was your day, anything exciting happening in the world of Talent Acquisition?","model":"llama-3.3-70b-versatile","tokens":37,"isEdited":false,"audioId":null,"createdAt":"2026-01-16T13:55:13.915Z","attachments":[]},{"id":"f6c07b87-b175-4862-a1ee-12afd7470fe8","conversationId":"ada9f224-0fc9-4825-a14d-70f01fc8cb49","role":"user","content":"Urdu mein baat karo Urdu mein","model":null,"tokens":8,"isEdited":false,"audioId":null,"createdAt":"2026-01-16T13:55:38.455Z","attachments":[]},{"id":"d1d7f8de-a056-42d8-8802-f63b69387ba9","conversationId":"ada9f224-0fc9-4825-a14d-70f01fc8cb49","role":"assistant","content":"Theek hai, main Urdu mein baat karunga. Aap ka din kaisa guzra, kuch naya project ya kaam mila apko Talent Acquisition mein? ","model":"llama-3.3-70b-versatile","tokens":42,"isEdited":false,"audioId":null,"createdAt":"2026-01-16T13:55:38.810Z","attachments":[]},{"id":"573ae1c7-d0dc-40f4-bb03-3d3eaa08ce8e","conversationId":"ada9f224-0fc9-4825-a14d-70f01fc8cb49","role":"user","content":"Hindi nahin Urdu Urdu","model":null,"tokens":6,"isEdited":false,"audioId":null,"createdAt":"2026-01-16T13:55:59.206Z","attachments":[]},{"id":"664df3f6-052d-4739-b3a7-7930705fcc35","conversationId":"ada9f224-0fc9-4825-a14d-70f01fc8cb49","role":"assistant","content":"Maaf ki jiye, main samajh gaya. To phir, aap ka din kaisa guzra, khairiyat toh hai na? Urdu mein baat karte hain, aap ki pasandeeda zubaan hai yeh.","model":"llama-3.3-70b-versatile","tokens":59,"isEdited":false,"audioId":null,"createdAt":"2026-01-16T13:55:59.644Z","attachments":[]}],"project":null}}
2026-01-16 18:56:15.514  5250-10878 okhttp.OkHttpClient     com.baatcheet.app                    I  <-- END HTTP (3308-byte body)
2026-01-16 18:56:15.526  5250-5250  WindowOnBackDispatcher  com.baatcheet.app                    W  OnBackInvokedCallback is not enabled for the application.
                                                                                                    Set 'android:enableOnBackInvokedCallback="true"' in the application manifest.
2026-01-16 18:56:15.528  5250-5250  VRI[MainActivity]       com.baatcheet.app                    D  hardware acceleration = true, forceHwAccelerated = false
2026-01-16 18:56:15.529  5250-5250  config_debug            com.baatcheet.app                    I  updateDecorCaptionStatus: {1.0 410mcc3mnc [en_US,nl_NL] ldltr sw441dp w441dp h910dp 392dpi nrml long widecg port finger -keyb/v/h -nav/h winConfig={ mBounds=Rect(0, 0 - 1080, 2436) mAppBounds=Rect(0, 108 - 1080, 2338) mMaxBounds=Rect(0, 0 - 1080, 2436) mDisplayRotation=ROTATION_0 mWindowingMode=fullscreen mDisplayWindowingMode=fullscreen mMultiWindowMode=normal mMultiWindowId=0 mWindowResiable=6 mInLargeScreen=-1 mActivityType=standard mAlwaysOnTop=undefined mRotation=ROTATION_0 mUiOptSpec=-1 mCurDisplayId=-1} as.2 s.1 fontWeightAdjustment=0} fromMultiWindow: false
2026-01-16 18:56:15.529  5250-5250  ViewRootImpl            com.baatcheet.app                    D  setView appearance:8 com.baatcheet.app/com.baatcheet.app.MainActivity
2026-01-16 18:56:15.530   976-2008  BufferQueueDebug        surfaceflinger                       E  [e8a716a com.baatcheet.app/com.baatcheet.app.MainActivity#25962](this:0xb400007cbaa34c90,id:-1,api:0,p:-1,c:-1) id info cannot be read from 'e8a716a com.baatcheet.app/com.baatcheet.app.MainActivity#25962'
2026-01-16 18:56:15.538  5250-5250  InputTransport          com.baatcheet.app                    D  Create ARC handle: 0xb4000078f021e2d0
2026-01-16 18:56:15.538  5250-5250  InputEventReceiver      com.baatcheet.app                    D  Input log is disabled in InputEventReceiver.
2026-01-16 18:56:15.538  5250-5250  InputTransport          com.baatcheet.app                    D  Input log is disabled in InputChannel.
2026-01-16 18:56:15.539  5250-5250  WindowOnBackDispatcher  com.baatcheet.app                    W  OnBackInvokedCallback is not enabled for the application.
                                                                                                    Set 'android:enableOnBackInvokedCallback="true"' in the application manifest.
2026-01-16 18:56:15.560   976-976   BufferQueueDebug        surfaceflinger                       E  [e8a716a com.baatcheet.app/com.baatcheet.app.MainActivity#25962 (Mirror)#25965](this:0xb400007cbaa65320,id:-1,api:0,p:-1,c:-1) id info cannot be read from 'e8a716a com.baatcheet.app/com.baatcheet.app.MainActivity#25962 (Mirror)#25965'
2026-01-16 18:56:15.573   976-2008  BufferQueueDebug        surfaceflinger                       E  [com.baatcheet.app/com.baatcheet.app.MainActivity#25968](this:0xb400007cbaaa98a0,id:-1,api:0,p:-1,c:-1) id info cannot be read from 'com.baatcheet.app/com.baatcheet.app.MainActivity#25968'
2026-01-16 18:56:15.582  5250-5250  BufferQueueConsumer     com.baatcheet.app                    D  [](id:14820000000b,api:0,p:-1,c:5250) connect: controlledByApp=false
2026-01-16 18:56:15.583  5250-5250  config_debug            com.baatcheet.app                    I  updateDecorCaptionStatus: {1.0 410mcc3mnc [en_US,nl_NL] ldltr sw441dp w441dp h910dp 392dpi nrml long widecg port finger -keyb/v/h -nav/h winConfig={ mBounds=Rect(0, 0 - 1080, 2436) mAppBounds=Rect(0, 108 - 1080, 2338) mMaxBounds=Rect(0, 0 - 1080, 2436) mDisplayRotation=ROTATION_0 mWindowingMode=fullscreen mDisplayWindowingMode=fullscreen mMultiWindowMode=normal mMultiWindowId=0 mWindowResiable=6 mInLargeScreen=-1 mActivityType=standard mAlwaysOnTop=undefined mRotation=ROTATION_0 mUiOptSpec=-1 mCurDisplayId=-1} as.2 s.1 fontWeightAdjustment=0} fromMultiWindow: true
2026-01-16 18:56:15.584  5250-10867 OpenGLRenderer          com.baatcheet.app                    E  Unable to match the desired swap behavior.
2026-01-16 18:56:15.592   976-976   BufferQueueDebug        surfaceflinger                       E  [com.baatcheet.app/com.baatcheet.app.MainActivity#25968 (Mirror)#25969](this:0xb400007cbaabd790,id:-1,api:0,p:-1,c:-1) id info cannot be read from 'com.baatcheet.app/com.baatcheet.app.MainActivity#25968 (Mirror)#25969'
2026-01-16 18:56:15.601  5250-10867 BLASTBufferQueue        com.baatcheet.app                    D  [VRI[MainActivity]#11](f:0,a:1) acquireNextBufferLocked size=1238x2388 mFrameNumber=1 applyTransaction=true mTimestamp=45498889573173(auto) mPendingTransactions.size=0 graphicBufferId=22548578304082 transform=0
2026-01-16 18:56:15.604   976-2008  BufferQueueDebug        surfaceflinger                       E  [Surface(name=e8a716a com.baatcheet.app/com.baatcheet.app.MainActivity)/@0xc2e1510 - animation-leash of window_animation#25970](this:0xb400007cba9e50d0,id:-1,api:0,p:-1,c:-1) id info cannot be read from 'Surface(name=e8a716a com.baatcheet.app/com.baatcheet.app.MainActivity)/@0xc2e1510 - animation-leash of window_animation#25970'
2026-01-16 18:56:15.608   976-976   BufferQueueDebug        surfaceflinger                       E  [Surface(name=e8a716a com.baatcheet.app/com.baatcheet.app.MainActivity)/@0xc2e1510 - animation-leash of window_animation#25970 (Mirror)#25972](this:0xb400007cbaa6dbd0,id:-1,api:0,p:-1,c:-1) id info cannot be read from 'Surface(name=e8a716a com.baatcheet.app/com.baatcheet.app.MainActivity)/@0xc2e1510 - animation-leash of window_animation#25970 (Mirror)#25972'
2026-01-16 18:56:25.065  5250-10878 okhttp.OkHttpClient     com.baatcheet.app                    I  --> POST https://sharry121-baatcheet.hf.space/api/v1/chat/completions
2026-01-16 18:56:25.065  5250-10878 okhttp.OkHttpClient     com.baatcheet.app                    I  Content-Length: 348
2026-01-16 18:56:25.065  5250-10878 okhttp.OkHttpClient     com.baatcheet.app                    I  Authorization: Bearer eyJhbGciOiJIUzI1NiIsInR5cCI6IkpXVCJ9.eyJ1c2VySWQiOiIyODIxYWY1Yy05MGFiLTQ1OGMtOWQ5NC04NWVlZDU1ZTkwYzMiLCJjbGVya0lkIjoidXNlcl8zODZDZTNHVHNUb1lrWnpHbTcxVkJ3NkxWUDAiLCJlbWFpbCI6Im9uc2Vhc29uMTBAZ21haWwuY29tIiwiaWF0IjoxNzY4NTA4NzcxLCJleHAiOjE3NjkxMTM1NzF9.CS-aG7kWBc2mjBo6mc9wGY-qnWqDrZtDvB5y46pbgUU
2026-01-16 18:56:25.065  5250-10878 okhttp.OkHttpClient     com.baatcheet.app                    I  Content-Type: application/json
2026-01-16 18:56:25.065  5250-10878 okhttp.OkHttpClient     com.baatcheet.app                    I  {"conversationId":"ada9f224-0fc9-4825-a14d-70f01fc8cb49","maxTokens":150,"message":"hello kya - hai theek ho","stream":false,"systemPrompt":"You are in a voice conversation. Keep responses SHORT, NATURAL, and CONVERSATIONAL. Limit to 1-2 sentences when possible. Avoid lists, code, and long explanations - this is a spoken chat."}
2026-01-16 18:56:25.065  5250-10878 okhttp.OkHttpClient     com.baatcheet.app                    I  --> END POST (348-byte body)
2026-01-16 18:56:26.299  5250-10878 okhttp.OkHttpClient     com.baatcheet.app                    I  <-- 200 https://sharry121-baatcheet.hf.space/api/v1/chat/completions (1234ms)
2026-01-16 18:56:26.299  5250-10878 okhttp.OkHttpClient     com.baatcheet.app                    I  date: Fri, 16 Jan 2026 13:56:26 GMT
2026-01-16 18:56:26.299  5250-10878 okhttp.OkHttpClient     com.baatcheet.app                    I  content-type: application/json; charset=utf-8
2026-01-16 18:56:26.299  5250-10878 okhttp.OkHttpClient     com.baatcheet.app                    I  content-length: 429
2026-01-16 18:56:26.299  5250-10878 okhttp.OkHttpClient     com.baatcheet.app                    I  x-request-id: 7Az69v, 7Az69v
2026-01-16 18:56:26.300  5250-10878 okhttp.OkHttpClient     com.baatcheet.app                    I  content-security-policy: default-src 'self';script-src 'self' 'unsafe-inline';style-src 'self' 'unsafe-inline';img-src 'self' data: https:;connect-src 'self' https://api.clerk.dev;base-uri 'self';font-src 'self' https: data:;form-action 'self';frame-ancestors 'self';object-src 'none';script-src-attr 'none';upgrade-insecure-requests
2026-01-16 18:56:26.300  5250-10878 okhttp.OkHttpClient     com.baatcheet.app                    I  cross-origin-opener-policy: same-origin
2026-01-16 18:56:26.300  5250-10878 okhttp.OkHttpClient     com.baatcheet.app                    I  cross-origin-resource-policy: cross-origin
2026-01-16 18:56:26.300  5250-10878 okhttp.OkHttpClient     com.baatcheet.app                    I  origin-agent-cluster: ?1
2026-01-16 18:56:26.300  5250-10878 okhttp.OkHttpClient     com.baatcheet.app                    I  referrer-policy: no-referrer
2026-01-16 18:56:26.300  5250-10878 okhttp.OkHttpClient     com.baatcheet.app                    I  strict-transport-security: max-age=31536000; includeSubDomains; preload
2026-01-16 18:56:26.300  5250-10878 okhttp.OkHttpClient     com.baatcheet.app                    I  x-content-type-options: nosniff
2026-01-16 18:56:26.300  5250-10878 okhttp.OkHttpClient     com.baatcheet.app                    I  x-dns-prefetch-control: off
2026-01-16 18:56:26.300  5250-10878 okhttp.OkHttpClient     com.baatcheet.app                    I  x-download-options: noopen
2026-01-16 18:56:26.300  5250-10878 okhttp.OkHttpClient     com.baatcheet.app                    I  x-frame-options: SAMEORIGIN
2026-01-16 18:56:26.300  5250-10878 okhttp.OkHttpClient     com.baatcheet.app                    I  x-permitted-cross-domain-policies: none
2026-01-16 18:56:26.300  5250-10878 okhttp.OkHttpClient     com.baatcheet.app                    I  x-xss-protection: 0
2026-01-16 18:56:26.300  5250-10878 okhttp.OkHttpClient     com.baatcheet.app                    I  vary: Origin
2026-01-16 18:56:26.300  5250-10878 okhttp.OkHttpClient     com.baatcheet.app                    I  vary: origin, access-control-request-method, access-control-request-headers
2026-01-16 18:56:26.300  5250-10878 okhttp.OkHttpClient     com.baatcheet.app                    I  access-control-allow-credentials: true
2026-01-16 18:56:26.300  5250-10878 okhttp.OkHttpClient     com.baatcheet.app                    I  access-control-expose-headers: X-Request-ID,X-Response-Time,X-RateLimit-Limit,X-RateLimit-Remaining,X-RateLimit-Reset
2026-01-16 18:56:26.300  5250-10878 okhttp.OkHttpClient     com.baatcheet.app                    I  x-clerk-auth-message: Unable to find a signing key in JWKS that matches the kid='undefined' of the provided session token. Please make sure that the __session cookie or the HTTP authorization header contain a Clerk-generated session JWT. The following kid is available: ins_384KLXR0s0ZW3aoWTGXIMeX8Ihm Go to your Dashboard and validate your secret and public keys are correct. Contact support@clerk.com if the issue persists. (reason=jwk-kid-mismatch, token-carrier=header)
2026-01-16 18:56:26.300  5250-10878 okhttp.OkHttpClient     com.baatcheet.app                    I  x-clerk-auth-reason: jwk-kid-mismatch
2026-01-16 18:56:26.300  5250-10878 okhttp.OkHttpClient     com.baatcheet.app                    I  x-clerk-auth-status: signed-out
2026-01-16 18:56:26.300  5250-10878 okhttp.OkHttpClient     com.baatcheet.app                    I  ratelimit-policy: 30;w=60
2026-01-16 18:56:26.300  5250-10878 okhttp.OkHttpClient     com.baatcheet.app                    I  ratelimit-limit: 30
2026-01-16 18:56:26.300  5250-10878 okhttp.OkHttpClient     com.baatcheet.app                    I  ratelimit-remaining: 28
2026-01-16 18:56:26.300  5250-10878 okhttp.OkHttpClient     com.baatcheet.app                    I  ratelimit-reset: 34
2026-01-16 18:56:26.300  5250-10878 okhttp.OkHttpClient     com.baatcheet.app                    I  x-response-time: 780ms
2026-01-16 18:56:26.301  5250-10878 okhttp.OkHttpClient     com.baatcheet.app                    I  etag: W/"1ad-TbezxQV7RWgxXhQt3l2v/NJgBMA"
2026-01-16 18:56:26.301  5250-10878 okhttp.OkHttpClient     com.baatcheet.app                    I  x-proxied-host: http://10.108.117.26
2026-01-16 18:56:26.301  5250-10878 okhttp.OkHttpClient     com.baatcheet.app                    I  x-proxied-replica: drf1rado-rq878
2026-01-16 18:56:26.301  5250-10878 okhttp.OkHttpClient     com.baatcheet.app                    I  x-proxied-path: /api/v1/chat/completions
2026-01-16 18:56:26.301  5250-10878 okhttp.OkHttpClient     com.baatcheet.app                    I  link: <https://huggingface.co/spaces/sharry121/BaatCheet>;rel="canonical"
2026-01-16 18:56:26.302  5250-10878 okhttp.OkHttpClient     com.baatcheet.app                    I  {"success":true,"data":{"message":{"role":"assistant","content":"Arre, abhi toh maine Urdu mein baat ki thi, aur aap ne phir se Hindi mein sawal poocha!  Theek hai, main dono zubaanon mein baat kar sakta hoon, aap ki marzi. To phir, aap ka haal-chaal kaisa hai?"},"conversationId":"ada9f224-0fc9-4825-a14d-70f01fc8cb49","model":"llama-3.3-70b-versatile","provider":"groq","tokens":{"prompt":865,"completion":73,"total":938}}}
2026-01-16 18:56:26.302  5250-10878 okhttp.OkHttpClient     com.baatcheet.app                    I  <-- END HTTP (429-byte body)
2026-01-16 18:56:26.310  5250-10878 okhttp.OkHttpClient     com.baatcheet.app                    I  --> POST https://sharry121-baatcheet.hf.space/api/v1/tts/generate
2026-01-16 18:56:26.310  5250-10878 okhttp.OkHttpClient     com.baatcheet.app                    I  Content-Length: 250
2026-01-16 18:56:26.310  5250-10878 okhttp.OkHttpClient     com.baatcheet.app                    I  Authorization: Bearer eyJhbGciOiJIUzI1NiIsInR5cCI6IkpXVCJ9.eyJ1c2VySWQiOiIyODIxYWY1Yy05MGFiLTQ1OGMtOWQ5NC04NWVlZDU1ZTkwYzMiLCJjbGVya0lkIjoidXNlcl8zODZDZTNHVHNUb1lrWnpHbTcxVkJ3NkxWUDAiLCJlbWFpbCI6Im9uc2Vhc29uMTBAZ21haWwuY29tIiwiaWF0IjoxNzY4NTA4NzcxLCJleHAiOjE3NjkxMTM1NzF9.CS-aG7kWBc2mjBo6mc9wGY-qnWqDrZtDvB5y46pbgUU
2026-01-16 18:56:26.310  5250-10878 okhttp.OkHttpClient     com.baatcheet.app                    I  Content-Type: application/json
2026-01-16 18:56:26.311  5250-10878 okhttp.OkHttpClient     com.baatcheet.app                    I  {"speed":1.0,"text":"Arre, abhi toh maine Urdu mein baat ki thi, aur aap ne phir se Hindi mein sawal poocha!  Theek hai, main dono zubaanon mein baat kar sakta hoon, aap ki marzi. To phir, aap ka haal-chaal kaisa hai?","voice":"ur-PK-UzmaNeural"}
2026-01-16 18:56:26.311  5250-10878 okhttp.OkHttpClient     com.baatcheet.app                    I  --> END POST (250-byte body)
2026-01-16 18:56:28.192  5250-10878 okhttp.OkHttpClient     com.baatcheet.app                    I  <-- 200 https://sharry121-baatcheet.hf.space/api/v1/tts/generate (1881ms)
2026-01-16 18:56:28.192  5250-10878 okhttp.OkHttpClient     com.baatcheet.app                    I  date: Fri, 16 Jan 2026 13:56:28 GMT
2026-01-16 18:56:28.192  5250-10878 okhttp.OkHttpClient     com.baatcheet.app                    I  content-type: audio/mpeg
2026-01-16 18:56:28.192  5250-10878 okhttp.OkHttpClient     com.baatcheet.app                    I  content-length: 124992
2026-01-16 18:56:28.192  5250-10878 okhttp.OkHttpClient     com.baatcheet.app                    I  x-request-id: CnR5vj, CnR5vj
2026-01-16 18:56:28.193  5250-10878 okhttp.OkHttpClient     com.baatcheet.app                    I  content-security-policy: default-src 'self';script-src 'self' 'unsafe-inline';style-src 'self' 'unsafe-inline';img-src 'self' data: https:;connect-src 'self' https://api.clerk.dev;base-uri 'self';font-src 'self' https: data:;form-action 'self';frame-ancestors 'self';object-src 'none';script-src-attr 'none';upgrade-insecure-requests
2026-01-16 18:56:28.193  5250-10878 okhttp.OkHttpClient     com.baatcheet.app                    I  cross-origin-opener-policy: same-origin
2026-01-16 18:56:28.193  5250-10878 okhttp.OkHttpClient     com.baatcheet.app                    I  cross-origin-resource-policy: cross-origin
2026-01-16 18:56:28.193  5250-10878 okhttp.OkHttpClient     com.baatcheet.app                    I  origin-agent-cluster: ?1
2026-01-16 18:56:28.193  5250-10878 okhttp.OkHttpClient     com.baatcheet.app                    I  referrer-policy: no-referrer
2026-01-16 18:56:28.193  5250-10878 okhttp.OkHttpClient     com.baatcheet.app                    I  strict-transport-security: max-age=31536000; includeSubDomains; preload
2026-01-16 18:56:28.193  5250-10878 okhttp.OkHttpClient     com.baatcheet.app                    I  x-content-type-options: nosniff
2026-01-16 18:56:28.193  5250-10878 okhttp.OkHttpClient     com.baatcheet.app                    I  x-dns-prefetch-control: off
2026-01-16 18:56:28.193  5250-10878 okhttp.OkHttpClient     com.baatcheet.app                    I  x-download-options: noopen
2026-01-16 18:56:28.193  5250-10878 okhttp.OkHttpClient     com.baatcheet.app                    I  x-frame-options: SAMEORIGIN
2026-01-16 18:56:28.193  5250-10878 okhttp.OkHttpClient     com.baatcheet.app                    I  x-permitted-cross-domain-policies: none
2026-01-16 18:56:28.193  5250-10878 okhttp.OkHttpClient     com.baatcheet.app                    I  x-xss-protection: 0
2026-01-16 18:56:28.193  5250-10878 okhttp.OkHttpClient     com.baatcheet.app                    I  vary: Origin
2026-01-16 18:56:28.193  5250-10878 okhttp.OkHttpClient     com.baatcheet.app                    I  vary: origin, access-control-request-method, access-control-request-headers
2026-01-16 18:56:28.193  5250-10878 okhttp.OkHttpClient     com.baatcheet.app                    I  access-control-allow-credentials: true
