--------- beginning of main
--------- beginning of system
2026-01-21 16:38:14.032 26347-26347 TranClassInfo           com.baatcheet.app                    D  instance successfully. com.transsion.hubcore.app.TranAppImpl@ae61a1b from com.transsion.hubcore.app.ITranApp
2026-01-21 16:38:14.073 26347-26347 VRI[MainActivity]       com.baatcheet.app                    D  hardware acceleration = true, forceHwAccelerated = false
2026-01-21 16:38:14.073 26347-26347 config_debug            com.baatcheet.app                    I  updateDecorCaptionStatus: {1.0 410mcc3mnc [en_US,nl_NL] ldltr sw441dp w441dp h910dp 392dpi nrml long widecg port finger -keyb/v/h -nav/h winConfig={ mBounds=Rect(0, 0 - 1080, 2436) mAppBounds=Rect(0, 108 - 1080, 2338) mMaxBounds=Rect(0, 0 - 1080, 2436) mDisplayRotation=ROTATION_0 mWindowingMode=fullscreen mDisplayWindowingMode=fullscreen mMultiWindowMode=normal mMultiWindowId=0 mWindowResiable=6 mInLargeScreen=-1 mActivityType=standard mAlwaysOnTop=undefined mRotation=ROTATION_0 mUiOptSpec=-1 mCurDisplayId=-1} as.2 s.1 fontWeightAdjustment=0} fromMultiWindow: false
2026-01-21 16:38:14.074 26347-26347 ViewRootImpl            com.baatcheet.app                    D  setView appearance:8 com.baatcheet.app/com.baatcheet.app.MainActivity
2026-01-21 16:38:14.077   965-2123  BufferQueueDebug        surfaceflinger                       E  [57212c8 com.baatcheet.app/com.baatcheet.app.MainActivity#77993](this:0xb4000072ec402990,id:-1,api:0,p:-1,c:-1) id info cannot be read from '57212c8 com.baatcheet.app/com.baatcheet.app.MainActivity#77993'
2026-01-21 16:38:14.090 26347-26347 InputTransport          com.baatcheet.app                    D  Create ARC handle: 0xb40000753dba7460
2026-01-21 16:38:14.090 26347-26347 InputEventReceiver      com.baatcheet.app                    D  Input log is disabled in InputEventReceiver.
2026-01-21 16:38:14.090 26347-26347 InputTransport          com.baatcheet.app                    D  Input log is disabled in InputChannel.
2026-01-21 16:38:14.192   965-2123  BufferQueueDebug        surfaceflinger                       E  [com.baatcheet.app/com.baatcheet.app.MainActivity#77996](this:0xb4000072ec44f7c0,id:-1,api:0,p:-1,c:-1) id info cannot be read from 'com.baatcheet.app/com.baatcheet.app.MainActivity#77996'
2026-01-21 16:38:14.202 26347-26347 BufferQueueConsumer     com.baatcheet.app                    D  [](id:66eb00000001,api:0,p:-1,c:26347) connect: controlledByApp=false
2026-01-21 16:38:14.203 26347-26347 config_debug            com.baatcheet.app                    I  updateDecorCaptionStatus: {1.0 410mcc3mnc [en_US,nl_NL] ldltr sw441dp w441dp h910dp 392dpi nrml long widecg port finger -keyb/v/h -nav/h winConfig={ mBounds=Rect(0, 0 - 1080, 2436) mAppBounds=Rect(0, 108 - 1080, 2338) mMaxBounds=Rect(0, 0 - 1080, 2436) mDisplayRotation=ROTATION_0 mWindowingMode=fullscreen mDisplayWindowingMode=fullscreen mMultiWindowMode=normal mMultiWindowId=0 mWindowResiable=6 mInLargeScreen=-1 mActivityType=standard mAlwaysOnTop=undefined mRotation=ROTATION_0 mUiOptSpec=-1 mCurDisplayId=-1} as.2 s.1 fontWeightAdjustment=0} fromMultiWindow: true
2026-01-21 16:38:14.204 26347-27622 OpenGLRenderer          com.baatcheet.app                    E  Unable to match the desired swap behavior.
2026-01-21 16:38:14.240 26347-27622 BLASTBufferQueue        com.baatcheet.app                    D  [VRI[MainActivity]#1](f:0,a:1) acquireNextBufferLocked size=942x1170 mFrameNumber=1 applyTransaction=true mTimestamp=199547630456739(auto) mPendingTransactions.size=0 graphicBufferId=113159503347725 transform=0
2026-01-21 16:38:14.244   965-2123  BufferQueueDebug        surfaceflinger                       E  [Surface(name=57212c8 com.baatcheet.app/com.baatcheet.app.MainActivity)/@0x8f2f655 - animation-leash of window_animation#77997](this:0xb4000072ec419610,id:-1,api:0,p:-1,c:-1) id info cannot be read from 'Surface(name=57212c8 com.baatcheet.app/com.baatcheet.app.MainActivity)/@0x8f2f655 - animation-leash of window_animation#77997'
2026-01-21 16:38:15.202 26347-26347 WindowOnBackDispatcher  com.baatcheet.app                    W  sendCancelIfRunning: isInProgress=falsecallback=androidx.activity.OnBackPressedDispatcher$Api34Impl$createOnBackAnimationCallback$1@4faa256
2026-01-21 16:38:15.236 26347-27622 OpenGLRenderer          com.baatcheet.app                    D  endAllActiveAnimators on 0xb4000073ddc46490 (UnprojectedRipple) with handle 0xb40000753dbad670
2026-01-21 16:38:15.237 26347-26347 View                    com.baatcheet.app                    D  [Warning] assignParent to null: this = DecorView@4e24131[MainActivity]
2026-01-21 16:38:15.240 26347-26347 BLASTBufferQueue        com.baatcheet.app                    D  [VRI[MainActivity]#1](f:0,a:4) destructor()
2026-01-21 16:38:15.240 26347-26347 BufferQueueConsumer     com.baatcheet.app                    D  [VRI[MainActivity]#1(BLAST Consumer)1](id:66eb00000001,api:0,p:-1,c:26347) disconnect
2026-01-21 16:38:15.243   965-1040  BufferQueueDebug        surfaceflinger                       E  [Surface(name=57212c8 com.baatcheet.app/com.baatcheet.app.MainActivity)/@0x8f2f655 - animation-leash of window_animation#78002](this:0xb4000072ec424c50,id:-1,api:0,p:-1,c:-1) id info cannot be read from 'Surface(name=57212c8 com.baatcheet.app/com.baatcheet.app.MainActivity)/@0x8f2f655 - animation-leash of window_animation#78002'
2026-01-21 16:38:15.254 26347-26347 InputTransport          com.baatcheet.app                    D  Destroy ARC handle: 0xb40000753dba7460
2026-01-21 16:38:16.991 26347-26347 Compatibil...geReporter com.baatcheet.app                    D  Compat change id reported: 78294732; UID 10652; state: ENABLED
2026-01-21 16:38:16.993 26347-26347 ChatViewModel           com.baatcheet.app                    D  Uploading profile picture: content://media/picker/0/com.android.providers.media.photopicker/media/1000200698
2026-01-21 16:38:17.050 26347-27716 okhttp.OkHttpClient     com.baatcheet.app                    I  --> POST https://sharry121-baatcheet.hf.space/api/v1/images/avatar
2026-01-21 16:38:17.051 26347-27716 okhttp.OkHttpClient     com.baatcheet.app                    I  Content-Length: 27151
2026-01-21 16:38:17.051 26347-27716 okhttp.OkHttpClient     com.baatcheet.app                    I  Authorization: Bearer eyJhbGciOiJIUzI1NiIsInR5cCI6IkpXVCJ9.eyJ1c2VySWQiOiIyODIxYWY1Yy05MGFiLTQ1OGMtOWQ5NC04NWVlZDU1ZTkwYzMiLCJjbGVya0lkIjoidXNlcl8zODZDZTNHVHNUb1lrWnpHbTcxVkJ3NkxWUDAiLCJlbWFpbCI6Im9uc2Vhc29uMTBAZ21haWwuY29tIiwiaWF0IjoxNzY4OTk0MzE1LCJleHAiOjE3Njk1OTkxMTV9.WTJB3dm73LnlvVxirML6hOnywK3zDOrBmq6SkUQaPsw
2026-01-21 16:38:17.051 26347-27716 okhttp.OkHttpClient     com.baatcheet.app                    I  Content-Type: application/json
2026-01-21 16:38:17.053 26347-27716 okhttp.OkHttpClient     com.baatcheet.app                    I  --126e2497-cc21-4ca2-8261-2f4da8809fc7
2026-01-21 16:38:17.053 26347-27716 okhttp.OkHttpClient     com.baatcheet.app                    I  Content-Disposition: form-data; name="avatar"; filename="avatar_1768995497041.jpg"
2026-01-21 16:38:17.053 26347-27716 okhttp.OkHttpClient     com.baatcheet.app                    I  Content-Type: image/jpeg
2026-01-21 16:38:17.053 26347-27716 okhttp.OkHttpClient     com.baatcheet.app                    I  Content-Length: 26932
2026-01-21 16:38:17.053 26347-27716 okhttp.OkHttpClient     com.baatcheet.app                    I  
2026-01-21 16:38:17.053 26347-27716 okhttp.OkHttpClient     com.baatcheet.app                    I  ����??JFIF????????????��??�??
2026-01-21 16:38:17.053 26347-27716 okhttp.OkHttpClient     com.baatcheet.app                    I  
2026-01-21 16:38:17.053 26347-27716 okhttp.OkHttpClient     com.baatcheet.app                    I  
2026-01-21 16:38:17.053 26347-27716 okhttp.OkHttpClient     com.baatcheet.app                    I  ""$$6*&&*6>424>LDDL_Z_||�
2026-01-21 16:38:17.053 26347-27716 okhttp.OkHttpClient     com.baatcheet.app                    I  
2026-01-21 16:38:17.053 26347-27716 okhttp.OkHttpClient     com.baatcheet.app                    I  
2026-01-21 16:38:17.053 26347-27716 okhttp.OkHttpClient     com.baatcheet.app                    I  ""$$6*&&*6>424>LDDL_Z_||���??��"??��??/????????????????????????????????????????????????????��????????��5�??????�????�)�cDi�[�v6�6�6��0��ʉ�Ժ��M؛,MF�rnC;�V��j�X��R�iB T]K
2026-01-21 16:38:17.053 26347-27716 okhttp.OkHttpClient     com.baatcheet.app                    I  &	PL���yx�MgL�@????@??hL��S���ҫ�i�0���L�إ�u�[U�(C�jӶk:Ɔ��;c�[@�$W����r�^O���MgL???? Zb(`0	��Lҫ)��@��6�N�Ʊ�i��UEYnmH@�c3<w�b���$�L�4!�F�+4B�H�o#��1�&����?? ????0)���??50�-Tݎ��`�E6�1��CLL6�q-��:.(�lM�Jfytfal]U$�\�4m��d�-6h??r9hI������m�0(i�??????????i�M&4�M8wN��Bv`ƃ??`�#i��є�|w4��[vM6!�]2]8��ư�T�Zf�44Ih��@jD!D	��wp�MgT??�??��)1�????�h��@p�U���v2��6�0`���D��c��ڻ&�b(D4 �H�a��L�L���a��;,@	�M
2026-01-21 16:38:17.053 26347-27716 okhttp.OkHttpClient     com.baatcheet.app                    I  nHe�q��V6????��%�?? IF�S�e5T2�C���T�����X�U%�L�F� m1�??E�a5+��nBi5rŝ«�M??�@�G����r���1�S@0L�t??4L���Tӊi�Tݍ���6�����H�2��#�̳�%�q���B��??�������/4֦���������&^O�ŝpc�L)R�??????A���`�F	��Ԉd����Ֆ�؂�ۤ]�W�%�&0�h??,��M0Ա	Bcr��103�\�했E��A"����D���Ԋ*Wȝr��MKhv ??�6�`????�&��1�I����a�4�k�i�K3`62�щ[`�yY��A�??j2�s�i�*P"��cj	sI4�		p�|ܺ9������11�t�` �(Il".eM1ҪzM�I0`�*J�c%<�B(u(��L*Y��� �u4jP�<:9ȨuR�e\ؚ�rJ�(��I�������:�,mU*T��$�X�sIm:Srg����2�W`�`�UE*F�,�$�)$уa���z�!9�t�"y���ES�.��V	.X�RB��J��y~����k�N�KF�j�;??SH��=&U��c�
2026-01-21 16:38:17.053 26347-27716 okhttp.OkHttpClient     com.baatcheet.app                    I  �*)&&�h��AMR���Z��&5.\[�R@����
2026-01-21 16:38:17.053 26347-27716 okhttp.OkHttpClient     com.baatcheet.app                    I  ��/lw�SI)�r)h@�&�NC�����cz�
2026-01-21 16:38:17.053 26347-27716 okhttp.OkHttpClient     com.baatcheet.app                    I  11R�P??�c1UJj+I���h&�S��Mӹ�QB` l`1�6N[�N�j]*�"�Ȅ���V
2026-01-21 16:38:17.053 26347-27716 okhttp.OkHttpClient     com.baatcheet.app                    I  ���0��93&���f��&�f�\]�y�:f7���`0i�I�@�]4??�EM�M�;�7PYJXڢ�U�UP��j�i40�s\u��nll`�h��&/:�i�+L�5��I���Jh$JK�r���rs߽��������????nj�b;��E��(�[DӪ��Ѣ�AU4SC�Cc�*M\ڌ#K�(??$ K=f9��m2���2�����1' �	���RJ�t�^4�=������??m0??�ܖ2��*�JL�;%�:�h��	�Sh�MR�s@�
2026-01-21 16:38:17.053 26347-27716 okhttp.OkHttpClient     com.baatcheet.app                    I  U��W��$4��P	�a��ө��v^�geG)(�)H9)�UD�k���~�j���??b`&��@P�1Q+��F��??m2��̀ة1������K�׋�ק�z���Vj�&�??P&�2�*NYU���H��	%ȁ+H1y/*{���9���(e�D�UMSFDT�1Ɨ�)�1�J���hLt�m�a��p�2�%��~o��'���ګ%R��1�~zD�4�Τ��!	9	r�
2026-01-21 16:38:17.053 26347-27716 okhttp.OkHttpClient     com.baatcheet.app                    I  @gq/���z�M�x�(@�˲��1���Q52�qzF���j�??�X��QaeC`s�^�6~ļ��6cۀz9��GKU�ʤ�0�%Ϸ=K�]RV�MB �*!@����Mc_�z|�Pc1��LlvD�Cjֵ�.bniP �
2026-01-21 16:38:17.053 26347-27716 okhttp.OkHttpClient     com.baatcheet.app                    I  �
2026-01-21 16:38:17.053 26347-27716 okhttp.OkHttpClient     com.baatcheet.app                    I  t:�")�!ɕk��O:+7&އ���F��Pj �D��8t`f5-'!qE��M	9Q4$�??��qq�����<6�KF�??ӧH4T:
2026-01-21 16:38:17.053 26347-27716 okhttp.OkHttpClient     com.baatcheet.app                    I  -B�E�a54	�����m9c����ܵ�I�V&�Ƅgh���~c�L3���F���!Ts�a&��m�:�(�rJ!A"P??l�Mc_���x�j??Щci�i��T��*�i�Z\ZJ�cWJ�m����L
2026-01-21 16:38:17.053 26347-27716 okhttp.OkHttpClient     com.baatcheet.app                    I  �}?57m,�q���Df\R���O{����Ѩ�P$T�I̽<���]�s�jf�bND��????�(����X��p�p� ���R??P�0�6����5"js[T^���R�Zj�JYnNX�epws˃�k]��B�Ӯc�Y\�Ǫ=,\k $T��|e��֎>�h���+XHTK"F	4�N`�2f7��=�)� �*h�4�:L��dvg�	�QEi5�M$��T����[�)�)�9aº���nftm΋�^q�7d��.�O+5|����f�o8�h�侨9y{���K��^��-�??!??�DMBN�5���w
2026-01-21 16:38:17.053 26347-26347 Compatibil...geReporter com.baatcheet.app                    D  Compat change id reported: 147798919; UID 10652; state: ENABLED
2026-01-21 16:38:17.054 26347-27716 okhttp.OkHttpClient     com.baatcheet.app                    I  xhz��6�6�l�ɠ���Y�qw�0���)��hH��QHCrʸ��TY�^�ɪo෗��J���"U�5zd&��@�UH��9)HZ�0J�F��f�u-gY�!D$�g�R�:�?��O-�Q7D�!s��ȗ�8��~|���\zK���������$��*(�??:�,���,e�T�*LT�!h�v����ԍi�r>������6R�R&m,�@��G^�S���??R����3���ә91f�-R�E]�'nU�['M'#�g:�u�t�`��z�i��ɽ� ��ܸ�w�5C"GB��3ZL/{�W�i�����&�f]��ϵ���R%8,K��P�ƴr�V2�J��w�7^�")ˑ�t�f�ɯ�����(�[????4P��ZX�BQd�Κsݚ��y�Q�WU�ii�յ�Z��1�"ԖQ!n(x�K�Ѵ���X�\t�W%��	r�S4�"�;��VytNo2�ΐ??�;W'^��9)�M/�a��s��??�	Na�6�����P??�nY����F"�l*�tzk1T��*���Ih�䑠L���1�V�ѹ.�4)h�����:�w��B,hA��s����sBJ��C���s�����`��t�c�Mf�,���P���sk�W���i�MUTZP��9kB??��a��R�ڡ�JU41�Tg@���F"��@t�79Ԁ�@ �����D?? � �n�A@�P�nYv��T�m�K�sb�P�P��U��U,���� ���;c.b&����Hp�X��P�E��)'��+��4�??�k-??���T���m��0I(R��H���OE8kYH�6���e�� ���$R@*󢱼�4,�K��b(8s3H����(�&�Ӆ�Nk��t���X��t���:�J�s*A��+��i� !??1�(N���X�*��??Df�a6�;�	
2026-01-21 16:38:17.054 26347-27716 okhttp.OkHttpClient     com.baatcheet.app                    I  !9�����#??`h�C�	�Ɛ
2026-01-21 16:38:17.054 26347-27716 okhttp.OkHttpClient     com.baatcheet.app                    I   6Ar0E6��%
2026-01-21 16:38:17.054 26347-27716 okhttp.OkHttpClient     com.baatcheet.app                    I  �V次2b�gK	��-o5r�����P�NJ��Y���R%d�Ċ����zge�@KQ3S,��⒆�%��B�9m�ЂQ4j��X�X��0r%EUUm�*Pu�jlgz�)@Ch��B�*���!j0NVR���c@��*]ƶ:�R"mj�)r�w1??MF�;���@1�??eP���L�K"5�p��F$1??"��S@10@;�JADԈD��.V�(�V1!	5*^��f�j�^L�`��$J���T��^���v2F�<Ѭ�1��Jfz�e��I�U.\��P��??4��1h??*�)R BP??0�������@M(��RP
2026-01-21 16:38:17.054 26347-27716 okhttp.OkHttpClient     com.baatcheet.app                    I  �r�DjKBag(	z	,b&�����9MkM�0C��7��<�*��hC6��ʷ,m��n�T���TD-%eR%�L���T��;�0��gD���J�JiѤ]�w�i����Nz�(�]�.P����F��i�??'!��p��	��Q��V]K%-��D�%.�,i��U�Y��5T�Ң��5cM	�t#��3F�6$RҀ@&Bh��T�^�b�⚍�;��12��`??���m�ci��L���S�GJ��r)jd*B͖�͔����r�5�܉n�%ڹâ&�JBBV??�????lw�i/���Ħ�JjƁ�#Xt�ȁ�c�0J�Y$5Y���1�L2�T�+��-�W2$�@�J�h(L���h��j�'@�L R��vh'P*i
2026-01-21 16:38:17.054 26347-27716 okhttp.OkHttpClient     com.baatcheet.app                    I  !���S��W�T��/C�N%@������)�P�qR��9�:��0%XADB�VH6�R��T�-,????F�
2026-01-21 16:38:17.054 26347-27716 okhttp.OkHttpClient     com.baatcheet.app                    I  Z��b,b??
2026-01-21 16:38:17.054 26347-27716 okhttp.OkHttpClient     com.baatcheet.app                    I  �R�����hP&(��r7�����??��????????????!�<4�"$ܑ�c@X5G֕Wж�A�pA�`??��??﯀���66?�s���9�m��m6�AX.%�v??Qq�OO.��<l�1%gI��X��]�u��	g-���=P�*��3�??�$�(�&�id��DS�SÃ����b��k��t�??���~M��h�RM�Z]�q\�?�� (%��a�F�,��Eu��U�]��Br����{#�q5����_@wNm4�`T�	�)tm���s7�筂�!�??X�9]�U��Q�Xiu;�Xo=����yB��H#�@�VM��D�\A&�y����1�y��b���d�a�^i�(�O1����T��޲#��O�o�<1��� PT�Zt�l<��9ԋx����S��ѩ��*-4??u�E��L(B�#m��m��7
2026-01-21 16:38:17.054 26347-27716 okhttp.OkHttpClient     com.baatcheet.app                    I  �:#�T??��g��h2L����^�V�Q�m�S+8D(&���2p��(��_l��iG�L7������1Y_�??1Ll�&˅:{�AaW]��\����΍�y|
2026-01-21 16:38:17.054 26347-27716 okhttp.OkHttpClient     com.baatcheet.app                    I  ��mK<��� �����d]p����;)�y4�??!��*;������$$��??e8j��b���??Z
2026-01-21 16:38:17.054 26347-27716 okhttp.OkHttpClient     com.baatcheet.app                    I  �F�[����LCW+бl�0�z��s0��l�����h��
2026-01-21 16:38:17.054 26347-27716 okhttp.OkHttpClient     com.baatcheet.app                    I  i��0U%��q�C���́߻M"�KoJ��N���ZM4�M�?��T��AH���ڜB8��(n��W�7λ��/�{d���d??fO??p
2026-01-21 16:38:17.054 26347-27716 okhttp.OkHttpClient     com.baatcheet.app                    I  �V7�&Y1�hQh�.^�ҋ��];ZL�� �1b��9�K�uɉ,��??���C���/�6p��D�<q�pUN��F%�!��Tw2]���/����U��A��ȌP��㡸i!��S�^�Z6%�l|QeSa<��pؽ���ݐ�<���??���ڼ�Jm'�҈���3lH2��ӣ��??
2026-01-21 16:38:17.054 26347-27716 okhttp.OkHttpClient     com.baatcheet.app                    I  ��o;���94}����64yWNB��<��??(L�0��0ֽ��K��Q���AE���`��$��oG�RuqDu��p(�4��@��q�,sJ�z���F?懣���t�Mȸ����yƇx�=�o1�??�A4����/"�??������svrS��^�&���<NA�"���3�� ���S�$b�x�!}�ׂ�8�P�p~О���_��6����u�����7�":��P��n���E�s�/��6��i-y�
2026-01-21 16:38:17.054 26347-27716 okhttp.OkHttpClient     com.baatcheet.app                    I  ��b�ƣ��k<x�Q�=�\��|C����6����4O�8��Wo�Z���[���@J�检@:Kt1�4MK��j��V��9�"��n���N��??��<�L<�e���&�}�c�ˌ$v��!�3�?���5k�u�8����3���?o}�5GU���ؼ��:�\=U�o��6W���lN��G��6���S��a/����B,3C��&F������5+�??{.*��b��Ϧ�_ۮ����Ŗ��t���g?�П65�L���i�@X�t1F �??��??��????????????u��=䋠Tި-�l�cNe�	X�d�=7�@�B00|X����PRS)�?��)t���ŶCqĒU�$	��M���\Y��L
2026-01-21 16:38:17.054 26347-27716 okhttp.OkHttpClient     com.baatcheet.app                    I  ��ZbQO��L:�Q\i�H��9�ׅ�E�D*	>��E�Ej���z���a�L4r�cP'	?�??H�??�hkDT��ձ�M5e�Q]�m��e�$�5fJ??lPր�pG>�O�!T����m�i�Pr2��� �=d�h�*eTr��H6`�
2026-01-21 16:38:17.054 26347-27716 okhttp.OkHttpClient     com.baatcheet.app                    I  =!���X&�n{�ޤ��yAF&5�	t�ET(v�M��y��A������??�[�S����p�mg�X�yUl�
2026-01-21 16:38:17.054 26347-27716 okhttp.OkHttpClient     com.baatcheet.app                    I  ���y�Co����>�� �eu3�}4�??�)&WŠ�s����As��Ud}23x��(�RH��AP���F
2026-01-21 16:38:17.054 26347-27716 okhttp.OkHttpClient     com.baatcheet.app                    I  �Cm{J)1P��Mc�D�|�L�*�U�״�G��q��p�V#o}%c���T��x�뗠��&]k�/��L�?@�Um�bc�%�c�D���L-#�C�?��>����)�d�??��O١��#�n�:�$��O�r���Mwl������y.��+]����`??!o��GUo��r��e���P�??�p�7vO%�Ί�K}ǲ�[��B��ݷ�>E3�Wp*�
2026-01-21 16:38:17.054 26347-27716 okhttp.OkHttpClient     com.baatcheet.app                    I  ���~���S�:�Je��yT�L��'e\Y9p�4$gu*��k�i�Jo�Hno�M FU%���`����:1��]�dJ{x97�?	�~h�ځIy??�]�@�?%��h�7%�3ѦY��7&�w�n��\lrϩ�
2026-01-21 16:38:17.054 26347-27716 okhttp.OkHttpClient     com.baatcheet.app                    I  ����*�??2]HL�G���,�1�E�??i3��f>f�)�?����	a��W����d������yl0N�0��rܴ�3������h"X�Z,(��B)_|]�x�QY�L��y�\M�hu D�8��2pgg�h�ҹ�m��`@��N��5YT�L������%��ю�??p{2Յ��wR�Z��8���!:�JMݱ��RZ!qZ*;U��]G,�C�D�[�L�����L�{x�Gʛ[�!}�]4e'�d��ű�Et��P&U��R�>��i�Cz���l%��_��tU�k��ȵ.u��	/���]���Z�I�m�� Z|��g7����m�U[�������X�qJWe7�k΢�~/1z���z�U<��[�w�\�\�ތMQ�'ʯ���������c\���pb�(ݲ��_�\������~2�'������?���\FˠH������� �J.Q��2���E����?�r�T�c�??��|[Q17�??hJ��\Zlb���J���z��3�ȆS-c~n5�U"1����ϖ3z����ԏ6�՗k�2*�n%QT�6O
2026-01-21 16:38:17.055 26347-27716 okhttp.OkHttpClient     com.baatcheet.app                    I  m�6�֣��#�c��.��q�#�Nc��3y=�h��J��8e��F|�2eq����$6
2026-01-21 16:38:17.055 26347-27716 okhttp.OkHttpClient     com.baatcheet.app                    I  6Y��נ�)Ӊ���Օ��??4�X���'^Ć��M�`�Tb�ɣ�x��J��f�?��lǀ߳� � ����??'?????????????? 1!02A@Q"�a��?????�l��8/���^η��??�B��E��X�#��z^�o��E���+-�w~޷�Ѕ������#����o����Y[4��??'Uܷ�i!Y[1"�??��L��??��Ya+���iP�B�XB�Տ�셫EB[��t�$���xH������BEh�(b��*��\�X^��������h��Ȭ/M{��GE�dPБ~��??����~���e��z�G��VQB,b���??<�Ō\�e[ĄW���L�Ռ\�Ą'�n�M/�u���_V1s�Y\fB^�������gNV��W��X�fBDW��x�")�%wv�Deܶ��Œ��.V��^�:�-�x�t�~��K��.V��4!zz�ea_�<�G��c動��C���
2026-01-21 16:38:17.055 26347-27716 okhttp.OkHttpClient     com.baatcheet.app                    I  ק��4Aߡ�>X�YZ��!zf�<P�֏V'����d�c+TyN�+��K�X�n�H�����E��^I�)ZՒ��r���蔨S_�|Y)A+R��9�.Kx�#l�^#6�'���\�,w$>�>Y��/�,��&��
2026-01-21 16:38:17.055 26347-27716 okhttp.OkHttpClient     com.baatcheet.app                    I  gr��sC��P�Gi�v��g�1��.�#6��/�?Rh��"��[LP>3�>3��[Q�L]D>���I��"L������'
2026-01-21 16:38:17.055 26347-27716 okhttp.OkHttpClient     com.baatcheet.app                    I  V.,�LI2��l�
2026-01-21 16:38:17.055 26347-27716 okhttp.OkHttpClient     com.baatcheet.app                    I  �m����G民E�-<
2026-01-21 16:38:17.056 26347-27716 okhttp.OkHttpClient     com.baatcheet.app                    I  	�]/yX�&(3�b�H�F�����i!󈔨�<5�d'd�"��x���b#�%*Mb�b�;R�HZH|�%�qLi�'Gsy\��B��NV��T��ˆX�d�s���cOX�Z�T��T��R��a����F���z��������2,�2B#��ke��dU�o{X߁�<ɏz1���P�,�����^�b�"QZ�yҖɝ���"���=V�b� ��5���"׹M�YIb",�Yz,1��,lL��ǈ2�X��gw�??���r��9��v�%E��#��E�=$-�C�x�;rQ~2���뢇Vd,QCCB����W#��<�j�1p.7K
2026-01-21 16:38:17.056 26347-27716 okhttp.OkHttpClient     com.baatcheet.app                    I  �_���iV$,*8�š=e�����Bٟ�[!1�Gsō��	�����;�+J�;k)ag�Z�"��Ň����~j��>�(�,��Ƴ&!E4P�����ш���D���??)?????????????? 1!02AQ@a"B���?????���c�S<3��%ΌO%��������C��<ˑ���6~7ŋg�����)��C����}zb1�,z"$��ފ�c����Oyz^#"{�E��tC{�a������nH��z�5�yc��ZXC^�Ǌ~E��a�e�l{��WBt�[����2���_�!�[1�֌z=��G�D>(X����e�,1�^��(軈��c�'������[=V�??l�E�����+��[#��b�g�����G��:<;^���+o҇�t�k[<;<�C�>��^��H���=��)y�^F��YC҄�������Dc~K��I���3|3�Ӕ�OzV���G��.r��5sB�
2026-01-21 16:38:17.056 26347-27716 okhttp.OkHttpClient     com.baatcheet.app                    I  H�%%��AE����%�-�d����.���F��������Q�u�EkY�G�>=I��b��
2026-01-21 16:38:17.056 26347-27716 okhttp.OkHttpClient     com.baatcheet.app                    I  �5ڕY�C�"I�z���%�ȸC���xD������!�b䚩V�/U���z1ፗ�����2���$���\��L�A������W�61a��t��e�~	=#Ȉ�cJh�Zb��|<<�1qCU�Ǘ�#+J��%T��GcB鿳���������t��N�q���G�>[Y\�E��0��e�vu(�&�H�2P�ȺO�]4���)kH�$"pN��$�DW�H\���d���??��_�~��??X�I}�)��8H�{v�0����6Yc��Z����]D)�в��֐V�����C��w���??G{?g�
2026-01-21 16:38:17.056 26347-27716 okhttp.OkHttpClient     com.baatcheet.app                    I  l��1��M��]!t�;Q�����R7���:����i������.H�w�Fbw��;p��_xl�Ƚ+)����|�g��C�E����H�v>��d����hVFt)'��%���U�ǡ��-���)O��"G�H�A�k&(��ǭ���#�G��9y�$q-��og���~)f���d9�Y��,KJ�^t��{%I�k5�� ����+HJ�z2��Q)R����V$%�ȏ�����эD�$p�;ֆ�+)	$!eız��Z�a�A�A,K�V(��ZV��(�bYYH��-lma&�H�_E���(��kD=$QB��v���??�k��/�R_��C�N��%�cZ��D=$!ⰱ4�%;|މy�cZ%���	���"V#Ɲ�����c�E�ҼO"o�M��42�Z���ip[������(�V#�8бe�'B����Y�(Hy�ġ��5��Ћ�.qyh�;�����-�'����8�����#���??7???????????? !0@1"23AQ�BPaq4R��#br$����?????��APCVQ�B�F�./������AQ�EBH�2n}�k(!��j(PC��+�l���cCR
2026-01-21 16:38:17.056 26347-27716 okhttp.OkHttpClient     com.baatcheet.app                    I  (F���}8�j�h���58���ۚ��Q�PF�	���|���D(@ ���q~��4P`�
2026-01-21 16:38:17.056 26347-27716 okhttp.OkHttpClient     com.baatcheet.app                    I  V#@�4n���~�??P"�M�
2026-01-21 16:38:17.056 26347-27716 okhttp.OkHttpClient     com.baatcheet.app                    I  1E!9F�B��W�=��ࢂj�1��Ѵ)�T�j����(�5\�B�4��^���HP��i�6�*u-u��F&��:��A
2026-01-21 16:38:17.056 26347-27716 okhttp.OkHttpClient     com.baatcheet.app                    I  �W:�ok|ǗңD�����6�(u���CF'D�Q�#AC�l&��ܜcDc(��S�E(u�����i�PCT� ���A	��!��F ��4#A����c:N��#�F�ZU�����4@��5u��
2026-01-21 16:38:17.056 26347-27716 okhttp.OkHttpClient     com.baatcheet.app                    I  ����ו8
2026-01-21 16:38:17.056 26347-27716 okhttp.OkHttpClient     com.baatcheet.app                    I  (!��jh(6C{W��S��*qPCP�`V�aGd)
2026-01-21 16:38:17.056 26347-27716 okhttp.OkHttpClient     com.baatcheet.app                    I  (p��
2026-01-21 16:38:17.057 26347-27716 okhttp.OkHttpClient     com.baatcheet.app                    I  1PA7'cУ�5��)��;��;�;sP1McP�j�!6�^%?�;����Ɓ
2026-01-21 16:38:17.057 26347-27716 okhttp.OkHttpClient     com.baatcheet.app                    I  ƁNGP�����
2026-01-21 16:38:17.057 26347-27716 okhttp.OkHttpClient     com.baatcheet.app                    I  0#`QAGajm���ܵB��;B�����;a�x�m�8'lh�(�Q���??-m�#��q��
2026-01-21 16:38:17.057 26347-27716 okhttp.OkHttpClient     com.baatcheet.app                    I  4���!�p�(�k~��.<��`*Q�B�i�p�;al?�����D�J(!�Q�(텯p�^+���%J����)�v�Գ�c�5�/}i���)�B(����+��ٝ�օ"��"���W��8�ۈ���8���f��co�0���N�h5�{�8��fp�kq�:�ˤ���LZuM{-��0�X�:�G	��x�;�{���j�8�������N{^:tM�{4])�+��%[ie#�CMȢP���ϽH-0W�{���`�j��=�W)\ha��Od!d������d�_V|9`�cmXG�	���6����=:U�����g??�_qo���e���fv'���!gd<�\�����8D#�uY�2ϼ̓\׉NF�N�����>�fp�a��jo�+���M��sD��� �;!^NL�X��9�h���9g�_����fj��v���T
2026-01-21 16:38:17.057 26347-27716 okhttp.OkHttpClient     com.baatcheet.app                    I  }��z'̮��Ӛ�i-O�#D�����?O����>'Ġ�"ܺ��0�1Y@��3]{U�n�A��Z�C��??�m�����@�)ͻ�c�@"�c������::�VFП/�u�.�_.1�k���|C��??�m���Gh����ob�����C��͘'N���,���!6Ա�����lֺeЏS_�~���3??&�+VY�4��8�!�{�2V]"�)F�YuMt��S��u� �2�m.;1 �N�`hs];O�~��f	*��jJ��p��N��hW��:���Ǽ����	� ���E�{'4�����`����??��p�p��yT�!�j۷�^t	��D"�P��q�S�u�"���[��"	�q������??�׃X9�|�h!�Cfs"!ȡ�4��TQSF�Y�f��W�OW�Q�x�J{]�J �`{o
2026-01-21 16:38:17.057 26347-27716 okhttp.OkHttpClient     com.baatcheet.app                    I  ��??����t\v�~����
2026-01-21 16:38:17.057 26347-27716 okhttp.OkHttpClient     com.baatcheet.app                    I  �̶cZ�C�wS��=���k��^����t�]AL�C�7�#�h�B�ّ#�??����?�a�$�{H��ȧ[	ȽsI��oj���u��f��3��g�ƣi�;;�����9:
2026-01-21 16:38:17.057 26347-27716 okhttp.OkHttpClient     com.baatcheet.app                    I  6 ����V�o�K7�6�ZY�??��w�?O������=���b=19����V|��~8(��=��\�\I$�c�	W��9O��W��_���y�Rp1����:��NӺ0|C��??�h�I�����<Ô߱o��C]��V�E�E�K�ן�����
2026-01-21 16:38:17.057 26347-27716 okhttp.OkHttpClient     com.baatcheet.app                    I  K}:��.u��V�P�����*ψ��ikJ6���㣚����X����C�k�6��??��,���v>"��h\���Jgm=�Ͱ.���l�����??b���!s8|���d䉒�m�|���;�??�Q� ��[I� �Nk]�/�C�:����<�(P��P�u�{�ӧck���6�4m;��8�^o�CI��z+�p���6��5�y�M���??,;�f�b�;���((�:��p�w%�7��X���x���W��XQHQ�
2026-01-21 16:38:17.057 26347-27716 okhttp.OkHttpClient     com.baatcheet.app                    I  T���+�W]�M�{�_��-�+��E�g�6d�#cfR����U�*���kg�B-i�:~���Z��\U�y]�5�g��_�:#%��.'�g��i
2026-01-21 16:38:17.057 26347-27716 okhttp.OkHttpClient     com.baatcheet.app                    I  ���A�!2���ğ��k��p�3^��ޡ��'�H�>gB6�??y�x�y\�4qB��Yz!dS�w���^��6S:�AL�q�T���;���;�,sL�68��g7��b�<W��+�51����������N|�����]��F??Je���ɼ[�"rN��%�*e�;�{��/s��zr�W%ދ�}P�jo�ʜGȂwUû�Y���(��
2026-01-21 16:38:17.057 26347-27716 okhttp.OkHttpClient     com.baatcheet.app                    I  saF ��Z}����׺8!qm�??W���(�$tB��.�����R�F�\w��"�IY�)�\>@��z��M]���q�6���Y��p��,?i��;@���c���A��~���	�??Ah��9�N+��ۊڎ�Lauꅓ��.Lurv@��^4.>�	N��2�;"�fn��??궵/8���n*]�8??\�!bΤ� ??SQ�Q��(��i�1J{Ϯ>'��ۊڻʐ�9Jh�c\�@�2���F��{��H�$�&Y�/�T�ތ�m�4c(����1�ۄ��!P3N�i����:�eD�DF��po���29��l���؍AXDF�F�@�[6��ͳ�"d�����Lխ�>��.�(P�:�@����2v��
2026-01-21 16:38:17.057 26347-27716 okhttp.OkHttpClient     com.baatcheet.app                    I  ��??$�+d�z'$��E�N��;7�Y�??�SF��??F���Q�ܼoZ܋�@�.4ޔw�����4t�oW{o�;�u�??I��kD|�kd�M��h��n
2026-01-21 16:38:17.057 26347-27716 okhttp.OkHttpClient     com.baatcheet.app                    I  ���N|d��??�1�+��Vh���$�Z9�Nw��;�~�4�]�i^�ԧZ���X�ٻ��[��C�X!�j�K�u��C%@4zPw~�u�'x=e�L��jJ�:�\������C[���R�L��??CϢ�z<#b��5r;���Vf�D�y=-���z�)`��hj���9�g���۰<�k��+0�����?�^r�`�??3�	0�;��/q9}�l�����Js�)���n�1�z�!/;'����GH�DuE����7�g
2026-01-21 16:38:17.057 26347-27716 okhttp.OkHttpClient     com.baatcheet.app                    I  *k
2026-01-21 16:38:17.057 26347-27716 okhttp.OkHttpClient     com.baatcheet.app                    I  (�q�#�; ��H3H�Sփ�?��(�h+
2026-01-21 16:38:17.057 26347-27716 okhttp.OkHttpClient     com.baatcheet.app                    I  "*Q��E���AR���s���N��K݋�}����i5�(ԣ��F��WD��%v`GT�����N	R�J�58�N	W���}�j�l�v���JwZ��"��??�ꏖ��?N�J�:�p�?,I�ob-[~I�na�j��zB{4g�R�N�P:�?b2�w�[~&�vb�y��hyѯ屚N�j�V�Y�\e��q�OZ>�!E]�Jɦ(�5����톨0eZ��<����h��"dʼp�!F'o�ѝ_��??)???????????? !10AQaq@�����������?????!�8�M��qd[.\!�����d!�Խj3���Hd����8�LT�XV��r�3qc��J��+�Ӝ��2x�2GBd%J����0К\S��+A.X?�c�2irᚕL0�Ԅ��Hbh�C{����!��B�D6 @��bh���r�ş1w��|��Ƅ4H#��0ʄu�%J��`��1�}�L�B��%A0 @��@�*V�^�1R��{у����t!�c�Bs0 �C@�X0u/x�D�������3����0��20A++
2026-01-21 16:38:17.057 26347-27716 okhttp.OkHttpClient     com.baatcheet.app                    I  �a�����u9c�S\�c�s��^A���B*V{C�G+��˗�kt~�a�HlCZҡ��` B�J��`���_��^.wgG�xHF8 C�`܁+H B+<K��L=C��x�6~N2��cx�Z��@�`A._�"���l�,� ���c�!�t0B�P @��*T @�
2026-01-21 16:38:17.057 26347-27716 okhttp.OkHttpClient     com.baatcheet.app                    I  _�^Pu�pa��Ͽ�\>S��0B	X�9J���G����q�˗���bw����c}AjJ����x*V�0��
2026-01-21 16:38:17.058 26347-27716 okhttp.OkHttpClient     com.baatcheet.app                    I  �0glG��|] �y�ظ�c�����+�b�bd�+5 @�V�Q�\^39N�b��r�`���x\��	P�^Rp�`�5��Pw���+,c�1��O~sZь0d���� �9f��<5�Đ�'y0h�F,Y�z3׌�50��J�Haâ9�8�FDP�����3�U�=Ƽ+�k'B7 B^���pEǴ{�Tb���c2��*t�rT�??Jµ�]@K�x0e%l`Ҹ1p0wpŋ8�O��í@��J��`�`��??ɂ b���B�Z�!�r�A��b�8qН��S&\Ѓ.\qp4��r�%�K��C^� eӹp`�de�c�����CK��/6��J�#���2�5!�Ype�24c��'(��p���.QF���`��J���r�F���G(�����C��r��`A	r��8%�sBäJ�*Vn\\�N��ю��9|27S MȐ� CD�qpr
2026-01-21 16:38:17.058 26347-27716 okhttp.OkHttpClient     com.baatcheet.app                    I  ,5c��d�}�����T8�q�y4!���*:D5bm4T�b����c��c�)��CB	��\��40J����1XĎ/r�CEK�-��c)o�s^u��㼐 �+@���Є!Sƫ�C:�����1e�9{!��~���!*T!���!�hC$!�HACWSH`�h���;��|�Zg!�d�!��df��5/�(0�ˋ\�qb�-\,��?��K�Z�G jA�����p1K�.^�0a��q.,��e˗�w�	�z��w���� J�B���0h@��>��!�b���E�Xc�\����R��x�??�Ҡn����+7�"����8��)�q>��=�F:`��C�1�/.;?81���\�j�3rBHCB�"z���z�ˋ�P�??
2026-01-21 16:38:17.058 26347-27716 okhttp.OkHttpClient     com.baatcheet.app                    I  1o��^P��]�����w��*z��w!�0��dʁK���;aU-ĎQ�~�<���#t���h��J����.:1߉��p�Ǚ��2��ɓ��d������E���C�9��??����N^�/�J�N6I�.q��O��Eɋmq��>Wd=�r���*��8�T�Y!�f�/?kE`�)�/?��??�gKN	�BQ���ϻ��x�Vn,�.˖9�z*����~!�lC�P`�0���P!�@�CC���Wq6D(�P|E�wqww���U0"�"J7�F�1�"�ix'NC�91[�ʠA�+&���oo��|ƶ����l�kS�t�sx��q��d�9�[1�0��l�������jCA�0�3��D:���+Mz�ts힧�n��ThP���/Y0���^l�c���ɭJ��T\a���#�v��.�w��A*W��+&g����������{���g^.!������8!�@������v��r��D���>�,�7#�ˋ�x���pF��St��:8e�8�C��*���ȗ����F\�`a���=CH��\@蜨�0��|���T�?trŗ��ݞ$��+�3��x�1�8}�Ƅ<5��/|Ns[��`a�.\�O�<�D_����z��	_�c�?Ih枥{�����W�}ˌp� �����te\;D0����=�r��8!�p������R�#�7q�:�~%��>��!W�z߈x��	^}��1�*8!:�����8r�Nz�F=�)�/H-�r���?Y��T+�������;�̿q�\�??iw;.�������ZT�P��P�������\�C&�����A��!��������\F����9�����wI)��*>�����~Ixؾ�Q[����݂�?W���/q1{uh֯�S�K���qv0��2����Z�??=��qIzg6�Ƀ??��˗��4�w/7\n��"�Њ*pm�O�1���,�_^���R��Ĵ'/�ܧ�p��?�K���~�g�D��W�8<����c�ɷ�Yix,��W�}�a�qe�e��cʱ�IQW��-�)�8n�j����D��V��r�_��R�p����r���T��K�(��i�y�
2026-01-21 16:38:17.058 26347-27716 okhttp.OkHttpClient     com.baatcheet.app                    I  ����Fd�<\������D�s�G�w[ױ��/�cRv�����?���'�'->��G�[�%�����axc�R�rNF��v�{?ΐ�qܢ�D�s��������]��J8��Ԫ��W̶*��-�}����G��K�_�A?�\�Z,�U�J~'d0�ߞ%�� ��??Mp~�3�[�	�����??(���??�q�~|�R��1
2026-01-21 16:38:17.058 26347-27716 okhttp.OkHttpClient     com.baatcheet.app                    I  �84
2026-01-21 16:38:17.058 26347-27716 okhttp.OkHttpClient     com.baatcheet.app                    I  �.��S�??��>_r���S{��<��sܴ8�=p\=�~rJ����#��N��N�}���??��ި���??�}ſ��P�|�CԦ/ԫ���\�d44���z�������U�����%��u�?�[�-{��R+^�މ�K|F���ҟ�_X�P/�ge���R�v����s|F�In�~`���Adݗ�OD���c۳���/��T >�i��g�{��Μu��ov3�����#�+���B#|��匹y�X�Q\C�K��?ਝ�q#��I�p�{��	�F����??\�V���%9}��??��??��i��@9O�>�Z�Q���9�ʁ�R��m׽Ե�_ķ]OD�-�n�|F��*wԮ>P!z���Ї�~B����������t+���>�z1�X�pD�����]m��X�1#�c"vB�'��`���$Wڣ��?f�%h"�0
2026-01-21 16:38:17.058 26347-27716 okhttp.OkHttpClient     com.baatcheet.app                    I  �>�E(�W�RYr����>�OD�-,��g8W3�0=B�ԥ}��??t��@}K�A=���˃.1�_� ����9Wh���y���c����-�q�z�����:8b49�S�if=��9R�J����&��A+�G�P��B�%5��?�_p?5N��pc��.\%˃(k��*ժ0��˗,r9!��p#�����~h�9��:��R���92���1V�.��wU{�9o�!�KWx"�blxg����P
2026-01-21 16:38:17.058 26347-27716 okhttp.OkHttpClient     com.baatcheet.app                    I  b��5�!����]�ˋ����!�&�(T-W��l��1A��������VW$6??�J�V�����jF90"��c�T��p"���p��	pr�ɒ��e�nؔ��<x�λ��L�z��Sܿ�yEYr2�0qqc�%.^n,]�se�"zs�|'��rA�_�=�X��c�W�K�G.v���t̊\\�X�9!��1�t�X�|�D��/bT��%d�rD*q�|�����??��{��0hC%�%kK�.�X8Z.\��kq�r����K��P��Ȯ�:�??TNe#(�O�	���lC�\�q�/2○��89!�s`ϭ_ �3z1��??]���9��0�866ir�x�p��.\�xc���Ն*[�G�$������,��/���X� ��9!�a�V��B�T�Xsu�?��2���{e������˗	Q�[�..��f1��=�CP!T���Ö{���e(�C�׎�˗.\�,0�������rC{�˗����\Pk����??Q��t}��;\�x ˌX�����%J��.^��9%Jܗ.\�p���ܣw".(��H����\�9����c�)@�N�O!��	Ek�0_O�T;:"��3n�F�b��Cf1�eJ�D�\\�r���qE������Š_���~b/�Ȇ�t1�/	8�D�0��3ҢW��%���5A���??�.?ux�nk���˗.^�x�h���a�o�U�`)O���Any����mJE�}��ʝI�?�#���GЗ���Ï�`v8x~�f��K��HhB\��t����ޠ�쇩gi��?k|�ßF̫��"�bj��>#W�|G$4#�+�??�gݧ�Pj��eB:�lc��f{.>o��`za���b�FT|'�bG2A�/GN�'����Ӣ	�oQO]xX�g�����ଁÜ��58!��R�L��q.��^yx�q{��#�����mW���	���؂+c�YZ�%`��n
2026-01-21 16:38:17.058 26347-27716 okhttp.OkHttpClient     com.baatcheet.app                    I  a�90��R����Z�%����c���թ\�x\üp�/@����G(�a�x{9�	c��v���8~�,K�}އ���|CCw$08pK�,�P��rpB\��\$����xk
2026-01-21 16:38:17.058 26347-27716 okhttp.OkHttpClient     com.baatcheet.app                    I  g��0!�徆(���+���/�C�
2026-01-21 16:38:17.058 26347-27716 okhttp.OkHttpClient     com.baatcheet.app                    I  ��;�َHB�V\�1�qqyc���$�p��Rώ��^�ѺIݎ�E\�+_1�?'�Y!�{{�|VH��K��b�`�uc�V1�.Q���(�"Y��W�闝Jܱ~�J�*�J�*$z�U�e�r1�p�..��&�c�1�����??h�#�_<Ɔ�5��CB����(/���ysp?pa�`��R�D���C.�rxV���q�pa�vNѼ±������r�Øb�������F90���{ٌpx����/��?��??'????????????!1 AQaq��0��������?????�??�C��6Y	,�N�CB8H���^^G��-aB��m�%Hy{�O�:�x�C�u�C����e�:�??}c����"߆�2��8'pA�����Ү��9�udCQHS�-'$�������8�S�7����D	�]gϘ������������,��|�KNG��� �͗|1Í�]��1�p��g����,��˪6_B_����>'�p�B8��� ᘲ�^�q���b���x�#<g���e�d�\��m�݉�??�g#�������"��9#��??Y�p��x�r�'���m�����N���E�Ǆ[h����3�O�89pprx9�#�,�rX�뱽G�<�8��B�ȇ-��;�dz�L�Ǯx��aՐ|
2026-01-21 16:38:17.058 26347-27716 okhttp.OkHttpClient     com.baatcheet.app                    I  Ye�f�n��-�O���#᳞~�9�Ar�F�߫.�|/����8�ԙ�{`��?H�dW���g,�e�oa2����2���L3gq�|D� ��\���̱��(�7�;�w�h�=DX2��a$Ĝٙ�o�'���??��8#��"=�[�,��!�l!��m#�͌(�ܨA������#���=x<�m�r�^��;|��g$��G�!��"Adp��u��K��,aɰ`XN~ϵ՗����n����������YH3o��������'�>�!A�A3�؂��c}'B�$"��V��ǻ�������x��,�aŚc�f2B{����?� ��|�8dpA�Q�e�{x��	h�<lż�탷�� ��)�{;yY�E������oo�ݍ�󜳕���^Hg�@�b�0�>�>K#��C��"�g�7�N��^���;�Ñ��NB�lo��'�-�c�??.���$9�DH� @����g_	����� -��:�lN�#��\���G��/??:Y������o�ł�.��ĳ���ȏK2a�x�ܞwxD�[��v8���s������R�j�:3�#�#�J�Y�|�2��3��8�O�#�r�{��@GV�t0���`�b#�7i�x�by�Ad����3�N���<3�??AfYdZ̈���݈�A%�k�M�'�	Bۜ�]�o
2026-01-21 16:38:17.059 26347-27716 okhttp.OkHttpClient     com.baatcheet.app                    I  "��m���)��y�'�[0�e�r3Ȱ9�)�:���D�p�{���d$��1����]2xwxG�]�����Yԝ���S�\Gq��GR���R����)�ˤp��#�X&&Yg?b�m���A$1li��=��9��'3�zDr,Ad@��E�z�)u(]k�Ye)e�|����G�z�1��pp�-�	�n�8_sۙ��Yܺ��$�ˬ8�G&��!�̬�>9��!WSm��.���#�2�fY��Ey��nۢZ{��Ydp�,� �vYv��"]�K��$����v���n�)�G����G�u�.�:�&g����lI���R}l��Ad""H�`��(�3�!�-�� �,"ωDƼyZc����'K8",A	/3�{p�z��-��Yr
2026-01-21 16:38:17.059 26347-27716 okhttp.OkHttpClient     com.baatcheet.app                    I  YNl.���S�~� ��D�a��;�M�,��'��8_�=7t2QV��`B��w��bx/e�p?��p�/�
2026-01-21 16:38:17.059 26347-27716 okhttp.OkHttpClient     com.baatcheet.app                    I  R�YjN��/þ�TNp��B���*n��6d3�r%�Jٱ���d����uzC��bm��pp�/��;��/s�YJS�ffVA���#�Ƿ�y�K���7��Đb��X,�Ȃ88f�~�1�T2���x��!y�R�.��YJ\???Ρ�,�Zv��v��(a�^>��J�xgj�e/L��-8�,�]�[��2l�98����P�7��<�]2�����v˩xe>,���z�L�??�g4_���dGo�$E��z0Y�ͼ=l�I�,C�oA�6�+�b��+RT��o����<�d����L��fvV�֜W�8���;�p9�8�#�]�2v91Q^"�x�� ���#�WFP�Y!�t��1�;�p��gYx�,r2h6��3ϑq�2���$l��:���M��6�,��:����B&yL��������r��rl�.A��/S�Y�����G�!m�1�\�v�>l�o!g#4����-�Ye.�L8#�U�ːYf�e�YJR�m�̽�{��DMK�W��Ĉ�&����TY��1,a��%./#��C�,�!nû��x]�����y�=��Y�.&,��)��zO��j�??�����HfX9r[{�NT�,�&G �8��l����b�='>%��8g,ŖS���T�M����\��??��,���GS�C��.o��D�6���g�>:e;e�Ŗ8˪��<=O������ n��#.x�`�v�������p�??��$�S����O����y��,�8�	��8������8��+g/0��.³@{vM;�?�<`����B��]�I�\|̜����A��!����F���lkG��sn�������M��Ye<,����?�	��<`>�rc�L���Y��"�??��bG���է�t���[b��Ls�k*Q��=[�rC��%�|*��x)p^��+��������6AdrA��b"89��=�#�B08��/8F/�R�VL��U�w�O�]�ޡ��ǿ���=��a	<K��,x8�{�8,�����^
2026-01-21 16:38:17.059 26347-27716 okhttp.OkHttpClient     com.baatcheet.app                    I  R�m��M���3�<�#���C��e�G�'���??�\N�5�ۍ��b8�vL��:�Tc���b��I���'��l{��I[���??%�8%�p@�������4�=�E,��R�,��@/f�]��� ��?Iu����m�!^��rx/q��A�L���_�g������\`WM���g�o�bǼ�{�??K+���1����ܰ��jZ��I�2��c��E�*�,��R�Ye�Y��P�?P�C�{����$����pupDY� �|B�qH�8�m�sdF/':���u�r+޺l��������\�#��Z�����퇃�\u���K��S�=���36pIӞ����>	e���R�1��?����p$����pB�o�DD��y!�(\x8�??���/��m6�]�oi����O���,���Mv&�^c ��??�\�ݻM�ɻ��b�����#\���ǲ��fY���8.Y��j6b�c����??�Bm����X��Fdg�^�|Cm�~~���Wr�!��@�'}4B{׫n���o�"{^ F�,7��=z�䫌�׆�8\OWU�ó��7�R��9c��8���8�����ue��,�&`�&9�3G\�m�??#���\8����Az�~�]�_��/A�t��tl��^��v=7v�z�??�{y<�:�P�Ѽ3�Km��Yx�3oݞ�Ұi��y�p[o Y��!���Kż��EÁǹlCo����1�u	�����o��a���Ol��T�C����%���e��}�}�]#�lSp}h6fR�Y|�<2[=��#�-���X���B'0v��a�À�#����W�4:�h�6�k(���b�,`id�u
2026-01-21 16:38:17.059 26347-27716 okhttp.OkHttpClient     com.baatcheet.app                    I  D�G���??����<���;�;����%}}��Oy�Ffy(�82�S�,��|�����S�
2026-01-21 16:38:17.059 26347-27716 okhttp.OkHttpClient     com.baatcheet.app                    I  ��� D0�APg`鱑�0��I��=xk,ad�-��{_�_���n���l�?v�����l�l�@z��9s�-d�{��??D??�e�ż��,������=L��7�gg�x)�<�]�ub>??�8�����?�w�kMצT���6]J"�ud,�&	�!0�G��l�G�M��ގ,��i��a�??7�vH{�`y�Kl̓x�����fYGcVu=��"`vhv�b���~
2026-01-21 16:38:17.059 26347-27716 okhttp.OkHttpClient     com.baatcheet.app                    I  ^��ף�ދυL1�^���Ki��O�]=�:z���wug7��l�������p9{�Y<��X���n���٧Q��G�L�������o���{��h0�8��H������$��7ڇ��[� y,{	u"#m��%??�2�-A��<�R����VqH�V��c�e���<�?���=�X�����7bO�������]��3���V�u�6���0?�O�_��|�F���z���U�"Q,����!1>�i7�,~��A������,���w��M��=uǄ>[��q�Y�ף����ǁ��^��9@3�!�P�B9#�ƞ	,?�$x�Vk���ש��׌��,�����;f0gM��ٕ�:+��RNԒ}a�t�>����	�n�C᧭hU��Q������������H��gh���S��4��Gx��FW/�	ۯ��	h�l�>̣�L���2�Sos� ��"2#��e�`0jx���ˑ��E�c��:A~�"e}?v�<O���r���1��:)����V_���p�1�*{�ݕ��9�_R��{�������.��H����{��u}���c����:���t~�X^��Y�+#�>���2�N>���?�{
2026-01-21 16:38:17.059 26347-27716 okhttp.OkHttpClient     com.baatcheet.app                    I  ٖ�e�];vw<yp"""Ԃ`I��~]��?c��-??�	�/�9��b%%&�a�!�2����������v;cNww�j{!=$��5�y(����^�j��#�r���??���$ a �a�t��>�~ZH[/�??��d���ok'�#S%�{��;v%�NK��+_obb<��o�1�����F�ꟶ�o,ͶF�m�ݝ��/��??@`�8~�t??��� 4�ԬV괷`�P��±�o�$;dΑ!�������ȿ��Ό�-ɟV����������ǲC�L�Y��k+|���J�CKa^��??�g�??p}@��������	m���	v�o��`F�.λ�x���]���_vB��05}����%�$t��i�r=���??$�;"��l�{a��3T~��0�n��&]2t]�B<P�������w���o��??<	�n�_,W��??�ah���'��։�?����A����v3??�p�U��[[޲���ܫ�1��L��]�g�Bvw�Ι����n����??��pi��J��~���}G�??-���=~b��??w�XO`��2�~��??���_��vX���@՛��3��Z�z�#��}Z��??����i�!�d�b>ovt�zٽ����7��h������/٣����n�����??�g����@����[�??��L��o��[y�??�T;uU�����K���Q-O��[{�x�)� �����G�u����Wu!���^��v��??7aW^Z����}�{�Y�����+�??�����p�??�TY���=�D;=�}@�f�B``�?MҌB�}����w����_����@gv��?�߁�l�??	0�î�++�������#�߹oB�	�:�w�.s�??�s7�,��k??}K�~����a��??�ۓ���3�%�A�9[�x9'B����Իc
2026-01-21 16:38:17.059 26347-27716 okhttp.OkHttpClient     com.baatcheet.app                    I  C�����X�/1��na*%O~�#����'����??,0�@�ͼ�B+����W�e�8�����G��v(���}X�����C�bC�^�X0L�c��z��7����a��?Q]���ֳ<�HK؃��4��/q%/�ξ&pmv�5��Ϡ0Y�1tՊ??$�p���a���z�qY����������6m0u�	��??&~��??SUy���??���������>���+eDIo]?�{WK��'�_���[�M"��_X8q�12�^�;�v��2d�>���OD~H�C�q�>�葋�=M^b��������Im#��^�@����!+ԟb�ë�,럯�OB�k��v��?�T���]���?c��+�� "+GK_�K��:	Ξw��XtfX��������˹p��	�I^��ե��$��??/�YG����~.���IA�j�P�6�t~�%���J��"\�T�]�}F$!;�w:[�}N]5�}çua~��-��+	���U��XIW1��PåP_�6������Db���%��??}���m�??Ϲw?#���2r�r�g+f|�^�6 �">t�o�f�1���??�b��}~�z��??�L���E���7Kc�6���-�|G���q�ܱq�??La��o�k���I:��������q���i�Z�m����f�ޡ��Y�f4�'ܭ�R�Ye�R'�����2�~��ឣ�A+�����^3V!�Ȉ�E����K���wuc��2b���?!���m��a[�����7%�V�=���h[���7�V�9[o-����=�p����??x�g�6m����"9�R�߫܂A�ϼ=��LS��_��9��� ��pY~??��-�O�����/~Sm�e�m��Ŏ�N~�w�Ì���??�lxm���lY��ܤp+|��A���G�/T�۰�8%�.�,0�0�]H�{�auK(������y�m��,$_���Oc~焈���Lg[CI��^p|F�w`B��Ҵ1v���??c9��a�A��XH�l���e�,�(m0�2��l�'�p�3t���O}���t��B�&����i�~����N���nc1�J�o7�L���|?,u���;���*��O�ؔ�HQ�u�LS���.t�p�ŽK�9pc�g'�ɫX7L��&��\/	����pXa�x�Ho3���؁%l��??�??sC��IK����n�u���D6�o�G��n�1C>H�2l�l�z��O�p�/*w�V&�&m��������aLX�r���v�2�k��_!kq??��<7�����Cm�
2026-01-21 16:38:17.059 26347-27716 okhttp.OkHttpClient     com.baatcheet.app                    I  �e�q��0��uN]�	�!g9|.ٌݏ����??���oDq�>-%�,���ϫ��W�?Q�#@����6�em�ض6�-��97��wl��^6Y�w+[c����X�A�b�d�X�m�"�C�&�\Z��l_;��z5����k,�V��Xb96��w��ɲ�m�\������˗m��!����pNw�f�d3�G6�jx��7�9�i������r�<;[�<0C���C���(w��2��e���s�^�q~.61m�6�1�o����2��c�w_���1��)i�0���S��ɲ�/��m� �>�Q��o&���V�l�N~�<��6E\Y�Ȉ��8Y�Bd��a�t�;W�I�x}��"�h��/��9f[a�^�m�S��9e,��m���N�m�^
2026-01-21 16:38:17.059 26347-27716 okhttp.OkHttpClient     com.baatcheet.app                    I  _�I�gpOQ6�Ȳ�w>��y'p2��&����Gn���9y�i�='Z?�9��:Đ2臫xYg��y�f�f^e�Qg����)e;m�Y�&����%q$"m[��e�}O���G+.�TY��(!�ס�e������Y���g�o���Ԅ�>O�����O�z�c6�m�m�e�^K�xVIm�[m��)e;m��y�܎���6�??��+lV^6Hu��џy6��|L�k���X��|��oG����l����8��_���9^���0��m��6�a��bl�ϸm�^�/1�u����m�Y���r�[�ï�l���^Y��~�X?ӑL'�2����-=���?��a�4�$O�?��R��_�_�??��ǹ&�g�ȇ]~ߊ��	2d�k��٩&cs=�7�f��.�e��y�a���_�x=%ܲ�1m���|���>oR��O/v��39�	�B���*��r1�B�l��rq�~�����Vg�F]��e�ɍ\7�hH��տ��Z�Z�G����6�m���-�)����O����|���^�e����=�銞�MК��Wame�Lnק��f,�??���̰�g�5Ȉ��??��m���&t�3�Ӱ�����<���m����#S�������FQ��<pu���#w�����@5���׭�4���mKg���{�q����U�d�a�??p�;x[X����m��qNe�??dK�W����q5��I8|�p�%���wR�����7�V���%�Rt�ñ7r}�_��DE�2���Ltר3�m�P���>�ۀ$q�w~F����igz�|A�Nc�,�%o���^q�|<{ ����`�=���$�`&l|03��o$DO�}c�ovD�.w��yx%�A�
2026-01-21 16:38:17.059 26347-27716 okhttp.OkHttpClient     com.baatcheet.app                    I  �dd�b�7���e$$A�K�8���y�H��)��D�eݧxȨ�2ǭ�����/�?��!Пph�C}}��???q�6�%t���w-��~"g��9$kjH���W�yM��K+�
2026-01-21 16:38:17.059 26347-27716 okhttp.OkHttpClient     com.baatcheet.app                    I  qB�(%�܏��p�	�,�"EB���e��%/�Im��G�����Ƭ�����=�o�X�/4'�,���a@��#���!̔��"Bse8Z�*G��_���cU�/���'�p��[$'�������k#��eb#�c��O�>Zw��q1>��??���|&&p8H!�=��g���eJ˲l2�����N�ReG88q�ym�&����*z�ƐD�/�$����4/G��g���Ȳ��n��C��C�lC���/��~��v�AdY����I!�5��VYn��'�a�0�l�����O����&Ym��K�����Z�N���??0��>#�����a#F눣�Hu����?�%�Ad��؞{p��ؗ\�I;������]Nbqm��6p0�.�AD�(���F&��޿�ضY�x!�"Q::�q�0���Ü�8;�??��O�/\H��#��K#D>���X���Y���<�X��x��d�?���
2026-01-21 16:38:17.059 26347-27716 okhttp.OkHttpClient     com.baatcheet.app                    I  --126e2497-cc21-4ca2-8261-2f4da8809fc7--
2026-01-21 16:38:17.060 26347-27716 okhttp.OkHttpClient     com.baatcheet.app                    I  --> END POST (27151-byte body)
2026-01-21 16:38:17.670 26347-27716 okhttp.OkHttpClient     com.baatcheet.app                    I  <-- 200 https://sharry121-baatcheet.hf.space/api/v1/images/avatar (610ms)
2026-01-21 16:38:17.670 26347-27716 okhttp.OkHttpClient     com.baatcheet.app                    I  date: Wed, 21 Jan 2026 11:38:18 GMT
2026-01-21 16:38:17.670 26347-27716 okhttp.OkHttpClient     com.baatcheet.app                    I  content-type: application/json; charset=utf-8
2026-01-21 16:38:17.670 26347-27716 okhttp.OkHttpClient     com.baatcheet.app                    I  content-length: 333
2026-01-21 16:38:17.670 26347-27716 okhttp.OkHttpClient     com.baatcheet.app                    I  x-request-id: Vu0d5E, Vu0d5E
2026-01-21 16:38:17.670 26347-27716 okhttp.OkHttpClient     com.baatcheet.app                    I  content-security-policy: default-src 'self';script-src 'self' 'unsafe-inline';style-src 'self' 'unsafe-inline';img-src 'self' data: https:;connect-src 'self' https://api.clerk.dev;base-uri 'self';font-src 'self' https: data:;form-action 'self';frame-ancestors 'self';object-src 'none';script-src-attr 'none';upgrade-insecure-requests
2026-01-21 16:38:17.670 26347-27716 okhttp.OkHttpClient     com.baatcheet.app                    I  cross-origin-opener-policy: same-origin
2026-01-21 16:38:17.670 26347-27716 okhttp.OkHttpClient     com.baatcheet.app                    I  cross-origin-resource-policy: cross-origin
2026-01-21 16:38:17.670 26347-27716 okhttp.OkHttpClient     com.baatcheet.app                    I  origin-agent-cluster: ?1
2026-01-21 16:38:17.670 26347-27716 okhttp.OkHttpClient     com.baatcheet.app                    I  referrer-policy: no-referrer
2026-01-21 16:38:17.670 26347-27716 okhttp.OkHttpClient     com.baatcheet.app                    I  strict-transport-security: max-age=31536000; includeSubDomains; preload
2026-01-21 16:38:17.670 26347-27716 okhttp.OkHttpClient     com.baatcheet.app                    I  x-content-type-options: nosniff
2026-01-21 16:38:17.670 26347-27716 okhttp.OkHttpClient     com.baatcheet.app                    I  x-dns-prefetch-control: off
2026-01-21 16:38:17.670 26347-27716 okhttp.OkHttpClient     com.baatcheet.app                    I  x-download-options: noopen
2026-01-21 16:38:17.670 26347-27716 okhttp.OkHttpClient     com.baatcheet.app                    I  x-frame-options: SAMEORIGIN
2026-01-21 16:38:17.671 26347-27716 okhttp.OkHttpClient     com.baatcheet.app                    I  x-permitted-cross-domain-policies: none
2026-01-21 16:38:17.671 26347-27716 okhttp.OkHttpClient     com.baatcheet.app                    I  x-xss-protection: 0
2026-01-21 16:38:17.671 26347-27716 okhttp.OkHttpClient     com.baatcheet.app                    I  vary: Origin
2026-01-21 16:38:17.671 26347-27716 okhttp.OkHttpClient     com.baatcheet.app                    I  vary: origin, access-control-request-method, access-control-request-headers
2026-01-21 16:38:17.671 26347-27716 okhttp.OkHttpClient     com.baatcheet.app                    I  access-control-allow-credentials: true
2026-01-21 16:38:17.671 26347-27716 okhttp.OkHttpClient     com.baatcheet.app                    I  access-control-expose-headers: X-Request-ID,X-Response-Time,X-RateLimit-Limit,X-RateLimit-Remaining,X-RateLimit-Reset
2026-01-21 16:38:17.671 26347-27716 okhttp.OkHttpClient     com.baatcheet.app                    I  x-clerk-auth-message: Unable to find a signing key in JWKS that matches the kid='undefined' of the provided session token. Please make sure that the __session cookie or the HTTP authorization header contain a Clerk-generated session JWT. The following kid is available: ins_384KLXR0s0ZW3aoWTGXIMeX8Ihm Go to your Dashboard and validate your secret and public keys are correct. Contact support@clerk.com if the issue persists. (reason=jwk-kid-mismatch, token-carrier=header)
2026-01-21 16:38:17.671 26347-27716 okhttp.OkHttpClient     com.baatcheet.app                    I  x-clerk-auth-reason: jwk-kid-mismatch
2026-01-21 16:38:17.671 26347-27716 okhttp.OkHttpClient     com.baatcheet.app                    I  x-clerk-auth-status: signed-out
2026-01-21 16:38:17.671 26347-27716 okhttp.OkHttpClient     com.baatcheet.app                    I  ratelimit-policy: 100;w=900
2026-01-21 16:38:17.671 26347-27716 okhttp.OkHttpClient     com.baatcheet.app                    I  ratelimit-limit: 100
2026-01-21 16:38:17.671 26347-27716 okhttp.OkHttpClient     com.baatcheet.app                    I  ratelimit-remaining: 90
2026-01-21 16:38:17.671 26347-27716 okhttp.OkHttpClient     com.baatcheet.app                    I  ratelimit-reset: 807
2026-01-21 16:38:17.671 26347-27716 okhttp.OkHttpClient     com.baatcheet.app                    I  x-response-time: 355ms
2026-01-21 16:38:17.671 26347-27716 okhttp.OkHttpClient     com.baatcheet.app                    I  etag: W/"14d-MN+rfWOxdSZ31iOuq4riEeRoIJM"
2026-01-21 16:38:17.671 26347-27716 okhttp.OkHttpClient     com.baatcheet.app                    I  x-proxied-host: http://10.108.156.87
2026-01-21 16:38:17.671 26347-27716 okhttp.OkHttpClient     com.baatcheet.app                    I  x-proxied-replica: 05qeski2-h9qxf
2026-01-21 16:38:17.671 26347-27716 okhttp.OkHttpClient     com.baatcheet.app                    I  x-proxied-path: /api/v1/images/avatar
2026-01-21 16:38:17.671 26347-27716 okhttp.OkHttpClient     com.baatcheet.app                    I  link: <https://huggingface.co/spaces/sharry121/BaatCheet>;rel="canonical"
2026-01-21 16:38:17.672 26347-27716 okhttp.OkHttpClient     com.baatcheet.app                    I  {"success":true,"data":{"avatarUrl":"/uploads/images/1415f77d-b1a9-4e61-ba0a-1c1c75ca5a62.jpg","user":{"id":"2821af5c-90ab-458c-9d94-85eed55e90c3","email":"onseason10@gmail.com","firstName":"Muhammad","lastName":"Sharjeel","avatar":"/uploads/images/1415f77d-b1a9-4e61-ba0a-1c1c75ca5a62.jpg"}},"message":"Avatar updated successfully"}
