2026-01-16 20:25:30.729 12840-12840 VRI[Pop-Up Window]      com.baatcheet.app                    D  hardware acceleration = true, forceHwAccelerated = false
2026-01-16 20:25:30.729 12840-12840 ViewRootImpl            com.baatcheet.app                    D  setView appearance:0 Pop-Up Window
2026-01-16 20:25:30.743 12840-12840 InputTransport          com.baatcheet.app                    D  Create ARC handle: 0xb4000078f0242480
2026-01-16 20:25:30.743 12840-12840 InputEventReceiver      com.baatcheet.app                    D  Input log is disabled in InputEventReceiver.
2026-01-16 20:25:30.743 12840-12840 InputTransport          com.baatcheet.app                    D  Input log is disabled in InputChannel.
2026-01-16 20:25:30.765 12840-12840 WindowOnBackDispatcher  com.baatcheet.app                    W  OnBackInvokedCallback is not enabled for the application.
                                                                                                    Set 'android:enableOnBackInvokedCallback="true"' in the application manifest.
2026-01-16 20:25:30.990 12840-12840 BufferQueueConsumer     com.baatcheet.app                    D  [](id:322800000001,api:0,p:-1,c:12840) connect: controlledByApp=false
2026-01-16 20:25:30.997 12840-24067 OpenGLRenderer          com.baatcheet.app                    E  Unable to match the desired swap behavior.
2026-01-16 20:25:31.047 12840-24067 BLASTBufferQueue        com.baatcheet.app                    D  [VRI[Pop-Up Window]#1](f:0,a:1) acquireNextBufferLocked size=1080x2436 mFrameNumber=1 applyTransaction=true mTimestamp=50354268517000(auto) mPendingTransactions.size=0 graphicBufferId=55147380080653 transform=0
2026-01-16 20:25:31.620 12840-12840 ScrollIdentify          com.baatcheet.app                    I  on fling
2026-01-16 20:25:31.623 12840-24201 TranClassInfo           com.baatcheet.app                    D  instance successfully. com.transsion.hubcore.widget.TranScrollPolicyImpl@a53ec46 from com.transsion.hubcore.widget.ITranScrollPolicy
2026-01-16 20:25:31.623 12840-24201 TranClassInfo           com.baatcheet.app                    D  instance successfully. com.transsion.hubcore.spdopts.magellan.implement.TranScrollPolicyMagellanImpl@bdd1e07 from com.transsion.hubcore.magellan.ITranMagellanScrollPolicyComponent
2026-01-16 20:25:33.074 12840-12840 TranClassInfo           com.baatcheet.app                    D  instance successfully. com.transsion.hubcore.app.TranAppImpl@a2d9ccc from com.transsion.hubcore.app.ITranApp
2026-01-16 20:25:33.085 12840-12840 WindowOnBackDispatcher  com.baatcheet.app                    W  OnBackInvokedCallback is not enabled for the application.
                                                                                                    Set 'android:enableOnBackInvokedCallback="true"' in the application manifest.
2026-01-16 20:25:33.088 12840-12840 VRI[MainActivity]       com.baatcheet.app                    D  hardware acceleration = true, forceHwAccelerated = false
2026-01-16 20:25:33.088 12840-12840 config_debug            com.baatcheet.app                    I  updateDecorCaptionStatus: {1.0 410mcc3mnc [en_US,nl_NL] ldltr sw441dp w441dp h910dp 392dpi nrml long widecg port finger -keyb/v/h -nav/h winConfig={ mBounds=Rect(0, 0 - 1080, 2436) mAppBounds=Rect(0, 108 - 1080, 2338) mMaxBounds=Rect(0, 0 - 1080, 2436) mDisplayRotation=ROTATION_0 mWindowingMode=fullscreen mDisplayWindowingMode=fullscreen mMultiWindowMode=normal mMultiWindowId=0 mWindowResiable=6 mInLargeScreen=-1 mActivityType=standard mAlwaysOnTop=undefined mRotation=ROTATION_0 mUiOptSpec=-1 mCurDisplayId=-1} as.2 s.1 fontWeightAdjustment=0} fromMultiWindow: false
2026-01-16 20:25:33.088 12840-12840 ViewRootImpl            com.baatcheet.app                    D  setView appearance:8 com.baatcheet.app/com.baatcheet.app.MainActivity
2026-01-16 20:25:33.090   976-1048  BufferQueueDebug        surfaceflinger                       E  [8e3d1d1 com.baatcheet.app/com.baatcheet.app.MainActivity#29323](this:0xb400007cba942bc0,id:-1,api:0,p:-1,c:-1) id info cannot be read from '8e3d1d1 com.baatcheet.app/com.baatcheet.app.MainActivity#29323'
2026-01-16 20:25:33.100 12840-12840 InputTransport          com.baatcheet.app                    D  Create ARC handle: 0xb4000078f0252380
2026-01-16 20:25:33.100 12840-12840 InputEventReceiver      com.baatcheet.app                    D  Input log is disabled in InputEventReceiver.
2026-01-16 20:25:33.100 12840-12840 InputTransport          com.baatcheet.app                    D  Input log is disabled in InputChannel.
2026-01-16 20:25:33.217   976-1048  BufferQueueDebug        surfaceflinger                       E  [com.baatcheet.app/com.baatcheet.app.MainActivity#29326](this:0xb400007cba814e20,id:-1,api:0,p:-1,c:-1) id info cannot be read from 'com.baatcheet.app/com.baatcheet.app.MainActivity#29326'
2026-01-16 20:25:33.222 12840-12840 BufferQueueConsumer     com.baatcheet.app                    D  [](id:322800000002,api:0,p:-1,c:12840) connect: controlledByApp=false
2026-01-16 20:25:33.222 12840-12840 config_debug            com.baatcheet.app                    I  updateDecorCaptionStatus: {1.0 410mcc3mnc [en_US,nl_NL] ldltr sw441dp w441dp h910dp 392dpi nrml long widecg port finger -keyb/v/h -nav/h winConfig={ mBounds=Rect(0, 0 - 1080, 2436) mAppBounds=Rect(0, 108 - 1080, 2338) mMaxBounds=Rect(0, 0 - 1080, 2436) mDisplayRotation=ROTATION_0 mWindowingMode=fullscreen mDisplayWindowingMode=fullscreen mMultiWindowMode=normal mMultiWindowId=0 mWindowResiable=6 mInLargeScreen=-1 mActivityType=standard mAlwaysOnTop=undefined mRotation=ROTATION_0 mUiOptSpec=-1 mCurDisplayId=-1} as.2 s.1 fontWeightAdjustment=0} fromMultiWindow: true
2026-01-16 20:25:33.225 12840-24067 OpenGLRenderer          com.baatcheet.app                    E  Unable to match the desired swap behavior.
2026-01-16 20:25:33.274 12840-24067 BLASTBufferQueue        com.baatcheet.app                    D  [VRI[MainActivity]#2](f:0,a:1) acquireNextBufferLocked size=1152x1506 mFrameNumber=1 applyTransaction=true mTimestamp=50356495992924(auto) mPendingTransactions.size=0 graphicBufferId=55147380080660 transform=0
2026-01-16 20:25:33.282   976-1048  BufferQueueDebug        surfaceflinger                       E  [Surface(name=8e3d1d1 com.baatcheet.app/com.baatcheet.app.MainActivity)/@0x9421dc5 - animation-leash of window_animation#29327](this:0xb400007cba870020,id:-1,api:0,p:-1,c:-1) id info cannot be read from 'Surface(name=8e3d1d1 com.baatcheet.app/com.baatcheet.app.MainActivity)/@0x9421dc5 - animation-leash of window_animation#29327'
2026-01-16 20:25:34.304 12840-12840 VRI[Pop-Up Window]      com.baatcheet.app                    D  hardware acceleration = true, forceHwAccelerated = false
2026-01-16 20:25:34.304 12840-12840 ViewRootImpl            com.baatcheet.app                    D  setView appearance:0 Pop-Up Window
2026-01-16 20:25:34.313 12840-12840 InputTransport          com.baatcheet.app                    D  Create ARC handle: 0xb4000078f024f230
2026-01-16 20:25:34.313 12840-12840 InputEventReceiver      com.baatcheet.app                    D  Input log is disabled in InputEventReceiver.
2026-01-16 20:25:34.313 12840-12840 InputTransport          com.baatcheet.app                    D  Input log is disabled in InputChannel.
2026-01-16 20:25:34.368 12840-12840 BufferQueueConsumer     com.baatcheet.app                    D  [](id:322800000003,api:0,p:-1,c:12840) connect: controlledByApp=false
2026-01-16 20:25:34.369 12840-24067 OpenGLRenderer          com.baatcheet.app                    E  Unable to match the desired swap behavior.
2026-01-16 20:25:34.385 12840-24067 BLASTBufferQueue        com.baatcheet.app                    D  [VRI[Pop-Up Window]#3](f:0,a:1) acquireNextBufferLocked size=401x356 mFrameNumber=1 applyTransaction=true mTimestamp=50357607279462(auto) mPendingTransactions.size=0 graphicBufferId=55147380080667 transform=0
2026-01-16 20:25:35.458 12840-12840 WindowOnBackDispatcher  com.baatcheet.app                    W  OnBackInvokedCallback is not enabled for the application.
                                                                                                    Set 'android:enableOnBackInvokedCallback="true"' in the application manifest.
2026-01-16 20:25:35.460 12840-12840 VRI[MainActivity]       com.baatcheet.app                    D  hardware acceleration = true, forceHwAccelerated = false
2026-01-16 20:25:35.460 12840-12840 config_debug            com.baatcheet.app                    I  updateDecorCaptionStatus: {1.0 410mcc3mnc [en_US,nl_NL] ldltr sw441dp w441dp h910dp 392dpi nrml long widecg port finger -keyb/v/h -nav/h winConfig={ mBounds=Rect(0, 0 - 1080, 2436) mAppBounds=Rect(0, 108 - 1080, 2338) mMaxBounds=Rect(0, 0 - 1080, 2436) mDisplayRotation=ROTATION_0 mWindowingMode=fullscreen mDisplayWindowingMode=fullscreen mMultiWindowMode=normal mMultiWindowId=0 mWindowResiable=6 mInLargeScreen=-1 mActivityType=standard mAlwaysOnTop=undefined mRotation=ROTATION_0 mUiOptSpec=-1 mCurDisplayId=-1} as.2 s.1 fontWeightAdjustment=0} fromMultiWindow: false
2026-01-16 20:25:35.460 12840-12840 ViewRootImpl            com.baatcheet.app                    D  setView appearance:8 com.baatcheet.app/com.baatcheet.app.MainActivity
2026-01-16 20:25:35.462   976-1048  BufferQueueDebug        surfaceflinger                       E  [65b1659 com.baatcheet.app/com.baatcheet.app.MainActivity#29336](this:0xb400007cba87b660,id:-1,api:0,p:-1,c:-1) id info cannot be read from '65b1659 com.baatcheet.app/com.baatcheet.app.MainActivity#29336'
2026-01-16 20:25:35.470 12840-12840 InputTransport          com.baatcheet.app                    D  Create ARC handle: 0xb4000078f025b260
2026-01-16 20:25:35.470 12840-12840 InputEventReceiver      com.baatcheet.app                    D  Input log is disabled in InputEventReceiver.
2026-01-16 20:25:35.470 12840-12840 InputTransport          com.baatcheet.app                    D  Input log is disabled in InputChannel.
2026-01-16 20:25:35.528   976-3002  BufferQueueDebug        surfaceflinger                       E  [com.baatcheet.app/com.baatcheet.app.MainActivity#29339](this:0xb400007cba8fe640,id:-1,api:0,p:-1,c:-1) id info cannot be read from 'com.baatcheet.app/com.baatcheet.app.MainActivity#29339'
2026-01-16 20:25:35.534 12840-12840 BufferQueueConsumer     com.baatcheet.app                    D  [](id:322800000004,api:0,p:-1,c:12840) connect: controlledByApp=false
2026-01-16 20:25:35.535 12840-12840 config_debug            com.baatcheet.app                    I  updateDecorCaptionStatus: {1.0 410mcc3mnc [en_US,nl_NL] ldltr sw441dp w441dp h910dp 392dpi nrml long widecg port finger -keyb/v/h -nav/h winConfig={ mBounds=Rect(0, 0 - 1080, 2436) mAppBounds=Rect(0, 108 - 1080, 2338) mMaxBounds=Rect(0, 0 - 1080, 2436) mDisplayRotation=ROTATION_0 mWindowingMode=fullscreen mDisplayWindowingMode=fullscreen mMultiWindowMode=normal mMultiWindowId=0 mWindowResiable=6 mInLargeScreen=-1 mActivityType=standard mAlwaysOnTop=undefined mRotation=ROTATION_0 mUiOptSpec=-1 mCurDisplayId=-1} as.2 s.1 fontWeightAdjustment=0} fromMultiWindow: true
2026-01-16 20:25:35.535 12840-24067 OpenGLRenderer          com.baatcheet.app                    E  Unable to match the desired swap behavior.
2026-01-16 20:25:35.564 12840-24067 BLASTBufferQueue        com.baatcheet.app                    D  [VRI[MainActivity]#4](f:0,a:1) acquireNextBufferLocked size=942x1197 mFrameNumber=1 applyTransaction=true mTimestamp=50358785922232(auto) mPendingTransactions.size=0 graphicBufferId=55147380080674 transform=0
2026-01-16 20:25:35.567   976-1048  BufferQueueDebug        surfaceflinger                       E  [Surface(name=65b1659 com.baatcheet.app/com.baatcheet.app.MainActivity)/@0x28a1af7 - animation-leash of window_animation#29340](this:0xb400007cba897e00,id:-1,api:0,p:-1,c:-1) id info cannot be read from 'Surface(name=65b1659 com.baatcheet.app/com.baatcheet.app.MainActivity)/@0x28a1af7 - animation-leash of window_animation#29340'
2026-01-16 20:25:35.658 12840-12840 WindowOnBackDispatcher  com.baatcheet.app                    W  sendCancelIfRunning: isInProgress=falsecallback=android.view.ViewRootImpl$$ExternalSyntheticLambda20@b528fe0
2026-01-16 20:25:35.663 12840-24067 OpenGLRenderer          com.baatcheet.app                    D  endAllActiveAnimators on 0xb40000780036c500 (UnprojectedRipple) with handle 0xb4000078f025cb80
2026-01-16 20:25:35.663 12840-12840 View                    com.baatcheet.app                    D  [Warning] assignParent to null: this = androidx.compose.ui.window.PopupLayout{6e2dd72 V.E...... ......ID 0,0-321,276 #1020002 android:id/content aid=1073741826}
2026-01-16 20:25:35.665 12840-23989 BLASTBufferQueue        com.baatcheet.app                    D  [VRI[Pop-Up Window]#3](f:0,a:4) destructor()
2026-01-16 20:25:35.665 12840-23989 BufferQueueConsumer     com.baatcheet.app                    D  [VRI[Pop-Up Window]#3(BLAST Consumer)3](id:322800000003,api:0,p:-1,c:12840) disconnect
2026-01-16 20:25:35.671 12840-12840 InputTransport          com.baatcheet.app                    D  Destroy ARC handle: 0xb4000078f024f230
2026-01-16 20:25:36.349 12840-24102 okhttp.OkHttpClient     com.baatcheet.app                    I  --> PUT https://sharry121-baatcheet.hf.space/api/v1/projects/b421c78b-39f1-41a1-a7ca-a4e6abae1921/collaborators/b138a210-36eb-4206-8837-5d644887f706/role
2026-01-16 20:25:36.349 12840-24102 okhttp.OkHttpClient     com.baatcheet.app                    I  Content-Length: 20
2026-01-16 20:25:36.349 12840-24102 okhttp.OkHttpClient     com.baatcheet.app                    I  Authorization: Bearer eyJhbGciOiJIUzI1NiIsInR5cCI6IkpXVCJ9.eyJ1c2VySWQiOiIyODIxYWY1Yy05MGFiLTQ1OGMtOWQ5NC04NWVlZDU1ZTkwYzMiLCJjbGVya0lkIjoidXNlcl8zODZDZTNHVHNUb1lrWnpHbTcxVkJ3NkxWUDAiLCJlbWFpbCI6Im9uc2Vhc29uMTBAZ21haWwuY29tIiwiaWF0IjoxNzY4NTA4NzcxLCJleHAiOjE3NjkxMTM1NzF9.CS-aG7kWBc2mjBo6mc9wGY-qnWqDrZtDvB5y46pbgUU
2026-01-16 20:25:36.349 12840-24102 okhttp.OkHttpClient     com.baatcheet.app                    I  Content-Type: application/json
2026-01-16 20:25:36.350 12840-24102 okhttp.OkHttpClient     com.baatcheet.app                    I  {"role":"moderator"}
2026-01-16 20:25:36.350 12840-24102 okhttp.OkHttpClient     com.baatcheet.app                    I  --> END PUT (20-byte body)
2026-01-16 20:25:36.416 12840-12840 WindowOnBackDispatcher  com.baatcheet.app                    W  sendCancelIfRunning: isInProgress=falsecallback=android.view.ViewRootImpl$$ExternalSyntheticLambda20@239e2b4
2026-01-16 20:25:36.423 12840-24067 OpenGLRenderer          com.baatcheet.app                    D  endAllActiveAnimators on 0xb400007800350260 (UnprojectedRipple) with handle 0xb4000078f025f3a0
2026-01-16 20:25:36.423 12840-12840 View                    com.baatcheet.app                    D  [Warning] assignParent to null: this = DecorView@63a511b[MainActivity]
2026-01-16 20:25:36.426   976-3002  BufferQueueDebug        surfaceflinger                       E  [Surface(name=65b1659 com.baatcheet.app/com.baatcheet.app.MainActivity)/@0x28a1af7 - animation-leash of window_animation#29342](this:0xb400007cba897e00,id:-1,api:0,p:-1,c:-1) id info cannot be read from 'Surface(name=65b1659 com.baatcheet.app/com.baatcheet.app.MainActivity)/@0x28a1af7 - animation-leash of window_animation#29342'
2026-01-16 20:25:36.428 12840-24214 BLASTBufferQueue        com.baatcheet.app                    D  [VRI[MainActivity]#4](f:0,a:4) destructor()
2026-01-16 20:25:36.428 12840-24214 BufferQueueConsumer     com.baatcheet.app                    D  [VRI[MainActivity]#4(BLAST Consumer)4](id:322800000004,api:0,p:-1,c:12840) disconnect
2026-01-16 20:25:36.435 12840-12840 InputTransport          com.baatcheet.app                    D  Destroy ARC handle: 0xb4000078f025b260
2026-01-16 20:25:36.816 12840-24102 okhttp.OkHttpClient     com.baatcheet.app                    I  <-- 200 https://sharry121-baatcheet.hf.space/api/v1/projects/b421c78b-39f1-41a1-a7ca-a4e6abae1921/collaborators/b138a210-36eb-4206-8837-5d644887f706/role (466ms)
2026-01-16 20:25:36.816 12840-24102 okhttp.OkHttpClient     com.baatcheet.app                    I  date: Fri, 16 Jan 2026 15:25:37 GMT
2026-01-16 20:25:36.816 12840-24102 okhttp.OkHttpClient     com.baatcheet.app                    I  content-type: application/json; charset=utf-8
2026-01-16 20:25:36.816 12840-24102 okhttp.OkHttpClient     com.baatcheet.app                    I  content-length: 54
2026-01-16 20:25:36.816 12840-24102 okhttp.OkHttpClient     com.baatcheet.app                    I  x-request-id: 1zBQZ6, 1zBQZ6
2026-01-16 20:25:36.816 12840-24102 okhttp.OkHttpClient     com.baatcheet.app                    I  content-security-policy: default-src 'self';script-src 'self' 'unsafe-inline';style-src 'self' 'unsafe-inline';img-src 'self' data: https:;connect-src 'self' https://api.clerk.dev;base-uri 'self';font-src 'self' https: data:;form-action 'self';frame-ancestors 'self';object-src 'none';script-src-attr 'none';upgrade-insecure-requests
2026-01-16 20:25:36.816 12840-24102 okhttp.OkHttpClient     com.baatcheet.app                    I  cross-origin-opener-policy: same-origin
2026-01-16 20:25:36.816 12840-24102 okhttp.OkHttpClient     com.baatcheet.app                    I  cross-origin-resource-policy: cross-origin
2026-01-16 20:25:36.816 12840-24102 okhttp.OkHttpClient     com.baatcheet.app                    I  origin-agent-cluster: ?1
2026-01-16 20:25:36.816 12840-24102 okhttp.OkHttpClient     com.baatcheet.app                    I  referrer-policy: no-referrer
2026-01-16 20:25:36.816 12840-24102 okhttp.OkHttpClient     com.baatcheet.app                    I  strict-transport-security: max-age=31536000; includeSubDomains; preload
2026-01-16 20:25:36.816 12840-24102 okhttp.OkHttpClient     com.baatcheet.app                    I  x-content-type-options: nosniff
2026-01-16 20:25:36.816 12840-24102 okhttp.OkHttpClient     com.baatcheet.app                    I  x-dns-prefetch-control: off
2026-01-16 20:25:36.816 12840-24102 okhttp.OkHttpClient     com.baatcheet.app                    I  x-download-options: noopen
2026-01-16 20:25:36.816 12840-24102 okhttp.OkHttpClient     com.baatcheet.app                    I  x-frame-options: SAMEORIGIN
2026-01-16 20:25:36.816 12840-24102 okhttp.OkHttpClient     com.baatcheet.app                    I  x-permitted-cross-domain-policies: none
2026-01-16 20:25:36.816 12840-24102 okhttp.OkHttpClient     com.baatcheet.app                    I  x-xss-protection: 0
2026-01-16 20:25:36.816 12840-24102 okhttp.OkHttpClient     com.baatcheet.app                    I  vary: Origin
2026-01-16 20:25:36.817 12840-24102 okhttp.OkHttpClient     com.baatcheet.app                    I  vary: origin, access-control-request-method, access-control-request-headers
2026-01-16 20:25:36.817 12840-24102 okhttp.OkHttpClient     com.baatcheet.app                    I  access-control-allow-credentials: true
2026-01-16 20:25:36.817 12840-24102 okhttp.OkHttpClient     com.baatcheet.app                    I  access-control-expose-headers: X-Request-ID,X-Response-Time,X-RateLimit-Limit,X-RateLimit-Remaining,X-RateLimit-Reset
2026-01-16 20:25:36.817 12840-24102 okhttp.OkHttpClient     com.baatcheet.app                    I  x-clerk-auth-message: Unable to find a signing key in JWKS that matches the kid='undefined' of the provided session token. Please make sure that the __session cookie or the HTTP authorization header contain a Clerk-generated session JWT. The following kid is available: ins_384KLXR0s0ZW3aoWTGXIMeX8Ihm Go to your Dashboard and validate your secret and public keys are correct. Contact support@clerk.com if the issue persists. (reason=jwk-kid-mismatch, token-carrier=header)
2026-01-16 20:25:36.817 12840-24102 okhttp.OkHttpClient     com.baatcheet.app                    I  x-clerk-auth-reason: jwk-kid-mismatch
2026-01-16 20:25:36.817 12840-24102 okhttp.OkHttpClient     com.baatcheet.app                    I  x-clerk-auth-status: signed-out
2026-01-16 20:25:36.817 12840-24102 okhttp.OkHttpClient     com.baatcheet.app                    I  ratelimit-policy: 100;w=900
2026-01-16 20:25:36.817 12840-24102 okhttp.OkHttpClient     com.baatcheet.app                    I  ratelimit-limit: 100
2026-01-16 20:25:36.817 12840-24102 okhttp.OkHttpClient     com.baatcheet.app                    I  ratelimit-remaining: 96
2026-01-16 20:25:36.817 12840-24102 okhttp.OkHttpClient     com.baatcheet.app                    I  ratelimit-reset: 886
2026-01-16 20:25:36.817 12840-24102 okhttp.OkHttpClient     com.baatcheet.app                    I  x-response-time: 221ms
2026-01-16 20:25:36.817 12840-24102 okhttp.OkHttpClient     com.baatcheet.app                    I  etag: W/"36-OviiQlTBCAoJpUbekob9bEvWE5c"
2026-01-16 20:25:36.817 12840-24102 okhttp.OkHttpClient     com.baatcheet.app                    I  x-proxied-host: http://10.108.116.192
2026-01-16 20:25:36.817 12840-24102 okhttp.OkHttpClient     com.baatcheet.app                    I  x-proxied-replica: d6mhbvgu-ss8jj
2026-01-16 20:25:36.817 12840-24102 okhttp.OkHttpClient     com.baatcheet.app                    I  x-proxied-path: /api/v1/projects/b421c78b-39f1-41a1-a7ca-a4e6abae1921/collaborators/b138a210-36eb-4206-8837-5d644887f706/role
2026-01-16 20:25:36.817 12840-24102 okhttp.OkHttpClient     com.baatcheet.app                    I  link: <https://huggingface.co/spaces/sharry121/BaatCheet>;rel="canonical"
2026-01-16 20:25:36.818 12840-24102 okhttp.OkHttpClient     com.baatcheet.app                    I  {"success":true,"message":"Role updated to moderator"}
2026-01-16 20:25:36.818 12840-24102 okhttp.OkHttpClient     com.baatcheet.app                    I  <-- END HTTP (54-byte body)
2026-01-16 20:25:36.822 12840-24102 okhttp.OkHttpClient     com.baatcheet.app                    I  --> GET https://sharry121-baatcheet.hf.space/api/v1/projects/b421c78b-39f1-41a1-a7ca-a4e6abae1921
2026-01-16 20:25:36.823 12840-24101 okhttp.OkHttpClient     com.baatcheet.app                    I  --> GET https://sharry121-baatcheet.hf.space/api/v1/projects/b421c78b-39f1-41a1-a7ca-a4e6abae1921/conversations
2026-01-16 20:25:36.823 12840-24101 okhttp.OkHttpClient     com.baatcheet.app                    I  Authorization: Bearer eyJhbGciOiJIUzI1NiIsInR5cCI6IkpXVCJ9.eyJ1c2VySWQiOiIyODIxYWY1Yy05MGFiLTQ1OGMtOWQ5NC04NWVlZDU1ZTkwYzMiLCJjbGVya0lkIjoidXNlcl8zODZDZTNHVHNUb1lrWnpHbTcxVkJ3NkxWUDAiLCJlbWFpbCI6Im9uc2Vhc29uMTBAZ21haWwuY29tIiwiaWF0IjoxNzY4NTA4NzcxLCJleHAiOjE3NjkxMTM1NzF9.CS-aG7kWBc2mjBo6mc9wGY-qnWqDrZtDvB5y46pbgUU
2026-01-16 20:25:36.823 12840-24101 okhttp.OkHttpClient     com.baatcheet.app                    I  Content-Type: application/json
2026-01-16 20:25:36.823 12840-24101 okhttp.OkHttpClient     com.baatcheet.app                    I  --> END GET
2026-01-16 20:25:36.825 12840-12840 ChatViewModel           com.baatcheet.app                    D  Role changed successfully: b138a210-36eb-4206-8837-5d644887f706 -> moderator
2026-01-16 20:25:36.825 12840-24102 okhttp.OkHttpClient     com.baatcheet.app                    I  Authorization: Bearer eyJhbGciOiJIUzI1NiIsInR5cCI6IkpXVCJ9.eyJ1c2VySWQiOiIyODIxYWY1Yy05MGFiLTQ1OGMtOWQ5NC04NWVlZDU1ZTkwYzMiLCJjbGVya0lkIjoidXNlcl8zODZDZTNHVHNUb1lrWnpHbTcxVkJ3NkxWUDAiLCJlbWFpbCI6Im9uc2Vhc29uMTBAZ21haWwuY29tIiwiaWF0IjoxNzY4NTA4NzcxLCJleHAiOjE3NjkxMTM1NzF9.CS-aG7kWBc2mjBo6mc9wGY-qnWqDrZtDvB5y46pbgUU
2026-01-16 20:25:36.825 12840-24102 okhttp.OkHttpClient     com.baatcheet.app                    I  Content-Type: application/json
2026-01-16 20:25:36.825 12840-24102 okhttp.OkHttpClient     com.baatcheet.app                    I  --> END GET
2026-01-16 20:25:36.827 12840-24100 okhttp.OkHttpClient     com.baatcheet.app                    I  --> GET https://sharry121-baatcheet.hf.space/api/v1/projects/b421c78b-39f1-41a1-a7ca-a4e6abae1921/collaborators
2026-01-16 20:25:36.828 12840-24100 okhttp.OkHttpClient     com.baatcheet.app                    I  Authorization: Bearer eyJhbGciOiJIUzI1NiIsInR5cCI6IkpXVCJ9.eyJ1c2VySWQiOiIyODIxYWY1Yy05MGFiLTQ1OGMtOWQ5NC04NWVlZDU1ZTkwYzMiLCJjbGVya0lkIjoidXNlcl8zODZDZTNHVHNUb1lrWnpHbTcxVkJ3NkxWUDAiLCJlbWFpbCI6Im9uc2Vhc29uMTBAZ21haWwuY29tIiwiaWF0IjoxNzY4NTA4NzcxLCJleHAiOjE3NjkxMTM1NzF9.CS-aG7kWBc2mjBo6mc9wGY-qnWqDrZtDvB5y46pbgUU
2026-01-16 20:25:36.828 12840-24100 okhttp.OkHttpClient     com.baatcheet.app                    I  Content-Type: application/json
2026-01-16 20:25:36.828 12840-24100 okhttp.OkHttpClient     com.baatcheet.app                    I  --> END GET
2026-01-16 20:25:36.867 12840-12840 WindowOnBackDispatcher  com.baatcheet.app                    W  sendCancelIfRunning: isInProgress=falsecallback=android.view.ViewRootImpl$$ExternalSyntheticLambda20@43d21af
2026-01-16 20:25:36.878 12840-12840 View                    com.baatcheet.app                    D  [Warning] assignParent to null: this = DecorView@9db7639[MainActivity]
2026-01-16 20:25:36.880 12840-12840 BLASTBufferQueue        com.baatcheet.app                    D  [VRI[MainActivity]#2](f:0,a:4) destructor()
2026-01-16 20:25:36.880 12840-12840 BufferQueueConsumer     com.baatcheet.app                    D  [VRI[MainActivity]#2(BLAST Consumer)2](id:322800000002,api:0,p:-1,c:12840) disconnect
2026-01-16 20:25:36.881   976-1048  BufferQueueDebug        surfaceflinger                       E  [Surface(name=8e3d1d1 com.baatcheet.app/com.baatcheet.app.MainActivity)/@0x9421dc5 - animation-leash of window_animation#29346](this:0xb400007cba8cb220,id:-1,api:0,p:-1,c:-1) id info cannot be read from 'Surface(name=8e3d1d1 com.baatcheet.app/com.baatcheet.app.MainActivity)/@0x9421dc5 - animation-leash of window_animation#29346'
2026-01-16 20:25:36.892 12840-12840 InputTransport          com.baatcheet.app                    D  Destroy ARC handle: 0xb4000078f0252380
2026-01-16 20:25:36.912 12840-12840 WindowOnBackDispatcher  com.baatcheet.app                    W  sendCancelIfRunning: isInProgress=falsecallback=android.view.ViewRootImpl$$ExternalSyntheticLambda20@34718c0
2026-01-16 20:25:36.915 12840-12840 View                    com.baatcheet.app                    D  [Warning] assignParent to null: this = androidx.compose.material3.ModalBottomSheetWindow{f43cf5 V.E...... ......ID 0,0-1080,2436 #1020002 android:id/content aid=1073741824}
2026-01-16 20:25:36.916 12840-12840 BLASTBufferQueue        com.baatcheet.app                    D  [VRI[Pop-Up Window]#1](f:0,a:4) destructor()
2026-01-16 20:25:36.916 12840-12840 BufferQueueConsumer     com.baatcheet.app                    D  [VRI[Pop-Up Window]#1(BLAST Consumer)1](id:322800000001,api:0,p:-1,c:12840) disconnect
2026-01-16 20:25:36.925 12840-12840 InputTransport          com.baatcheet.app                    D  Destroy ARC handle: 0xb4000078f0242480
2026-01-16 20:25:37.234 12840-24101 okhttp.OkHttpClient     com.baatcheet.app                    I  <-- 200 https://sharry121-baatcheet.hf.space/api/v1/projects/b421c78b-39f1-41a1-a7ca-a4e6abae1921/conversations (411ms)
2026-01-16 20:25:37.234 12840-24101 okhttp.OkHttpClient     com.baatcheet.app                    I  date: Fri, 16 Jan 2026 15:25:37 GMT
2026-01-16 20:25:37.234 12840-24101 okhttp.OkHttpClient     com.baatcheet.app                    I  content-type: application/json; charset=utf-8
2026-01-16 20:25:37.234 12840-24101 okhttp.OkHttpClient     com.baatcheet.app                    I  content-length: 3298
2026-01-16 20:25:37.234 12840-24101 okhttp.OkHttpClient     com.baatcheet.app                    I  x-request-id: n1NVEB, n1NVEB
2026-01-16 20:25:37.234 12840-24101 okhttp.OkHttpClient     com.baatcheet.app                    I  content-security-policy: default-src 'self';script-src 'self' 'unsafe-inline';style-src 'self' 'unsafe-inline';img-src 'self' data: https:;connect-src 'self' https://api.clerk.dev;base-uri 'self';font-src 'self' https: data:;form-action 'self';frame-ancestors 'self';object-src 'none';script-src-attr 'none';upgrade-insecure-requests
2026-01-16 20:25:37.234 12840-24101 okhttp.OkHttpClient     com.baatcheet.app                    I  cross-origin-opener-policy: same-origin
2026-01-16 20:25:37.234 12840-24101 okhttp.OkHttpClient     com.baatcheet.app                    I  cross-origin-resource-policy: cross-origin
2026-01-16 20:25:37.234 12840-24101 okhttp.OkHttpClient     com.baatcheet.app                    I  origin-agent-cluster: ?1
2026-01-16 20:25:37.234 12840-24101 okhttp.OkHttpClient     com.baatcheet.app                    I  referrer-policy: no-referrer
2026-01-16 20:25:37.234 12840-24101 okhttp.OkHttpClient     com.baatcheet.app                    I  strict-transport-security: max-age=31536000; includeSubDomains; preload
2026-01-16 20:25:37.234 12840-24101 okhttp.OkHttpClient     com.baatcheet.app                    I  x-content-type-options: nosniff
2026-01-16 20:25:37.235 12840-24101 okhttp.OkHttpClient     com.baatcheet.app                    I  x-dns-prefetch-control: off
2026-01-16 20:25:37.235 12840-24101 okhttp.OkHttpClient     com.baatcheet.app                    I  x-download-options: noopen
2026-01-16 20:25:37.235 12840-24101 okhttp.OkHttpClient     com.baatcheet.app                    I  x-frame-options: SAMEORIGIN
2026-01-16 20:25:37.235 12840-24101 okhttp.OkHttpClient     com.baatcheet.app                    I  x-permitted-cross-domain-policies: none
2026-01-16 20:25:37.235 12840-24101 okhttp.OkHttpClient     com.baatcheet.app                    I  x-xss-protection: 0
2026-01-16 20:25:37.235 12840-24101 okhttp.OkHttpClient     com.baatcheet.app                    I  vary: Origin
2026-01-16 20:25:37.235 12840-24101 okhttp.OkHttpClient     com.baatcheet.app                    I  vary: origin, access-control-request-method, access-control-request-headers
2026-01-16 20:25:37.235 12840-24101 okhttp.OkHttpClient     com.baatcheet.app                    I  access-control-allow-credentials: true
2026-01-16 20:25:37.235 12840-24101 okhttp.OkHttpClient     com.baatcheet.app                    I  access-control-expose-headers: X-Request-ID,X-Response-Time,X-RateLimit-Limit,X-RateLimit-Remaining,X-RateLimit-Reset
2026-01-16 20:25:37.235 12840-24101 okhttp.OkHttpClient     com.baatcheet.app                    I  x-clerk-auth-message: Unable to find a signing key in JWKS that matches the kid='undefined' of the provided session token. Please make sure that the __session cookie or the HTTP authorization header contain a Clerk-generated session JWT. The following kid is available: ins_384KLXR0s0ZW3aoWTGXIMeX8Ihm Go to your Dashboard and validate your secret and public keys are correct. Contact support@clerk.com if the issue persists. (reason=jwk-kid-mismatch, token-carrier=header)
2026-01-16 20:25:37.235 12840-24101 okhttp.OkHttpClient     com.baatcheet.app                    I  x-clerk-auth-reason: jwk-kid-mismatch
2026-01-16 20:25:37.235 12840-24101 okhttp.OkHttpClient     com.baatcheet.app                    I  x-clerk-auth-status: signed-out
2026-01-16 20:25:37.235 12840-24101 okhttp.OkHttpClient     com.baatcheet.app                    I  ratelimit-policy: 100;w=900
2026-01-16 20:25:37.235 12840-24101 okhttp.OkHttpClient     com.baatcheet.app                    I  ratelimit-limit: 100
2026-01-16 20:25:37.235 12840-24101 okhttp.OkHttpClient     com.baatcheet.app                    I  ratelimit-remaining: 95
2026-01-16 20:25:37.235 12840-24101 okhttp.OkHttpClient     com.baatcheet.app                    I  ratelimit-reset: 885
2026-01-16 20:25:37.235 12840-24101 okhttp.OkHttpClient     com.baatcheet.app                    I  x-response-time: 175ms
2026-01-16 20:25:37.235 12840-24101 okhttp.OkHttpClient     com.baatcheet.app                    I  etag: W/"ce2-mcZPD2tp6lbV0YdfdMd483KSUck"
2026-01-16 20:25:37.235 12840-24101 okhttp.OkHttpClient     com.baatcheet.app                    I  x-proxied-host: http://10.108.116.192
2026-01-16 20:25:37.235 12840-24101 okhttp.OkHttpClient     com.baatcheet.app                    I  x-proxied-replica: d6mhbvgu-ss8jj
2026-01-16 20:25:37.235 12840-24101 okhttp.OkHttpClient     com.baatcheet.app                    I  x-proxied-path: /api/v1/projects/b421c78b-39f1-41a1-a7ca-a4e6abae1921/conversations
2026-01-16 20:25:37.235 12840-24101 okhttp.OkHttpClient     com.baatcheet.app                    I  link: <https://huggingface.co/spaces/sharry121/BaatCheet>;rel="canonical"
2026-01-16 20:25:37.236 12840-24101 okhttp.OkHttpClient     com.baatcheet.app                    I  {"success":true,"data":[{"id":"52dfc3db-f19c-4d56-8f2e-029d691fcfe3","title":"what is the goal of this project till now you...","model":"llama-3.3-70b-versatile","tags":[],"isPinned":false,"isArchived":false,"totalTokens":7821,"createdAt":"2026-01-15T18:08:53.478Z","updatedAt":"2026-01-15T20:25:48.609Z","userId":"2821af5c-90ab-458c-9d94-85eed55e90c3","messageCount":4,"isOwner":true,"createdBy":{"id":"2821af5c-90ab-458c-9d94-85eed55e90c3","firstName":"Muhammad","lastName":"Sharjeel","email":"onseason10@gmail.com","avatar":"https://img.clerk.com/eyJ0eXBlIjoiZGVmYXVsdCIsImlpZCI6Imluc18zODRLTFhSMHMwWlczYW9XVEdYSU1lWDhJaG0iLCJyaWQiOiJ1c2VyXzM4NkNlM0dUc1RvWWtaekdtNzFWQnc2TFZQMCIsImluaXRpYWxzIjoiTVMifQ"}},{"id":"34a7e479-d07b-4b90-8041-ca8b23e7693a","title":"hjj","model":"llama-3.3-70b-versatile","tags":[],"isPinned":false,"isArchived":false,"totalTokens":2889,"createdAt":"2026-01-15T15:27:43.446Z","updatedAt":"2026-01-15T15:27:44.271Z","userId":"2821af5c-90ab-458c-9d94-85eed55e90c3","messageCount":2,"isOwner":true,"createdBy":{"id":"2821af5c-90ab-458c-9d94-85eed55e90c3","firstName":"Muhammad","lastName":"Sharjeel","email":"onseason10@gmail.com","avatar":"https://img.clerk.com/eyJ0eXBlIjoiZGVmYXVsdCIsImlpZCI6Imluc18zODRLTFhSMHMwWlczYW9XVEdYSU1lWDhJaG0iLCJyaWQiOiJ1c2VyXzM4NkNlM0dUc1RvWWtaekdtNzFWQnc2TFZQMCIsImluaXRpYWxzIjoiTVMifQ"}},{"id":"0aa9fe1e-dc99-44d9-beed-daaca2f72498","title":"ghuh","model":"llama-3.3-70b-versatile","tags":[],"isPinned":false,"isArchived":false,"totalTokens":2891,"createdAt":"2026-01-15T15:27:14.073Z","updatedAt":"2026-01-15T15:27:14.657Z","userId":"2821af5c-90ab-458c-9d94-85eed55e90c3","messageCount":2,"isOwner":true,"createdBy":{"id":"2821af5c-90ab-458c-9d94-85eed55e90c3","firstName":"Muhammad","lastName":"Sharjeel","email":"onseason10@gmail.com","avatar":"https://img.clerk.com/eyJ0eXBlIjoiZGVmYXVsdCIsImlpZCI6Imluc18zODRLTFhSMHMwWlczYW9XVEdYSU1lWDhJaG0iLCJyaWQiOiJ1c2VyXzM4NkNlM0dUc1RvWWtaekdtNzFWQnc2TFZQMCIsImluaXRpYWxzIjoiTVMifQ"}},{"id":"96221e8d-7800-4a76-91ff-f009eaeb0b5d","title":"hh","model":"llama-3.3-70b-versatile","tags":[],"isPinned":false,"isArchived":false,"totalTokens":2910,"createdAt":"2026-01-15T15:26:22.200Z","updatedAt":"2026-01-15T15:26:22.975Z","userId":"2821af5c-90ab-458c-9d94-85eed55e90c3","messageCount":2,"isOwner":true,"createdBy":{"id":"2821af5c-90ab-458c-9d94-85eed55e90c3","firstName":"Muhammad","lastName":"Sharjeel","email":"onseason10@gmail.com","avatar":"https://img.clerk.com/eyJ0eXBlIjoiZGVmYXVsdCIsImlpZCI6Imluc18zODRLTFhSMHMwWlczYW9XVEdYSU1lWDhJaG0iLCJyaWQiOiJ1c2VyXzM4NkNlM0dUc1RvWWtaekdtNzFWQnc2TFZQMCIsImluaXRpYWxzIjoiTVMifQ"}},{"id":"b610882d-6bfd-466f-a4bf-de12f7faedc4","title":"ChatScreen.ktfailed Download info...","model":"llama-3.3-70b-versatile","tags":[],"isPinned":false,"isArchived":false,"totalTokens":3345,"createdAt":"2026-01-15T15:26:06.699Z","updatedAt":"2026-01-15T15:26:08.740Z","userId":"2821af5c-90ab-458c-9d94-85eed55e90c3","messageCount":2,"isOwner":true,"createdBy":{"id":"2821af5c-90ab-458c-9d94-85eed55e90c3","firstName":"Muhammad","lastName":"Sharjeel","email":"onseason10@gmail.com","avatar":"https://img.clerk.com/eyJ0eXBlIjoiZGVmYXVsdCIsImlpZCI6Imluc18zODRLTFhSMHMwWlczYW9XVEdYSU1lWDhJaG0iLCJyaWQiOiJ1c2VyXzM4NkNlM0dUc1RvWWtaekdtNzFWQnc2TFZQMCIsImluaXRpYWxzIjoiTVMifQ"}}]}
2026-01-16 20:25:37.236 12840-24101 okhttp.OkHttpClient     com.baatcheet.app                    I  <-- END HTTP (3298-byte body)
2026-01-16 20:25:37.294 12840-23980 m.baatcheet.app         com.baatcheet.app                    I  Compiler allocated 8695KB to compile void com.baatcheet.app.ui.chat.ChatScreenKt$ChatDrawerContent$8.invoke(androidx.compose.foundation.layout.ColumnScope, androidx.compose.runtime.Composer, int)
2026-01-16 20:25:37.536 12840-24102 okhttp.OkHttpClient     com.baatcheet.app                    I  <-- 200 https://sharry121-baatcheet.hf.space/api/v1/projects/b421c78b-39f1-41a1-a7ca-a4e6abae1921 (710ms)
2026-01-16 20:25:37.536 12840-24102 okhttp.OkHttpClient     com.baatcheet.app                    I  date: Fri, 16 Jan 2026 15:25:38 GMT
2026-01-16 20:25:37.536 12840-24102 okhttp.OkHttpClient     com.baatcheet.app                    I  content-type: application/json; charset=utf-8
2026-01-16 20:25:37.536 12840-24102 okhttp.OkHttpClient     com.baatcheet.app                    I  content-length: 2256
2026-01-16 20:25:37.536 12840-24102 okhttp.OkHttpClient     com.baatcheet.app                    I  x-request-id: 2YVMvD, 2YVMvD
2026-01-16 20:25:37.536 12840-24102 okhttp.OkHttpClient     com.baatcheet.app                    I  content-security-policy: default-src 'self';script-src 'self' 'unsafe-inline';style-src 'self' 'unsafe-inline';img-src 'self' data: https:;connect-src 'self' https://api.clerk.dev;base-uri 'self';font-src 'self' https: data:;form-action 'self';frame-ancestors 'self';object-src 'none';script-src-attr 'none';upgrade-insecure-requests
2026-01-16 20:25:37.536 12840-24102 okhttp.OkHttpClient     com.baatcheet.app                    I  cross-origin-opener-policy: same-origin
2026-01-16 20:25:37.536 12840-24102 okhttp.OkHttpClient     com.baatcheet.app                    I  cross-origin-resource-policy: cross-origin
2026-01-16 20:25:37.536 12840-24102 okhttp.OkHttpClient     com.baatcheet.app                    I  origin-agent-cluster: ?1
2026-01-16 20:25:37.536 12840-24102 okhttp.OkHttpClient     com.baatcheet.app                    I  referrer-policy: no-referrer
2026-01-16 20:25:37.536 12840-24102 okhttp.OkHttpClient     com.baatcheet.app                    I  strict-transport-security: max-age=31536000; includeSubDomains; preload
2026-01-16 20:25:37.537 12840-24102 okhttp.OkHttpClient     com.baatcheet.app                    I  x-content-type-options: nosniff
2026-01-16 20:25:37.537 12840-24102 okhttp.OkHttpClient     com.baatcheet.app                    I  x-dns-prefetch-control: off
2026-01-16 20:25:37.537 12840-24102 okhttp.OkHttpClient     com.baatcheet.app                    I  x-download-options: noopen
2026-01-16 20:25:37.537 12840-24102 okhttp.OkHttpClient     com.baatcheet.app                    I  x-frame-options: SAMEORIGIN
2026-01-16 20:25:37.537 12840-24102 okhttp.OkHttpClient     com.baatcheet.app                    I  x-permitted-cross-domain-policies: none
2026-01-16 20:25:37.537 12840-24102 okhttp.OkHttpClient     com.baatcheet.app                    I  x-xss-protection: 0
2026-01-16 20:25:37.537 12840-24102 okhttp.OkHttpClient     com.baatcheet.app                    I  vary: Origin
2026-01-16 20:25:37.537 12840-24102 okhttp.OkHttpClient     com.baatcheet.app                    I  vary: origin, access-control-request-method, access-control-request-headers
2026-01-16 20:25:37.537 12840-24102 okhttp.OkHttpClient     com.baatcheet.app                    I  access-control-allow-credentials: true
2026-01-16 20:25:37.537 12840-24102 okhttp.OkHttpClient     com.baatcheet.app                    I  access-control-expose-headers: X-Request-ID,X-Response-Time,X-RateLimit-Limit,X-RateLimit-Remaining,X-RateLimit-Reset
2026-01-16 20:25:37.537 12840-24102 okhttp.OkHttpClient     com.baatcheet.app                    I  x-clerk-auth-message: Unable to find a signing key in JWKS that matches the kid='undefined' of the provided session token. Please make sure that the __session cookie or the HTTP authorization header contain a Clerk-generated session JWT. The following kid is available: ins_384KLXR0s0ZW3aoWTGXIMeX8Ihm Go to your Dashboard and validate your secret and public keys are correct. Contact support@clerk.com if the issue persists. (reason=jwk-kid-mismatch, token-carrier=header)
2026-01-16 20:25:37.537 12840-24102 okhttp.OkHttpClient     com.baatcheet.app                    I  x-clerk-auth-reason: jwk-kid-mismatch
2026-01-16 20:25:37.537 12840-24102 okhttp.OkHttpClient     com.baatcheet.app                    I  x-clerk-auth-status: signed-out
2026-01-16 20:25:37.537 12840-24102 okhttp.OkHttpClient     com.baatcheet.app                    I  ratelimit-policy: 100;w=900
2026-01-16 20:25:37.537 12840-24102 okhttp.OkHttpClient     com.baatcheet.app                    I  ratelimit-limit: 100
2026-01-16 20:25:37.537 12840-24102 okhttp.OkHttpClient     com.baatcheet.app                    I  ratelimit-remaining: 93
2026-01-16 20:25:37.537 12840-24102 okhttp.OkHttpClient     com.baatcheet.app                    I  ratelimit-reset: 885
2026-01-16 20:25:37.537 12840-24102 okhttp.OkHttpClient     com.baatcheet.app                    I  x-response-time: 136ms
2026-01-16 20:25:37.537 12840-24102 okhttp.OkHttpClient     com.baatcheet.app                    I  etag: W/"8d0-CoLPJ/43PamJnBAlSCfInzYqrMs"
2026-01-16 20:25:37.537 12840-24102 okhttp.OkHttpClient     com.baatcheet.app                    I  x-proxied-host: http://10.108.116.192
2026-01-16 20:25:37.537 12840-24102 okhttp.OkHttpClient     com.baatcheet.app                    I  x-proxied-replica: d6mhbvgu-ss8jj
2026-01-16 20:25:37.537 12840-24102 okhttp.OkHttpClient     com.baatcheet.app                    I  x-proxied-path: /api/v1/projects/b421c78b-39f1-41a1-a7ca-a4e6abae1921
2026-01-16 20:25:37.537 12840-24102 okhttp.OkHttpClient     com.baatcheet.app                    I  link: <https://huggingface.co/spaces/sharry121/BaatCheet>;rel="canonical"
2026-01-16 20:25:37.538 12840-24102 okhttp.OkHttpClient     com.baatcheet.app                    I  {"success":true,"data":{"id":"b421c78b-39f1-41a1-a7ca-a4e6abae1921","name":"Android","description":"","color":"#1e293b","icon":"folder","emoji":"ðŸ“±","isArchived":false,"context":"This project aims to develop a functional and user-friendly Android chat application using Kotlin, with the primary goal of creating a conversational interface. The project involves designing and implementing a chat screen, resolving compilation errors, and ensuring a seamless user experience. The technologies used include Kotlin, Android, and potentially other frameworks or libraries.","keyTopics":["Android Chat Application","Kotlin Development","Conversational Interface"],"techStack":["Kotlin","Android","ExperimentalFoundationApi"],"goals":["Develop a functional chat interface","Resolve compilation errors and ensure seamless user experience","Create a conversational AI assistant"],"constraints":[],"targetAudience":null,"communicationStyle":null,"preferredLanguage":null,"domainExpertise":[],"customInstructions":null,"lastContextUpdate":"2026-01-15T20:25:49.276Z","messageCount":0,"conversationCount":5,"collaboratorCount":1,"myRole":"admin","isOwner":true,"canEdit":true,"canDelete":true,"canInvite":true,"canManageRoles":true,"owner":{"id":"2821af5c-90ab-458c-9d94-85eed55e90c3","username":"sharry121","firstName":"Muhammad","lastName":"Sharjeel","avatar":"https://img.clerk.com/eyJ0eXBlIjoiZGVmYXVsdCIsImlpZCI6Imluc18zODRLTFhSMHMwWlczYW9XVEdYSU1lWDhJaG0iLCJyaWQiOiJ1c2VyXzM4NkNlM0dUc1RvWWtaekdtNzFWQnc2TFZQMCIsImluaXRpYWxzIjoiTVMifQ","email":"onseason10@gmail.com"},"collaborators":[{"id":"2ae7c2a3-8866-4f91-9149-40904ec6e139","userId":"b138a210-36eb-4206-8837-5d644887f706","role":"moderator","canEdit":true,"canDelete":false,"canInvite":false,"canManageRoles":false,"addedAt":"2026-01-15T19:04:55.639Z","user":{"id":"b138a210-36eb-4206-8837-5d644887f706","username":"muhammadsharjeelsaleem06lnqk","firstName":"Muhammad","lastName":"Sharjeel","avatar":"https://img.clerk.com/eyJ0eXBlIjoiZGVmYXVsdCIsImlpZCI6Imluc18zODRLTFhSMHMwWlczYW9XVEdYSU1lWDhJaG0iLCJyaWQiOiJ1c2VyXzM4SjNPYUFCbEdkejNtdG9sbGxxWE1tVVI3dCIsImluaXRpYWxzIjoiTVMifQ","email":"muhammadsharjeelsaleem06@gmail.com"}}],"createdAt":"2026-01-15T10:38:24.708Z","updatedAt":"2026-01-15T20:25:49.277Z"}}
2026-01-16 20:25:37.538 12840-24102 okhttp.OkHttpClient     com.baatcheet.app                    I  <-- END HTTP (2256-byte body)
2026-01-16 20:25:37.602 12840-12840 VRI[Pop-Up Window]      com.baatcheet.app                    D  hardware acceleration = true, forceHwAccelerated = false
2026-01-16 20:25:37.602 12840-12840 ViewRootImpl            com.baatcheet.app                    D  setView appearance:0 Pop-Up Window
2026-01-16 20:25:37.613 12840-12840 InputTransport          com.baatcheet.app                    D  Create ARC handle: 0xb4000078f0223190
2026-01-16 20:25:37.613 12840-12840 InputEventReceiver      com.baatcheet.app                    D  Input log is disabled in InputEventReceiver.
2026-01-16 20:25:37.613 12840-12840 InputTransport          com.baatcheet.app                    D  Input log is disabled in InputChannel.
2026-01-16 20:25:37.616 12840-24100 okhttp.OkHttpClient     com.baatcheet.app                    I  <-- 200 https://sharry121-baatcheet.hf.space/api/v1/projects/b421c78b-39f1-41a1-a7ca-a4e6abae1921/collaborators (788ms)
2026-01-16 20:25:37.616 12840-24100 okhttp.OkHttpClient     com.baatcheet.app                    I  date: Fri, 16 Jan 2026 15:25:38 GMT
2026-01-16 20:25:37.616 12840-24100 okhttp.OkHttpClient     com.baatcheet.app                    I  content-type: application/json; charset=utf-8
2026-01-16 20:25:37.616 12840-24100 okhttp.OkHttpClient     com.baatcheet.app                    I  content-length: 1141
2026-01-16 20:25:37.616 12840-24100 okhttp.OkHttpClient     com.baatcheet.app                    I  x-request-id: EzCHo-, EzCHo-
2026-01-16 20:25:37.616 12840-24100 okhttp.OkHttpClient     com.baatcheet.app                    I  content-security-policy: default-src 'self';script-src 'self' 'unsafe-inline';style-src 'self' 'unsafe-inline';img-src 'self' data: https:;connect-src 'self' https://api.clerk.dev;base-uri 'self';font-src 'self' https: data:;form-action 'self';frame-ancestors 'self';object-src 'none';script-src-attr 'none';upgrade-insecure-requests
2026-01-16 20:25:37.616 12840-24100 okhttp.OkHttpClient     com.baatcheet.app                    I  cross-origin-opener-policy: same-origin
2026-01-16 20:25:37.617 12840-24100 okhttp.OkHttpClient     com.baatcheet.app                    I  cross-origin-resource-policy: cross-origin
2026-01-16 20:25:37.617 12840-24100 okhttp.OkHttpClient     com.baatcheet.app                    I  origin-agent-cluster: ?1
2026-01-16 20:25:37.617 12840-24100 okhttp.OkHttpClient     com.baatcheet.app                    I  referrer-policy: no-referrer
2026-01-16 20:25:37.617 12840-24100 okhttp.OkHttpClient     com.baatcheet.app                    I  strict-transport-security: max-age=31536000; includeSubDomains; preload
2026-01-16 20:25:37.617 12840-24100 okhttp.OkHttpClient     com.baatcheet.app                    I  x-content-type-options: nosniff
2026-01-16 20:25:37.617 12840-24100 okhttp.OkHttpClient     com.baatcheet.app                    I  x-dns-prefetch-control: off
2026-01-16 20:25:37.617 12840-24100 okhttp.OkHttpClient     com.baatcheet.app                    I  x-download-options: noopen
2026-01-16 20:25:37.617 12840-24100 okhttp.OkHttpClient     com.baatcheet.app                    I  x-frame-options: SAMEORIGIN
2026-01-16 20:25:37.617 12840-24100 okhttp.OkHttpClient     com.baatcheet.app                    I  x-permitted-cross-domain-policies: none
2026-01-16 20:25:37.617 12840-24100 okhttp.OkHttpClient     com.baatcheet.app                    I  x-xss-protection: 0
2026-01-16 20:25:37.617 12840-24100 okhttp.OkHttpClient     com.baatcheet.app                    I  vary: Origin
2026-01-16 20:25:37.617 12840-24100 okhttp.OkHttpClient     com.baatcheet.app                    I  vary: origin, access-control-request-method, access-control-request-headers
2026-01-16 20:25:37.617 12840-24100 okhttp.OkHttpClient     com.baatcheet.app                    I  access-control-allow-credentials: true
2026-01-16 20:25:37.617 12840-24100 okhttp.OkHttpClient     com.baatcheet.app                    I  access-control-expose-headers: X-Request-ID,X-Response-Time,X-RateLimit-Limit,X-RateLimit-Remaining,X-RateLimit-Reset
2026-01-16 20:25:37.617 12840-24100 okhttp.OkHttpClient     com.baatcheet.app                    I  x-clerk-auth-message: Unable to find a signing key in JWKS that matches the kid='undefined' of the provided session token. Please make sure that the __session cookie or the HTTP authorization header contain a Clerk-generated session JWT. The following kid is available: ins_384KLXR0s0ZW3aoWTGXIMeX8Ihm Go to your Dashboard and validate your secret and public keys are correct. Contact support@clerk.com if the issue persists. (reason=jwk-kid-mismatch, token-carrier=header)
2026-01-16 20:25:37.617 12840-24100 okhttp.OkHttpClient     com.baatcheet.app                    I  x-clerk-auth-reason: jwk-kid-mismatch
2026-01-16 20:25:37.617 12840-24100 okhttp.OkHttpClient     com.baatcheet.app                    I  x-clerk-auth-status: signed-out
2026-01-16 20:25:37.617 12840-24100 okhttp.OkHttpClient     com.baatcheet.app                    I  ratelimit-policy: 100;w=900
2026-01-16 20:25:37.617 12840-24100 okhttp.OkHttpClient     com.baatcheet.app                    I  ratelimit-limit: 100
2026-01-16 20:25:37.617 12840-24100 okhttp.OkHttpClient     com.baatcheet.app                    I  ratelimit-remaining: 94
2026-01-16 20:25:37.617 12840-24100 okhttp.OkHttpClient     com.baatcheet.app                    I  ratelimit-reset: 885
2026-01-16 20:25:37.617 12840-24100 okhttp.OkHttpClient     com.baatcheet.app                    I  x-response-time: 220ms
2026-01-16 20:25:37.617 12840-24100 okhttp.OkHttpClient     com.baatcheet.app                    I  etag: W/"475-lbtMrX6GtG2dNjOockFdYUepzPg"
2026-01-16 20:25:37.618 12840-24100 okhttp.OkHttpClient     com.baatcheet.app                    I  x-proxied-host: http://10.108.116.192
2026-01-16 20:25:37.618 12840-24100 okhttp.OkHttpClient     com.baatcheet.app                    I  x-proxied-replica: d6mhbvgu-ss8jj
