2026-01-16 01:11:34.711 28276-28276 InputEventReceiver      com.baatcheet.app                    D  Input log is disabled in InputEventReceiver.
2026-01-16 01:11:34.711 28276-28276 InputTransport          com.baatcheet.app                    D  Input log is disabled in InputChannel.
2026-01-16 01:11:34.755 28276-28276 BufferQueueConsumer     com.baatcheet.app                    D  [](id:6e7400000007,api:0,p:-1,c:28276) connect: controlledByApp=false
2026-01-16 01:11:34.764 28276-16641 OpenGLRenderer          com.baatcheet.app                    E  Unable to match the desired swap behavior.
2026-01-16 01:11:34.769 28276-16641 BLASTBufferQueue        com.baatcheet.app                    D  [VRI[Pop-Up Window]#7](f:0,a:1) acquireNextBufferLocked size=354x238 mFrameNumber=1 applyTransaction=true mTimestamp=8001787943938(auto) mPendingTransactions.size=0 graphicBufferId=121444495261746 transform=0
2026-01-16 01:11:37.260 28276-28276 WindowOnBackDispatcher  com.baatcheet.app                    W  OnBackInvokedCallback is not enabled for the application.
                                                                                                    Set 'android:enableOnBackInvokedCallback="true"' in the application manifest.
2026-01-16 01:11:37.262 28276-28276 VRI[MainActivity]       com.baatcheet.app                    D  hardware acceleration = true, forceHwAccelerated = false
2026-01-16 01:11:37.262 28276-28276 config_debug            com.baatcheet.app                    I  updateDecorCaptionStatus: {1.0 410mcc3mnc [en_US,nl_NL] ldltr sw441dp w441dp h910dp 392dpi nrml long widecg port finger -keyb/v/h -nav/h winConfig={ mBounds=Rect(0, 0 - 1080, 2436) mAppBounds=Rect(0, 108 - 1080, 2338) mMaxBounds=Rect(0, 0 - 1080, 2436) mDisplayRotation=ROTATION_0 mWindowingMode=fullscreen mDisplayWindowingMode=fullscreen mMultiWindowMode=normal mMultiWindowId=0 mWindowResiable=6 mInLargeScreen=-1 mActivityType=standard mAlwaysOnTop=undefined mRotation=ROTATION_0 mUiOptSpec=-1 mCurDisplayId=-1} as.2 s.1 fontWeightAdjustment=0} fromMultiWindow: false
2026-01-16 01:11:37.262 28276-28276 ViewRootImpl            com.baatcheet.app                    D  setView appearance:8 com.baatcheet.app/com.baatcheet.app.MainActivity
2026-01-16 01:11:37.264   976-2008  BufferQueueDebug        surfaceflinger                       E  [c61ef93 com.baatcheet.app/com.baatcheet.app.MainActivity#6140](this:0xb400007cba942bc0,id:-1,api:0,p:-1,c:-1) id info cannot be read from 'c61ef93 com.baatcheet.app/com.baatcheet.app.MainActivity#6140'
2026-01-16 01:11:37.270 28276-28276 InputTransport          com.baatcheet.app                    D  Create ARC handle: 0xb4000078f0282dd0
2026-01-16 01:11:37.270 28276-28276 InputEventReceiver      com.baatcheet.app                    D  Input log is disabled in InputEventReceiver.
2026-01-16 01:11:37.270 28276-28276 InputTransport          com.baatcheet.app                    D  Input log is disabled in InputChannel.
2026-01-16 01:11:37.271   976-976   BufferQueueDebug        surfaceflinger                       E  [c61ef93 com.baatcheet.app/com.baatcheet.app.MainActivity#6140 (Mirror)#6143](this:0xb400007cbaa4b910,id:-1,api:0,p:-1,c:-1) id info cannot be read from 'c61ef93 com.baatcheet.app/com.baatcheet.app.MainActivity#6140 (Mirror)#6143'
2026-01-16 01:11:37.293   976-1049  BufferQueueDebug        surfaceflinger                       E  [com.baatcheet.app/com.baatcheet.app.MainActivity#6146](this:0xb400007cbaa59ce0,id:-1,api:0,p:-1,c:-1) id info cannot be read from 'com.baatcheet.app/com.baatcheet.app.MainActivity#6146'
2026-01-16 01:11:37.300 28276-28276 BufferQueueConsumer     com.baatcheet.app                    D  [](id:6e7400000008,api:0,p:-1,c:28276) connect: controlledByApp=false
2026-01-16 01:11:37.301 28276-28276 config_debug            com.baatcheet.app                    I  updateDecorCaptionStatus: {1.0 410mcc3mnc [en_US,nl_NL] ldltr sw441dp w441dp h910dp 392dpi nrml long widecg port finger -keyb/v/h -nav/h winConfig={ mBounds=Rect(0, 0 - 1080, 2436) mAppBounds=Rect(0, 108 - 1080, 2338) mMaxBounds=Rect(0, 0 - 1080, 2436) mDisplayRotation=ROTATION_0 mWindowingMode=fullscreen mDisplayWindowingMode=fullscreen mMultiWindowMode=normal mMultiWindowId=0 mWindowResiable=6 mInLargeScreen=-1 mActivityType=standard mAlwaysOnTop=undefined mRotation=ROTATION_0 mUiOptSpec=-1 mCurDisplayId=-1} as.2 s.1 fontWeightAdjustment=0} fromMultiWindow: true
2026-01-16 01:11:37.302 28276-16641 OpenGLRenderer          com.baatcheet.app                    E  Unable to match the desired swap behavior.
2026-01-16 01:11:37.304   976-976   BufferQueueDebug        surfaceflinger                       E  [com.baatcheet.app/com.baatcheet.app.MainActivity#6146 (Mirror)#6147](this:0xb400007cba8bfbe0,id:-1,api:0,p:-1,c:-1) id info cannot be read from 'com.baatcheet.app/com.baatcheet.app.MainActivity#6146 (Mirror)#6147'
2026-01-16 01:11:37.313 28276-16641 BLASTBufferQueue        com.baatcheet.app                    D  [VRI[MainActivity]#8](f:0,a:1) acquireNextBufferLocked size=942x718 mFrameNumber=1 applyTransaction=true mTimestamp=8004331878707(auto) mPendingTransactions.size=0 graphicBufferId=121444495261758 transform=0
2026-01-16 01:11:37.316   976-1049  BufferQueueDebug        surfaceflinger                       E  [Surface(name=c61ef93 com.baatcheet.app/com.baatcheet.app.MainActivity)/@0x84fa701 - animation-leash of window_animation#6148](this:0xb400007cba8c5700,id:-1,api:0,p:-1,c:-1) id info cannot be read from 'Surface(name=c61ef93 com.baatcheet.app/com.baatcheet.app.MainActivity)/@0x84fa701 - animation-leash of window_animation#6148'
2026-01-16 01:11:37.321   976-976   BufferQueueDebug        surfaceflinger                       E  [Surface(name=c61ef93 com.baatcheet.app/com.baatcheet.app.MainActivity)/@0x84fa701 - animation-leash of window_animation#6148 (Mirror)#6151](this:0xb400007cba870020,id:-1,api:0,p:-1,c:-1) id info cannot be read from 'Surface(name=c61ef93 com.baatcheet.app/com.baatcheet.app.MainActivity)/@0x84fa701 - animation-leash of window_animation#6148 (Mirror)#6151'
2026-01-16 01:11:37.392 28276-28276 WindowOnBackDispatcher  com.baatcheet.app                    W  sendCancelIfRunning: isInProgress=falsecallback=android.view.ViewRootImpl$$ExternalSyntheticLambda20@880037
2026-01-16 01:11:37.400 28276-16641 OpenGLRenderer          com.baatcheet.app                    D  endAllActiveAnimators on 0xb400007800399c70 (UnprojectedRipple) with handle 0xb4000078f027e390
2026-01-16 01:11:37.401 28276-28276 View                    com.baatcheet.app                    D  [Warning] assignParent to null: this = androidx.compose.ui.window.PopupLayout{9de5072 V.E...... ......ID 0,0-274,158 #1020002 android:id/content aid=1073741831}
2026-01-16 01:11:37.411 28276-28276 InputTransport          com.baatcheet.app                    D  Destroy ARC handle: 0xb4000078f027f8c0
2026-01-16 01:11:37.419 28276-16616 BLASTBufferQueue        com.baatcheet.app                    D  [VRI[Pop-Up Window]#7](f:0,a:4) destructor()
2026-01-16 01:11:37.419 28276-16616 BufferQueueConsumer     com.baatcheet.app                    D  [VRI[Pop-Up Window]#7(BLAST Consumer)7](id:6e7400000007,api:0,p:-1,c:28276) disconnect
2026-01-16 01:11:37.972 28276-28276 WindowOnBackDispatcher  com.baatcheet.app                    W  sendCancelIfRunning: isInProgress=falsecallback=android.view.ViewRootImpl$$ExternalSyntheticLambda20@8e72166
2026-01-16 01:11:37.973 28276-17484 okhttp.OkHttpClient     com.baatcheet.app                    I  --> DELETE https://sharry121-baatcheet.hf.space/api/v1/conversations/3ce92b13-9f97-470f-929c-46fd4406ee97
2026-01-16 01:11:37.973 28276-17484 okhttp.OkHttpClient     com.baatcheet.app                    I  Authorization: Bearer eyJhbGciOiJIUzI1NiIsInR5cCI6IkpXVCJ9.eyJ1c2VySWQiOiJiMTM4YTIxMC0zNmViLTQyMDYtODgzNy01ZDY0NDg4N2Y3MDYiLCJjbGVya0lkIjoidXNlcl8zOEozT2FBQmxHZHozbXRvbGxscVhNbVVSN3QiLCJlbWFpbCI6Im11aGFtbWFkc2hhcmplZWxzYWxlZW0wNkBnbWFpbC5jb20iLCJpYXQiOjE3Njg1MDc3NjgsImV4cCI6MTc2OTExMjU2OH0.vJVqVdpD00pTEOBjM8Tq42MHKLld_2SCUCBjWbeUmkY
2026-01-16 01:11:37.973 28276-17484 okhttp.OkHttpClient     com.baatcheet.app                    I  Content-Type: application/json
2026-01-16 01:11:37.973 28276-17484 okhttp.OkHttpClient     com.baatcheet.app                    I  --> END DELETE
2026-01-16 01:11:37.979 28276-16641 OpenGLRenderer          com.baatcheet.app                    D  endAllActiveAnimators on 0xb40000780021b8d0 (UnprojectedRipple) with handle 0xb4000078f022d2a0
2026-01-16 01:11:37.980 28276-28276 View                    com.baatcheet.app                    D  [Warning] assignParent to null: this = DecorView@e6743ac[MainActivity]
2026-01-16 01:11:37.982   976-2008  BufferQueueDebug        surfaceflinger                       E  [Surface(name=c61ef93 com.baatcheet.app/com.baatcheet.app.MainActivity)/@0x84fa701 - animation-leash of window_animation#6156](this:0xb400007cba870020,id:-1,api:0,p:-1,c:-1) id info cannot be read from 'Surface(name=c61ef93 com.baatcheet.app/com.baatcheet.app.MainActivity)/@0x84fa701 - animation-leash of window_animation#6156'
2026-01-16 01:11:37.991 28276-28276 InputTransport          com.baatcheet.app                    D  Destroy ARC handle: 0xb4000078f0282dd0
2026-01-16 01:11:37.992   976-976   BufferQueueDebug        surfaceflinger                       E  [Surface(name=c61ef93 com.baatcheet.app/com.baatcheet.app.MainActivity)/@0x84fa701 - animation-leash of window_animation#6156 (Mirror)#6160](this:0xb400007cbaa0fc40,id:-1,api:0,p:-1,c:-1) id info cannot be read from 'Surface(name=c61ef93 com.baatcheet.app/com.baatcheet.app.MainActivity)/@0x84fa701 - animation-leash of window_animation#6156 (Mirror)#6160'
2026-01-16 01:11:38.006 28276-16883 BLASTBufferQueue        com.baatcheet.app                    D  [VRI[MainActivity]#8](f:0,a:4) destructor()
2026-01-16 01:11:38.006 28276-16883 BufferQueueConsumer     com.baatcheet.app                    D  [VRI[MainActivity]#8(BLAST Consumer)8](id:6e7400000008,api:0,p:-1,c:28276) disconnect
2026-01-16 01:11:38.379 28276-17484 okhttp.OkHttpClient     com.baatcheet.app                    I  <-- 200 https://sharry121-baatcheet.hf.space/api/v1/conversations/3ce92b13-9f97-470f-929c-46fd4406ee97 (405ms)
2026-01-16 01:11:38.379 28276-17484 okhttp.OkHttpClient     com.baatcheet.app                    I  date: Thu, 15 Jan 2026 20:11:38 GMT
2026-01-16 01:11:38.379 28276-17484 okhttp.OkHttpClient     com.baatcheet.app                    I  content-type: application/json; charset=utf-8
2026-01-16 01:11:38.379 28276-17484 okhttp.OkHttpClient     com.baatcheet.app                    I  content-length: 49
2026-01-16 01:11:38.379 28276-17484 okhttp.OkHttpClient     com.baatcheet.app                    I  x-request-id: jpUaOK, jpUaOK
2026-01-16 01:11:38.379 28276-17484 okhttp.OkHttpClient     com.baatcheet.app                    I  content-security-policy: default-src 'self';script-src 'self' 'unsafe-inline';style-src 'self' 'unsafe-inline';img-src 'self' data: https:;connect-src 'self' https://api.clerk.dev;base-uri 'self';font-src 'self' https: data:;form-action 'self';frame-ancestors 'self';object-src 'none';script-src-attr 'none';upgrade-insecure-requests
2026-01-16 01:11:38.379 28276-17484 okhttp.OkHttpClient     com.baatcheet.app                    I  cross-origin-opener-policy: same-origin
2026-01-16 01:11:38.380 28276-17484 okhttp.OkHttpClient     com.baatcheet.app                    I  cross-origin-resource-policy: cross-origin
2026-01-16 01:11:38.380 28276-17484 okhttp.OkHttpClient     com.baatcheet.app                    I  origin-agent-cluster: ?1
2026-01-16 01:11:38.380 28276-17484 okhttp.OkHttpClient     com.baatcheet.app                    I  referrer-policy: no-referrer
2026-01-16 01:11:38.380 28276-17484 okhttp.OkHttpClient     com.baatcheet.app                    I  strict-transport-security: max-age=31536000; includeSubDomains; preload
2026-01-16 01:11:38.380 28276-17484 okhttp.OkHttpClient     com.baatcheet.app                    I  x-content-type-options: nosniff
2026-01-16 01:11:38.380 28276-17484 okhttp.OkHttpClient     com.baatcheet.app                    I  x-dns-prefetch-control: off
2026-01-16 01:11:38.380 28276-17484 okhttp.OkHttpClient     com.baatcheet.app                    I  x-download-options: noopen
2026-01-16 01:11:38.380 28276-17484 okhttp.OkHttpClient     com.baatcheet.app                    I  x-frame-options: SAMEORIGIN
2026-01-16 01:11:38.380 28276-17484 okhttp.OkHttpClient     com.baatcheet.app                    I  x-permitted-cross-domain-policies: none
2026-01-16 01:11:38.381 28276-17484 okhttp.OkHttpClient     com.baatcheet.app                    I  x-xss-protection: 0
2026-01-16 01:11:38.381 28276-17484 okhttp.OkHttpClient     com.baatcheet.app                    I  vary: Origin
2026-01-16 01:11:38.381 28276-17484 okhttp.OkHttpClient     com.baatcheet.app                    I  vary: origin, access-control-request-method, access-control-request-headers
2026-01-16 01:11:38.381 28276-17484 okhttp.OkHttpClient     com.baatcheet.app                    I  access-control-allow-credentials: true
2026-01-16 01:11:38.381 28276-17484 okhttp.OkHttpClient     com.baatcheet.app                    I  access-control-expose-headers: X-Request-ID,X-Response-Time,X-RateLimit-Limit,X-RateLimit-Remaining,X-RateLimit-Reset
2026-01-16 01:11:38.381 28276-17484 okhttp.OkHttpClient     com.baatcheet.app                    I  x-clerk-auth-message: Unable to find a signing key in JWKS that matches the kid='undefined' of the provided session token. Please make sure that the __session cookie or the HTTP authorization header contain a Clerk-generated session JWT. The following kid is available: ins_384KLXR0s0ZW3aoWTGXIMeX8Ihm Go to your Dashboard and validate your secret and public keys are correct. Contact support@clerk.com if the issue persists. (reason=jwk-kid-mismatch, token-carrier=header)
2026-01-16 01:11:38.381 28276-17484 okhttp.OkHttpClient     com.baatcheet.app                    I  x-clerk-auth-reason: jwk-kid-mismatch
2026-01-16 01:11:38.381 28276-17484 okhttp.OkHttpClient     com.baatcheet.app                    I  x-clerk-auth-status: signed-out
2026-01-16 01:11:38.382 28276-17484 okhttp.OkHttpClient     com.baatcheet.app                    I  ratelimit-policy: 100;w=900
2026-01-16 01:11:38.382 28276-17484 okhttp.OkHttpClient     com.baatcheet.app                    I  ratelimit-limit: 100
2026-01-16 01:11:38.382 28276-17484 okhttp.OkHttpClient     com.baatcheet.app                    I  ratelimit-remaining: 78
2026-01-16 01:11:38.382 28276-17484 okhttp.OkHttpClient     com.baatcheet.app                    I  ratelimit-reset: 667
2026-01-16 01:11:38.382 28276-17484 okhttp.OkHttpClient     com.baatcheet.app                    I  x-response-time: 137ms
2026-01-16 01:11:38.382 28276-17484 okhttp.OkHttpClient     com.baatcheet.app                    I  etag: W/"31-z+GBKu2G08OAiyszBJ5WgdwPFvM"
2026-01-16 01:11:38.382 28276-17484 okhttp.OkHttpClient     com.baatcheet.app                    I  x-proxied-host: http://10.108.99.227
2026-01-16 01:11:38.382 28276-17484 okhttp.OkHttpClient     com.baatcheet.app                    I  x-proxied-replica: jexrop9f-shrqs
2026-01-16 01:11:38.382 28276-17484 okhttp.OkHttpClient     com.baatcheet.app                    I  x-proxied-path: /api/v1/conversations/3ce92b13-9f97-470f-929c-46fd4406ee97
2026-01-16 01:11:38.383 28276-17484 okhttp.OkHttpClient     com.baatcheet.app                    I  link: <https://huggingface.co/spaces/sharry121/BaatCheet>;rel="canonical"
2026-01-16 01:11:38.384 28276-17484 okhttp.OkHttpClient     com.baatcheet.app                    I  {"success":true,"message":"Conversation deleted"}
2026-01-16 01:11:38.384 28276-17484 okhttp.OkHttpClient     com.baatcheet.app                    I  <-- END HTTP (49-byte body)
2026-01-16 01:11:38.393 28276-17484 okhttp.OkHttpClient     com.baatcheet.app                    I  --> GET https://sharry121-baatcheet.hf.space/api/v1/conversations?limit=50&offset=0
2026-01-16 01:11:38.393 28276-17484 okhttp.OkHttpClient     com.baatcheet.app                    I  Authorization: Bearer eyJhbGciOiJIUzI1NiIsInR5cCI6IkpXVCJ9.eyJ1c2VySWQiOiJiMTM4YTIxMC0zNmViLTQyMDYtODgzNy01ZDY0NDg4N2Y3MDYiLCJjbGVya0lkIjoidXNlcl8zOEozT2FBQmxHZHozbXRvbGxscVhNbVVSN3QiLCJlbWFpbCI6Im11aGFtbWFkc2hhcmplZWxzYWxlZW0wNkBnbWFpbC5jb20iLCJpYXQiOjE3Njg1MDc3NjgsImV4cCI6MTc2OTExMjU2OH0.vJVqVdpD00pTEOBjM8Tq42MHKLld_2SCUCBjWbeUmkY
2026-01-16 01:11:38.393 28276-17484 okhttp.OkHttpClient     com.baatcheet.app                    I  Content-Type: application/json
2026-01-16 01:11:38.393 28276-17484 okhttp.OkHttpClient     com.baatcheet.app                    I  --> END GET
2026-01-16 01:11:38.725 28276-17484 okhttp.OkHttpClient     com.baatcheet.app                    I  <-- 200 https://sharry121-baatcheet.hf.space/api/v1/conversations?limit=50&offset=0 (331ms)
2026-01-16 01:11:38.725 28276-17484 okhttp.OkHttpClient     com.baatcheet.app                    I  date: Thu, 15 Jan 2026 20:11:39 GMT
2026-01-16 01:11:38.726 28276-17484 okhttp.OkHttpClient     com.baatcheet.app                    I  content-type: application/json; charset=utf-8
2026-01-16 01:11:38.726 28276-17484 okhttp.OkHttpClient     com.baatcheet.app                    I  content-length: 99
2026-01-16 01:11:38.726 28276-17484 okhttp.OkHttpClient     com.baatcheet.app                    I  x-request-id: ZrgHC6, ZrgHC6
2026-01-16 01:11:38.726 28276-17484 okhttp.OkHttpClient     com.baatcheet.app                    I  content-security-policy: default-src 'self';script-src 'self' 'unsafe-inline';style-src 'self' 'unsafe-inline';img-src 'self' data: https:;connect-src 'self' https://api.clerk.dev;base-uri 'self';font-src 'self' https: data:;form-action 'self';frame-ancestors 'self';object-src 'none';script-src-attr 'none';upgrade-insecure-requests
2026-01-16 01:11:38.726 28276-17484 okhttp.OkHttpClient     com.baatcheet.app                    I  cross-origin-opener-policy: same-origin
2026-01-16 01:11:38.726 28276-17484 okhttp.OkHttpClient     com.baatcheet.app                    I  cross-origin-resource-policy: cross-origin
2026-01-16 01:11:38.726 28276-17484 okhttp.OkHttpClient     com.baatcheet.app                    I  origin-agent-cluster: ?1
2026-01-16 01:11:38.726 28276-17484 okhttp.OkHttpClient     com.baatcheet.app                    I  referrer-policy: no-referrer
2026-01-16 01:11:38.726 28276-17484 okhttp.OkHttpClient     com.baatcheet.app                    I  strict-transport-security: max-age=31536000; includeSubDomains; preload
2026-01-16 01:11:38.726 28276-17484 okhttp.OkHttpClient     com.baatcheet.app                    I  x-content-type-options: nosniff
2026-01-16 01:11:38.726 28276-17484 okhttp.OkHttpClient     com.baatcheet.app                    I  x-dns-prefetch-control: off
2026-01-16 01:11:38.727 28276-17484 okhttp.OkHttpClient     com.baatcheet.app                    I  x-download-options: noopen
2026-01-16 01:11:38.727 28276-17484 okhttp.OkHttpClient     com.baatcheet.app                    I  x-frame-options: SAMEORIGIN
2026-01-16 01:11:38.727 28276-17484 okhttp.OkHttpClient     com.baatcheet.app                    I  x-permitted-cross-domain-policies: none
2026-01-16 01:11:38.727 28276-17484 okhttp.OkHttpClient     com.baatcheet.app                    I  x-xss-protection: 0
2026-01-16 01:11:38.727 28276-17484 okhttp.OkHttpClient     com.baatcheet.app                    I  vary: Origin
2026-01-16 01:11:38.727 28276-17484 okhttp.OkHttpClient     com.baatcheet.app                    I  vary: origin, access-control-request-method, access-control-request-headers
2026-01-16 01:11:38.727 28276-17484 okhttp.OkHttpClient     com.baatcheet.app                    I  access-control-allow-credentials: true
2026-01-16 01:11:38.727 28276-17484 okhttp.OkHttpClient     com.baatcheet.app                    I  access-control-expose-headers: X-Request-ID,X-Response-Time,X-RateLimit-Limit,X-RateLimit-Remaining,X-RateLimit-Reset
2026-01-16 01:11:38.727 28276-17484 okhttp.OkHttpClient     com.baatcheet.app                    I  x-clerk-auth-message: Unable to find a signing key in JWKS that matches the kid='undefined' of the provided session token. Please make sure that the __session cookie or the HTTP authorization header contain a Clerk-generated session JWT. The following kid is available: ins_384KLXR0s0ZW3aoWTGXIMeX8Ihm Go to your Dashboard and validate your secret and public keys are correct. Contact support@clerk.com if the issue persists. (reason=jwk-kid-mismatch, token-carrier=header)
2026-01-16 01:11:38.727 28276-17484 okhttp.OkHttpClient     com.baatcheet.app                    I  x-clerk-auth-reason: jwk-kid-mismatch
2026-01-16 01:11:38.728 28276-17484 okhttp.OkHttpClient     com.baatcheet.app                    I  x-clerk-auth-status: signed-out
2026-01-16 01:11:38.728 28276-17484 okhttp.OkHttpClient     com.baatcheet.app                    I  ratelimit-policy: 100;w=900
2026-01-16 01:11:38.728 28276-17484 okhttp.OkHttpClient     com.baatcheet.app                    I  ratelimit-limit: 100
2026-01-16 01:11:38.728 28276-17484 okhttp.OkHttpClient     com.baatcheet.app                    I  ratelimit-remaining: 80
2026-01-16 01:11:38.728 28276-17484 okhttp.OkHttpClient     com.baatcheet.app                    I  ratelimit-reset: 434
2026-01-16 01:11:38.728 28276-17484 okhttp.OkHttpClient     com.baatcheet.app                    I  x-response-time: 62ms
2026-01-16 01:11:38.728 28276-17484 okhttp.OkHttpClient     com.baatcheet.app                    I  etag: W/"63-M90UDJu/TKeq1q7PiqFYf8wcc3g"
2026-01-16 01:11:38.728 28276-17484 okhttp.OkHttpClient     com.baatcheet.app                    I  x-proxied-host: http://10.108.99.227
2026-01-16 01:11:38.728 28276-17484 okhttp.OkHttpClient     com.baatcheet.app                    I  x-proxied-replica: jexrop9f-shrqs
2026-01-16 01:11:38.728 28276-17484 okhttp.OkHttpClient     com.baatcheet.app                    I  x-proxied-path: /api/v1/conversations?limit=50&offset=0
2026-01-16 01:11:38.728 28276-17484 okhttp.OkHttpClient     com.baatcheet.app                    I  link: <https://huggingface.co/spaces/sharry121/BaatCheet>;rel="canonical"
2026-01-16 01:11:38.732 28276-17484 okhttp.OkHttpClient     com.baatcheet.app                    I  {"success":true,"data":{"items":[],"pagination":{"total":0,"limit":50,"offset":0,"hasMore":false}}}
2026-01-16 01:11:38.732 28276-17484 okhttp.OkHttpClient     com.baatcheet.app                    I  <-- END HTTP (99-byte body)
2026-01-16 01:11:39.543 28276-28276 ScrollIdentify          com.baatcheet.app                    I  on fling
2026-01-16 01:11:39.977 28276-28276 ScrollIdentify          com.baatcheet.app                    I  on fling
2026-01-16 01:11:40.282 28276-28276 WindowOnBackDispatcher  com.baatcheet.app                    W  OnBackInvokedCallback is not enabled for the application.
                                                                                                    Set 'android:enableOnBackInvokedCallback="true"' in the application manifest.
2026-01-16 01:12:00.696 28276-28276 ScrollIdentify          com.baatcheet.app                    I  on fling
2026-01-16 01:12:03.008 28276-28276 BLASTBufferQueue        com.baatcheet.app                    D  [VRI[MainActivity]#0](f:0,a:4) destructor()
2026-01-16 01:12:03.011 28276-28276 BufferQueueConsumer     com.baatcheet.app                    D  [VRI[MainActivity]#0(BLAST Consumer)0](id:6e7400000000,api:0,p:-1,c:28276) disconnect
2026-01-16 01:13:05.060   976-976   BufferQueueDebug        surfaceflinger                       E  [ActivityRecord{3a2f374 u0 com.baatcheet.app/.MainActivity t10349}#5527 (Mirror)#6260](this:0xb400007cba8ba0c0,id:-1,api:0,p:-1,c:-1) id info cannot be read from 'ActivityRecord{3a2f374 u0 com.baatcheet.app/.MainActivity t10349}#5527 (Mirror)#6260'
2026-01-16 01:13:05.061   976-976   BufferQueueDebug        surfaceflinger                       E  [b998d22 com.baatcheet.app/com.baatcheet.app.MainActivity#5810 (Mirror)#6261](this:0xb400007cba92ecd0,id:-1,api:0,p:-1,c:-1) id info cannot be read from 'b998d22 com.baatcheet.app/com.baatcheet.app.MainActivity#5810 (Mirror)#6261'
2026-01-16 01:13:51.171   976-976   BufferQueueDebug        surfaceflinger                       E  [ActivityRecord{3a2f374 u0 com.baatcheet.app/.MainActivity t10349}#5527 (Mirror)#6385](this:0xb400007cba8ea750,id:-1,api:0,p:-1,c:-1) id info cannot be read from 'ActivityRecord{3a2f374 u0 com.baatcheet.app/.MainActivity t10349}#5527 (Mirror)#6385'
2026-01-16 01:13:51.171   976-976   BufferQueueDebug        surfaceflinger                       E  [b998d22 com.baatcheet.app/com.baatcheet.app.MainActivity#5810 (Mirror)#6386](this:0xb400007cba9704c0,id:-1,api:0,p:-1,c:-1) id info cannot be read from 'b998d22 com.baatcheet.app/com.baatcheet.app.MainActivity#5810 (Mirror)#6386'
2026-01-16 01:14:47.425   976-976   BufferQueueDebug        surfaceflinger                       E  [ActivityRecord{3a2f374 u0 com.baatcheet.app/.MainActivity t10349}#5527 (Mirror)#6510](this:0xb400007cba8fb8b0,id:-1,api:0,p:-1,c:-1) id info cannot be read from 'ActivityRecord{3a2f374 u0 com.baatcheet.app/.MainActivity t10349}#5527 (Mirror)#6510'
2026-01-16 01:14:47.425   976-976   BufferQueueDebug        surfaceflinger                       E  [b998d22 com.baatcheet.app/com.baatcheet.app.MainActivity#5810 (Mirror)#6511](this:0xb400007cba8ba0c0,id:-1,api:0,p:-1,c:-1) id info cannot be read from 'b998d22 com.baatcheet.app/com.baatcheet.app.MainActivity#5810 (Mirror)#6511'
2026-01-16 01:15:36.373   976-976   BufferQueueDebug        surfaceflinger                       E  [ActivityRecord{3a2f374 u0 com.baatcheet.app/.MainActivity t10349}#5527 (Mirror)#6635](this:0xb400007cba91db70,id:-1,api:0,p:-1,c:-1) id info cannot be read from 'ActivityRecord{3a2f374 u0 com.baatcheet.app/.MainActivity t10349}#5527 (Mirror)#6635'
2026-01-16 01:15:36.373   976-976   BufferQueueDebug        surfaceflinger                       E  [b998d22 com.baatcheet.app/com.baatcheet.app.MainActivity#5810 (Mirror)#6636](this:0xb400007cba8ea750,id:-1,api:0,p:-1,c:-1) id info cannot be read from 'b998d22 com.baatcheet.app/com.baatcheet.app.MainActivity#5810 (Mirror)#6636'
2026-01-16 01:16:32.840   976-976   BufferQueueDebug        surfaceflinger                       E  [ActivityRecord{3a2f374 u0 com.baatcheet.app/.MainActivity t10349}#5527 (Mirror)#6760](this:0xb400007cba920900,id:-1,api:0,p:-1,c:-1) id info cannot be read from 'ActivityRecord{3a2f374 u0 com.baatcheet.app/.MainActivity t10349}#5527 (Mirror)#6760'
2026-01-16 01:16:32.841   976-976   BufferQueueDebug        surfaceflinger                       E  [b998d22 com.baatcheet.app/com.baatcheet.app.MainActivity#5810 (Mirror)#6761](this:0xb400007cba8fb8b0,id:-1,api:0,p:-1,c:-1) id info cannot be read from 'b998d22 com.baatcheet.app/com.baatcheet.app.MainActivity#5810 (Mirror)#6761'
2026-01-16 01:17:31.312   976-976   BufferQueueDebug        surfaceflinger                       E  [ActivityRecord{3a2f374 u0 com.baatcheet.app/.MainActivity t10349}#5527 (Mirror)#6885](this:0xb400007cba912530,id:-1,api:0,p:-1,c:-1) id info cannot be read from 'ActivityRecord{3a2f374 u0 com.baatcheet.app/.MainActivity t10349}#5527 (Mirror)#6885'
2026-01-16 01:17:31.312   976-976   BufferQueueDebug        surfaceflinger                       E  [b998d22 com.baatcheet.app/com.baatcheet.app.MainActivity#5810 (Mirror)#6886](this:0xb400007cba967c10,id:-1,api:0,p:-1,c:-1) id info cannot be read from 'b998d22 com.baatcheet.app/com.baatcheet.app.MainActivity#5810 (Mirror)#6886'
---------------------------- PROCESS ENDED (28276) for package com.baatcheet.app ----------------------------
---------------------------- PROCESS STARTED (14475) for package com.baatcheet.app ----------------------------
2026-01-16 01:17:57.727  1744-2249  debug_Tran...Controller system_server                        E  this is Task{247309d #10349 type=standard A=10639:com.baatcheet.app} isVisibleRequested false
2026-01-16 01:18:05.530   976-1048  BufferQueueDebug        surfaceflinger                       E  [ActivityRecord{353b0cd u0 com.baatcheet.app/.MainActivity t10350}#7010](this:0xb400007cba912530,id:-1,api:0,p:-1,c:-1) id info cannot be read from 'ActivityRecord{353b0cd u0 com.baatcheet.app/.MainActivity t10350}#7010'
2026-01-16 01:18:05.546   976-976   BufferQueueDebug        surfaceflinger                       E  [ActivityRecord{353b0cd u0 com.baatcheet.app/.MainActivity t10350}#7010 (Mirror)#7012](this:0xb400007cba88c7c0,id:-1,api:0,p:-1,c:-1) id info cannot be read from 'ActivityRecord{353b0cd u0 com.baatcheet.app/.MainActivity t10350}#7010 (Mirror)#7012'
2026-01-16 01:18:05.554   976-1048  BufferQueueDebug        surfaceflinger                       E  [6c7beef Splash Screen com.baatcheet.app#7013](this:0xb400007cba967c10,id:-1,api:0,p:-1,c:-1) id info cannot be read from '6c7beef Splash Screen com.baatcheet.app#7013'
2026-01-16 01:18:05.562   976-976   BufferQueueDebug        surfaceflinger                       E  [6c7beef Splash Screen com.baatcheet.app#7013 (Mirror)#7014](this:0xb400007cba8f0270,id:-1,api:0,p:-1,c:-1) id info cannot be read from '6c7beef Splash Screen com.baatcheet.app#7013 (Mirror)#7014'
2026-01-16 01:18:05.578   976-1048  BufferQueueDebug        surfaceflinger                       E  [Splash Screen com.baatcheet.app#7015](this:0xb400007cba923690,id:-1,api:0,p:-1,c:-1) id info cannot be read from 'Splash Screen com.baatcheet.app#7015'
2026-01-16 01:18:05.587 14475-14475 m.baatcheet.app         com.baatcheet.app                    I  Late-enabling -Xcheck:jni
2026-01-16 01:18:05.596   976-976   BufferQueueDebug        surfaceflinger                       E  [Splash Screen com.baatcheet.app#7015 (Mirror)#7016](this:0xb400007cbaa541c0,id:-1,api:0,p:-1,c:-1) id info cannot be read from 'Splash Screen com.baatcheet.app#7015 (Mirror)#7016'
2026-01-16 01:18:05.629   976-1048  BufferQueueDebug        surfaceflinger                       E  [9ed9664 ActivityRecordInputSink com.baatcheet.app/.MainActivity#7020](this:0xb400007cba9e2340,id:-1,api:0,p:-1,c:-1) id info cannot be read from '9ed9664 ActivityRecordInputSink com.baatcheet.app/.MainActivity#7020'
2026-01-16 01:18:05.643 14475-14475 m.baatcheet.app         com.baatcheet.app                    I  Using CollectorTypeCMC GC.
2026-01-16 01:18:05.647   976-976   BufferQueueDebug        surfaceflinger                       E  [9ed9664 ActivityRecordInputSink com.baatcheet.app/.MainActivity#7020 (Mirror)#7022](this:0xb400007cba9d3f70,id:-1,api:0,p:-1,c:-1) id info cannot be read from '9ed9664 ActivityRecordInputSink com.baatcheet.app/.MainActivity#7020 (Mirror)#7022'
2026-01-16 01:18:05.654 14475-14475 nativeloader            com.baatcheet.app                    D  Load libframework-connectivity-tiramisu-jni.so using APEX ns com_android_tethering for caller /apex/com.android.tethering/javalib/framework-connectivity-t.jar: ok
2026-01-16 01:18:05.692 14475-14475 nativeloader            com.baatcheet.app                    D  Load /data/user/0/com.baatcheet.app/code_cache/startup_agents/69b40b6c-agent.so using system ns (caller=<unknown>): ok
2026-01-16 01:18:05.709 14475-14475 m.baatcheet.app         com.baatcheet.app                    W  hiddenapi: DexFile /data/data/com.baatcheet.app/code_cache/.studio/instruments-cbb5ff5f.jar is in boot class path but is not in a known location
2026-01-16 01:18:06.007 14475-14475 m.baatcheet.app         com.baatcheet.app                    W  Redefining intrinsic method java.lang.Thread java.lang.Thread.currentThread(). This may cause the unexpected use of the original definition of java.lang.Thread java.lang.Thread.currentThread()in methods that have already been compiled.
2026-01-16 01:18:06.007 14475-14475 m.baatcheet.app         com.baatcheet.app                    W  Redefining intrinsic method boolean java.lang.Thread.interrupted(). This may cause the unexpected use of the original definition of boolean java.lang.Thread.interrupted()in methods that have already been compiled.
2026-01-16 01:18:06.012 14475-14475 Compatibil...geReporter com.baatcheet.app                    D  Compat change id reported: 171979766; UID 10639; state: ENABLED
2026-01-16 01:18:06.013 14475-14475 Compatibil...geReporter com.baatcheet.app                    D  Compat change id reported: 242716250; UID 10639; state: ENABLED
2026-01-16 01:18:06.017 14475-14475 TranClassInfo           com.baatcheet.app                    D  instance successfully. com.transsion.hubcore.graphics.TranGraphicImpl@e7c6aa5 from com.transsion.hubcore.graphics.ITranGraphic
2026-01-16 01:18:06.018 14475-14475 os.SingleLiceFactory    com.baatcheet.app                    D  instance successfully. com.transsion.typeface.v1.TypefaceLice@ff6acf3 from android.graphics.IGraphicLice
2026-01-16 01:18:06.018 14475-14475 os.LiceInfo             com.baatcheet.app                    D  instance successfully. com.transsion.graphics.GraphicLice@415de7a from android.graphics.IGraphicLice
2026-01-16 01:18:06.578 14475-14475 nativeloader            com.baatcheet.app                    D  Configuring clns-4 for other apk /data/app/~~KDn8ZSR9jcJNpPihL_OBhg==/com.baatcheet.app-eEeJy2Q_r20ITxc9jLHexw==/base.apk. target_sdk_version=34, uses_libraries=, library_path=/data/app/~~KDn8ZSR9jcJNpPihL_OBhg==/com.baatcheet.app-eEeJy2Q_r20ITxc9jLHexw==/lib/arm64, permitted_path=/data:/mnt/expand:/data/user/0/com.baatcheet.app
2026-01-16 01:18:06.586 14475-14475 nativeloader            com.baatcheet.app                    D  Load libframework-connectivity-jni.so using APEX ns com_android_tethering for caller /apex/com.android.tethering/javalib/framework-connectivity.jar: ok
2026-01-16 01:18:06.593 14475-14475 GraphicsEnvironment     com.baatcheet.app                    V  Currently set values for:
2026-01-16 01:18:06.593 14475-14475 GraphicsEnvironment     com.baatcheet.app                    V    angle_gl_driver_selection_pkgs=[]
2026-01-16 01:18:06.593 14475-14475 GraphicsEnvironment     com.baatcheet.app                    V    angle_gl_driver_selection_values=[]
2026-01-16 01:18:06.593 14475-14475 GraphicsEnvironment     com.baatcheet.app                    V  ANGLE GameManagerService for com.baatcheet.app: false
2026-01-16 01:18:06.593 14475-14475 GraphicsEnvironment     com.baatcheet.app                    V  com.baatcheet.app is not listed in per-application setting
2026-01-16 01:18:06.594 14475-14475 GraphicsEnvironment     com.baatcheet.app                    V  Neither updatable production driver nor prerelease driver is supported.
2026-01-16 01:18:06.597 14475-14475 LoadedApk               com.baatcheet.app                    I  No resource references to update in package com.transsion.theme.icon
2026-01-16 01:18:06.603 14475-14475 Compatibil...geReporter com.baatcheet.app                    D  Compat change id reported: 183155436; UID 10639; state: ENABLED
2026-01-16 01:18:06.606 14475-14475 os.SingleLiceFactory    com.baatcheet.app                    D  using android.app.IActivityThreadLice$DefaultImpl@a15e3ae instead of com.transsion.activityembedding.ActivityEmbeddingLiceFactory  from android.app.IActivityThreadLice
2026-01-16 01:18:06.656 14475-14475 MbrainDebugManagerImpl  com.baatcheet.app                    D  getService failed
2026-01-16 01:18:06.670 14475-24961 libMEOW                 com.baatcheet.app                    D  meow new tls: 0xb40000789026f0a0
2026-01-16 01:18:06.670 14475-24961 libMEOW                 com.baatcheet.app                    D  meow reload base cfg path: na
2026-01-16 01:18:06.670 14475-24961 libMEOW                 com.baatcheet.app                    D  meow reload overlay cfg path: na
2026-01-16 01:18:06.670 14475-24961 QT                      com.baatcheet.app                    W  qt_process_init() called
2026-01-16 01:18:06.670 14475-24961 QT                      com.baatcheet.app                    E  [QT]file does not exist
2026-01-16 01:18:06.670 14475-24961 QT                      com.baatcheet.app                    W  Support!!
2026-01-16 01:18:06.680 14475-24961 libMEOW_gift            com.baatcheet.app                    I  open /data/performance/gift/arc.ini
2026-01-16 01:18:06.680 14475-24961 QT                      com.baatcheet.app                    E  [QT]file does not exist
2026-01-16 01:18:06.680 14475-24961 libMEOW                 com.baatcheet.app                    D  applied 1 plugins for [com.baatcheet.app]:
2026-01-16 01:18:06.680 14475-24961 libMEOW                 com.baatcheet.app                    D    plugin 1: [libMEOW_gift.so]: 0xb4000077601f2030
2026-01-16 01:18:06.680 14475-24961 libMEOW                 com.baatcheet.app                    D  rebuild call chain: 0xb40000789027f0b0
2026-01-16 01:18:06.681 14475-24961 libMEOW                 com.baatcheet.app                    D  meow delete tls: 0xb40000789026f0a0
2026-01-16 01:18:06.703 14475-14475 ActivityThread          com.baatcheet.app                    D  ++ activityComponent:com.baatcheet.app/com.baatcheet.app.MainActivity counts:1 ALEAK_CLEAR_SUPPORT:true
2026-01-16 01:18:06.709 14475-14475 TranClassInfo           com.baatcheet.app                    D  instance successfully. com.transsion.hubcore.app.TranActivityImpl@19e4a30 from com.transsion.hubcore.app.ITranActivity
2026-01-16 01:18:06.709 14475-14475 TranVersion             com.baatcheet.app                    I  TranVersion static initializer: default = 34.3.1.1
                                                                                                     debug = false, debug_version = 34.3.1.1
2026-01-16 01:18:06.710 14475-14475 TranClassInfo           com.baatcheet.app                    D  instance successfully. com.transsion.hubcore.spdopts.magellan.implement.TranMagellanActivityComponentImpl@c2066a9 from com.transsion.hubcore.magellan.ITranMagellanActivityComponent
2026-01-16 01:18:06.711 14475-14475 System                  com.baatcheet.app                    W  ClassLoader referenced unknown path: /system_ext/framework/multidisplay.jar
2026-01-16 01:18:06.713 14475-14475 TranClassInfo           com.baatcheet.app                    W  instance failed. com.transsion.display.multidisplay.core.MultiDisplayCoreComponentImpl from com.transsion.hubcore.multidisplay.ITranMultiDisplayCoreComponent (Explain with AI)
                                                                                                    java.lang.ClassNotFoundException: com.transsion.display.multidisplay.core.MultiDisplayCoreComponentImpl
                                                                                                    	at java.lang.Class.classForName(Native Method)
                                                                                                    	at java.lang.Class.forName(Class.java:591)
                                                                                                    	at com.transsion.hubcore.utils.TranClassInfo.getImpl(TranClassInfo.java:124)
                                                                                                    	at com.transsion.hubcore.multidisplay.ITranMultiDisplayCoreComponent.Instance(ITranMultiDisplayCoreComponent.java:32)
                                                                                                    	at com.transsion.hubcore.app.TranActivityImpl.attach(TranActivityImpl.java:44)
                                                                                                    	at android.app.Activity.attach(Activity.java:8562)
                                                                                                    	at android.app.ActivityThread.performLaunchActivity(ActivityThread.java:3885)
                                                                                                    	at android.app.ActivityThread.handleLaunchActivity(ActivityThread.java:4079)
                                                                                                    	at android.app.servertransaction.LaunchActivityItem.execute(LaunchActivityItem.java:114)
                                                                                                    	at android.app.servertransaction.TransactionExecutor.executeCallbacks(TransactionExecutor.java:139)
                                                                                                    	at android.app.servertransaction.TransactionExecutor.execute(TransactionExecutor.java:96)
                                                                                                    	at android.app.ActivityThread$H.handleMessage(ActivityThread.java:2552)
                                                                                                    	at android.os.Handler.dispatchMessage(Handler.java:106)
                                                                                                    	at android.os.Looper.loopOnce(Looper.java:243)
                                                                                                    	at android.os.Looper.loop(Looper.java:338)
                                                                                                    	at android.app.ActivityThread.main(ActivityThread.java:8506)
                                                                                                    	at java.lang.reflect.Method.invoke(Native Method)
                                                                                                    	at com.android.internal.os.RuntimeInit$MethodAndArgsCaller.run(RuntimeInit.java:602)
                                                                                                    	at com.android.internal.os.ZygoteInit.main(ZygoteInit.java:1064)
                                                                                                    Caused by: java.lang.ClassNotFoundException: Didn't find class "com.transsion.display.multidisplay.core.MultiDisplayCoreComponentImpl" on path: DexPathList[[],nativeLibraryDirectories=[/system/lib64, /system_ext/lib64]]
                                                                                                    	at dalvik.system.BaseDexClassLoader.findClass(BaseDexClassLoader.java:259)
                                                                                                    	at java.lang.ClassLoader.loadClass(ClassLoader.java:642)
                                                                                                    	at java.lang.ClassLoader.loadClass(ClassLoader.java:578)
                                                                                                    	at java.lang.Class.classForName(Native Method) 
                                                                                                    	at java.lang.Class.forName(Class.java:591) 
                                                                                                    	at com.transsion.hubcore.utils.TranClassInfo.getImpl(TranClassInfo.java:124) 
                                                                                                    	at com.transsion.hubcore.multidisplay.ITranMultiDisplayCoreComponent.Instance(ITranMultiDisplayCoreComponent.java:32) 
                                                                                                    	at com.transsion.hubcore.app.TranActivityImpl.attach(TranActivityImpl.java:44) 
                                                                                                    	at android.app.Activity.attach(Activity.java:8562) 
                                                                                                    	at android.app.ActivityThread.performLaunchActivity(ActivityThread.java:3885) 
                                                                                                    	at android.app.ActivityThread.handleLaunchActivity(ActivityThread.java:4079) 
                                                                                                    	at android.app.servertransaction.LaunchActivityItem.execute(LaunchActivityItem.java:114) 
                                                                                                    	at android.app.servertransaction.TransactionExecutor.executeCallbacks(TransactionExecutor.java:139) 
                                                                                                    	at android.app.servertransaction.TransactionExecutor.execute(TransactionExecutor.java:96) 
                                                                                                    	at android.app.ActivityThread$H.handleMessage(ActivityThread.java:2552) 
                                                                                                    	at android.os.Handler.dispatchMessage(Handler.java:106) 
                                                                                                    	at android.os.Looper.loopOnce(Looper.java:243) 
                                                                                                    	at android.os.Looper.loop(Looper.java:338) 
                                                                                                    	at android.app.ActivityThread.main(ActivityThread.java:8506) 
                                                                                                    	at java.lang.reflect.Method.invoke(Native Method) 
                                                                                                    	at com.android.internal.os.RuntimeInit$MethodAndArgsCaller.run(RuntimeInit.java:602) 
                                                                                                    	at com.android.internal.os.ZygoteInit.main(ZygoteInit.java:1064) 
2026-01-16 01:18:06.713 14475-14475 TranClassInfo           com.baatcheet.app                    D  using com.transsion.hubcore.multidisplay.ITranMultiDisplayCoreComponent$1@5d5d95c instead of [com.transsion.display.multidisplay.core.MultiDisplayCoreComponentImpl] from com.transsion.hubcore.multidisplay.ITranMultiDisplayCoreComponent
2026-01-16 01:18:06.719 14475-14475 TranClassInfo           com.baatcheet.app                    D  instance successfully. com.transsion.hubcore.view.TranViewImpl@18b953a from com.transsion.hubcore.view.ITranView
2026-01-16 01:18:06.723 14475-14475 os.SingleLice           com.baatcheet.app                    D  instance successfully. com.transsion.dragdrop.v1.DragDropLice@4c265eb from com.transsion.dragdrop.DragDropLiceFactory
2026-01-16 01:18:06.723 14475-14475 os.SingleLiceFactory    com.baatcheet.app                    D  instance successfully. com.transsion.dragdrop.v1.DragDropLice@4c265eb from android.view.IViewLice
2026-01-16 01:18:06.723 14475-14475 os.LiceInfo             com.baatcheet.app                    D  instance successfully. com.transsion.view.ViewLice@952f48 from android.view.IViewLice
2026-01-16 01:18:06.723 14475-14475 TranClassInfo           com.baatcheet.app                    D  instance successfully. com.transsion.hubcore.spdopts.magellan.implement.TranMagellanViewComponentImpl@d9d41e1 from com.transsion.hubcore.magellan.ITranMagellanViewComponent
2026-01-16 01:18:06.728 14475-14475 TranClassInfo           com.baatcheet.app                    D  instance successfully. com.transsion.hubcore.internal.TranInternalViewImpl@acb1b1d from com.transsion.hubcore.internal.ITranInternalView
2026-01-16 01:18:06.729 14475-14475 os.SingleLice           com.baatcheet.app                    D  instance successfully. com.transsion.whitenavigation.v1.WhiteNavigationLice@2b9192 from com.transsion.whitenavigation.WhiteNavigationLiceFactory
2026-01-16 01:18:06.729 14475-14475 os.SingleLiceFactory    com.baatcheet.app                    D  instance successfully. com.transsion.whitenavigation.v1.WhiteNavigationLice@2b9192 from com.android.internal.IInternalViewLice
2026-01-16 01:18:06.729 14475-14475 os.SingleLice           com.baatcheet.app                    D  instance successfully. com.transsion.screenshothelper.v1.ScreenShotHelperImplLice@1d3a763 from com.transsion.screenshothelper.ScreenShotHelperImplLiceFactory
2026-01-16 01:18:06.729 14475-14475 os.SingleLiceFactory    com.baatcheet.app                    D  instance successfully. com.transsion.screenshothelper.v1.ScreenShotHelperImplLice@1d3a763 from com.android.internal.IInternalViewLice
2026-01-16 01:18:06.730 14475-14475 os.SingleLiceFactory    com.baatcheet.app                    D  using com.android.internal.IInternalViewLice$DefaultImpl@db09f60 instead of com.transsion.flamboyant.FlamboyantLiceFactory  from com.android.internal.IInternalViewLice
2026-01-16 01:18:06.730 14475-14475 os.LiceInfo             com.baatcheet.app                    D  instance successfully. com.transsion.internal.InternalViewLice@9034c19 from com.android.internal.IInternalViewLice
2026-01-16 01:18:06.798 14475-24955 ActivityThreadLice      com.baatcheet.app                    D  received OSMessage 110001
2026-01-16 01:18:06.798 14475-24955 ActivityThreadLice      com.baatcheet.app                    D  send OSMessage 110001 to [-1]
2026-01-16 01:18:06.801 14475-24955 OSServiceManager        com.baatcheet.app                    D  update local os service os.activity from null to android.os.BinderProxy@d6501b6
2026-01-16 01:18:06.810 14475-14475 M-ProMotion             com.baatcheet.app                    I  M-ProMotion is disabled
2026-01-16 01:18:06.814 14475-14475 TranClassInfo           com.baatcheet.app                    D  instance successfully. com.transsion.hubcore.view.TranWindowManagerGlobalImpl@e516daf from com.transsion.hubcore.view.ITranWindowManagerGlobal
2026-01-16 01:18:06.818 14475-24963 nativeloader            com.baatcheet.app                    D  Load libpowerhalwrap_jni.so using system ns (caller=/system_ext/framework/mediatek-framework.jar): ok
