2026-01-16 21:28:20.948 17435-17435 os.LiceInfo             com.baatcheet.app                    D  instance successfully. com.transsion.message.bank.v1.MessageBankLice@d96a568 from com.transsion.message.bank.IMessageBankLice
2026-01-16 21:28:20.961 17435-17435 TranClassInfo           com.baatcheet.app                    D  instance successfully. com.transsion.hubcore.internal.policy.TranDecorViewImpl@1f67e26 from com.transsion.hubcore.internal.policy.ITranDecorView
2026-01-16 21:28:21.078 17435-25801 okhttp.OkHttpClient     com.baatcheet.app                    I  --> GET https://sharry121-baatcheet.hf.space/api/v1/tts/voices
2026-01-16 21:28:21.078 17435-25801 okhttp.OkHttpClient     com.baatcheet.app                    I  Authorization: Bearer eyJhbGciOiJIUzI1NiIsInR5cCI6IkpXVCJ9.eyJ1c2VySWQiOiJiMTM4YTIxMC0zNmViLTQyMDYtODgzNy01ZDY0NDg4N2Y3MDYiLCJjbGVya0lkIjoidXNlcl8zOEozT2FBQmxHZHozbXRvbGxscVhNbVVSN3QiLCJlbWFpbCI6Im11aGFtbWFkc2hhcmplZWxzYWxlZW0wNkBnbWFpbC5jb20iLCJpYXQiOjE3Njg1Nzc3OTksImV4cCI6MTc2OTE4MjU5OX0.NF4AQ72s73aSiS2E2j7VumDsb_IK1gF9q7e98CndkzU
2026-01-16 21:28:21.078 17435-25801 okhttp.OkHttpClient     com.baatcheet.app                    I  Content-Type: application/json
2026-01-16 21:28:21.078 17435-25801 okhttp.OkHttpClient     com.baatcheet.app                    I  --> END GET
2026-01-16 21:28:21.081 17435-17435 TextToSpeech            com.baatcheet.app                    I  Sucessfully bound to com.google.android.tts
2026-01-16 21:28:21.084 17435-25633 TextToSpeech            com.baatcheet.app                    I  Connected to TTS engine
2026-01-16 21:28:21.086 17435-17435 TranClassInfo           com.baatcheet.app                    D  instance successfully. com.transsion.hubcore.app.TranAppImpl@a0ce4f from com.transsion.hubcore.app.ITranApp
2026-01-16 21:28:21.090 17435-25676 TextToSpeech            com.baatcheet.app                    I  Setting up the connection to TTS engine...
2026-01-16 21:28:21.146 17435-17435 WindowOnBackDispatcher  com.baatcheet.app                    W  OnBackInvokedCallback is not enabled for the application.
                                                                                                    Set 'android:enableOnBackInvokedCallback="true"' in the application manifest.
2026-01-16 21:28:21.149 17435-17435 VRI[MainActivity]       com.baatcheet.app                    D  hardware acceleration = true, forceHwAccelerated = false
2026-01-16 21:28:21.149 17435-17435 config_debug            com.baatcheet.app                    I  updateDecorCaptionStatus: {1.0 410mcc3mnc [en_US,nl_NL] ldltr sw441dp w441dp h910dp 392dpi nrml long widecg port finger -keyb/v/h -nav/h winConfig={ mBounds=Rect(0, 0 - 1080, 2436) mAppBounds=Rect(0, 108 - 1080, 2338) mMaxBounds=Rect(0, 0 - 1080, 2436) mDisplayRotation=ROTATION_0 mWindowingMode=fullscreen mDisplayWindowingMode=fullscreen mMultiWindowMode=normal mMultiWindowId=0 mWindowResiable=6 mInLargeScreen=-1 mActivityType=standard mAlwaysOnTop=undefined mRotation=ROTATION_0 mUiOptSpec=-1 mCurDisplayId=-1} as.2 s.1 fontWeightAdjustment=0} fromMultiWindow: false
2026-01-16 21:28:21.149 17435-17435 ViewRootImpl            com.baatcheet.app                    D  setView appearance:8 com.baatcheet.app/com.baatcheet.app.MainActivity
2026-01-16 21:28:21.150   976-2008  BufferQueueDebug        surfaceflinger                       E  [76ab004 com.baatcheet.app/com.baatcheet.app.MainActivity#32530](this:0xb400007cba8dc380,id:-1,api:0,p:-1,c:-1) id info cannot be read from '76ab004 com.baatcheet.app/com.baatcheet.app.MainActivity#32530'
2026-01-16 21:28:21.156 17435-17435 InputTransport          com.baatcheet.app                    D  Create ARC handle: 0xb4000078f0236cc0
2026-01-16 21:28:21.156 17435-17435 InputEventReceiver      com.baatcheet.app                    D  Input log is disabled in InputEventReceiver.
2026-01-16 21:28:21.156 17435-17435 InputTransport          com.baatcheet.app                    D  Input log is disabled in InputChannel.
2026-01-16 21:28:21.156 17435-17435 WindowOnBackDispatcher  com.baatcheet.app                    W  OnBackInvokedCallback is not enabled for the application.
                                                                                                    Set 'android:enableOnBackInvokedCallback="true"' in the application manifest.
2026-01-16 21:28:21.235   976-2008  BufferQueueDebug        surfaceflinger                       E  [com.baatcheet.app/com.baatcheet.app.MainActivity#32533](this:0xb400007cba861c50,id:-1,api:0,p:-1,c:-1) id info cannot be read from 'com.baatcheet.app/com.baatcheet.app.MainActivity#32533'
2026-01-16 21:28:21.250 17435-17435 BufferQueueConsumer     com.baatcheet.app                    D  [](id:441b00000001,api:0,p:-1,c:17435) connect: controlledByApp=false
2026-01-16 21:28:21.252 17435-17435 config_debug            com.baatcheet.app                    I  updateDecorCaptionStatus: {1.0 410mcc3mnc [en_US,nl_NL] ldltr sw441dp w441dp h910dp 392dpi nrml long widecg port finger -keyb/v/h -nav/h winConfig={ mBounds=Rect(0, 0 - 1080, 2436) mAppBounds=Rect(0, 108 - 1080, 2338) mMaxBounds=Rect(0, 0 - 1080, 2436) mDisplayRotation=ROTATION_0 mWindowingMode=fullscreen mDisplayWindowingMode=fullscreen mMultiWindowMode=normal mMultiWindowId=0 mWindowResiable=6 mInLargeScreen=-1 mActivityType=standard mAlwaysOnTop=undefined mRotation=ROTATION_0 mUiOptSpec=-1 mCurDisplayId=-1} as.2 s.1 fontWeightAdjustment=0} fromMultiWindow: true
2026-01-16 21:28:21.253 17435-25639 OpenGLRenderer          com.baatcheet.app                    E  Unable to match the desired swap behavior.
2026-01-16 21:28:21.297 17435-25639 BLASTBufferQueue        com.baatcheet.app                    D  [VRI[MainActivity]#1](f:0,a:1) acquireNextBufferLocked size=1238x2388 mFrameNumber=1 applyTransaction=true mTimestamp=53800446599437(auto) mPendingTransactions.size=0 graphicBufferId=74882754805773 transform=0
2026-01-16 21:28:21.310   976-2008  BufferQueueDebug        surfaceflinger                       E  [Surface(name=76ab004 com.baatcheet.app/com.baatcheet.app.MainActivity)/@0x6e53588 - animation-leash of window_animation#32534](this:0xb400007cba84afd0,id:-1,api:0,p:-1,c:-1) id info cannot be read from 'Surface(name=76ab004 com.baatcheet.app/com.baatcheet.app.MainActivity)/@0x6e53588 - animation-leash of window_animation#32534'
2026-01-16 21:28:21.482 17435-25801 okhttp.OkHttpClient     com.baatcheet.app                    I  <-- 200 https://sharry121-baatcheet.hf.space/api/v1/tts/voices (403ms)
2026-01-16 21:28:21.482 17435-25801 okhttp.OkHttpClient     com.baatcheet.app                    I  date: Fri, 16 Jan 2026 16:28:21 GMT
2026-01-16 21:28:21.482 17435-25801 okhttp.OkHttpClient     com.baatcheet.app                    I  content-type: application/json; charset=utf-8
2026-01-16 21:28:21.482 17435-25801 okhttp.OkHttpClient     com.baatcheet.app                    I  content-length: 2766
2026-01-16 21:28:21.482 17435-25801 okhttp.OkHttpClient     com.baatcheet.app                    I  x-request-id: 7HN6tZ, 7HN6tZ
2026-01-16 21:28:21.482 17435-25801 okhttp.OkHttpClient     com.baatcheet.app                    I  content-security-policy: default-src 'self';script-src 'self' 'unsafe-inline';style-src 'self' 'unsafe-inline';img-src 'self' data: https:;connect-src 'self' https://api.clerk.dev;base-uri 'self';font-src 'self' https: data:;form-action 'self';frame-ancestors 'self';object-src 'none';script-src-attr 'none';upgrade-insecure-requests
2026-01-16 21:28:21.482 17435-25801 okhttp.OkHttpClient     com.baatcheet.app                    I  cross-origin-opener-policy: same-origin
2026-01-16 21:28:21.482 17435-25801 okhttp.OkHttpClient     com.baatcheet.app                    I  cross-origin-resource-policy: cross-origin
2026-01-16 21:28:21.482 17435-25801 okhttp.OkHttpClient     com.baatcheet.app                    I  origin-agent-cluster: ?1
2026-01-16 21:28:21.482 17435-25801 okhttp.OkHttpClient     com.baatcheet.app                    I  referrer-policy: no-referrer
2026-01-16 21:28:21.482 17435-25801 okhttp.OkHttpClient     com.baatcheet.app                    I  strict-transport-security: max-age=31536000; includeSubDomains; preload
2026-01-16 21:28:21.482 17435-25801 okhttp.OkHttpClient     com.baatcheet.app                    I  x-content-type-options: nosniff
2026-01-16 21:28:21.482 17435-25801 okhttp.OkHttpClient     com.baatcheet.app                    I  x-dns-prefetch-control: off
2026-01-16 21:28:21.482 17435-25801 okhttp.OkHttpClient     com.baatcheet.app                    I  x-download-options: noopen
2026-01-16 21:28:21.482 17435-25801 okhttp.OkHttpClient     com.baatcheet.app                    I  x-frame-options: SAMEORIGIN
2026-01-16 21:28:21.482 17435-25801 okhttp.OkHttpClient     com.baatcheet.app                    I  x-permitted-cross-domain-policies: none
2026-01-16 21:28:21.482 17435-25801 okhttp.OkHttpClient     com.baatcheet.app                    I  x-xss-protection: 0
2026-01-16 21:28:21.483 17435-25801 okhttp.OkHttpClient     com.baatcheet.app                    I  vary: Origin
2026-01-16 21:28:21.483 17435-25801 okhttp.OkHttpClient     com.baatcheet.app                    I  vary: origin, access-control-request-method, access-control-request-headers
2026-01-16 21:28:21.483 17435-25801 okhttp.OkHttpClient     com.baatcheet.app                    I  access-control-allow-credentials: true
2026-01-16 21:28:21.483 17435-25801 okhttp.OkHttpClient     com.baatcheet.app                    I  access-control-expose-headers: X-Request-ID,X-Response-Time,X-RateLimit-Limit,X-RateLimit-Remaining,X-RateLimit-Reset
2026-01-16 21:28:21.483 17435-25801 okhttp.OkHttpClient     com.baatcheet.app                    I  x-clerk-auth-message: Unable to find a signing key in JWKS that matches the kid='undefined' of the provided session token. Please make sure that the __session cookie or the HTTP authorization header contain a Clerk-generated session JWT. The following kid is available: ins_384KLXR0s0ZW3aoWTGXIMeX8Ihm Go to your Dashboard and validate your secret and public keys are correct. Contact support@clerk.com if the issue persists. (reason=jwk-kid-mismatch, token-carrier=header)
2026-01-16 21:28:21.483 17435-25801 okhttp.OkHttpClient     com.baatcheet.app                    I  x-clerk-auth-reason: jwk-kid-mismatch
2026-01-16 21:28:21.483 17435-25801 okhttp.OkHttpClient     com.baatcheet.app                    I  x-clerk-auth-status: signed-out
2026-01-16 21:28:21.483 17435-25801 okhttp.OkHttpClient     com.baatcheet.app                    I  ratelimit-policy: 100;w=900
2026-01-16 21:28:21.483 17435-25801 okhttp.OkHttpClient     com.baatcheet.app                    I  ratelimit-limit: 100
2026-01-16 21:28:21.483 17435-25801 okhttp.OkHttpClient     com.baatcheet.app                    I  ratelimit-remaining: 94
2026-01-16 21:28:21.483 17435-25801 okhttp.OkHttpClient     com.baatcheet.app                    I  ratelimit-reset: 156
2026-01-16 21:28:21.483 17435-25801 okhttp.OkHttpClient     com.baatcheet.app                    I  x-response-time: 149ms
2026-01-16 21:28:21.483 17435-25801 okhttp.OkHttpClient     com.baatcheet.app                    I  etag: W/"ace-eHeb99TXoQBblfpE+Qh9d3VoN6E"
2026-01-16 21:28:21.485 17435-25801 okhttp.OkHttpClient     com.baatcheet.app                    I  x-proxied-host: http://10.108.79.175
2026-01-16 21:28:21.486 17435-25801 okhttp.OkHttpClient     com.baatcheet.app                    I  x-proxied-replica: hvmrtznu-8psvw
2026-01-16 21:28:21.486 17435-25801 okhttp.OkHttpClient     com.baatcheet.app                    I  x-proxied-path: /api/v1/tts/voices
2026-01-16 21:28:21.486 17435-25801 okhttp.OkHttpClient     com.baatcheet.app                    I  link: <https://huggingface.co/spaces/sharry121/BaatCheet>;rel="canonical"
2026-01-16 21:28:21.487 17435-25801 okhttp.OkHttpClient     com.baatcheet.app                    I  {"success":true,"data":{"provider":"elevenlabs","available":true,"voices":[{"id":"ur-PK-AsadNeural","name":"Asad (اردو)","language":"ur","gender":"male","provider":"edge-tts"},{"id":"ur-PK-UzmaNeural","name":"Uzma (اردو)","language":"ur","gender":"female","provider":"edge-tts"},{"id":"ur-IN-GulNeural","name":"Gul (اردو)","language":"ur","gender":"female","provider":"edge-tts"},{"id":"ur-IN-SalmanNeural","name":"Salman (اردو)","language":"ur","gender":"male","provider":"edge-tts"},{"id":"hi-IN-MadhurNeural","name":"Madhur (हिंदी)","language":"hi","gender":"male","provider":"edge-tts"},{"id":"hi-IN-SwaraNeural","name":"Swara (हिंदी)","language":"hi","gender":"female","provider":"edge-tts"},{"id":"en-US-JennyNeural","name":"Jenny","language":"en","gender":"female","provider":"edge-tts"},{"id":"en-US-GuyNeural","name":"Guy","language":"en","gender":"male","provider":"edge-tts"},{"id":"en-GB-SoniaNeural","name":"Sonia (British)","language":"en","gender":"female","provider":"edge-tts"},{"id":"en-GB-RyanNeural","name":"Ryan (British)","language":"en","gender":"male","provider":"edge-tts"},{"id":"EXAVITQu4vr4xnSDxMaL","name":"Sarah","language":"en","gender":"female","provider":"elevenlabs"},{"id":"21m00Tcm4TlvDq8ikWAM","name":"Rachel","language":"en","gender":"female","provider":"elevenlabs"},{"id":"TxGEqnHWrfWFTfGW9XjX","name":"Josh","language":"en","gender":"male","provider":"elevenlabs"},{"id":"pNInz6obpgDQGcFmaJgB","name":"Adam","language":"en","gender":"male","provider":"elevenlabs"},{"id":"pqHfZKP75CvOlQylNhV4","name":"Bilal (اردو)","language":"ur","gender":"male","provider":"elevenlabs"},{"id":"XB0fDUnXU5powFXDhCwa","name":"Arooj","language":"ur","gender":"female","provider":"elevenlabs"},{"id":"piTKgcLEGmPE4e6mEKli","name":"Nadia","language":"ur","gender":"female","provider":"elevenlabs"},{"id":"9BWtsMINqrJLrRacOk9x","name":"Aria","language":"multilingual","gender":"female","provider":"elevenlabs"},{"id":"CwhRBWXzGAHq8TQ4Fs17","name":"Roger","language":"multilingual","gender":"male","provider":"elevenlabs"},{"id":"EXAVITQu4vr4xnSDxMaL","name":"Sarah (Soft)","language":"multilingual","gender":"female","provider":"elevenlabs"},{"id":"JBFqnCBsd6RMkjVDRZzb","name":"George","language":"multilingual","gender":"male","provider":"elevenlabs"},{"id":"pFZP5JQG7iQjIQuC4Bku","name":"Lily","language":"multilingual","gender":"female","provider":"elevenlabs"},{"id":"N2lVS1w4EtoT3dr4eOWO","name":"Callum","language":"multilingual","gender":"male","provider":"elevenlabs"},{"id":"IKne3meq5aSn9XLyUdCD","name":"Charlie","language":"multilingual","gender":"male","provider":"elevenlabs"},{"id":"onwK4e9ZLuTAKqWW03F9","name":"Daniel","language":"multilingual","gender":"male","provider":"elevenlabs"}]}}
2026-01-16 21:28:21.487 17435-25801 okhttp.OkHttpClient     com.baatcheet.app                    I  <-- END HTTP (2766-byte body)
2026-01-16 21:28:28.426 17435-25801 okhttp.OkHttpClient     com.baatcheet.app                    I  --> POST https://sharry121-baatcheet.hf.space/api/v1/chat/completions
2026-01-16 21:28:28.427 17435-25801 okhttp.OkHttpClient     com.baatcheet.app                    I  Content-Length: 109
2026-01-16 21:28:28.427 17435-25801 okhttp.OkHttpClient     com.baatcheet.app                    I  Authorization: Bearer eyJhbGciOiJIUzI1NiIsInR5cCI6IkpXVCJ9.eyJ1c2VySWQiOiJiMTM4YTIxMC0zNmViLTQyMDYtODgzNy01ZDY0NDg4N2Y3MDYiLCJjbGVya0lkIjoidXNlcl8zOEozT2FBQmxHZHozbXRvbGxscVhNbVVSN3QiLCJlbWFpbCI6Im11aGFtbWFkc2hhcmplZWxzYWxlZW0wNkBnbWFpbC5jb20iLCJpYXQiOjE3Njg1Nzc3OTksImV4cCI6MTc2OTE4MjU5OX0.NF4AQ72s73aSiS2E2j7VumDsb_IK1gF9q7e98CndkzU
2026-01-16 21:28:28.427 17435-25801 okhttp.OkHttpClient     com.baatcheet.app                    I  Content-Type: application/json
2026-01-16 21:28:28.427 17435-25801 okhttp.OkHttpClient     com.baatcheet.app                    I  {"isVoiceChat":true,"maxTokens":150,"message":"Assalamu Alaikum kya haal chaal hai theek hai","stream":false}
2026-01-16 21:28:28.427 17435-25801 okhttp.OkHttpClient     com.baatcheet.app                    I  --> END POST (109-byte body)
2026-01-16 21:28:29.904 17435-25801 okhttp.OkHttpClient     com.baatcheet.app                    I  <-- 200 https://sharry121-baatcheet.hf.space/api/v1/chat/completions (1476ms)
2026-01-16 21:28:29.904 17435-25801 okhttp.OkHttpClient     com.baatcheet.app                    I  date: Fri, 16 Jan 2026 16:28:30 GMT
2026-01-16 21:28:29.904 17435-25801 okhttp.OkHttpClient     com.baatcheet.app                    I  content-type: application/json; charset=utf-8
2026-01-16 21:28:29.904 17435-25801 okhttp.OkHttpClient     com.baatcheet.app                    I  content-length: 440
2026-01-16 21:28:29.904 17435-25801 okhttp.OkHttpClient     com.baatcheet.app                    I  x-request-id: o4kr8o, o4kr8o
2026-01-16 21:28:29.904 17435-25801 okhttp.OkHttpClient     com.baatcheet.app                    I  content-security-policy: default-src 'self';script-src 'self' 'unsafe-inline';style-src 'self' 'unsafe-inline';img-src 'self' data: https:;connect-src 'self' https://api.clerk.dev;base-uri 'self';font-src 'self' https: data:;form-action 'self';frame-ancestors 'self';object-src 'none';script-src-attr 'none';upgrade-insecure-requests
2026-01-16 21:28:29.904 17435-25801 okhttp.OkHttpClient     com.baatcheet.app                    I  cross-origin-opener-policy: same-origin
2026-01-16 21:28:29.904 17435-25801 okhttp.OkHttpClient     com.baatcheet.app                    I  cross-origin-resource-policy: cross-origin
2026-01-16 21:28:29.904 17435-25801 okhttp.OkHttpClient     com.baatcheet.app                    I  origin-agent-cluster: ?1
2026-01-16 21:28:29.904 17435-25801 okhttp.OkHttpClient     com.baatcheet.app                    I  referrer-policy: no-referrer
2026-01-16 21:28:29.904 17435-25801 okhttp.OkHttpClient     com.baatcheet.app                    I  strict-transport-security: max-age=31536000; includeSubDomains; preload
2026-01-16 21:28:29.904 17435-25801 okhttp.OkHttpClient     com.baatcheet.app                    I  x-content-type-options: nosniff
2026-01-16 21:28:29.904 17435-25801 okhttp.OkHttpClient     com.baatcheet.app                    I  x-dns-prefetch-control: off
2026-01-16 21:28:29.904 17435-25801 okhttp.OkHttpClient     com.baatcheet.app                    I  x-download-options: noopen
2026-01-16 21:28:29.904 17435-25801 okhttp.OkHttpClient     com.baatcheet.app                    I  x-frame-options: SAMEORIGIN
2026-01-16 21:28:29.905 17435-25801 okhttp.OkHttpClient     com.baatcheet.app                    I  x-permitted-cross-domain-policies: none
2026-01-16 21:28:29.905 17435-25801 okhttp.OkHttpClient     com.baatcheet.app                    I  x-xss-protection: 0
2026-01-16 21:28:29.905 17435-25801 okhttp.OkHttpClient     com.baatcheet.app                    I  vary: Origin
2026-01-16 21:28:29.905 17435-25801 okhttp.OkHttpClient     com.baatcheet.app                    I  vary: origin, access-control-request-method, access-control-request-headers
2026-01-16 21:28:29.905 17435-25801 okhttp.OkHttpClient     com.baatcheet.app                    I  access-control-allow-credentials: true
2026-01-16 21:28:29.905 17435-25801 okhttp.OkHttpClient     com.baatcheet.app                    I  access-control-expose-headers: X-Request-ID,X-Response-Time,X-RateLimit-Limit,X-RateLimit-Remaining,X-RateLimit-Reset
2026-01-16 21:28:29.905 17435-25801 okhttp.OkHttpClient     com.baatcheet.app                    I  x-clerk-auth-message: Unable to find a signing key in JWKS that matches the kid='undefined' of the provided session token. Please make sure that the __session cookie or the HTTP authorization header contain a Clerk-generated session JWT. The following kid is available: ins_384KLXR0s0ZW3aoWTGXIMeX8Ihm Go to your Dashboard and validate your secret and public keys are correct. Contact support@clerk.com if the issue persists. (reason=jwk-kid-mismatch, token-carrier=header)
2026-01-16 21:28:29.905 17435-25801 okhttp.OkHttpClient     com.baatcheet.app                    I  x-clerk-auth-reason: jwk-kid-mismatch
2026-01-16 21:28:29.905 17435-25801 okhttp.OkHttpClient     com.baatcheet.app                    I  x-clerk-auth-status: signed-out
2026-01-16 21:28:29.905 17435-25801 okhttp.OkHttpClient     com.baatcheet.app                    I  ratelimit-policy: 30;w=60
2026-01-16 21:28:29.905 17435-25801 okhttp.OkHttpClient     com.baatcheet.app                    I  ratelimit-limit: 30
2026-01-16 21:28:29.905 17435-25801 okhttp.OkHttpClient     com.baatcheet.app                    I  ratelimit-remaining: 29
2026-01-16 21:28:29.906 17435-25801 okhttp.OkHttpClient     com.baatcheet.app                    I  ratelimit-reset: 60
2026-01-16 21:28:29.906 17435-25801 okhttp.OkHttpClient     com.baatcheet.app                    I  x-response-time: 1226ms
2026-01-16 21:28:29.906 17435-25801 okhttp.OkHttpClient     com.baatcheet.app                    I  etag: W/"1b8-PXEORVF1YCITN2lEwiJ3nie1a5w"
2026-01-16 21:28:29.906 17435-25801 okhttp.OkHttpClient     com.baatcheet.app                    I  x-proxied-host: http://10.108.79.175
2026-01-16 21:28:29.906 17435-25801 okhttp.OkHttpClient     com.baatcheet.app                    I  x-proxied-replica: hvmrtznu-8psvw
2026-01-16 21:28:29.906 17435-25801 okhttp.OkHttpClient     com.baatcheet.app                    I  x-proxied-path: /api/v1/chat/completions
2026-01-16 21:28:29.906 17435-25801 okhttp.OkHttpClient     com.baatcheet.app                    I  link: <https://huggingface.co/spaces/sharry121/BaatCheet>;rel="canonical"
2026-01-16 21:28:29.906 17435-25801 okhttp.OkHttpClient     com.baatcheet.app                    I  {"success":true,"data":{"message":{"role":"assistant","content":"والیکم السلام، الحمدللہ، میں بہت اچھا ہوں، شکریہ پوچھنے کے لیے! آپ کا کیا حال ہے؟ کیا میں آپ کی کوئی مدد کر سکتا ہوں؟"},"conversationId":"b8b8793c-68ab-4af5-9770-f89df36dd3d2","model":"llama-3.3-70b-versatile","provider":"groq","tokens":{"prompt":3416,"completion":83,"total":3499}}}
2026-01-16 21:28:29.906 17435-25801 okhttp.OkHttpClient     com.baatcheet.app                    I  <-- END HTTP (440-byte body)
2026-01-16 21:28:29.912 17435-25801 okhttp.OkHttpClient     com.baatcheet.app                    I  --> POST https://sharry121-baatcheet.hf.space/api/v1/tts/generate
2026-01-16 21:28:29.912 17435-25801 okhttp.OkHttpClient     com.baatcheet.app                    I  Content-Length: 259
2026-01-16 21:28:29.912 17435-25801 okhttp.OkHttpClient     com.baatcheet.app                    I  Authorization: Bearer eyJhbGciOiJIUzI1NiIsInR5cCI6IkpXVCJ9.eyJ1c2VySWQiOiJiMTM4YTIxMC0zNmViLTQyMDYtODgzNy01ZDY0NDg4N2Y3MDYiLCJjbGVya0lkIjoidXNlcl8zOEozT2FBQmxHZHozbXRvbGxscVhNbVVSN3QiLCJlbWFpbCI6Im11aGFtbWFkc2hhcmplZWxzYWxlZW0wNkBnbWFpbC5jb20iLCJpYXQiOjE3Njg1Nzc3OTksImV4cCI6MTc2OTE4MjU5OX0.NF4AQ72s73aSiS2E2j7VumDsb_IK1gF9q7e98CndkzU
2026-01-16 21:28:29.912 17435-25801 okhttp.OkHttpClient     com.baatcheet.app                    I  Content-Type: application/json
2026-01-16 21:28:29.912 17435-25801 okhttp.OkHttpClient     com.baatcheet.app                    I  {"speed":1.0,"text":"والیکم السلام، الحمدللہ، میں بہت اچھا ہوں، شکریہ پوچھنے کے لیے! آپ کا کیا حال ہے؟ کیا میں آپ کی کوئی مدد کر سکتا ہوں؟","voice":"ur-PK-AsadNeural"}
2026-01-16 21:28:29.913 17435-25801 okhttp.OkHttpClient     com.baatcheet.app                    I  --> END POST (259-byte body)
2026-01-16 21:28:31.424 17435-25801 okhttp.OkHttpClient     com.baatcheet.app                    I  <-- 200 https://sharry121-baatcheet.hf.space/api/v1/tts/generate (1511ms)
2026-01-16 21:28:31.424 17435-25801 okhttp.OkHttpClient     com.baatcheet.app                    I  date: Fri, 16 Jan 2026 16:28:31 GMT
2026-01-16 21:28:31.424 17435-25801 okhttp.OkHttpClient     com.baatcheet.app                    I  content-type: audio/mpeg
2026-01-16 21:28:31.424 17435-25801 okhttp.OkHttpClient     com.baatcheet.app                    I  content-length: 120384
2026-01-16 21:28:31.424 17435-25801 okhttp.OkHttpClient     com.baatcheet.app                    I  x-request-id: PhpGXk, PhpGXk
2026-01-16 21:28:31.424 17435-25801 okhttp.OkHttpClient     com.baatcheet.app                    I  content-security-policy: default-src 'self';script-src 'self' 'unsafe-inline';style-src 'self' 'unsafe-inline';img-src 'self' data: https:;connect-src 'self' https://api.clerk.dev;base-uri 'self';font-src 'self' https: data:;form-action 'self';frame-ancestors 'self';object-src 'none';script-src-attr 'none';upgrade-insecure-requests
2026-01-16 21:28:31.424 17435-25801 okhttp.OkHttpClient     com.baatcheet.app                    I  cross-origin-opener-policy: same-origin
2026-01-16 21:28:31.424 17435-25801 okhttp.OkHttpClient     com.baatcheet.app                    I  cross-origin-resource-policy: cross-origin
2026-01-16 21:28:31.424 17435-25801 okhttp.OkHttpClient     com.baatcheet.app                    I  origin-agent-cluster: ?1
2026-01-16 21:28:31.425 17435-25801 okhttp.OkHttpClient     com.baatcheet.app                    I  referrer-policy: no-referrer
2026-01-16 21:28:31.425 17435-25801 okhttp.OkHttpClient     com.baatcheet.app                    I  strict-transport-security: max-age=31536000; includeSubDomains; preload
2026-01-16 21:28:31.425 17435-25801 okhttp.OkHttpClient     com.baatcheet.app                    I  x-content-type-options: nosniff
2026-01-16 21:28:31.425 17435-25801 okhttp.OkHttpClient     com.baatcheet.app                    I  x-dns-prefetch-control: off
2026-01-16 21:28:31.425 17435-25801 okhttp.OkHttpClient     com.baatcheet.app                    I  x-download-options: noopen
2026-01-16 21:28:31.425 17435-25801 okhttp.OkHttpClient     com.baatcheet.app                    I  x-frame-options: SAMEORIGIN
2026-01-16 21:28:31.425 17435-25801 okhttp.OkHttpClient     com.baatcheet.app                    I  x-permitted-cross-domain-policies: none
2026-01-16 21:28:31.425 17435-25801 okhttp.OkHttpClient     com.baatcheet.app                    I  x-xss-protection: 0
2026-01-16 21:28:31.425 17435-25801 okhttp.OkHttpClient     com.baatcheet.app                    I  vary: Origin
2026-01-16 21:28:31.425 17435-25801 okhttp.OkHttpClient     com.baatcheet.app                    I  vary: origin, access-control-request-method, access-control-request-headers
2026-01-16 21:28:31.425 17435-25801 okhttp.OkHttpClient     com.baatcheet.app                    I  access-control-allow-credentials: true
2026-01-16 21:28:31.425 17435-25801 okhttp.OkHttpClient     com.baatcheet.app                    I  access-control-expose-headers: X-Request-ID,X-Response-Time,X-RateLimit-Limit,X-RateLimit-Remaining,X-RateLimit-Reset
2026-01-16 21:28:31.425 17435-25801 okhttp.OkHttpClient     com.baatcheet.app                    I  x-clerk-auth-message: Unable to find a signing key in JWKS that matches the kid='undefined' of the provided session token. Please make sure that the __session cookie or the HTTP authorization header contain a Clerk-generated session JWT. The following kid is available: ins_384KLXR0s0ZW3aoWTGXIMeX8Ihm Go to your Dashboard and validate your secret and public keys are correct. Contact support@clerk.com if the issue persists. (reason=jwk-kid-mismatch, token-carrier=header)
2026-01-16 21:28:31.425 17435-25801 okhttp.OkHttpClient     com.baatcheet.app                    I  x-clerk-auth-reason: jwk-kid-mismatch
2026-01-16 21:28:31.425 17435-25801 okhttp.OkHttpClient     com.baatcheet.app                    I  x-clerk-auth-status: signed-out
2026-01-16 21:28:31.425 17435-25801 okhttp.OkHttpClient     com.baatcheet.app                    I  ratelimit-policy: 100;w=900
2026-01-16 21:28:31.425 17435-25801 okhttp.OkHttpClient     com.baatcheet.app                    I  ratelimit-limit: 100
2026-01-16 21:28:31.426 17435-25801 okhttp.OkHttpClient     com.baatcheet.app                    I  ratelimit-remaining: 94
2026-01-16 21:28:31.426 17435-25801 okhttp.OkHttpClient     com.baatcheet.app                    I  ratelimit-reset: 826
2026-01-16 21:28:31.426 17435-25801 okhttp.OkHttpClient     com.baatcheet.app                    I  x-tts-provider: edge-tts
2026-01-16 21:28:31.426 17435-25801 okhttp.OkHttpClient     com.baatcheet.app                    I  etag: W/"1d640-vX1BnqWk3euglUUUFhPnftUIsEo"
2026-01-16 21:28:31.426 17435-25801 okhttp.OkHttpClient     com.baatcheet.app                    I  x-proxied-host: http://10.108.79.175
2026-01-16 21:28:31.426 17435-25801 okhttp.OkHttpClient     com.baatcheet.app                    I  x-proxied-replica: hvmrtznu-8psvw
2026-01-16 21:28:31.426 17435-25801 okhttp.OkHttpClient     com.baatcheet.app                    I  x-proxied-path: /api/v1/tts/generate
2026-01-16 21:28:31.426 17435-25801 okhttp.OkHttpClient     com.baatcheet.app                    I  link: <https://huggingface.co/spaces/sharry121/BaatCheet>;rel="canonical"
2026-01-16 21:28:32.076 17435-25801 okhttp.OkHttpClient     com.baatcheet.app                    I  <-- END HTTP (binary 120384-byte body omitted)
2026-01-16 21:28:32.459 17435-25629 m.baatcheet.app         com.baatcheet.app                    W  ApkAssets: Deleting an ApkAssets object '<empty> and /data/app/~~FYWvF2KT74ANIt-aNMtjyw==/com.google.android.tts-3BxQqINF6a7v8sbKiyJBwA==/base.apk' with 1 weak references
2026-01-16 21:28:32.459 17435-25629 m.baatcheet.app         com.baatcheet.app                    W  ApkAssets: Deleting an ApkAssets object '<empty> and /data/app/~~FYWvF2KT74ANIt-aNMtjyw==/com.google.android.tts-3BxQqINF6a7v8sbKiyJBwA==/split_config.arm64_v8a.apk' with 1 weak references
2026-01-16 21:28:32.459 17435-25629 m.baatcheet.app         com.baatcheet.app                    W  ApkAssets: Deleting an ApkAssets object '<empty> and /data/app/~~FYWvF2KT74ANIt-aNMtjyw==/com.google.android.tts-3BxQqINF6a7v8sbKiyJBwA==/split_config.en.apk' with 1 weak references
2026-01-16 21:28:32.459 17435-25629 m.baatcheet.app         com.baatcheet.app                    W  ApkAssets: Deleting an ApkAssets object '<empty> and /data/app/~~FYWvF2KT74ANIt-aNMtjyw==/com.google.android.tts-3BxQqINF6a7v8sbKiyJBwA==/split_config.nl.apk' with 1 weak references
2026-01-16 21:28:32.459 17435-25629 m.baatcheet.app         com.baatcheet.app                    W  ApkAssets: Deleting an ApkAssets object '<empty> and /data/app/~~FYWvF2KT74ANIt-aNMtjyw==/com.google.android.tts-3BxQqINF6a7v8sbKiyJBwA==/split_config.xxhdpi.apk' with 1 weak references
2026-01-16 21:28:42.698 17435-17435 MediaPlayer             com.baatcheet.app                    V  resetDrmState:  mDrmInfo=null mDrmProvisioningThread=null mPrepareDrmInProgress=false mActiveDrmScheme=false
2026-01-16 21:28:42.698 17435-17435 MediaPlayer             com.baatcheet.app                    V  cleanDrmObj: mDrmObj=null mDrmSessionId=null
2026-01-16 21:28:42.698 17435-17435 MediaPlayer             com.baatcheet.app                    D  _release native called
2026-01-16 21:28:42.724 17435-17435 MediaPlayer             com.baatcheet.app                    D  _release native finished
2026-01-16 21:28:42.724 17435-17435 MediaPlayer             com.baatcheet.app                    W  mediaplayer went away with unhandled events
2026-01-16 21:28:51.223 17435-25629 MediaPlayer             com.baatcheet.app                    D  finalize() native_finalize called
2026-01-16 21:28:51.223 17435-25629 MediaPlayer             com.baatcheet.app                    D  finalize() native_finalize finished
2026-01-16 21:28:56.642 17435-25801 okhttp.OkHttpClient     com.baatcheet.app                    I  --> POST https://sharry121-baatcheet.hf.space/api/v1/chat/completions
2026-01-16 21:28:56.642 17435-25801 okhttp.OkHttpClient     com.baatcheet.app                    I  Content-Length: 191
2026-01-16 21:28:56.642 17435-25801 okhttp.OkHttpClient     com.baatcheet.app                    I  Authorization: Bearer eyJhbGciOiJIUzI1NiIsInR5cCI6IkpXVCJ9.eyJ1c2VySWQiOiJiMTM4YTIxMC0zNmViLTQyMDYtODgzNy01ZDY0NDg4N2Y3MDYiLCJjbGVya0lkIjoidXNlcl8zOEozT2FBQmxHZHozbXRvbGxscVhNbVVSN3QiLCJlbWFpbCI6Im11aGFtbWFkc2hhcmplZWxzYWxlZW0wNkBnbWFpbC5jb20iLCJpYXQiOjE3Njg1Nzc3OTksImV4cCI6MTc2OTE4MjU5OX0.NF4AQ72s73aSiS2E2j7VumDsb_IK1gF9q7e98CndkzU
2026-01-16 21:28:56.642 17435-25801 okhttp.OkHttpClient     com.baatcheet.app                    I  Content-Type: application/json
2026-01-16 21:28:56.643 17435-25801 okhttp.OkHttpClient     com.baatcheet.app                    I  {"conversationId":"b8b8793c-68ab-4af5-9770-f89df36dd3d2","isVoiceChat":true,"maxTokens":150,"message":"Alhamdulillah main bhi theek hun aap sunao Pakistan ka mausam kaisa hai","stream":false}
2026-01-16 21:28:56.643 17435-25801 okhttp.OkHttpClient     com.baatcheet.app                    I  --> END POST (191-byte body)
2026-01-16 21:28:58.883 17435-25801 okhttp.OkHttpClient     com.baatcheet.app                    I  <-- 200 https://sharry121-baatcheet.hf.space/api/v1/chat/completions (2240ms)
2026-01-16 21:28:58.883 17435-25801 okhttp.OkHttpClient     com.baatcheet.app                    I  date: Fri, 16 Jan 2026 16:28:59 GMT
2026-01-16 21:28:58.884 17435-25801 okhttp.OkHttpClient     com.baatcheet.app                    I  content-type: application/json; charset=utf-8
2026-01-16 21:28:58.884 17435-25801 okhttp.OkHttpClient     com.baatcheet.app                    I  content-length: 737
2026-01-16 21:28:58.884 17435-25801 okhttp.OkHttpClient     com.baatcheet.app                    I  x-request-id: myIhnx, myIhnx
2026-01-16 21:28:58.884 17435-25801 okhttp.OkHttpClient     com.baatcheet.app                    I  content-security-policy: default-src 'self';script-src 'self' 'unsafe-inline';style-src 'self' 'unsafe-inline';img-src 'self' data: https:;connect-src 'self' https://api.clerk.dev;base-uri 'self';font-src 'self' https: data:;form-action 'self';frame-ancestors 'self';object-src 'none';script-src-attr 'none';upgrade-insecure-requests
2026-01-16 21:28:58.884 17435-25801 okhttp.OkHttpClient     com.baatcheet.app                    I  cross-origin-opener-policy: same-origin
2026-01-16 21:28:58.884 17435-25801 okhttp.OkHttpClient     com.baatcheet.app                    I  cross-origin-resource-policy: cross-origin
2026-01-16 21:28:58.885 17435-25801 okhttp.OkHttpClient     com.baatcheet.app                    I  origin-agent-cluster: ?1
2026-01-16 21:28:58.885 17435-25801 okhttp.OkHttpClient     com.baatcheet.app                    I  referrer-policy: no-referrer
2026-01-16 21:28:58.885 17435-25801 okhttp.OkHttpClient     com.baatcheet.app                    I  strict-transport-security: max-age=31536000; includeSubDomains; preload
2026-01-16 21:28:58.885 17435-25801 okhttp.OkHttpClient     com.baatcheet.app                    I  x-content-type-options: nosniff
2026-01-16 21:28:58.885 17435-25801 okhttp.OkHttpClient     com.baatcheet.app                    I  x-dns-prefetch-control: off
2026-01-16 21:28:58.885 17435-25801 okhttp.OkHttpClient     com.baatcheet.app                    I  x-download-options: noopen
2026-01-16 21:28:58.885 17435-25801 okhttp.OkHttpClient     com.baatcheet.app                    I  x-frame-options: SAMEORIGIN
2026-01-16 21:28:58.885 17435-25801 okhttp.OkHttpClient     com.baatcheet.app                    I  x-permitted-cross-domain-policies: none
2026-01-16 21:28:58.885 17435-25801 okhttp.OkHttpClient     com.baatcheet.app                    I  x-xss-protection: 0
2026-01-16 21:28:58.885 17435-25801 okhttp.OkHttpClient     com.baatcheet.app                    I  vary: Origin
2026-01-16 21:28:58.885 17435-25801 okhttp.OkHttpClient     com.baatcheet.app                    I  vary: origin, access-control-request-method, access-control-request-headers
2026-01-16 21:28:58.885 17435-25801 okhttp.OkHttpClient     com.baatcheet.app                    I  access-control-allow-credentials: true
2026-01-16 21:28:58.885 17435-25801 okhttp.OkHttpClient     com.baatcheet.app                    I  access-control-expose-headers: X-Request-ID,X-Response-Time,X-RateLimit-Limit,X-RateLimit-Remaining,X-RateLimit-Reset
2026-01-16 21:28:58.885 17435-25801 okhttp.OkHttpClient     com.baatcheet.app                    I  x-clerk-auth-message: Unable to find a signing key in JWKS that matches the kid='undefined' of the provided session token. Please make sure that the __session cookie or the HTTP authorization header contain a Clerk-generated session JWT. The following kid is available: ins_384KLXR0s0ZW3aoWTGXIMeX8Ihm Go to your Dashboard and validate your secret and public keys are correct. Contact support@clerk.com if the issue persists. (reason=jwk-kid-mismatch, token-carrier=header)
2026-01-16 21:28:58.885 17435-25801 okhttp.OkHttpClient     com.baatcheet.app                    I  x-clerk-auth-reason: jwk-kid-mismatch
2026-01-16 21:28:58.885 17435-25801 okhttp.OkHttpClient     com.baatcheet.app                    I  x-clerk-auth-status: signed-out
2026-01-16 21:28:58.885 17435-25801 okhttp.OkHttpClient     com.baatcheet.app                    I  ratelimit-policy: 30;w=60
2026-01-16 21:28:58.885 17435-25801 okhttp.OkHttpClient     com.baatcheet.app                    I  ratelimit-limit: 30
2026-01-16 21:28:58.886 17435-25801 okhttp.OkHttpClient     com.baatcheet.app                    I  ratelimit-remaining: 29
2026-01-16 21:28:58.886 17435-25801 okhttp.OkHttpClient     com.baatcheet.app                    I  ratelimit-reset: 60
2026-01-16 21:28:58.886 17435-25801 okhttp.OkHttpClient     com.baatcheet.app                    I  x-response-time: 1909ms
2026-01-16 21:28:58.886 17435-25801 okhttp.OkHttpClient     com.baatcheet.app                    I  etag: W/"2e1-7c0Dh4N2av9yP2pF5/N/kPxKhY0"
2026-01-16 21:28:58.886 17435-25801 okhttp.OkHttpClient     com.baatcheet.app                    I  x-proxied-host: http://10.108.79.175
2026-01-16 21:28:58.886 17435-25801 okhttp.OkHttpClient     com.baatcheet.app                    I  x-proxied-replica: hvmrtznu-8psvw
2026-01-16 21:28:58.886 17435-25801 okhttp.OkHttpClient     com.baatcheet.app                    I  x-proxied-path: /api/v1/chat/completions
2026-01-16 21:28:58.886 17435-25801 okhttp.OkHttpClient     com.baatcheet.app                    I  link: <https://huggingface.co/spaces/sharry121/BaatCheet>;rel="canonical"
2026-01-16 21:28:58.887 17435-25801 okhttp.OkHttpClient     com.baatcheet.app                    I  {"success":true,"data":{"message":{"role":"assistant","content":"الْحَمْدُ لِلَّهِ، پاکستان کا موسم ابھی بہت خوبصورت ہے۔ 北ی علاقوں میں سردیوں کا موسم ہے، جبکہ جنوبی علاقوں میں موسم معتدل ہے۔ کراچی اور لاہور جیسے شہروں میں دن کے وقت دھوپ نکل رہی ہے، لیکن رات کو تھوڑی سی سردی ہے۔ پہاڑی علاقوں میں برفباری ہو رہی ہے، جو سیاحوں کے لیے بہت دلچسپ ہے۔"},"conversationId":"b8b8793c-68ab-4af5-9770-f89df36dd3d2","model":"llama-3.3-70b-versatile","provider":"groq","tokens":{"prompt":3558,"completion":206,"total":3764}}}
2026-01-16 21:28:58.887 17435-25801 okhttp.OkHttpClient     com.baatcheet.app                    I  <-- END HTTP (737-byte body)
2026-01-16 21:28:58.894 17435-25801 okhttp.OkHttpClient     com.baatcheet.app                    I  --> POST https://sharry121-baatcheet.hf.space/api/v1/tts/generate
2026-01-16 21:28:58.894 17435-25801 okhttp.OkHttpClient     com.baatcheet.app                    I  Content-Length: 555
2026-01-16 21:28:58.894 17435-25801 okhttp.OkHttpClient     com.baatcheet.app                    I  Authorization: Bearer eyJhbGciOiJIUzI1NiIsInR5cCI6IkpXVCJ9.eyJ1c2VySWQiOiJiMTM4YTIxMC0zNmViLTQyMDYtODgzNy01ZDY0NDg4N2Y3MDYiLCJjbGVya0lkIjoidXNlcl8zOEozT2FBQmxHZHozbXRvbGxscVhNbVVSN3QiLCJlbWFpbCI6Im11aGFtbWFkc2hhcmplZWxzYWxlZW0wNkBnbWFpbC5jb20iLCJpYXQiOjE3Njg1Nzc3OTksImV4cCI6MTc2OTE4MjU5OX0.NF4AQ72s73aSiS2E2j7VumDsb_IK1gF9q7e98CndkzU
2026-01-16 21:28:58.894 17435-25801 okhttp.OkHttpClient     com.baatcheet.app                    I  Content-Type: application/json
2026-01-16 21:28:58.895 17435-25801 okhttp.OkHttpClient     com.baatcheet.app                    I  {"speed":1.0,"text":"الْحَمْدُ لِلَّهِ، پاکستان کا موسم ابھی بہت خوبصورت ہے۔ 北ی علاقوں میں سردیوں کا موسم ہے، جبکہ جنوبی علاقوں میں موسم معتدل ہے۔ کراچی اور لاہور جیسے شہروں میں دن کے وقت دھوپ نکل رہی ہے، لیکن رات کو تھوڑی سی سردی ہے۔ پہاڑی علاقوں میں برفباری ہو رہی ہے، جو سیاحوں کے لیے بہت دلچسپ ہے۔","voice":"ur-PK-AsadNeural"}
2026-01-16 21:28:58.895 17435-25801 okhttp.OkHttpClient     com.baatcheet.app                    I  --> END POST (555-byte body)
2026-01-16 21:29:01.886 17435-25801 okhttp.OkHttpClient     com.baatcheet.app                    I  <-- 200 https://sharry121-baatcheet.hf.space/api/v1/tts/generate (2991ms)
2026-01-16 21:29:01.886 17435-25801 okhttp.OkHttpClient     com.baatcheet.app                    I  date: Fri, 16 Jan 2026 16:29:02 GMT
2026-01-16 21:29:01.886 17435-25801 okhttp.OkHttpClient     com.baatcheet.app                    I  content-type: audio/mpeg
2026-01-16 21:29:01.886 17435-25801 okhttp.OkHttpClient     com.baatcheet.app                    I  content-length: 260640
2026-01-16 21:29:01.886 17435-25801 okhttp.OkHttpClient     com.baatcheet.app                    I  x-request-id: KifUkD, KifUkD
2026-01-16 21:29:01.886 17435-25801 okhttp.OkHttpClient     com.baatcheet.app                    I  content-security-policy: default-src 'self';script-src 'self' 'unsafe-inline';style-src 'self' 'unsafe-inline';img-src 'self' data: https:;connect-src 'self' https://api.clerk.dev;base-uri 'self';font-src 'self' https: data:;form-action 'self';frame-ancestors 'self';object-src 'none';script-src-attr 'none';upgrade-insecure-requests
2026-01-16 21:29:01.886 17435-25801 okhttp.OkHttpClient     com.baatcheet.app                    I  cross-origin-opener-policy: same-origin
2026-01-16 21:29:01.886 17435-25801 okhttp.OkHttpClient     com.baatcheet.app                    I  cross-origin-resource-policy: cross-origin
2026-01-16 21:29:01.886 17435-25801 okhttp.OkHttpClient     com.baatcheet.app                    I  origin-agent-cluster: ?1
2026-01-16 21:29:01.887 17435-25801 okhttp.OkHttpClient     com.baatcheet.app                    I  referrer-policy: no-referrer
2026-01-16 21:29:01.887 17435-25801 okhttp.OkHttpClient     com.baatcheet.app                    I  strict-transport-security: max-age=31536000; includeSubDomains; preload
2026-01-16 21:29:01.887 17435-25801 okhttp.OkHttpClient     com.baatcheet.app                    I  x-content-type-options: nosniff
2026-01-16 21:29:01.887 17435-25801 okhttp.OkHttpClient     com.baatcheet.app                    I  x-dns-prefetch-control: off
2026-01-16 21:29:01.887 17435-25801 okhttp.OkHttpClient     com.baatcheet.app                    I  x-download-options: noopen
2026-01-16 21:29:01.887 17435-25801 okhttp.OkHttpClient     com.baatcheet.app                    I  x-frame-options: SAMEORIGIN
2026-01-16 21:29:01.887 17435-25801 okhttp.OkHttpClient     com.baatcheet.app                    I  x-permitted-cross-domain-policies: none
2026-01-16 21:29:01.887 17435-25801 okhttp.OkHttpClient     com.baatcheet.app                    I  x-xss-protection: 0
2026-01-16 21:29:01.887 17435-25801 okhttp.OkHttpClient     com.baatcheet.app                    I  vary: Origin
2026-01-16 21:29:01.887 17435-25801 okhttp.OkHttpClient     com.baatcheet.app                    I  vary: origin, access-control-request-method, access-control-request-headers
2026-01-16 21:29:01.887 17435-25801 okhttp.OkHttpClient     com.baatcheet.app                    I  access-control-allow-credentials: true
2026-01-16 21:29:01.887 17435-25801 okhttp.OkHttpClient     com.baatcheet.app                    I  access-control-expose-headers: X-Request-ID,X-Response-Time,X-RateLimit-Limit,X-RateLimit-Remaining,X-RateLimit-Reset
2026-01-16 21:29:01.887 17435-25801 okhttp.OkHttpClient     com.baatcheet.app                    I  x-clerk-auth-message: Unable to find a signing key in JWKS that matches the kid='undefined' of the provided session token. Please make sure that the __session cookie or the HTTP authorization header contain a Clerk-generated session JWT. The following kid is available: ins_384KLXR0s0ZW3aoWTGXIMeX8Ihm Go to your Dashboard and validate your secret and public keys are correct. Contact support@clerk.com if the issue persists. (reason=jwk-kid-mismatch, token-carrier=header)
2026-01-16 21:29:01.887 17435-25801 okhttp.OkHttpClient     com.baatcheet.app                    I  x-clerk-auth-reason: jwk-kid-mismatch
2026-01-16 21:29:01.887 17435-25801 okhttp.OkHttpClient     com.baatcheet.app                    I  x-clerk-auth-status: signed-out
2026-01-16 21:29:01.887 17435-25801 okhttp.OkHttpClient     com.baatcheet.app                    I  ratelimit-policy: 100;w=900
2026-01-16 21:29:01.887 17435-25801 okhttp.OkHttpClient     com.baatcheet.app                    I  ratelimit-limit: 100
2026-01-16 21:29:01.887 17435-25801 okhttp.OkHttpClient     com.baatcheet.app                    I  ratelimit-remaining: 92
2026-01-16 21:29:01.887 17435-25801 okhttp.OkHttpClient     com.baatcheet.app                    I  ratelimit-reset: 118
2026-01-16 21:29:01.888 17435-25801 okhttp.OkHttpClient     com.baatcheet.app                    I  x-tts-provider: edge-tts
2026-01-16 21:29:01.888 17435-25801 okhttp.OkHttpClient     com.baatcheet.app                    I  etag: W/"3fa20-ByeTomwzqb3o0Mvid8vbZkJyT+E"
2026-01-16 21:29:01.888 17435-25801 okhttp.OkHttpClient     com.baatcheet.app                    I  x-proxied-host: http://10.108.79.175
2026-01-16 21:29:01.888 17435-25801 okhttp.OkHttpClient     com.baatcheet.app                    I  x-proxied-replica: hvmrtznu-8psvw
2026-01-16 21:29:01.888 17435-25801 okhttp.OkHttpClient     com.baatcheet.app                    I  x-proxied-path: /api/v1/tts/generate
2026-01-16 21:29:01.888 17435-25801 okhttp.OkHttpClient     com.baatcheet.app                    I  link: <https://huggingface.co/spaces/sharry121/BaatCheet>;rel="canonical"
2026-01-16 21:29:03.092 17435-25801 okhttp.OkHttpClient     com.baatcheet.app                    I  <-- END HTTP (binary 260640-byte body omitted)
2026-01-16 21:29:25.154 17435-17435 MediaPlayer             com.baatcheet.app                    V  resetDrmState:  mDrmInfo=null mDrmProvisioningThread=null mPrepareDrmInProgress=false mActiveDrmScheme=false
2026-01-16 21:29:25.154 17435-17435 MediaPlayer             com.baatcheet.app                    V  cleanDrmObj: mDrmObj=null mDrmSessionId=null
2026-01-16 21:29:25.154 17435-17435 MediaPlayer             com.baatcheet.app                    D  _release native called
2026-01-16 21:29:25.177 17435-17435 MediaPlayer             com.baatcheet.app                    D  _release native finished
2026-01-16 21:29:25.178 17435-17435 MediaPlayer             com.baatcheet.app                    W  mediaplayer went away with unhandled events
2026-01-16 21:29:27.816 17435-25629 MediaPlayer             com.baatcheet.app                    D  finalize() native_finalize called
2026-01-16 21:29:27.816 17435-25629 MediaPlayer             com.baatcheet.app                    D  finalize() native_finalize finished
2026-01-16 21:29:31.791 17435-25801 okhttp.OkHttpClient     com.baatcheet.app                    I  --> GET https://sharry121-baatcheet.hf.space/api/v1/conversations/b8b8793c-68ab-4af5-9770-f89df36dd3d2
2026-01-16 21:29:31.791 17435-25801 okhttp.OkHttpClient     com.baatcheet.app                    I  Authorization: Bearer eyJhbGciOiJIUzI1NiIsInR5cCI6IkpXVCJ9.eyJ1c2VySWQiOiJiMTM4YTIxMC0zNmViLTQyMDYtODgzNy01ZDY0NDg4N2Y3MDYiLCJjbGVya0lkIjoidXNlcl8zOEozT2FBQmxHZHozbXRvbGxscVhNbVVSN3QiLCJlbWFpbCI6Im11aGFtbWFkc2hhcmplZWxzYWxlZW0wNkBnbWFpbC5jb20iLCJpYXQiOjE3Njg1Nzc3OTksImV4cCI6MTc2OTE4MjU5OX0.NF4AQ72s73aSiS2E2j7VumDsb_IK1gF9q7e98CndkzU
2026-01-16 21:29:31.791 17435-25801 okhttp.OkHttpClient     com.baatcheet.app                    I  Content-Type: application/json
2026-01-16 21:29:31.791 17435-25801 okhttp.OkHttpClient     com.baatcheet.app                    I  --> END GET
2026-01-16 21:29:31.826 17435-17435 WindowOnBackDispatcher  com.baatcheet.app                    W  sendCancelIfRunning: isInProgress=falsecallback=android.view.ViewRootImpl$$ExternalSyntheticLambda20@c6c93ef
2026-01-16 21:29:31.840 17435-25639 OpenGLRenderer          com.baatcheet.app                    D  endAllActiveAnimators on 0xb40000780027b4f0 (UnprojectedRipple) with handle 0xb4000078f0235eb0
2026-01-16 21:29:31.841 17435-17435 View                    com.baatcheet.app                    D  [Warning] assignParent to null: this = DecorView@51c0f5d[MainActivity]
2026-01-16 21:29:31.844   976-2008  BufferQueueDebug        surfaceflinger                       E  [Surface(name=76ab004 com.baatcheet.app/com.baatcheet.app.MainActivity)/@0x6e53588 - animation-leash of window_animation#32564](this:0xb400007cba7e7520,id:-1,api:0,p:-1,c:-1) id info cannot be read from 'Surface(name=76ab004 com.baatcheet.app/com.baatcheet.app.MainActivity)/@0x6e53588 - animation-leash of window_animation#32564'
2026-01-16 21:29:31.862 17435-17435 InputTransport          com.baatcheet.app                    D  Destroy ARC handle: 0xb4000078f0236cc0
2026-01-16 21:29:31.882 17435-25633 BLASTBufferQueue        com.baatcheet.app                    D  [VRI[MainActivity]#1](f:0,a:4) destructor()
2026-01-16 21:29:31.882 17435-25633 BufferQueueConsumer     com.baatcheet.app                    D  [VRI[MainActivity]#1(BLAST Consumer)1](id:441b00000001,api:0,p:-1,c:17435) disconnect
2026-01-16 21:29:32.397 17435-25801 okhttp.OkHttpClient     com.baatcheet.app                    I  <-- 200 https://sharry121-baatcheet.hf.space/api/v1/conversations/b8b8793c-68ab-4af5-9770-f89df36dd3d2 (605ms)
2026-01-16 21:29:32.397 17435-25801 okhttp.OkHttpClient     com.baatcheet.app                    I  date: Fri, 16 Jan 2026 16:29:32 GMT
2026-01-16 21:29:32.397 17435-25801 okhttp.OkHttpClient     com.baatcheet.app                    I  content-type: application/json; charset=utf-8
2026-01-16 21:29:32.397 17435-25801 okhttp.OkHttpClient     com.baatcheet.app                    I  content-length: 2299
2026-01-16 21:29:32.398 17435-25801 okhttp.OkHttpClient     com.baatcheet.app                    I  x-request-id: sTohAF, sTohAF
