2026-01-15 15:38:14.222  6718-6718  WindowOnBackDispatcher  com.baatcheet.app                    W  OnBackInvokedCallback is not enabled for the application.
                                                                                                    Set 'android:enableOnBackInvokedCallback="true"' in the application manifest.
2026-01-15 15:38:14.225  6718-6718  VRI[MainActivity]       com.baatcheet.app                    D  hardware acceleration = true, forceHwAccelerated = false
2026-01-15 15:38:14.225  6718-6718  config_debug            com.baatcheet.app                    I  updateDecorCaptionStatus: {1.0 410mcc3mnc [en_US,nl_NL] ldltr sw441dp w441dp h910dp 392dpi nrml long widecg port finger -keyb/v/h -nav/h winConfig={ mBounds=Rect(0, 0 - 1080, 2436) mAppBounds=Rect(0, 108 - 1080, 2338) mMaxBounds=Rect(0, 0 - 1080, 2436) mDisplayRotation=ROTATION_0 mWindowingMode=fullscreen mDisplayWindowingMode=fullscreen mMultiWindowMode=normal mMultiWindowId=0 mWindowResiable=6 mInLargeScreen=-1 mActivityType=standard mAlwaysOnTop=undefined mRotation=ROTATION_0 mUiOptSpec=-1 mCurDisplayId=-1} as.2 s.1 fontWeightAdjustment=0} fromMultiWindow: false
2026-01-15 15:38:14.225  6718-6718  ViewRootImpl            com.baatcheet.app                    D  setView appearance:8 com.baatcheet.app/com.baatcheet.app.MainActivity
2026-01-15 15:38:14.227   969-3126  BufferQueueDebug        surfaceflinger                       E  [187db9b com.baatcheet.app/com.baatcheet.app.MainActivity#296617](this:0xb400007947b3e3a0,id:-1,api:0,p:-1,c:-1) id info cannot be read from '187db9b com.baatcheet.app/com.baatcheet.app.MainActivity#296617'
2026-01-15 15:38:14.236  6718-6718  InputTransport          com.baatcheet.app                    D  Create ARC handle: 0xb400007025e35110
2026-01-15 15:38:14.236  6718-6718  InputEventReceiver      com.baatcheet.app                    D  Input log is disabled in InputEventReceiver.
2026-01-15 15:38:14.236  6718-6718  InputTransport          com.baatcheet.app                    D  Input log is disabled in InputChannel.
2026-01-15 15:38:14.238   969-969   BufferQueueDebug        surfaceflinger                       E  [187db9b com.baatcheet.app/com.baatcheet.app.MainActivity#296617 (Mirror)#296620](this:0xb400007947af7090,id:-1,api:0,p:-1,c:-1) id info cannot be read from '187db9b com.baatcheet.app/com.baatcheet.app.MainActivity#296617 (Mirror)#296620'
2026-01-15 15:38:14.241   969-969   BufferQueueDebug        surfaceflinger                       E  [187db9b com.baatcheet.app/com.baatcheet.app.MainActivity#296617 (Mirror)#296623](this:0xb40000794790a640,id:-1,api:0,p:-1,c:-1) id info cannot be read from '187db9b com.baatcheet.app/com.baatcheet.app.MainActivity#296617 (Mirror)#296623'
2026-01-15 15:38:14.322   969-3126  BufferQueueDebug        surfaceflinger                       E  [com.baatcheet.app/com.baatcheet.app.MainActivity#296626](this:0xb400007947b5ab40,id:-1,api:0,p:-1,c:-1) id info cannot be read from 'com.baatcheet.app/com.baatcheet.app.MainActivity#296626'
2026-01-15 15:38:14.331  6718-6718  BufferQueueConsumer     com.baatcheet.app                    D  [](id:1a3e00000004,api:0,p:-1,c:6718) connect: controlledByApp=false
2026-01-15 15:38:14.332  6718-6718  config_debug            com.baatcheet.app                    I  updateDecorCaptionStatus: {1.0 410mcc3mnc [en_US,nl_NL] ldltr sw441dp w441dp h910dp 392dpi nrml long widecg port finger -keyb/v/h -nav/h winConfig={ mBounds=Rect(0, 0 - 1080, 2436) mAppBounds=Rect(0, 108 - 1080, 2338) mMaxBounds=Rect(0, 0 - 1080, 2436) mDisplayRotation=ROTATION_0 mWindowingMode=fullscreen mDisplayWindowingMode=fullscreen mMultiWindowMode=normal mMultiWindowId=0 mWindowResiable=6 mInLargeScreen=-1 mActivityType=standard mAlwaysOnTop=undefined mRotation=ROTATION_0 mUiOptSpec=-1 mCurDisplayId=-1} as.2 s.1 fontWeightAdjustment=0} fromMultiWindow: true
2026-01-15 15:38:14.332  6718-9248  OpenGLRenderer          com.baatcheet.app                    E  Unable to match the desired swap behavior.
2026-01-15 15:38:14.339   969-969   BufferQueueDebug        surfaceflinger                       E  [com.baatcheet.app/com.baatcheet.app.MainActivity#296626 (Mirror)#296627](this:0xb400007947b88440,id:-1,api:0,p:-1,c:-1) id info cannot be read from 'com.baatcheet.app/com.baatcheet.app.MainActivity#296626 (Mirror)#296627'
2026-01-15 15:38:14.341   969-969   BufferQueueDebug        surfaceflinger                       E  [com.baatcheet.app/com.baatcheet.app.MainActivity#296626 (Mirror)#296628](this:0xb400007947a0aae0,id:-1,api:0,p:-1,c:-1) id info cannot be read from 'com.baatcheet.app/com.baatcheet.app.MainActivity#296626 (Mirror)#296628'
2026-01-15 15:38:14.355  6718-9248  BLASTBufferQueue        com.baatcheet.app                    D  [VRI[MainActivity]#4](f:0,a:1) acquireNextBufferLocked size=942x1149 mFrameNumber=1 applyTransaction=true mTimestamp=561190634350602(auto) mPendingTransactions.size=0 graphicBufferId=28853590294562 transform=0
2026-01-15 15:38:14.363   969-1936  BufferQueueDebug        surfaceflinger                       E  [Surface(name=187db9b com.baatcheet.app/com.baatcheet.app.MainActivity)/@0xf5caf05 - animation-leash of window_animation#296629](this:0xb400007947b68f10,id:-1,api:0,p:-1,c:-1) id info cannot be read from 'Surface(name=187db9b com.baatcheet.app/com.baatcheet.app.MainActivity)/@0xf5caf05 - animation-leash of window_animation#296629'
2026-01-15 15:38:14.376   969-969   BufferQueueDebug        surfaceflinger                       E  [Surface(name=187db9b com.baatcheet.app/com.baatcheet.app.MainActivity)/@0xf5caf05 - animation-leash of window_animation#296629 (Mirror)#296632](this:0xb400007947a3b170,id:-1,api:0,p:-1,c:-1) id info cannot be read from 'Surface(name=187db9b com.baatcheet.app/com.baatcheet.app.MainActivity)/@0xf5caf05 - animation-leash of window_animation#296629 (Mirror)#296632'
2026-01-15 15:38:14.379   969-969   BufferQueueDebug        surfaceflinger                       E  [Surface(name=187db9b com.baatcheet.app/com.baatcheet.app.MainActivity)/@0xf5caf05 - animation-leash of window_animation#296629 (Mirror)#296635](this:0xb400007947b6ea30,id:-1,api:0,p:-1,c:-1) id info cannot be read from 'Surface(name=187db9b com.baatcheet.app/com.baatcheet.app.MainActivity)/@0xf5caf05 - animation-leash of window_animation#296629 (Mirror)#296635'
2026-01-15 15:38:15.317  6718-6718  Compose Focus           com.baatcheet.app                    D  Owner FocusChanged(true)
2026-01-15 15:38:15.338  6718-6718  InputMethodManager      com.baatcheet.app                    D  invalidateInput sessionid: 0
2026-01-15 15:38:15.342  6718-6718  InputMethodManager      com.baatcheet.app                    D  invalidateInput sessionid: 0
2026-01-15 15:38:15.346  6718-6718  ImeTracker              com.baatcheet.app                    I  com.baatcheet.app:e4135578: onRequestShow at ORIGIN_CLIENT_SHOW_SOFT_INPUT reason SHOW_SOFT_INPUT_BY_INSETS_API
2026-01-15 15:38:15.346  6718-6718  InsetsController        com.baatcheet.app                    D  show(ime(), fromIme=false)
2026-01-15 15:38:15.346  6718-6718  InputMethodManager      com.baatcheet.app                    D  showSoftInput() view=androidx.compose.ui.platform.AndroidComposeView{dde407f VFED..... .F....ID 0,0-784,991 aid=1073741829} flags=0 reason=SHOW_SOFT_INPUT_BY_INSETS_API
2026-01-15 15:38:15.454  6718-6718  InsetsController        com.baatcheet.app                    D  show(ime(), fromIme=true)
2026-01-15 15:38:15.469   969-1936  BufferQueueDebug        surfaceflinger                       E  [Surface(name=187db9b com.baatcheet.app/com.baatcheet.app.MainActivity)/@0xf5caf05 - animation-leash of window_animation#296644](this:0xb400007947b68f10,id:-1,api:0,p:-1,c:-1) id info cannot be read from 'Surface(name=187db9b com.baatcheet.app/com.baatcheet.app.MainActivity)/@0xf5caf05 - animation-leash of window_animation#296644'
2026-01-15 15:38:15.485   969-969   BufferQueueDebug        surfaceflinger                       E  [Surface(name=187db9b com.baatcheet.app/com.baatcheet.app.MainActivity)/@0xf5caf05 - animation-leash of window_animation#296644 (Mirror)#296645](this:0xb400007947b6ea30,id:-1,api:0,p:-1,c:-1) id info cannot be read from 'Surface(name=187db9b com.baatcheet.app/com.baatcheet.app.MainActivity)/@0xf5caf05 - animation-leash of window_animation#296644 (Mirror)#296645'
2026-01-15 15:38:15.487   969-969   BufferQueueDebug        surfaceflinger                       E  [Surface(name=187db9b com.baatcheet.app/com.baatcheet.app.MainActivity)/@0xf5caf05 - animation-leash of window_animation#296644 (Mirror)#296646](this:0xb4000079478987c0,id:-1,api:0,p:-1,c:-1) id info cannot be read from 'Surface(name=187db9b com.baatcheet.app/com.baatcheet.app.MainActivity)/@0xf5caf05 - animation-leash of window_animation#296644 (Mirror)#296646'
2026-01-15 15:38:15.683  6718-6718  ImeTracker              com.baatcheet.app                    I  com.baatcheet.app:e4135578: onShown
2026-01-15 15:38:17.919  6718-9233  m.baatcheet.app         com.baatcheet.app                    W  Cleared Reference was only reachable from finalizer (only reported once)
2026-01-15 15:38:17.948  6718-9235  System                  com.baatcheet.app                    W  A resource failed to call release. 
2026-01-15 15:38:17.950  6718-9235  System                  com.baatcheet.app                    W  A resource failed to call release. 
2026-01-15 15:38:23.379  6718-9317  okhttp.OkHttpClient     com.baatcheet.app                    I  --> POST https://sharry121-baatcheet.hf.space/api/v1/projects
2026-01-15 15:38:23.379  6718-9317  okhttp.OkHttpClient     com.baatcheet.app                    I  Content-Length: 18
2026-01-15 15:38:23.379  6718-9317  okhttp.OkHttpClient     com.baatcheet.app                    I  Authorization: Bearer eyJhbGciOiJIUzI1NiIsInR5cCI6IkpXVCJ9.eyJ1c2VySWQiOiIyODIxYWY1Yy05MGFiLTQ1OGMtOWQ5NC04NWVlZDU1ZTkwYzMiLCJjbGVya0lkIjoidXNlcl8zODZDZTNHVHNUb1lrWnpHbTcxVkJ3NkxWUDAiLCJlbWFpbCI6Im9uc2Vhc29uMTBAZ21haWwuY29tIiwiaWF0IjoxNzY4MzIzOTM3LCJleHAiOjE3Njg5Mjg3Mzd9.XxFcz-xvKG556gxX1Oe31bK804zPkTzgXjfSLHfqMQw
2026-01-15 15:38:23.379  6718-9317  okhttp.OkHttpClient     com.baatcheet.app                    I  Content-Type: application/json
2026-01-15 15:38:23.379  6718-9317  okhttp.OkHttpClient     com.baatcheet.app                    I  {"name":"Android"}
2026-01-15 15:38:23.379  6718-9317  okhttp.OkHttpClient     com.baatcheet.app                    I  --> END POST (18-byte body)
2026-01-15 15:38:23.390  6718-6718  WindowOnBackDispatcher  com.baatcheet.app                    W  sendCancelIfRunning: isInProgress=falsecallback=ImeCallback=ImeOnBackInvokedCallback@14061906 Callback=android.window.IOnBackInvokedCallback$Stub$Proxy@c38a457
2026-01-15 15:38:23.391  6718-6718  WindowOnBackDispatcher  com.baatcheet.app                    W  sendCancelIfRunning: isInProgress=falsecallback=android.view.ViewRootImpl$$ExternalSyntheticLambda20@d8745b9
2026-01-15 15:38:23.407  6718-9248  OpenGLRenderer          com.baatcheet.app                    D  endAllActiveAnimators on 0xb400006fa5eb0d90 (UnprojectedRipple) with handle 0xb400007025e36fd0
2026-01-15 15:38:23.407  6718-6718  View                    com.baatcheet.app                    D  [Warning] assignParent to null: this = DecorView@87aab44[MainActivity]
2026-01-15 15:38:23.409   969-1936  BufferQueueDebug        surfaceflinger                       E  [Surface(name=187db9b com.baatcheet.app/com.baatcheet.app.MainActivity)/@0xf5caf05 - animation-leash of window_animation#296647](this:0xb400007947b68f10,id:-1,api:0,p:-1,c:-1) id info cannot be read from 'Surface(name=187db9b com.baatcheet.app/com.baatcheet.app.MainActivity)/@0xf5caf05 - animation-leash of window_animation#296647'
2026-01-15 15:38:23.413   969-969   BufferQueueDebug        surfaceflinger                       E  [Surface(name=187db9b com.baatcheet.app/com.baatcheet.app.MainActivity)/@0xf5caf05 - animation-leash of window_animation#296647 (Mirror)#296648](this:0xb4000079476bfc60,id:-1,api:0,p:-1,c:-1) id info cannot be read from 'Surface(name=187db9b com.baatcheet.app/com.baatcheet.app.MainActivity)/@0xf5caf05 - animation-leash of window_animation#296647 (Mirror)#296648'
2026-01-15 15:38:23.416   969-969   BufferQueueDebug        surfaceflinger                       E  [Surface(name=187db9b com.baatcheet.app/com.baatcheet.app.MainActivity)/@0xf5caf05 - animation-leash of window_animation#296647 (Mirror)#296649](this:0xb400007947973c10,id:-1,api:0,p:-1,c:-1) id info cannot be read from 'Surface(name=187db9b com.baatcheet.app/com.baatcheet.app.MainActivity)/@0xf5caf05 - animation-leash of window_animation#296647 (Mirror)#296649'
2026-01-15 15:38:23.440  6718-9240  BLASTBufferQueue        com.baatcheet.app                    D  [VRI[MainActivity]#4](f:0,a:4) destructor()
2026-01-15 15:38:23.440  6718-9240  BufferQueueConsumer     com.baatcheet.app                    D  [VRI[MainActivity]#4(BLAST Consumer)4](id:1a3e00000004,api:0,p:-1,c:6718) disconnect
2026-01-15 15:38:23.473  6718-6718  InputTransport          com.baatcheet.app                    D  Destroy ARC handle: 0xb400007025e35110
2026-01-15 15:38:23.493  6718-6718  ImeTracker              com.baatcheet.app                    I  com.baatcheet.app:6dd2fb6a: onRequestHide at ORIGIN_CLIENT_HIDE_SOFT_INPUT reason HIDE_SOFT_INPUT
2026-01-15 15:38:23.493  6718-6718  ImeTracker              com.baatcheet.app                    I  com.baatcheet.app:6dd2fb6a: onFailed at PHASE_CLIENT_VIEW_SERVED
2026-01-15 15:38:23.545  6718-6718  InputMethodManager      com.baatcheet.app                    D  invalidateInput sessionid: 0
2026-01-15 15:38:23.557  6718-6718  RemoteInpu...ectionImpl com.baatcheet.app                    W  requestCursorAnchorInfo on inactive InputConnection
2026-01-15 15:38:23.562  6718-6718  ImeBackDispatcher       com.baatcheet.app                    E  Ime callback not found. Ignoring unregisterReceivedCallback. callbackId: 14061906
2026-01-15 15:38:23.924  6718-9317  okhttp.OkHttpClient     com.baatcheet.app                    I  <-- 201 https://sharry121-baatcheet.hf.space/api/v1/projects (544ms)
2026-01-15 15:38:23.924  6718-9317  okhttp.OkHttpClient     com.baatcheet.app                    I  date: Thu, 15 Jan 2026 10:38:24 GMT
2026-01-15 15:38:23.924  6718-9317  okhttp.OkHttpClient     com.baatcheet.app                    I  content-type: application/json; charset=utf-8
2026-01-15 15:38:23.924  6718-9317  okhttp.OkHttpClient     com.baatcheet.app                    I  content-length: 392
2026-01-15 15:38:23.924  6718-9317  okhttp.OkHttpClient     com.baatcheet.app                    I  x-request-id: EjMem8, EjMem8
2026-01-15 15:38:23.924  6718-9317  okhttp.OkHttpClient     com.baatcheet.app                    I  content-security-policy: default-src 'self';script-src 'self' 'unsafe-inline';style-src 'self' 'unsafe-inline';img-src 'self' data: https:;connect-src 'self' https://api.clerk.dev;base-uri 'self';font-src 'self' https: data:;form-action 'self';frame-ancestors 'self';object-src 'none';script-src-attr 'none';upgrade-insecure-requests
2026-01-15 15:38:23.924  6718-9317  okhttp.OkHttpClient     com.baatcheet.app                    I  cross-origin-opener-policy: same-origin
2026-01-15 15:38:23.924  6718-9317  okhttp.OkHttpClient     com.baatcheet.app                    I  cross-origin-resource-policy: cross-origin
2026-01-15 15:38:23.924  6718-9317  okhttp.OkHttpClient     com.baatcheet.app                    I  origin-agent-cluster: ?1
2026-01-15 15:38:23.925  6718-9317  okhttp.OkHttpClient     com.baatcheet.app                    I  referrer-policy: no-referrer
2026-01-15 15:38:23.925  6718-9317  okhttp.OkHttpClient     com.baatcheet.app                    I  strict-transport-security: max-age=31536000; includeSubDomains; preload
2026-01-15 15:38:23.925  6718-9317  okhttp.OkHttpClient     com.baatcheet.app                    I  x-content-type-options: nosniff
2026-01-15 15:38:23.925  6718-9317  okhttp.OkHttpClient     com.baatcheet.app                    I  x-dns-prefetch-control: off
2026-01-15 15:38:23.925  6718-9317  okhttp.OkHttpClient     com.baatcheet.app                    I  x-download-options: noopen
2026-01-15 15:38:23.925  6718-9317  okhttp.OkHttpClient     com.baatcheet.app                    I  x-frame-options: SAMEORIGIN
2026-01-15 15:38:23.925  6718-9317  okhttp.OkHttpClient     com.baatcheet.app                    I  x-permitted-cross-domain-policies: none
2026-01-15 15:38:23.925  6718-9317  okhttp.OkHttpClient     com.baatcheet.app                    I  x-xss-protection: 0
2026-01-15 15:38:23.925  6718-9317  okhttp.OkHttpClient     com.baatcheet.app                    I  vary: Origin
2026-01-15 15:38:23.925  6718-9317  okhttp.OkHttpClient     com.baatcheet.app                    I  vary: origin, access-control-request-method, access-control-request-headers
2026-01-15 15:38:23.925  6718-9317  okhttp.OkHttpClient     com.baatcheet.app                    I  access-control-allow-credentials: true
2026-01-15 15:38:23.925  6718-9317  okhttp.OkHttpClient     com.baatcheet.app                    I  access-control-expose-headers: X-Request-ID,X-Response-Time,X-RateLimit-Limit,X-RateLimit-Remaining,X-RateLimit-Reset
2026-01-15 15:38:23.925  6718-9317  okhttp.OkHttpClient     com.baatcheet.app                    I  x-clerk-auth-message: Unable to find a signing key in JWKS that matches the kid='undefined' of the provided session token. Please make sure that the __session cookie or the HTTP authorization header contain a Clerk-generated session JWT. The following kid is available: ins_384KLXR0s0ZW3aoWTGXIMeX8Ihm Go to your Dashboard and validate your secret and public keys are correct. Contact support@clerk.com if the issue persists. (reason=jwk-kid-mismatch, token-carrier=header)
2026-01-15 15:38:23.925  6718-9317  okhttp.OkHttpClient     com.baatcheet.app                    I  x-clerk-auth-reason: jwk-kid-mismatch
2026-01-15 15:38:23.925  6718-9317  okhttp.OkHttpClient     com.baatcheet.app                    I  x-clerk-auth-status: signed-out
2026-01-15 15:38:23.925  6718-9317  okhttp.OkHttpClient     com.baatcheet.app                    I  ratelimit-policy: 100;w=900
2026-01-15 15:38:23.925  6718-9317  okhttp.OkHttpClient     com.baatcheet.app                    I  ratelimit-limit: 100
2026-01-15 15:38:23.925  6718-9317  okhttp.OkHttpClient     com.baatcheet.app                    I  ratelimit-remaining: 83
2026-01-15 15:38:23.925  6718-9317  okhttp.OkHttpClient     com.baatcheet.app                    I  ratelimit-reset: 637
2026-01-15 15:38:23.925  6718-9317  okhttp.OkHttpClient     com.baatcheet.app                    I  x-response-time: 235ms
2026-01-15 15:38:23.925  6718-9317  okhttp.OkHttpClient     com.baatcheet.app                    I  etag: W/"188-iDnnd2g8OYOrqmrL23jb/VjEvsw"
2026-01-15 15:38:23.925  6718-9317  okhttp.OkHttpClient     com.baatcheet.app                    I  x-proxied-host: http://10.108.11.242
2026-01-15 15:38:23.925  6718-9317  okhttp.OkHttpClient     com.baatcheet.app                    I  x-proxied-replica: 64s2hxch-x7ndx
2026-01-15 15:38:23.925  6718-9317  okhttp.OkHttpClient     com.baatcheet.app                    I  x-proxied-path: /api/v1/projects
2026-01-15 15:38:23.925  6718-9317  okhttp.OkHttpClient     com.baatcheet.app                    I  link: <https://huggingface.co/spaces/sharry121/BaatCheet>;rel="canonical"
2026-01-15 15:38:23.927  6718-9317  okhttp.OkHttpClient     com.baatcheet.app                    I  {"success":true,"data":{"id":"b421c78b-39f1-41a1-a7ca-a4e6abae1921","userId":"2821af5c-90ab-458c-9d94-85eed55e90c3","name":"Android","description":null,"color":"#1e293b","icon":"folder","isDefault":false,"context":null,"keyTopics":[],"techStack":[],"goals":[],"lastContextUpdate":null,"createdAt":"2026-01-15T10:38:24.708Z","updatedAt":"2026-01-15T10:38:24.708Z"},"message":"Project created"}
2026-01-15 15:38:23.927  6718-9317  okhttp.OkHttpClient     com.baatcheet.app                    I  <-- END HTTP (392-byte body)
2026-01-15 15:38:23.936  6718-9317  okhttp.OkHttpClient     com.baatcheet.app                    I  --> GET https://sharry121-baatcheet.hf.space/api/v1/projects
2026-01-15 15:38:23.936  6718-9317  okhttp.OkHttpClient     com.baatcheet.app                    I  Authorization: Bearer eyJhbGciOiJIUzI1NiIsInR5cCI6IkpXVCJ9.eyJ1c2VySWQiOiIyODIxYWY1Yy05MGFiLTQ1OGMtOWQ5NC04NWVlZDU1ZTkwYzMiLCJjbGVya0lkIjoidXNlcl8zODZDZTNHVHNUb1lrWnpHbTcxVkJ3NkxWUDAiLCJlbWFpbCI6Im9uc2Vhc29uMTBAZ21haWwuY29tIiwiaWF0IjoxNzY4MzIzOTM3LCJleHAiOjE3Njg5Mjg3Mzd9.XxFcz-xvKG556gxX1Oe31bK804zPkTzgXjfSLHfqMQw
2026-01-15 15:38:23.936  6718-9317  okhttp.OkHttpClient     com.baatcheet.app                    I  Content-Type: application/json
2026-01-15 15:38:23.936  6718-9317  okhttp.OkHttpClient     com.baatcheet.app                    I  --> END GET
2026-01-15 15:38:24.437  6718-9317  okhttp.OkHttpClient     com.baatcheet.app                    I  <-- 200 https://sharry121-baatcheet.hf.space/api/v1/projects (499ms)
2026-01-15 15:38:24.437  6718-9317  okhttp.OkHttpClient     com.baatcheet.app                    I  date: Thu, 15 Jan 2026 10:38:25 GMT
2026-01-15 15:38:24.438  6718-9317  okhttp.OkHttpClient     com.baatcheet.app                    I  content-type: application/json; charset=utf-8
2026-01-15 15:38:24.438  6718-9317  okhttp.OkHttpClient     com.baatcheet.app                    I  content-length: 388
2026-01-15 15:38:24.438  6718-9317  okhttp.OkHttpClient     com.baatcheet.app                    I  x-request-id: CKMHzU, CKMHzU
2026-01-15 15:38:24.438  6718-9317  okhttp.OkHttpClient     com.baatcheet.app                    I  content-security-policy: default-src 'self';script-src 'self' 'unsafe-inline';style-src 'self' 'unsafe-inline';img-src 'self' data: https:;connect-src 'self' https://api.clerk.dev;base-uri 'self';font-src 'self' https: data:;form-action 'self';frame-ancestors 'self';object-src 'none';script-src-attr 'none';upgrade-insecure-requests
2026-01-15 15:38:24.438  6718-9317  okhttp.OkHttpClient     com.baatcheet.app                    I  cross-origin-opener-policy: same-origin
2026-01-15 15:38:24.438  6718-9317  okhttp.OkHttpClient     com.baatcheet.app                    I  cross-origin-resource-policy: cross-origin
2026-01-15 15:38:24.438  6718-9317  okhttp.OkHttpClient     com.baatcheet.app                    I  origin-agent-cluster: ?1
2026-01-15 15:38:24.438  6718-9317  okhttp.OkHttpClient     com.baatcheet.app                    I  referrer-policy: no-referrer
2026-01-15 15:38:24.438  6718-9317  okhttp.OkHttpClient     com.baatcheet.app                    I  strict-transport-security: max-age=31536000; includeSubDomains; preload
2026-01-15 15:38:24.438  6718-9317  okhttp.OkHttpClient     com.baatcheet.app                    I  x-content-type-options: nosniff
2026-01-15 15:38:24.438  6718-9317  okhttp.OkHttpClient     com.baatcheet.app                    I  x-dns-prefetch-control: off
2026-01-15 15:38:24.438  6718-9317  okhttp.OkHttpClient     com.baatcheet.app                    I  x-download-options: noopen
2026-01-15 15:38:24.439  6718-9317  okhttp.OkHttpClient     com.baatcheet.app                    I  x-frame-options: SAMEORIGIN
2026-01-15 15:38:24.439  6718-9317  okhttp.OkHttpClient     com.baatcheet.app                    I  x-permitted-cross-domain-policies: none
2026-01-15 15:38:24.439  6718-9317  okhttp.OkHttpClient     com.baatcheet.app                    I  x-xss-protection: 0
2026-01-15 15:38:24.439  6718-9317  okhttp.OkHttpClient     com.baatcheet.app                    I  vary: Origin
2026-01-15 15:38:24.439  6718-9317  okhttp.OkHttpClient     com.baatcheet.app                    I  vary: origin, access-control-request-method, access-control-request-headers
2026-01-15 15:38:24.439  6718-9317  okhttp.OkHttpClient     com.baatcheet.app                    I  access-control-allow-credentials: true
2026-01-15 15:38:24.439  6718-9317  okhttp.OkHttpClient     com.baatcheet.app                    I  access-control-expose-headers: X-Request-ID,X-Response-Time,X-RateLimit-Limit,X-RateLimit-Remaining,X-RateLimit-Reset
2026-01-15 15:38:24.439  6718-9317  okhttp.OkHttpClient     com.baatcheet.app                    I  x-clerk-auth-message: Unable to find a signing key in JWKS that matches the kid='undefined' of the provided session token. Please make sure that the __session cookie or the HTTP authorization header contain a Clerk-generated session JWT. The following kid is available: ins_384KLXR0s0ZW3aoWTGXIMeX8Ihm Go to your Dashboard and validate your secret and public keys are correct. Contact support@clerk.com if the issue persists. (reason=jwk-kid-mismatch, token-carrier=header)
2026-01-15 15:38:24.439  6718-9317  okhttp.OkHttpClient     com.baatcheet.app                    I  x-clerk-auth-reason: jwk-kid-mismatch
2026-01-15 15:38:24.439  6718-9317  okhttp.OkHttpClient     com.baatcheet.app                    I  x-clerk-auth-status: signed-out
2026-01-15 15:38:24.439  6718-9317  okhttp.OkHttpClient     com.baatcheet.app                    I  ratelimit-policy: 100;w=900
2026-01-15 15:38:24.439  6718-9317  okhttp.OkHttpClient     com.baatcheet.app                    I  ratelimit-limit: 100
2026-01-15 15:38:24.439  6718-9317  okhttp.OkHttpClient     com.baatcheet.app                    I  ratelimit-remaining: 74
2026-01-15 15:38:24.439  6718-9317  okhttp.OkHttpClient     com.baatcheet.app                    I  ratelimit-reset: 612
2026-01-15 15:38:24.440  6718-9317  okhttp.OkHttpClient     com.baatcheet.app                    I  x-response-time: 73ms
2026-01-15 15:38:24.440  6718-9317  okhttp.OkHttpClient     com.baatcheet.app                    I  etag: W/"184-wAAsaGJh/M4FGYrXxlIV2RykwWE"
2026-01-15 15:38:24.440  6718-9317  okhttp.OkHttpClient     com.baatcheet.app                    I  x-proxied-host: http://10.108.11.242
2026-01-15 15:38:24.440  6718-9317  okhttp.OkHttpClient     com.baatcheet.app                    I  x-proxied-replica: 64s2hxch-x7ndx
2026-01-15 15:38:24.440  6718-9317  okhttp.OkHttpClient     com.baatcheet.app                    I  x-proxied-path: /api/v1/projects
2026-01-15 15:38:24.440  6718-9317  okhttp.OkHttpClient     com.baatcheet.app                    I  link: <https://huggingface.co/spaces/sharry121/BaatCheet>;rel="canonical"
2026-01-15 15:38:24.441  6718-9317  okhttp.OkHttpClient     com.baatcheet.app                    I  {"success":true,"data":[{"id":"b421c78b-39f1-41a1-a7ca-a4e6abae1921","userId":"2821af5c-90ab-458c-9d94-85eed55e90c3","name":"Android","description":null,"color":"#1e293b","icon":"folder","isDefault":false,"context":null,"keyTopics":[],"techStack":[],"goals":[],"lastContextUpdate":null,"createdAt":"2026-01-15T10:38:24.708Z","updatedAt":"2026-01-15T10:38:24.708Z","conversationCount":0}]}
2026-01-15 15:38:24.441  6718-9317  okhttp.OkHttpClient     com.baatcheet.app                    I  <-- END HTTP (388-byte body)
2026-01-15 15:38:24.446  6718-9317  okhttp.OkHttpClient     com.baatcheet.app                    I  --> GET https://sharry121-baatcheet.hf.space/api/v1/projects/collaborations
2026-01-15 15:38:24.446  6718-9317  okhttp.OkHttpClient     com.baatcheet.app                    I  Authorization: Bearer eyJhbGciOiJIUzI1NiIsInR5cCI6IkpXVCJ9.eyJ1c2VySWQiOiIyODIxYWY1Yy05MGFiLTQ1OGMtOWQ5NC04NWVlZDU1ZTkwYzMiLCJjbGVya0lkIjoidXNlcl8zODZDZTNHVHNUb1lrWnpHbTcxVkJ3NkxWUDAiLCJlbWFpbCI6Im9uc2Vhc29uMTBAZ21haWwuY29tIiwiaWF0IjoxNzY4MzIzOTM3LCJleHAiOjE3Njg5Mjg3Mzd9.XxFcz-xvKG556gxX1Oe31bK804zPkTzgXjfSLHfqMQw
2026-01-15 15:38:24.446  6718-9317  okhttp.OkHttpClient     com.baatcheet.app                    I  Content-Type: application/json
2026-01-15 15:38:24.446  6718-9317  okhttp.OkHttpClient     com.baatcheet.app                    I  --> END GET
2026-01-15 15:38:24.450  6718-9316  okhttp.OkHttpClient     com.baatcheet.app                    I  --> GET https://sharry121-baatcheet.hf.space/api/v1/projects/invitations/pending
2026-01-15 15:38:24.450  6718-9316  okhttp.OkHttpClient     com.baatcheet.app                    I  Authorization: Bearer eyJhbGciOiJIUzI1NiIsInR5cCI6IkpXVCJ9.eyJ1c2VySWQiOiIyODIxYWY1Yy05MGFiLTQ1OGMtOWQ5NC04NWVlZDU1ZTkwYzMiLCJjbGVya0lkIjoidXNlcl8zODZDZTNHVHNUb1lrWnpHbTcxVkJ3NkxWUDAiLCJlbWFpbCI6Im9uc2Vhc29uMTBAZ21haWwuY29tIiwiaWF0IjoxNzY4MzIzOTM3LCJleHAiOjE3Njg5Mjg3Mzd9.XxFcz-xvKG556gxX1Oe31bK804zPkTzgXjfSLHfqMQw
2026-01-15 15:38:24.450  6718-9316  okhttp.OkHttpClient     com.baatcheet.app                    I  Content-Type: application/json
2026-01-15 15:38:24.450  6718-9316  okhttp.OkHttpClient     com.baatcheet.app                    I  --> END GET
2026-01-15 15:38:24.858  6718-9317  okhttp.OkHttpClient     com.baatcheet.app                    I  <-- 200 https://sharry121-baatcheet.hf.space/api/v1/projects/collaborations (411ms)
2026-01-15 15:38:24.858  6718-9317  okhttp.OkHttpClient     com.baatcheet.app                    I  date: Thu, 15 Jan 2026 10:38:25 GMT
2026-01-15 15:38:24.858  6718-9317  okhttp.OkHttpClient     com.baatcheet.app                    I  content-type: application/json; charset=utf-8
2026-01-15 15:38:24.858  6718-9317  okhttp.OkHttpClient     com.baatcheet.app                    I  content-length: 26
2026-01-15 15:38:24.858  6718-9317  okhttp.OkHttpClient     com.baatcheet.app                    I  x-request-id: 36CbA4, 36CbA4
2026-01-15 15:38:24.858  6718-9317  okhttp.OkHttpClient     com.baatcheet.app                    I  content-security-policy: default-src 'self';script-src 'self' 'unsafe-inline';style-src 'self' 'unsafe-inline';img-src 'self' data: https:;connect-src 'self' https://api.clerk.dev;base-uri 'self';font-src 'self' https: data:;form-action 'self';frame-ancestors 'self';object-src 'none';script-src-attr 'none';upgrade-insecure-requests
2026-01-15 15:38:24.858  6718-9317  okhttp.OkHttpClient     com.baatcheet.app                    I  cross-origin-opener-policy: same-origin
2026-01-15 15:38:24.858  6718-9317  okhttp.OkHttpClient     com.baatcheet.app                    I  cross-origin-resource-policy: cross-origin
2026-01-15 15:38:24.858  6718-9317  okhttp.OkHttpClient     com.baatcheet.app                    I  origin-agent-cluster: ?1
2026-01-15 15:38:24.859  6718-9317  okhttp.OkHttpClient     com.baatcheet.app                    I  referrer-policy: no-referrer
2026-01-15 15:38:24.859  6718-9317  okhttp.OkHttpClient     com.baatcheet.app                    I  strict-transport-security: max-age=31536000; includeSubDomains; preload
2026-01-15 15:38:24.859  6718-9317  okhttp.OkHttpClient     com.baatcheet.app                    I  x-content-type-options: nosniff
2026-01-15 15:38:24.859  6718-9317  okhttp.OkHttpClient     com.baatcheet.app                    I  x-dns-prefetch-control: off
2026-01-15 15:38:24.859  6718-9317  okhttp.OkHttpClient     com.baatcheet.app                    I  x-download-options: noopen
2026-01-15 15:38:24.859  6718-9317  okhttp.OkHttpClient     com.baatcheet.app                    I  x-frame-options: SAMEORIGIN
2026-01-15 15:38:24.859  6718-9317  okhttp.OkHttpClient     com.baatcheet.app                    I  x-permitted-cross-domain-policies: none
2026-01-15 15:38:24.859  6718-9317  okhttp.OkHttpClient     com.baatcheet.app                    I  x-xss-protection: 0
2026-01-15 15:38:24.859  6718-9317  okhttp.OkHttpClient     com.baatcheet.app                    I  vary: Origin
2026-01-15 15:38:24.859  6718-9317  okhttp.OkHttpClient     com.baatcheet.app                    I  vary: origin, access-control-request-method, access-control-request-headers
2026-01-15 15:38:24.859  6718-9317  okhttp.OkHttpClient     com.baatcheet.app                    I  access-control-allow-credentials: true
2026-01-15 15:38:24.859  6718-9317  okhttp.OkHttpClient     com.baatcheet.app                    I  access-control-expose-headers: X-Request-ID,X-Response-Time,X-RateLimit-Limit,X-RateLimit-Remaining,X-RateLimit-Reset
2026-01-15 15:38:24.860  6718-9317  okhttp.OkHttpClient     com.baatcheet.app                    I  x-clerk-auth-message: Unable to find a signing key in JWKS that matches the kid='undefined' of the provided session token. Please make sure that the __session cookie or the HTTP authorization header contain a Clerk-generated session JWT. The following kid is available: ins_384KLXR0s0ZW3aoWTGXIMeX8Ihm Go to your Dashboard and validate your secret and public keys are correct. Contact support@clerk.com if the issue persists. (reason=jwk-kid-mismatch, token-carrier=header)
2026-01-15 15:38:24.860  6718-9317  okhttp.OkHttpClient     com.baatcheet.app                    I  x-clerk-auth-reason: jwk-kid-mismatch
2026-01-15 15:38:24.860  6718-9317  okhttp.OkHttpClient     com.baatcheet.app                    I  x-clerk-auth-status: signed-out
2026-01-15 15:38:24.860  6718-9317  okhttp.OkHttpClient     com.baatcheet.app                    I  ratelimit-policy: 100;w=900
2026-01-15 15:38:24.860  6718-9317  okhttp.OkHttpClient     com.baatcheet.app                    I  ratelimit-limit: 100
2026-01-15 15:38:24.860  6718-9317  okhttp.OkHttpClient     com.baatcheet.app                    I  ratelimit-remaining: 82
2026-01-15 15:38:24.860  6718-9317  okhttp.OkHttpClient     com.baatcheet.app                    I  ratelimit-reset: 636
2026-01-15 15:38:24.860  6718-9317  okhttp.OkHttpClient     com.baatcheet.app                    I  x-response-time: 71ms
2026-01-15 15:38:24.860  6718-9317  okhttp.OkHttpClient     com.baatcheet.app                    I  etag: W/"1a-s3B6blipWxCo2IriQlJeaz0uh7I"
2026-01-15 15:38:24.860  6718-9317  okhttp.OkHttpClient     com.baatcheet.app                    I  x-proxied-host: http://10.108.11.242
2026-01-15 15:38:24.861  6718-9317  okhttp.OkHttpClient     com.baatcheet.app                    I  x-proxied-replica: 64s2hxch-x7ndx
2026-01-15 15:38:24.861  6718-9317  okhttp.OkHttpClient     com.baatcheet.app                    I  x-proxied-path: /api/v1/projects/collaborations
2026-01-15 15:38:24.861  6718-9317  okhttp.OkHttpClient     com.baatcheet.app                    I  link: <https://huggingface.co/spaces/sharry121/BaatCheet>;rel="canonical"
2026-01-15 15:38:24.862  6718-9317  okhttp.OkHttpClient     com.baatcheet.app                    I  {"success":true,"data":[]}
2026-01-15 15:38:24.862  6718-9317  okhttp.OkHttpClient     com.baatcheet.app                    I  <-- END HTTP (26-byte body)
2026-01-15 15:38:25.017  6718-9316  okhttp.OkHttpClient     com.baatcheet.app                    I  <-- 200 https://sharry121-baatcheet.hf.space/api/v1/projects/invitations/pending (566ms)
2026-01-15 15:38:25.017  6718-9316  okhttp.OkHttpClient     com.baatcheet.app                    I  date: Thu, 15 Jan 2026 10:38:25 GMT
2026-01-15 15:38:25.017  6718-9316  okhttp.OkHttpClient     com.baatcheet.app                    I  content-type: application/json; charset=utf-8
2026-01-15 15:38:25.018  6718-9316  okhttp.OkHttpClient     com.baatcheet.app                    I  content-length: 26
2026-01-15 15:38:25.018  6718-9316  okhttp.OkHttpClient     com.baatcheet.app                    I  x-request-id: vDznVm, vDznVm
2026-01-15 15:38:25.018  6718-9316  okhttp.OkHttpClient     com.baatcheet.app                    I  content-security-policy: default-src 'self';script-src 'self' 'unsafe-inline';style-src 'self' 'unsafe-inline';img-src 'self' data: https:;connect-src 'self' https://api.clerk.dev;base-uri 'self';font-src 'self' https: data:;form-action 'self';frame-ancestors 'self';object-src 'none';script-src-attr 'none';upgrade-insecure-requests
2026-01-15 15:38:25.018  6718-9316  okhttp.OkHttpClient     com.baatcheet.app                    I  cross-origin-opener-policy: same-origin
2026-01-15 15:38:25.018  6718-9316  okhttp.OkHttpClient     com.baatcheet.app                    I  cross-origin-resource-policy: cross-origin
2026-01-15 15:38:25.019  6718-9316  okhttp.OkHttpClient     com.baatcheet.app                    I  origin-agent-cluster: ?1
2026-01-15 15:38:25.019  6718-9316  okhttp.OkHttpClient     com.baatcheet.app                    I  referrer-policy: no-referrer
2026-01-15 15:38:25.019  6718-9316  okhttp.OkHttpClient     com.baatcheet.app                    I  strict-transport-security: max-age=31536000; includeSubDomains; preload
2026-01-15 15:38:25.019  6718-9316  okhttp.OkHttpClient     com.baatcheet.app                    I  x-content-type-options: nosniff
2026-01-15 15:38:25.019  6718-9316  okhttp.OkHttpClient     com.baatcheet.app                    I  x-dns-prefetch-control: off
2026-01-15 15:38:25.019  6718-9316  okhttp.OkHttpClient     com.baatcheet.app                    I  x-download-options: noopen
2026-01-15 15:38:25.020  6718-9316  okhttp.OkHttpClient     com.baatcheet.app                    I  x-frame-options: SAMEORIGIN
2026-01-15 15:38:25.020  6718-9316  okhttp.OkHttpClient     com.baatcheet.app                    I  x-permitted-cross-domain-policies: none
2026-01-15 15:38:25.020  6718-9316  okhttp.OkHttpClient     com.baatcheet.app                    I  x-xss-protection: 0
2026-01-15 15:38:25.020  6718-9316  okhttp.OkHttpClient     com.baatcheet.app                    I  vary: Origin
2026-01-15 15:38:25.021  6718-9316  okhttp.OkHttpClient     com.baatcheet.app                    I  vary: origin, access-control-request-method, access-control-request-headers
2026-01-15 15:38:25.021  6718-9316  okhttp.OkHttpClient     com.baatcheet.app                    I  access-control-allow-credentials: true
2026-01-15 15:38:25.021  6718-9316  okhttp.OkHttpClient     com.baatcheet.app                    I  access-control-expose-headers: X-Request-ID,X-Response-Time,X-RateLimit-Limit,X-RateLimit-Remaining,X-RateLimit-Reset
2026-01-15 15:38:25.022  6718-9316  okhttp.OkHttpClient     com.baatcheet.app                    I  x-clerk-auth-message: Unable to find a signing key in JWKS that matches the kid='undefined' of the provided session token. Please make sure that the __session cookie or the HTTP authorization header contain a Clerk-generated session JWT. The following kid is available: ins_384KLXR0s0ZW3aoWTGXIMeX8Ihm Go to your Dashboard and validate your secret and public keys are correct. Contact support@clerk.com if the issue persists. (reason=jwk-kid-mismatch, token-carrier=header)
2026-01-15 15:38:25.022  6718-9316  okhttp.OkHttpClient     com.baatcheet.app                    I  x-clerk-auth-reason: jwk-kid-mismatch
2026-01-15 15:38:25.022  6718-9316  okhttp.OkHttpClient     com.baatcheet.app                    I  x-clerk-auth-status: signed-out
2026-01-15 15:38:25.022  6718-9316  okhttp.OkHttpClient     com.baatcheet.app                    I  ratelimit-policy: 100;w=900
2026-01-15 15:38:25.023  6718-9316  okhttp.OkHttpClient     com.baatcheet.app                    I  ratelimit-limit: 100
2026-01-15 15:38:25.023  6718-9316  okhttp.OkHttpClient     com.baatcheet.app                    I  ratelimit-remaining: 73
2026-01-15 15:38:25.023  6718-9316  okhttp.OkHttpClient     com.baatcheet.app                    I  ratelimit-reset: 611
2026-01-15 15:38:25.023  6718-9316  okhttp.OkHttpClient     com.baatcheet.app                    I  x-response-time: 98ms
2026-01-15 15:38:25.023  6718-9316  okhttp.OkHttpClient     com.baatcheet.app                    I  etag: W/"1a-s3B6blipWxCo2IriQlJeaz0uh7I"
2026-01-15 15:38:25.024  6718-9316  okhttp.OkHttpClient     com.baatcheet.app                    I  x-proxied-host: http://10.108.11.242
2026-01-15 15:38:25.024  6718-9316  okhttp.OkHttpClient     com.baatcheet.app                    I  x-proxied-replica: 64s2hxch-x7ndx
2026-01-15 15:38:25.024  6718-9316  okhttp.OkHttpClient     com.baatcheet.app                    I  x-proxied-path: /api/v1/projects/invitations/pending
2026-01-15 15:38:25.024  6718-9316  okhttp.OkHttpClient     com.baatcheet.app                    I  link: <https://huggingface.co/spaces/sharry121/BaatCheet>;rel="canonical"
2026-01-15 15:38:25.026  6718-9316  okhttp.OkHttpClient     com.baatcheet.app                    I  {"success":true,"data":[]}
2026-01-15 15:38:25.026  6718-9316  okhttp.OkHttpClient     com.baatcheet.app                    I  <-- END HTTP (26-byte body)
2026-01-15 15:38:25.408  6718-9316  okhttp.OkHttpClient     com.baatcheet.app                    I  --> GET https://sharry121-baatcheet.hf.space/api/v1/projects/b421c78b-39f1-41a1-a7ca-a4e6abae1921/conversations
2026-01-15 15:38:25.408  6718-9316  okhttp.OkHttpClient     com.baatcheet.app                    I  Authorization: Bearer eyJhbGciOiJIUzI1NiIsInR5cCI6IkpXVCJ9.eyJ1c2VySWQiOiIyODIxYWY1Yy05MGFiLTQ1OGMtOWQ5NC04NWVlZDU1ZTkwYzMiLCJjbGVya0lkIjoidXNlcl8zODZDZTNHVHNUb1lrWnpHbTcxVkJ3NkxWUDAiLCJlbWFpbCI6Im9uc2Vhc29uMTBAZ21haWwuY29tIiwiaWF0IjoxNzY4MzIzOTM3LCJleHAiOjE3Njg5Mjg3Mzd9.XxFcz-xvKG556gxX1Oe31bK804zPkTzgXjfSLHfqMQw
2026-01-15 15:38:25.408  6718-9316  okhttp.OkHttpClient     com.baatcheet.app                    I  Content-Type: application/json
2026-01-15 15:38:25.408  6718-9316  okhttp.OkHttpClient     com.baatcheet.app                    I  --> END GET
2026-01-15 15:38:25.728  6718-9316  okhttp.OkHttpClient     com.baatcheet.app                    I  <-- 200 https://sharry121-baatcheet.hf.space/api/v1/projects/b421c78b-39f1-41a1-a7ca-a4e6abae1921/conversations (319ms)
2026-01-15 15:38:25.728  6718-9316  okhttp.OkHttpClient     com.baatcheet.app                    I  date: Thu, 15 Jan 2026 10:38:26 GMT
2026-01-15 15:38:25.728  6718-9316  okhttp.OkHttpClient     com.baatcheet.app                    I  content-type: application/json; charset=utf-8
2026-01-15 15:38:25.728  6718-9316  okhttp.OkHttpClient     com.baatcheet.app                    I  content-length: 26
2026-01-15 15:38:25.728  6718-9316  okhttp.OkHttpClient     com.baatcheet.app                    I  x-request-id: cT_2US, cT_2US
2026-01-15 15:38:25.728  6718-9316  okhttp.OkHttpClient     com.baatcheet.app                    I  content-security-policy: default-src 'self';script-src 'self' 'unsafe-inline';style-src 'self' 'unsafe-inline';img-src 'self' data: https:;connect-src 'self' https://api.clerk.dev;base-uri 'self';font-src 'self' https: data:;form-action 'self';frame-ancestors 'self';object-src 'none';script-src-attr 'none';upgrade-insecure-requests
2026-01-15 15:38:25.728  6718-9316  okhttp.OkHttpClient     com.baatcheet.app                    I  cross-origin-opener-policy: same-origin
2026-01-15 15:38:25.728  6718-9316  okhttp.OkHttpClient     com.baatcheet.app                    I  cross-origin-resource-policy: cross-origin
2026-01-15 15:38:25.728  6718-9316  okhttp.OkHttpClient     com.baatcheet.app                    I  origin-agent-cluster: ?1
2026-01-15 15:38:25.728  6718-9316  okhttp.OkHttpClient     com.baatcheet.app                    I  referrer-policy: no-referrer
2026-01-15 15:38:25.728  6718-9316  okhttp.OkHttpClient     com.baatcheet.app                    I  strict-transport-security: max-age=31536000; includeSubDomains; preload
2026-01-15 15:38:25.728  6718-9316  okhttp.OkHttpClient     com.baatcheet.app                    I  x-content-type-options: nosniff
2026-01-15 15:38:25.728  6718-9316  okhttp.OkHttpClient     com.baatcheet.app                    I  x-dns-prefetch-control: off
2026-01-15 15:38:25.728  6718-9316  okhttp.OkHttpClient     com.baatcheet.app                    I  x-download-options: noopen
2026-01-15 15:38:25.728  6718-9316  okhttp.OkHttpClient     com.baatcheet.app                    I  x-frame-options: SAMEORIGIN
2026-01-15 15:38:25.728  6718-9316  okhttp.OkHttpClient     com.baatcheet.app                    I  x-permitted-cross-domain-policies: none
2026-01-15 15:38:25.728  6718-9316  okhttp.OkHttpClient     com.baatcheet.app                    I  x-xss-protection: 0
2026-01-15 15:38:25.729  6718-9316  okhttp.OkHttpClient     com.baatcheet.app                    I  vary: Origin
2026-01-15 15:38:25.729  6718-9316  okhttp.OkHttpClient     com.baatcheet.app                    I  vary: origin, access-control-request-method, access-control-request-headers
2026-01-15 15:38:25.729  6718-9316  okhttp.OkHttpClient     com.baatcheet.app                    I  access-control-allow-credentials: true
2026-01-15 15:38:25.729  6718-9316  okhttp.OkHttpClient     com.baatcheet.app                    I  access-control-expose-headers: X-Request-ID,X-Response-Time,X-RateLimit-Limit,X-RateLimit-Remaining,X-RateLimit-Reset
2026-01-15 15:38:25.729  6718-9316  okhttp.OkHttpClient     com.baatcheet.app                    I  x-clerk-auth-message: Unable to find a signing key in JWKS that matches the kid='undefined' of the provided session token. Please make sure that the __session cookie or the HTTP authorization header contain a Clerk-generated session JWT. The following kid is available: ins_384KLXR0s0ZW3aoWTGXIMeX8Ihm Go to your Dashboard and validate your secret and public keys are correct. Contact support@clerk.com if the issue persists. (reason=jwk-kid-mismatch, token-carrier=header)
2026-01-15 15:38:25.729  6718-9316  okhttp.OkHttpClient     com.baatcheet.app                    I  x-clerk-auth-reason: jwk-kid-mismatch
2026-01-15 15:38:25.729  6718-9316  okhttp.OkHttpClient     com.baatcheet.app                    I  x-clerk-auth-status: signed-out
2026-01-15 15:38:25.729  6718-9316  okhttp.OkHttpClient     com.baatcheet.app                    I  ratelimit-policy: 100;w=900
2026-01-15 15:38:25.729  6718-9316  okhttp.OkHttpClient     com.baatcheet.app                    I  ratelimit-limit: 100
2026-01-15 15:38:25.729  6718-9316  okhttp.OkHttpClient     com.baatcheet.app                    I  ratelimit-remaining: 72
2026-01-15 15:38:25.729  6718-9316  okhttp.OkHttpClient     com.baatcheet.app                    I  ratelimit-reset: 611
2026-01-15 15:38:25.729  6718-9316  okhttp.OkHttpClient     com.baatcheet.app                    I  x-response-time: 84ms
2026-01-15 15:38:25.729  6718-9316  okhttp.OkHttpClient     com.baatcheet.app                    I  etag: W/"1a-s3B6blipWxCo2IriQlJeaz0uh7I"
2026-01-15 15:38:25.729  6718-9316  okhttp.OkHttpClient     com.baatcheet.app                    I  x-proxied-host: http://10.108.11.242
2026-01-15 15:38:25.729  6718-9316  okhttp.OkHttpClient     com.baatcheet.app                    I  x-proxied-replica: 64s2hxch-x7ndx
2026-01-15 15:38:25.729  6718-9316  okhttp.OkHttpClient     com.baatcheet.app                    I  x-proxied-path: /api/v1/projects/b421c78b-39f1-41a1-a7ca-a4e6abae1921/conversations
2026-01-15 15:38:25.729  6718-9316  okhttp.OkHttpClient     com.baatcheet.app                    I  link: <https://huggingface.co/spaces/sharry121/BaatCheet>;rel="canonical"
2026-01-15 15:38:25.731  6718-9316  okhttp.OkHttpClient     com.baatcheet.app                    I  {"success":true,"data":[]}
2026-01-15 15:38:25.731  6718-9316  okhttp.OkHttpClient     com.baatcheet.app                    I  <-- END HTTP (26-byte body)
2026-01-15 15:38:28.088  6718-6718  WindowOnBackDispatcher  com.baatcheet.app                    W  OnBackInvokedCallback is not enabled for the application.
                                                                                                    Set 'android:enableOnBackInvokedCallback="true"' in the application manifest.
2026-01-15 15:38:28.471  6718-9316  okhttp.OkHttpClient     com.baatcheet.app                    I  --> GET https://sharry121-baatcheet.hf.space/api/v1/projects/b421c78b-39f1-41a1-a7ca-a4e6abae1921/conversations
2026-01-15 15:38:28.471  6718-9316  okhttp.OkHttpClient     com.baatcheet.app                    I  Authorization: Bearer eyJhbGciOiJIUzI1NiIsInR5cCI6IkpXVCJ9.eyJ1c2VySWQiOiIyODIxYWY1Yy05MGFiLTQ1OGMtOWQ5NC04NWVlZDU1ZTkwYzMiLCJjbGVya0lkIjoidXNlcl8zODZDZTNHVHNUb1lrWnpHbTcxVkJ3NkxWUDAiLCJlbWFpbCI6Im9uc2Vhc29uMTBAZ21haWwuY29tIiwiaWF0IjoxNzY4MzIzOTM3LCJleHAiOjE3Njg5Mjg3Mzd9.XxFcz-xvKG556gxX1Oe31bK804zPkTzgXjfSLHfqMQw
2026-01-15 15:38:28.471  6718-9316  okhttp.OkHttpClient     com.baatcheet.app                    I  Content-Type: application/json
2026-01-15 15:38:28.471  6718-9316  okhttp.OkHttpClient     com.baatcheet.app                    I  --> END GET
2026-01-15 15:38:28.778  6718-9316  okhttp.OkHttpClient     com.baatcheet.app                    I  <-- 200 https://sharry121-baatcheet.hf.space/api/v1/projects/b421c78b-39f1-41a1-a7ca-a4e6abae1921/conversations (307ms)
2026-01-15 15:38:28.778  6718-9316  okhttp.OkHttpClient     com.baatcheet.app                    I  date: Thu, 15 Jan 2026 10:38:29 GMT
2026-01-15 15:38:28.778  6718-9316  okhttp.OkHttpClient     com.baatcheet.app                    I  content-type: application/json; charset=utf-8
2026-01-15 15:38:28.778  6718-9316  okhttp.OkHttpClient     com.baatcheet.app                    I  content-length: 26
2026-01-15 15:38:28.778  6718-9316  okhttp.OkHttpClient     com.baatcheet.app                    I  x-request-id: QJ2Ylg, QJ2Ylg
2026-01-15 15:38:28.778  6718-9316  okhttp.OkHttpClient     com.baatcheet.app                    I  content-security-policy: default-src 'self';script-src 'self' 'unsafe-inline';style-src 'self' 'unsafe-inline';img-src 'self' data: https:;connect-src 'self' https://api.clerk.dev;base-uri 'self';font-src 'self' https: data:;form-action 'self';frame-ancestors 'self';object-src 'none';script-src-attr 'none';upgrade-insecure-requests
2026-01-15 15:38:28.778  6718-9316  okhttp.OkHttpClient     com.baatcheet.app                    I  cross-origin-opener-policy: same-origin
2026-01-15 15:38:28.779  6718-9316  okhttp.OkHttpClient     com.baatcheet.app                    I  cross-origin-resource-policy: cross-origin
2026-01-15 15:38:28.779  6718-9316  okhttp.OkHttpClient     com.baatcheet.app                    I  origin-agent-cluster: ?1
2026-01-15 15:38:28.779  6718-9316  okhttp.OkHttpClient     com.baatcheet.app                    I  referrer-policy: no-referrer
2026-01-15 15:38:28.779  6718-9316  okhttp.OkHttpClient     com.baatcheet.app                    I  strict-transport-security: max-age=31536000; includeSubDomains; preload
2026-01-15 15:38:28.779  6718-9316  okhttp.OkHttpClient     com.baatcheet.app                    I  x-content-type-options: nosniff
